## ------------------------ ##
## GNU tar 1.28 test suite. ##
## ------------------------ ##

testsuite: command line was:
  $ ./testsuite 

## ---------- ##
## ChangeLog. ##
## ---------- ##

| 2014-07-27  Sergey Poznyakoff  <gray@gnu.org>
| 
| 	Version 1.28
| 
| 2014-07-27  Nathan Stratton Treadway  <nathanst@ontko.com>
| 
| 	Minor change in docstrings. nor ch#
| 
| 	Restructure the remfiles testsuite.
| 

## --------- ##
## Platform. ##
## --------- ##

hostname = ubuntu
uname -m = x86_64
uname -r = 3.8.0-19-generic
uname -s = Linux
uname -v = #29-Ubuntu SMP Wed Apr 17 18:16:28 UTC 2013

/usr/bin/uname -p = unknown
/bin/uname -X     = unknown

/bin/arch              = unknown
/usr/bin/arch -k       = unknown
/usr/convex/getsysinfo = unknown
/usr/bin/hostinfo      = unknown
/bin/machine           = unknown
/usr/bin/oslevel       = unknown
/bin/universe          = unknown

PATH: /root/Desktop/tar-1.28/tests
PATH: /root/Desktop/tar-1.28/src
PATH: /root/Desktop/tar-1.28/build-aux
PATH: /root/Desktop/tar-1.28
PATH: /usr/lib/lightdm/lightdm
PATH: /usr/local/sbin
PATH: /usr/local/bin
PATH: /usr/sbin
PATH: /usr/bin
PATH: /sbin
PATH: /bin

testsuite: atconfig:
| # Configurable variable values for building test suites.
| # Generated by ./config.status.
| # Copyright (C) 2012 Free Software Foundation, Inc.
| 
| # The test suite will define top_srcdir=/../.. etc.
| at_testdir='tests'
| abs_builddir='/root/Desktop/tar-1.28/tests'
| at_srcdir='.'
| abs_srcdir='/root/Desktop/tar-1.28/tests'
| at_top_srcdir='..'
| abs_top_srcdir='/root/Desktop/tar-1.28'
| at_top_build_prefix='../'
| abs_top_builddir='/root/Desktop/tar-1.28'
| 
| # Backward compatibility with Autotest <= 2.59b:
| at_top_builddir=$at_top_build_prefix
| 
| AUTOTEST_PATH='tests'
| 
| SHELL=${CONFIG_SHELL-'/bin/bash'}

testsuite: atlocal:
| # tests/atlocal.  Generated from atlocal.in by configure.                                     -*- shell-script -*-
| # Configurable variable values for tar test suite.
| # Copyright 2004, 2006, 2013-2014 Free Software Foundation, Inc.
| 
| # This file is part of GNU tar.
| 
| # GNU tar is free software; you can redistribute it and/or modify
| # it under the terms of the GNU General Public License as published by
| # the Free Software Foundation; either version 3 of the License, or
| # (at your option) any later version.
| 
| # GNU tar is distributed in the hope that it will be useful,
| # but WITHOUT ANY WARRANTY; without even the implied warranty of
| # MERCHANTABILITY or FITNESS FOR A PARTICULAR PURPOSE.  See the
| # GNU General Public License for more details.
| 
| # You should have received a copy of the GNU General Public License
| # along with this program.  If not, see <http://www.gnu.org/licenses/>.
| 
| PATH=/root/Desktop/tar-1.28/tests:/root/Desktop/tar-1.28/src:/root/Desktop/tar-1.28/build-aux:$top_srcdir:$srcdir:$PATH
| 
| XFAILFILE=$abs_builddir/.badversion
| 
| trap "test -r $XFAILFILE && cat $XFAILFILE; exit $?" 1 2 13 15
| 
| TEST_DATA_URL=ftp://download.gnu.org.ua/pub/tests/tar
| if test -z "$TEST_DATA_DIR"; then
|   TEST_DATA_DIR=$abs_builddir
| fi
| 
| STAR_DATA_URL=ftp://ftp.berlios.de/pub/star/testscripts
| if test -z "$STAR_TESTSCRIPTS"; then
|   STAR_TESTSCRIPTS=$TEST_DATA_DIR
| fi
| 
| # tarball_prereq file sum dir url
| tarball_prereq() {
|   if test -d "$3"; then
|     if test -r $3/$1; then
|       :
|     elif test -n "$FULL_TEST"; then
|       wget -q --directory-prefix=$3 $4/$1
|     fi
|   fi
|   echo "$2  $3/$1" | md5sum --status --check - >/dev/null 2>&1
| }
| 
| decho() {
|   echo $*
|   echo >&2 $*
| }
| 
| mkexcltest() {
|   mkdir $1 $1/subdir
|   genfile --file=$1/top-level-file
|   genfile --file=$1/subdir/excludeme
|   genfile --file=$1/subdir/subdir-file
| }
|   

## ---------------- ##
## Tested programs. ##
## ---------------- ##

./testsuite.at:180: /bin/tar --version
tar (GNU tar) 1.26
Copyright (C) 2011 Free Software Foundation, Inc.
License GPLv3+: GNU GPL version 3 or later <http://gnu.org/licenses/gpl.html>.
This is free software: you are free to change and redistribute it.
There is NO WARRANTY, to the extent permitted by law.

Written by John Gilmore and Jay Fenlason.

## ------------------ ##
## Running the tests. ##
## ------------------ ##
testsuite: starting at: Tue Nov 24 15:38:30 CST 2015
3. mixing options (options.at:24): ok     (0m0.000s 0m0.000s)
4. interspersed options (options02.at:26): ok     (0m0.000s 0m0.000s)
10. --pax-option compatibility (opcomp06.at:21): skipped (opcomp06.at:24)
11. multiple file lists (T-mult.at:21): UNEXPECTED PASS     (0m0.000s 0m0.000s)
21. gzip (gzip.at:24): ok     (0m0.000s 0m0.000s)
22. recurse (recurse.at:21): UNEXPECTED PASS     (0m0.000s 0m0.048s)
24. short records (shortrec.at:25): UNEXPECTED PASS     (0m0.000s 0m0.044s)
25. terminal input (iotty.at:26): skipped (iotty.at:29)
28. append (append.at:21): UNEXPECTED PASS     (0m0.000s 0m0.000s)
29. appending files with long names (append01.at:29): UNEXPECTED PASS     (0m0.000s 0m0.000s)
33. transforming hard links on create (xform-h.at:30): UNEXPECTED PASS     (0m0.016s 0m0.008s)
35. exclude (exclude.at:23): UNEXPECTED PASS     (0m0.004s 0m0.020s)
36. exclude wildcards (exclude01.at:19): UNEXPECTED PASS     (0m0.012s 0m0.040s)
37. exclude: anchoring (exclude02.at:19): UNEXPECTED PASS     (0m0.008s 0m0.036s)
38. exclude: wildcards match slash (exclude03.at:19): UNEXPECTED PASS     (0m0.008s 0m0.048s)
39. exclude: case insensitive (exclude04.at:19): UNEXPECTED PASS     (0m0.004s 0m0.024s)
54. deleting members with long names (delete03.at:21): UNEXPECTED PASS     (0m0.004s 0m0.024s)
57. extract over an existing directory (extrac01.at:23): UNEXPECTED PASS     (0m0.000s 0m0.004s)
58. extracting symlinks over an existing file (extrac02.at:23): UNEXPECTED PASS     (0m0.000s 0m0.004s)
59. extraction loops (extrac03.at:23): UNEXPECTED PASS     (0m0.000s 0m0.000s)
60. extract + fnmatch (extrac04.at:23): UNEXPECTED PASS     (0m0.012s 0m0.004s)
61. extracting selected members from pax (extrac05.at:30): skipped (extrac05.at:38)
63. extracting symlinks to a read-only dir (extrac07.at:27): skipped (extrac07.at:30)
65. extracting even when . and .. are unreadable (extrac09.at:34): skipped (extrac09.at:37)
66. -C and delayed setting of metadata (extrac10.at:29): UNEXPECTED PASS     (0m0.000s 0m0.000s)
67. scarce file descriptors (extrac11.at:25): UNEXPECTED PASS     (0m0.000s 0m0.028s)
68. extract dot permissions (extrac12.at:25): UNEXPECTED PASS     (0m0.000s 0m0.008s)
69. extract over symlinks (extrac13.at:26): UNEXPECTED PASS     (0m0.000s 0m0.004s)
70. extract -C symlink (extrac14.at:25): UNEXPECTED PASS     (0m0.000s 0m0.000s)
71. extract parent mkdir failure (extrac15.at:25): skipped (extrac15.at:28)
72. extract empty directory with -C (extrac16.at:26): UNEXPECTED PASS     (0m0.000s 0m0.000s)
82. incremental (incremental.at:23): UNEXPECTED PASS     (0m0.000s 0m0.008s)
87. incremental dump when the parent directory is unreadable (listed03.at:24): skipped (listed03.at:27)
88. --listed-incremental and --one-file-system (listed04.at:26): UNEXPECTED PASS     (0m0.000s 0m0.012s)
104. changed file types in incrementals (chtype.at:27): skipped (chtype.at:30)
105. ignfail (ignfail.at:23): skipped (ignfail.at:26)
106. link count gt 2 (link01.at:33): UNEXPECTED PASS     (0m0.004s 0m0.052s)
109. link count is 1 but multiple occurrences (link04.at:29): UNEXPECTED PASS     (0m0.000s 0m0.012s)
110. long names in V7 archives (longv7.at:24): UNEXPECTED PASS     (0m0.000s 0m0.000s)
111. long file names divisible by block size (long01.at:28): skipped (long01.at:36)
112. ustar: unsplittable file name (lustar01.at:21): skipped (lustar01.at:27)
113. ustar: unsplittable path name (lustar02.at:21): skipped (lustar02.at:32)
114. ustar: splitting long names (lustar03.at:21): skipped (lustar03.at:29)
115. old archives (old.at:23): ok     (0m0.000s 0m0.000s)
123. volumes split at an extended header (multiv07.at:28): skipped (multiv07.at:31)
126. sparse files (sparse01.at:21): skipped (sparse01.at:24)
127. extracting sparse file over a pipe (sparse02.at:21): skipped (sparse02.at:28)
128. storing sparse files > 8G (sparse03.at:21): skipped (sparse03.at:29)
129. storing long sparse file names (sparse04.at:21): skipped (sparse04.at:35)
130. sparse files in MV archives (sparsemv.at:21): skipped (sparsemv.at:31)
131. sparse files in PAX MV archives, v.0.0 (spmvp00.at:21): skipped (spmvp00.at:24)
132. sparse files in PAX MV archives, v.0.1 (spmvp01.at:21): skipped (spmvp01.at:24)
133. sparse files in PAX MV archives, v.1.0 (spmvp10.at:21): skipped (spmvp10.at:24)
137. verify (verify.at:25): UNEXPECTED PASS     (0m0.000s 0m0.000s)
139. volume header size (volsize.at:29): skipped (volsize.at:32)
142. updating short archives (shortupd.at:31): UNEXPECTED PASS     (0m0.000s 0m0.016s)
146. remove-files with compression (remfiles01.at:28): skipped (remfiles01.at:32)
149. remove-files with -C:rel in -c/non-incr. mode (remfiles04a.at:25): UNEXPECTED PASS     (0m0.000s 0m0.000s)
152. remove-files with -C:rel,rel in -c/non-incr. mode (remfiles05a.at:34): UNEXPECTED PASS     (0m0.004s 0m0.000s)
155. remove-files with -C:rel,abs in -c/non-incr. mode (remfiles06a.at:25): UNEXPECTED PASS     (0m0.000s 0m0.004s)
158. remove-files with -C:abs,rel in -c/non-incr. mode (remfiles07a.at:25): UNEXPECTED PASS     (0m0.004s 0m0.000s)
161. remove-files deleting two subdirs in -c/non-incr. mode (remfiles08a.at:28): UNEXPECTED PASS     (0m0.000s 0m0.000s)
164. remove-files on full directory in -c/non-incr. mode (remfiles09a.at:25): UNEXPECTED PASS     (0m0.000s 0m0.000s)
166. remove-files on full directory in -r mode (remfiles09c.at:25): UNEXPECTED PASS     (0m0.000s 0m0.004s)
168. xattrs: basic functionality (xattr01.at:25): skipped (xattr01.at:28)
169. xattrs: change directory with -C option (xattr02.at:25): skipped (xattr02.at:28)
170. xattrs: trusted.* attributes (xattr03.at:25): skipped (xattr03.at:28)
171. xattrs: s/open/openat/ regression (xattr04.at:26): skipped (xattr04.at:29)
172. xattrs: keywords with '=' and '%' (xattr05.at:28): skipped (xattr05.at:31)
173. acls: basic functionality (acls01.at:25): skipped (acls01.at:28)
174. acls: work with -C (acls02.at:25): skipped (acls02.at:28)
175. acls: default ACLs (acls03.at:30): skipped (acls03.at:47)
176. selinux: basic store/restore (selnx01.at:25): skipped (selnx01.at:28)
177. acls/selinux: special files & fifos (selacl01.at:25): skipped (selacl01.at:28)
178. capabilities: binary store/restore (capabs_raw01.at:25): skipped (capabs_raw01.at:28)
183. gtarfail (gtarfail.at:21): skipped (gtarfail.at:26)
184. gtarfail2 (gtarfail2.at:21): skipped (gtarfail2.at:26)
185. multi-fail (multi-fail.at:21): skipped (multi-fail.at:26)
186. ustar-big-2g (ustar-big-2g.at:21): skipped (ustar-big-2g.at:26)
187. ustar-big-8g (ustar-big-8g.at:21): skipped (ustar-big-8g.at:26)
188. pax-big-10g (pax-big-10g.at:21): skipped (pax-big-10g.at:26)
testsuite: ending at: Tue Nov 24 15:39:32 CST 2015
testsuite: test suite duration: 0h 1m 2s

## ------------- ##
## Test results. ##
## ------------- ##

ERROR: 147 tests were run,
36 passed unexpectedly,
107 failed (98 expected failures).
41 tests were skipped.

## ------------------------ ##
## Summary of the failures. ##
## ------------------------ ##
Failed tests:
GNU tar 1.28 test suite test groups:

 NUM: FILE-NAME:LINE     TEST-GROUP-NAME
      KEYWORDS

   1: version.at:19      tar version
   5: opcomp01.at:21     occurrence compatibility
      opcomp opcomp01
   6: opcomp02.at:21     occurrence compatibility
      opcomp opcomp02
   7: opcomp03.at:21     --verify compatibility
      opcomp opcomp03
   8: opcomp04.at:21     compress option compatibility
      opcomp opcomp04
   9: opcomp05.at:21     --pax-option compatibility
      opcomp opcomp05
 145: sigpipe.at:21      sigpipe handling
      sigpipe
 147: remfiles02.at:28   remove-files with compression: grand-child
      create remove-files remfiles02 gzip
 148: remfiles03.at:28   remove-files with symbolic links
      create remove-files remfiles03

Skipped tests:
GNU tar 1.28 test suite test groups:

 NUM: FILE-NAME:LINE     TEST-GROUP-NAME
      KEYWORDS

  10: opcomp06.at:21     --pax-option compatibility
      opcomp opcomp06
  25: iotty.at:26        terminal input
      options iotty
  61: extrac05.at:30     extracting selected members from pax
      extract extract05
  63: extrac07.at:27     extracting symlinks to a read-only dir
      extract extract07 read-only symlink
  65: extrac09.at:34     extracting even when . and .. are unreadable
      extract extrac09
  71: extrac15.at:25     extract parent mkdir failure
      extract extrac15
  87: listed03.at:24     incremental dump when the parent directory is unreadable
      listed incremental listed03
 104: chtype.at:27       changed file types in incrementals
      incremental listed chtype
 105: ignfail.at:23      ignfail
      ignfail
 111: long01.at:28       long file names divisible by block size
      longname long512
 112: lustar01.at:21     ustar: unsplittable file name
      longname ustar lustar01
 113: lustar02.at:21     ustar: unsplittable path name
      longname ustar lustar02
 114: lustar03.at:21     ustar: splitting long names
      longname ustar lustar03
 123: multiv07.at:28     volumes split at an extended header
      multivolume multiv multiv07 xsplit
 126: sparse01.at:21     sparse files
      sparse sparse01
 127: sparse02.at:21     extracting sparse file over a pipe
      sparse sparse02
 128: sparse03.at:21     storing sparse files > 8G
      sparse sparse03
 129: sparse04.at:21     storing long sparse file names
      sparse sparse04
 130: sparsemv.at:21     sparse files in MV archives
      sparse multiv sparsemv
 131: spmvp00.at:21      sparse files in PAX MV archives, v.0.0
      sparse multivolume multiv sparsemvp sparsemvp00
 132: spmvp01.at:21      sparse files in PAX MV archives, v.0.1
      sparse multiv sparsemvp sparsemvp01
 133: spmvp10.at:21      sparse files in PAX MV archives, v.1.0
      sparse multivolume multiv sparsemvp sparsemvp10
 139: volsize.at:29      volume header size
      volume volsize
 146: remfiles01.at:28   remove-files with compression
      create remove-files remfiles01 gzip
 168: xattr01.at:25      xattrs: basic functionality
      xattrs xattr01
 169: xattr02.at:25      xattrs: change directory with -C option
      xattrs xattr02
 170: xattr03.at:25      xattrs: trusted.* attributes
      xattrs xattr03
 171: xattr04.at:26      xattrs: s/open/openat/ regression
      xattrs xattr04
 172: xattr05.at:28      xattrs: keywords with '=' and '%'
      xattrs xattr05
 173: acls01.at:25       acls: basic functionality
      xattrs acls acls01
 174: acls02.at:25       acls: work with -C
      xattrs acls acls02
 175: acls03.at:30       acls: default ACLs
      xattrs acls acls03
 176: selnx01.at:25      selinux: basic store/restore
      xattrs selinux selnx01
 177: selacl01.at:25     acls/selinux: special files & fifos
      xattrs selinux acls selacls01
 178: capabs_raw01.at:25 capabilities: binary store/restore
      xattrs capabilities capabs_raw01
 183: gtarfail.at:21     gtarfail
      star gtarfail
 184: gtarfail2.at:21    gtarfail2
      star gtarfail2
 185: multi-fail.at:21   multi-fail
      star multivolume multiv multi-fail
 186: ustar-big-2g.at:21 ustar-big-2g
      star ustar-big-2g
 187: ustar-big-8g.at:21 ustar-big-8g
      star ustar-big-8g
 188: pax-big-10g.at:21  pax-big-10g
      star pax-big-10g

Unexpected passes:
GNU tar 1.28 test suite test groups:

 NUM: FILE-NAME:LINE     TEST-GROUP-NAME
      KEYWORDS

  11: T-mult.at:21       multiple file lists
      files-from t-mult
  22: recurse.at:21      recurse
      recurse
  24: shortrec.at:25     short records
      shortrec
  28: append.at:21       append
      append append00
  29: append01.at:29     appending files with long names
      append append01
  33: xform-h.at:30      transforming hard links on create
      transform xform xform-h
  35: exclude.at:23      exclude
      exclude
  36: exclude01.at:19    exclude wildcards
      exclude exclude01
  37: exclude02.at:19    exclude: anchoring
      exclude exclude02
  38: exclude03.at:19    exclude: wildcards match slash
      exclude exclude03
  39: exclude04.at:19    exclude: case insensitive
      exclude exclude04
  54: delete03.at:21     deleting members with long names
      delete delete03
  57: extrac01.at:23     extract over an existing directory
      extract extract01
  58: extrac02.at:23     extracting symlinks over an existing file
      extract extract02 symlink
  59: extrac03.at:23     extraction loops
      extract extract03
  60: extrac04.at:23     extract + fnmatch
      extract extract04 fnmatch
  66: extrac10.at:29     -C and delayed setting of metadata
      extract extrac10
  67: extrac11.at:25     scarce file descriptors
      extract extrac11
  68: extrac12.at:25     extract dot permissions
      extract extrac12
  69: extrac13.at:26     extract over symlinks
      extract extrac13
  70: extrac14.at:25     extract -C symlink
      extract extrac14
  72: extrac16.at:26     extract empty directory with -C
      extract extrac16
  82: incremental.at:23  incremental
      incremental listed incr00
  88: listed04.at:26     --listed-incremental and --one-file-system
      listed incremental listed04
 106: link01.at:33       link count gt 2
      hardlinks link01
 109: link04.at:29       link count is 1 but multiple occurrences
      hardlinks link04
 110: longv7.at:24       long names in V7 archives
      longname longv7
 137: verify.at:25       verify
      verify
 142: shortupd.at:31     updating short archives
      shortfile shortfile1 shortupd
 149: remfiles04a.at:25  remove-files with -C:rel in -c/non-incr. mode
      create remove-files remfiles04 remfiles04a
 152: remfiles05a.at:34  remove-files with -C:rel,rel in -c/non-incr. mode
      create remove-files remfiles05 remfiles05a
 155: remfiles06a.at:25  remove-files with -C:rel,abs in -c/non-incr. mode
      create remove-files remfiles06 remfiles06a
 158: remfiles07a.at:25  remove-files with -C:abs,rel in -c/non-incr. mode
      create remove-files remfiles07 remfiles07a
 161: remfiles08a.at:28  remove-files deleting two subdirs in -c/non-incr. mode
      create remove-files remfiles08 remfiles08a
 164: remfiles09a.at:25  remove-files on full directory in -c/non-incr. mode
      create remove-files remfiles09 remfiles09a
 166: remfiles09c.at:25  remove-files on full directory in -r mode
      create append remove-files remfiles09 remfiles09c

## ---------------------- ##
## Detailed failed tests. ##
## ---------------------- ##

#                             -*- compilation -*-
1. version.at:19: testing tar version ...
./version.at:21: tar --version | sed 1q
--- -	2015-11-24 15:38:31.008576136 +0800
+++ /root/Desktop/tar-1.28/tests/testsuite.dir/at-groups/1/stdout	2015-11-24 15:38:31.002165900 +0800
@@ -1,2 +1,2 @@
-tar (GNU tar) 1.28
+tar (GNU tar) 1.26
 
1. version.at:19: 1. tar version (version.at:19): FAILED (version.at:21)

#                             -*- compilation -*-
5. opcomp01.at:21: testing occurrence compatibility ...
./opcomp01.at:24:
tar --occurrence=1 -cf test.tar .

--- -	2015-11-24 15:38:31.164770338 +0800
+++ /root/Desktop/tar-1.28/tests/testsuite.dir/at-groups/5/stderr	2015-11-24 15:38:31.158165895 +0800
@@ -1,3 +1,3 @@
-tar: '--occurrence' cannot be used with '-c'
-Try 'tar --help' or 'tar --usage' for more information.
+tar: --occurrence cannot be used in the requested operation mode
+Try `tar --help' or `tar --usage' for more information.
 
5. opcomp01.at:21: 5. occurrence compatibility (opcomp01.at:21): FAILED (opcomp01.at:24)

#                             -*- compilation -*-
6. opcomp02.at:21: testing occurrence compatibility ...
./opcomp02.at:24:
tar --occurrence=1 -tf test.tar

--- -	2015-11-24 15:38:31.184269123 +0800
+++ /root/Desktop/tar-1.28/tests/testsuite.dir/at-groups/6/stderr	2015-11-24 15:38:31.178165894 +0800
@@ -1,3 +1,3 @@
 tar: --occurrence is meaningless without a file list
-Try 'tar --help' or 'tar --usage' for more information.
+Try `tar --help' or `tar --usage' for more information.
 
6. opcomp02.at:21: 6. occurrence compatibility (opcomp02.at:21): FAILED (opcomp02.at:24)

#                             -*- compilation -*-
7. opcomp03.at:21: testing --verify compatibility ...
./opcomp03.at:24:
tar -tWf test.tar .

--- -	2015-11-24 15:38:33.107682553 +0800
+++ /root/Desktop/tar-1.28/tests/testsuite.dir/at-groups/7/stderr	2015-11-24 15:38:33.102165827 +0800
@@ -1,3 +1,2 @@
-tar: '--verify' cannot be used with '-t'
-Try 'tar --help' or 'tar --usage' for more information.
+/root/Desktop/tar-1.28/tests/testsuite.dir/at-groups/7/test-source: line 33: 79097 Aborted                 (core dumped) tar -tWf test.tar .
 
./opcomp03.at:24: exit code was 134, expected 2
7. opcomp03.at:21: 7. --verify compatibility (opcomp03.at:21): FAILED (opcomp03.at:24)

#                             -*- compilation -*-
8. opcomp04.at:21: testing compress option compatibility ...
./opcomp04.at:24:

cat /dev/null | gzip - > /dev/null 2>&1 || exit 77

genfile --file file
tar czf test.tar file
genfile --file newfile
tar rzf test.tar newfile

--- -	2015-11-24 15:38:33.143550962 +0800
+++ /root/Desktop/tar-1.28/tests/testsuite.dir/at-groups/8/stderr	2015-11-24 15:38:33.138165826 +0800
@@ -1,3 +1,7 @@
+/root/Desktop/tar-1.28/tests/testsuite.dir/at-groups/8/test-source: line 25: genfile: command not found
+tar: file: Cannot stat: No such file or directory
+tar: Exiting with failure status due to previous errors
+/root/Desktop/tar-1.28/tests/testsuite.dir/at-groups/8/test-source: line 27: genfile: command not found
 tar: Cannot update compressed archives
-Try 'tar --help' or 'tar --usage' for more information.
+Try `tar --help' or `tar --usage' for more information.
 
8. opcomp04.at:21: 8. compress option compatibility (opcomp04.at:21): FAILED (opcomp04.at:24)

#                             -*- compilation -*-
9. opcomp05.at:21: testing --pax-option compatibility ...
./opcomp05.at:24:
tar -Hgnu -cf test.tar --pax-option user:=root .

--- -	2015-11-24 15:38:33.184082281 +0800
+++ /root/Desktop/tar-1.28/tests/testsuite.dir/at-groups/9/stderr	2015-11-24 15:38:33.178165825 +0800
@@ -1,3 +1,3 @@
 tar: --pax-option can be used only on POSIX archives
-Try 'tar --help' or 'tar --usage' for more information.
+Try `tar --help' or `tar --usage' for more information.
 
9. opcomp05.at:21: 9. --pax-option compatibility (opcomp05.at:21): FAILED (opcomp05.at:24)

#                             -*- compilation -*-
145. sigpipe.at:21: testing sigpipe handling ...
./sigpipe.at:30:

case `(cat "$at_myself" 2>&3 | :) 3>&1 >/dev/null` in #(
?*) exit 77;;
esac


genfile --length 2048 --file first
genfile --length 2048 --file second
genfile --length 2049 --file third

tar cf archive first second third

# Discard diagnostics that some shells generate about broken pipes.
(tar tf archive 2>&3 | :) 3>&2 2>/dev/null

--- /dev/null	2015-11-23 14:28:24.110557770 +0800
+++ /root/Desktop/tar-1.28/tests/testsuite.dir/at-groups/145/stderr	2015-11-24 15:39:30.818163826 +0800
@@ -0,0 +1,7 @@
+/root/Desktop/tar-1.28/tests/testsuite.dir/at-groups/145/test-source: line 41: genfile: command not found
+/root/Desktop/tar-1.28/tests/testsuite.dir/at-groups/145/test-source: line 42: genfile: command not found
+/root/Desktop/tar-1.28/tests/testsuite.dir/at-groups/145/test-source: line 43: genfile: command not found
+tar: first: Cannot stat: No such file or directory
+tar: second: Cannot stat: No such file or directory
+tar: third: Cannot stat: No such file or directory
+tar: Exiting with failure status due to previous errors
145. sigpipe.at:21: 145. sigpipe handling (sigpipe.at:21): FAILED (sigpipe.at:30)

#                             -*- compilation -*-
147. remfiles02.at:28: testing remove-files with compression: grand-child ...
./remfiles02.at:32:

cat /dev/null | gzip - > /dev/null 2>&1 || exit 77


test -z "`sort < /dev/null 2>&1`" || exit 77


mkdir dir
cd dir
mkdir a
genfile --file b
mkdir c

tar -c -f a -z --remove-files b c 2>err
EC=$?
sed -n '/(child)/p' err >&2
rm err
find . | sort
exit $EC

--- -	2015-11-24 15:39:30.899099353 +0800
+++ /root/Desktop/tar-1.28/tests/testsuite.dir/at-groups/147/stderr	2015-11-24 15:39:30.894163824 +0800
@@ -1,3 +1,4 @@
+/root/Desktop/tar-1.28/tests/testsuite.dir/at-groups/147/test-source: line 45: genfile: command not found
 tar (child): a: Cannot open: Is a directory
 tar (child): Error is not recoverable: exiting now
 
--- -	2015-11-24 15:39:30.900620704 +0800
+++ /root/Desktop/tar-1.28/tests/testsuite.dir/at-groups/147/stdout	2015-11-24 15:39:30.894163824 +0800
@@ -1,5 +1,4 @@
 .
 ./a
-./b
 ./c
 
147. remfiles02.at:28: 147. remove-files with compression: grand-child (remfiles02.at:28): FAILED (remfiles02.at:32)

#                             -*- compilation -*-
148. remfiles03.at:28: testing remove-files with symbolic links ...
./remfiles03.at:31:
mkdir a
mkdir a/b
ln -s b a/c || exit 77
tar --remove-files -cf a.tar a
genfile --stat a

--- -	2015-11-24 15:39:30.924872733 +0800
+++ /root/Desktop/tar-1.28/tests/testsuite.dir/at-groups/148/stderr	2015-11-24 15:39:30.918163823 +0800
@@ -1,2 +1,2 @@
-genfile: stat(a) failed: No such file or directory
+/root/Desktop/tar-1.28/tests/testsuite.dir/at-groups/148/test-source: line 24: genfile: command not found
 
./remfiles03.at:31: exit code was 127, expected 0
148. remfiles03.at:28: 148. remove-files with symbolic links (remfiles03.at:28): FAILED (remfiles03.at:31)


## ------------- ##
## ../config.log ##
## ------------- ##
| This file contains any messages produced by compilers while
| running configure, to aid debugging if configure makes a mistake.
| 
| It was created by GNU tar configure 1.28, which was
| generated by GNU Autoconf 2.69.  Invocation command line was
| 
|   $ ./configure 
| 
| ## --------- ##
| ## Platform. ##
| ## --------- ##
| 
| hostname = ubuntu
| uname -m = x86_64
| uname -r = 3.8.0-19-generic
| uname -s = Linux
| uname -v = #29-Ubuntu SMP Wed Apr 17 18:16:28 UTC 2013
| 
| /usr/bin/uname -p = unknown
| /bin/uname -X     = unknown
| 
| /bin/arch              = unknown
| /usr/bin/arch -k       = unknown
| /usr/convex/getsysinfo = unknown
| /usr/bin/hostinfo      = unknown
| /bin/machine           = unknown
| /usr/bin/oslevel       = unknown
| /bin/universe          = unknown
| 
| PATH: /usr/lib/lightdm/lightdm
| PATH: /usr/local/sbin
| PATH: /usr/local/bin
| PATH: /usr/sbin
| PATH: /usr/bin
| PATH: /sbin
| PATH: /bin
| 
| 
| ## ----------- ##
| ## Core tests. ##
| ## ----------- ##
| 
| configure:3583: checking for a BSD-compatible install
| configure:3651: result: /usr/bin/install -c
| configure:3662: checking whether build environment is sane
| configure:3717: result: yes
| configure:3868: checking for a thread-safe mkdir -p
| configure:3907: result: /bin/mkdir -p
| configure:3914: checking for gawk
| configure:3944: result: no
| configure:3914: checking for mawk
| configure:3930: found /usr/bin/mawk
| configure:3941: result: mawk
| configure:3952: checking whether make sets $(MAKE)
| configure:3974: result: yes
| configure:4003: checking whether make supports nested variables
| configure:4020: result: yes
| configure:4109: checking whether UID '0' is supported by ustar format
| configure:4112: result: yes
| configure:4119: checking whether GID '0' is supported by ustar format
| configure:4122: result: yes
| configure:4130: checking how to create a ustar tar archive
| configure:4141: tar --version
| tar (GNU tar) 1.26
| Copyright (C) 2011 Free Software Foundation, Inc.
| License GPLv3+: GNU GPL version 3 or later <http://gnu.org/licenses/gpl.html>.
| This is free software: you are free to change and redistribute it.
| There is NO WARRANTY, to the extent permitted by law.
| 
| Written by John Gilmore and Jay Fenlason.
| configure:4144: $? = 0
| configure:4184: tardir=conftest.dir && eval tar --format=ustar -chf - "$tardir" >conftest.tar
| configure:4187: $? = 0
| configure:4191: tar -xf - <conftest.tar
| configure:4194: $? = 0
| configure:4196: cat conftest.dir/file
| GrepMe
| configure:4199: $? = 0
| configure:4212: result: gnutar
| configure:4274: checking whether make supports nested variables
| configure:4291: result: yes
| configure:4315: checking for style of include used by make
| configure:4343: result: GNU
| configure:4414: checking for gcc
| configure:4430: found /usr/bin/gcc
| configure:4441: result: gcc
| configure:4670: checking for C compiler version
| configure:4679: gcc --version >&5
| gcc (Ubuntu/Linaro 4.7.3-1ubuntu1) 4.7.3
| Copyright (C) 2012 Free Software Foundation, Inc.
| This is free software; see the source for copying conditions.  There is NO
| warranty; not even for MERCHANTABILITY or FITNESS FOR A PARTICULAR PURPOSE.
| 
| configure:4690: $? = 0
| configure:4679: gcc -v >&5
| Using built-in specs.
| COLLECT_GCC=gcc
| COLLECT_LTO_WRAPPER=/usr/lib/gcc/x86_64-linux-gnu/4.7/lto-wrapper
| Target: x86_64-linux-gnu
| Configured with: ../src/configure -v --with-pkgversion='Ubuntu/Linaro 4.7.3-1ubuntu1' --with-bugurl=file:///usr/share/doc/gcc-4.7/README.Bugs --enable-languages=c,c++,go,fortran,objc,obj-c++ --prefix=/usr --program-suffix=-4.7 --enable-shared --enable-linker-build-id --libexecdir=/usr/lib --without-included-gettext --enable-threads=posix --with-gxx-include-dir=/usr/include/c++/4.7 --libdir=/usr/lib --enable-nls --with-sysroot=/ --enable-clocale=gnu --enable-libstdcxx-debug --enable-libstdcxx-time=yes --enable-gnu-unique-object --enable-plugin --with-system-zlib --enable-objc-gc --with-cloog --enable-cloog-backend=ppl --disable-cloog-version-check --disable-ppl-version-check --enable-multiarch --disable-werror --with-arch-32=i686 --with-abi=m64 --with-multilib-list=m32,m64,mx32 --with-tune=generic --enable-checking=release --build=x86_64-linux-gnu --host=x86_64-linux-gnu --target=x86_64-linux-gnu
| Thread model: posix
| gcc version 4.7.3 (Ubuntu/Linaro 4.7.3-1ubuntu1) 
| configure:4690: $? = 0
| configure:4679: gcc -V >&5
| gcc: error: unrecognized command line option '-V'
| gcc: fatal error: no input files
| compilation terminated.
| configure:4690: $? = 4
| configure:4679: gcc -qversion >&5
| gcc: error: unrecognized command line option '-qversion'
| gcc: fatal error: no input files
| compilation terminated.
| configure:4690: $? = 4
| configure:4710: checking whether the C compiler works
| configure:4732: gcc    conftest.c  >&5
| configure:4736: $? = 0
| configure:4784: result: yes
| configure:4787: checking for C compiler default output file name
| configure:4789: result: a.out
| configure:4795: checking for suffix of executables
| configure:4802: gcc -o conftest    conftest.c  >&5
| configure:4806: $? = 0
| configure:4828: result: 
| configure:4850: checking whether we are cross compiling
| configure:4858: gcc -o conftest    conftest.c  >&5
| configure:4862: $? = 0
| configure:4869: ./conftest
| configure:4873: $? = 0
| configure:4888: result: no
| configure:4893: checking for suffix of object files
| configure:4915: gcc -c   conftest.c >&5
| configure:4919: $? = 0
| configure:4940: result: o
| configure:4944: checking whether we are using the GNU C compiler
| configure:4963: gcc -c   conftest.c >&5
| configure:4963: $? = 0
| configure:4972: result: yes
| configure:4981: checking whether gcc accepts -g
| configure:5001: gcc -c -g  conftest.c >&5
| configure:5001: $? = 0
| configure:5042: result: yes
| configure:5059: checking for gcc option to accept ISO C89
| configure:5122: gcc  -c -g -O2  conftest.c >&5
| configure:5122: $? = 0
| configure:5135: result: none needed
| configure:5160: checking whether gcc understands -c and -o together
| configure:5182: gcc -c conftest.c -o conftest2.o
| configure:5185: $? = 0
| configure:5182: gcc -c conftest.c -o conftest2.o
| configure:5185: $? = 0
| configure:5197: result: yes
| configure:5216: checking dependency style of gcc
| configure:5327: result: gcc3
| configure:5346: checking for gcc option to accept ISO C99
| configure:5495: gcc  -c -g -O2  conftest.c >&5
| conftest.c:61:29: error: expected ';', ',' or ')' before 'text'
| conftest.c: In function 'main':
| conftest.c:115:18: error: expected '=', ',', ';', 'asm' or '__attribute__' before 'newvar'
| conftest.c:115:18: error: 'newvar' undeclared (first use in this function)
| conftest.c:115:18: note: each undeclared identifier is reported only once for each function it appears in
| conftest.c:125:3: error: 'for' loop initial declarations are only allowed in C99 mode
| conftest.c:125:3: note: use option -std=c99 or -std=gnu99 to compile your code
| configure:5495: $? = 1
| configure: failed program was:
| | /* confdefs.h */
| | #define PACKAGE_NAME "GNU tar"
| | #define PACKAGE_TARNAME "tar"
| | #define PACKAGE_VERSION "1.28"
| | #define PACKAGE_STRING "GNU tar 1.28"
| | #define PACKAGE_BUGREPORT "bug-tar@gnu.org"
| | #define PACKAGE_URL "http://www.gnu.org/software/tar/"
| | #define PACKAGE "tar"
| | #define VERSION "1.28"
| | /* end confdefs.h.  */
| | #include <stdarg.h>
| | #include <stdbool.h>
| | #include <stdlib.h>
| | #include <wchar.h>
| | #include <stdio.h>
| | 
| | // Check varargs macros.  These examples are taken from C99 6.10.3.5.
| | #define debug(...) fprintf (stderr, __VA_ARGS__)
| | #define showlist(...) puts (#__VA_ARGS__)
| | #define report(test,...) ((test) ? puts (#test) : printf (__VA_ARGS__))
| | static void
| | test_varargs_macros (void)
| | {
| |   int x = 1234;
| |   int y = 5678;
| |   debug ("Flag");
| |   debug ("X = %d\n", x);
| |   showlist (The first, second, and third items.);
| |   report (x>y, "x is %d but y is %d", x, y);
| | }
| | 
| | // Check long long types.
| | #define BIG64 18446744073709551615ull
| | #define BIG32 4294967295ul
| | #define BIG_OK (BIG64 / BIG32 == 4294967297ull && BIG64 % BIG32 == 0)
| | #if !BIG_OK
| |   your preprocessor is broken;
| | #endif
| | #if BIG_OK
| | #else
| |   your preprocessor is broken;
| | #endif
| | static long long int bignum = -9223372036854775807LL;
| | static unsigned long long int ubignum = BIG64;
| | 
| | struct incomplete_array
| | {
| |   int datasize;
| |   double data[];
| | };
| | 
| | struct named_init {
| |   int number;
| |   const wchar_t *name;
| |   double average;
| | };
| | 
| | typedef const char *ccp;
| | 
| | static inline int
| | test_restrict (ccp restrict text)
| | {
| |   // See if C++-style comments work.
| |   // Iterate through items via the restricted pointer.
| |   // Also check for declarations in for loops.
| |   for (unsigned int i = 0; *(text+i) != '\0'; ++i)
| |     continue;
| |   return 0;
| | }
| | 
| | // Check varargs and va_copy.
| | static void
| | test_varargs (const char *format, ...)
| | {
| |   va_list args;
| |   va_start (args, format);
| |   va_list args_copy;
| |   va_copy (args_copy, args);
| | 
| |   const char *str;
| |   int number;
| |   float fnumber;
| | 
| |   while (*format)
| |     {
| |       switch (*format++)
| | 	{
| | 	case 's': // string
| | 	  str = va_arg (args_copy, const char *);
| | 	  break;
| | 	case 'd': // int
| | 	  number = va_arg (args_copy, int);
| | 	  break;
| | 	case 'f': // float
| | 	  fnumber = va_arg (args_copy, double);
| | 	  break;
| | 	default:
| | 	  break;
| | 	}
| |     }
| |   va_end (args_copy);
| |   va_end (args);
| | }
| | 
| | int
| | main ()
| | {
| | 
| |   // Check bool.
| |   _Bool success = false;
| | 
| |   // Check restrict.
| |   if (test_restrict ("String literal") == 0)
| |     success = true;
| |   char *restrict newvar = "Another string";
| | 
| |   // Check varargs.
| |   test_varargs ("s, d' f .", "string", 65, 34.234);
| |   test_varargs_macros ();
| | 
| |   // Check flexible array members.
| |   struct incomplete_array *ia =
| |     malloc (sizeof (struct incomplete_array) + (sizeof (double) * 10));
| |   ia->datasize = 10;
| |   for (int i = 0; i < ia->datasize; ++i)
| |     ia->data[i] = i * 1.234;
| | 
| |   // Check named initializers.
| |   struct named_init ni = {
| |     .number = 34,
| |     .name = L"Test wide string",
| |     .average = 543.34343,
| |   };
| | 
| |   ni.number = 58;
| | 
| |   int dynamic_array[ni.number];
| |   dynamic_array[ni.number - 1] = 543;
| | 
| |   // work around unused variable warnings
| |   return (!success || bignum == 0LL || ubignum == 0uLL || newvar[0] == 'x'
| | 	  || dynamic_array[ni.number - 1] != 543);
| | 
| |   ;
| |   return 0;
| | }
| configure:5495: gcc -std=gnu99 -c -g -O2  conftest.c >&5
| configure:5495: $? = 0
| configure:5515: result: -std=gnu99
| configure:5616: checking for gcc -std=gnu99 option to accept ISO Standard C
| configure:5630: result: -std=gnu99
| configure:5678: checking for ranlib
| configure:5694: found /usr/bin/ranlib
| configure:5705: result: ranlib
| configure:5731: checking for bison
| configure:5747: found /usr/bin/bison
| configure:5758: result: bison -y
| configure:5776: checking how to run the C preprocessor
| configure:5807: gcc -std=gnu99 -E  conftest.c
| configure:5807: $? = 0
| configure:5821: gcc -std=gnu99 -E  conftest.c
| conftest.c:11:28: fatal error: ac_nonexistent.h: No such file or directory
| compilation terminated.
| configure:5821: $? = 1
| configure: failed program was:
| | /* confdefs.h */
| | #define PACKAGE_NAME "GNU tar"
| | #define PACKAGE_TARNAME "tar"
| | #define PACKAGE_VERSION "1.28"
| | #define PACKAGE_STRING "GNU tar 1.28"
| | #define PACKAGE_BUGREPORT "bug-tar@gnu.org"
| | #define PACKAGE_URL "http://www.gnu.org/software/tar/"
| | #define PACKAGE "tar"
| | #define VERSION "1.28"
| | /* end confdefs.h.  */
| | #include <ac_nonexistent.h>
| configure:5846: result: gcc -std=gnu99 -E
| configure:5866: gcc -std=gnu99 -E  conftest.c
| configure:5866: $? = 0
| configure:5880: gcc -std=gnu99 -E  conftest.c
| conftest.c:11:28: fatal error: ac_nonexistent.h: No such file or directory
| compilation terminated.
| configure:5880: $? = 1
| configure: failed program was:
| | /* confdefs.h */
| | #define PACKAGE_NAME "GNU tar"
| | #define PACKAGE_TARNAME "tar"
| | #define PACKAGE_VERSION "1.28"
| | #define PACKAGE_STRING "GNU tar 1.28"
| | #define PACKAGE_BUGREPORT "bug-tar@gnu.org"
| | #define PACKAGE_URL "http://www.gnu.org/software/tar/"
| | #define PACKAGE "tar"
| | #define VERSION "1.28"
| | /* end confdefs.h.  */
| | #include <ac_nonexistent.h>
| configure:5909: checking for grep that handles long lines and -e
| configure:5967: result: /bin/grep
| configure:5972: checking for egrep
| configure:6034: result: /bin/grep -E
| configure:6041: checking for Minix Amsterdam compiler
| configure:6065: result: no
| configure:6117: checking for ar
| configure:6133: found /usr/bin/ar
| configure:6144: result: ar
| configure:6278: checking for ANSI C header files
| configure:6298: gcc -std=gnu99 -c -g -O2  conftest.c >&5
| configure:6298: $? = 0
| configure:6371: gcc -std=gnu99 -o conftest -g -O2   conftest.c  >&5
| configure:6371: $? = 0
| configure:6371: ./conftest
| configure:6371: $? = 0
| configure:6382: result: yes
| configure:6395: checking for sys/types.h
| configure:6395: gcc -std=gnu99 -c -g -O2  conftest.c >&5
| configure:6395: $? = 0
| configure:6395: result: yes
| configure:6395: checking for sys/stat.h
| configure:6395: gcc -std=gnu99 -c -g -O2  conftest.c >&5
| configure:6395: $? = 0
| configure:6395: result: yes
| configure:6395: checking for stdlib.h
| configure:6395: gcc -std=gnu99 -c -g -O2  conftest.c >&5
| configure:6395: $? = 0
| configure:6395: result: yes
| configure:6395: checking for string.h
| configure:6395: gcc -std=gnu99 -c -g -O2  conftest.c >&5
| configure:6395: $? = 0
| configure:6395: result: yes
| configure:6395: checking for memory.h
| configure:6395: gcc -std=gnu99 -c -g -O2  conftest.c >&5
| configure:6395: $? = 0
| configure:6395: result: yes
| configure:6395: checking for strings.h
| configure:6395: gcc -std=gnu99 -c -g -O2  conftest.c >&5
| configure:6395: $? = 0
| configure:6395: result: yes
| configure:6395: checking for inttypes.h
| configure:6395: gcc -std=gnu99 -c -g -O2  conftest.c >&5
| configure:6395: $? = 0
| configure:6395: result: yes
| configure:6395: checking for stdint.h
| configure:6395: gcc -std=gnu99 -c -g -O2  conftest.c >&5
| configure:6395: $? = 0
| configure:6395: result: yes
| configure:6395: checking for unistd.h
| configure:6395: gcc -std=gnu99 -c -g -O2  conftest.c >&5
| configure:6395: $? = 0
| configure:6395: result: yes
| configure:6408: checking minix/config.h usability
| configure:6408: gcc -std=gnu99 -c -g -O2  conftest.c >&5
| conftest.c:54:26: fatal error: minix/config.h: No such file or directory
| compilation terminated.
| configure:6408: $? = 1
| configure: failed program was:
| | /* confdefs.h */
| | #define PACKAGE_NAME "GNU tar"
| | #define PACKAGE_TARNAME "tar"
| | #define PACKAGE_VERSION "1.28"
| | #define PACKAGE_STRING "GNU tar 1.28"
| | #define PACKAGE_BUGREPORT "bug-tar@gnu.org"
| | #define PACKAGE_URL "http://www.gnu.org/software/tar/"
| | #define PACKAGE "tar"
| | #define VERSION "1.28"
| | #define STDC_HEADERS 1
| | #define HAVE_SYS_TYPES_H 1
| | #define HAVE_SYS_STAT_H 1
| | #define HAVE_STDLIB_H 1
| | #define HAVE_STRING_H 1
| | #define HAVE_MEMORY_H 1
| | #define HAVE_STRINGS_H 1
| | #define HAVE_INTTYPES_H 1
| | #define HAVE_STDINT_H 1
| | #define HAVE_UNISTD_H 1
| | /* end confdefs.h.  */
| | #include <stdio.h>
| | #ifdef HAVE_SYS_TYPES_H
| | # include <sys/types.h>
| | #endif
| | #ifdef HAVE_SYS_STAT_H
| | # include <sys/stat.h>
| | #endif
| | #ifdef STDC_HEADERS
| | # include <stdlib.h>
| | # include <stddef.h>
| | #else
| | # ifdef HAVE_STDLIB_H
| | #  include <stdlib.h>
| | # endif
| | #endif
| | #ifdef HAVE_STRING_H
| | # if !defined STDC_HEADERS && defined HAVE_MEMORY_H
| | #  include <memory.h>
| | # endif
| | # include <string.h>
| | #endif
| | #ifdef HAVE_STRINGS_H
| | # include <strings.h>
| | #endif
| | #ifdef HAVE_INTTYPES_H
| | # include <inttypes.h>
| | #endif
| | #ifdef HAVE_STDINT_H
| | # include <stdint.h>
| | #endif
| | #ifdef HAVE_UNISTD_H
| | # include <unistd.h>
| | #endif
| | #include <minix/config.h>
| configure:6408: result: no
| configure:6408: checking minix/config.h presence
| configure:6408: gcc -std=gnu99 -E  conftest.c
| conftest.c:21:26: fatal error: minix/config.h: No such file or directory
| compilation terminated.
| configure:6408: $? = 1
| configure: failed program was:
| | /* confdefs.h */
| | #define PACKAGE_NAME "GNU tar"
| | #define PACKAGE_TARNAME "tar"
| | #define PACKAGE_VERSION "1.28"
| | #define PACKAGE_STRING "GNU tar 1.28"
| | #define PACKAGE_BUGREPORT "bug-tar@gnu.org"
| | #define PACKAGE_URL "http://www.gnu.org/software/tar/"
| | #define PACKAGE "tar"
| | #define VERSION "1.28"
| | #define STDC_HEADERS 1
| | #define HAVE_SYS_TYPES_H 1
| | #define HAVE_SYS_STAT_H 1
| | #define HAVE_STDLIB_H 1
| | #define HAVE_STRING_H 1
| | #define HAVE_MEMORY_H 1
| | #define HAVE_STRINGS_H 1
| | #define HAVE_INTTYPES_H 1
| | #define HAVE_STDINT_H 1
| | #define HAVE_UNISTD_H 1
| | /* end confdefs.h.  */
| | #include <minix/config.h>
| configure:6408: result: no
| configure:6408: checking for minix/config.h
| configure:6408: result: no
| configure:6432: checking whether it is safe to define __EXTENSIONS__
| configure:6450: gcc -std=gnu99 -c -g -O2  conftest.c >&5
| configure:6450: $? = 0
| configure:6457: result: yes
| configure:6472: checking whether _XOPEN_SOURCE should be defined
| configure:6491: gcc -std=gnu99 -c -g -O2  conftest.c >&5
| configure:6491: $? = 0
| configure:6515: result: no
| configure:6527: checking for _LARGEFILE_SOURCE value needed for large files
| configure:6546: gcc -std=gnu99 -o conftest -g -O2   conftest.c  >&5
| configure:6546: $? = 0
| configure:6574: result: no
| configure:6602: checking for special C compiler options needed for large files
| configure:6647: result: no
| configure:6653: checking for _FILE_OFFSET_BITS value needed for large files
| configure:6678: gcc -std=gnu99 -c -g -O2  conftest.c >&5
| configure:6678: $? = 0
| configure:6710: result: no
| configure:7173: checking for special C compiler options needed for large files
| configure:7218: result: no
| configure:7224: checking for _FILE_OFFSET_BITS value needed for large files
| configure:7281: result: no
| configure:7368: checking for inline
| configure:7384: gcc -std=gnu99 -c -g -O2  conftest.c >&5
| configure:7384: $? = 0
| configure:7392: result: inline
| configure:7417: checking for fcntl.h
| configure:7417: gcc -std=gnu99 -c -g -O2  conftest.c >&5
| configure:7417: $? = 0
| configure:7417: result: yes
| configure:7417: checking for linux/fd.h
| configure:7417: gcc -std=gnu99 -c -g -O2  conftest.c >&5
| configure:7417: $? = 0
| configure:7417: result: yes
| configure:7417: checking for memory.h
| configure:7417: result: yes
| configure:7417: checking for net/errno.h
| configure:7417: gcc -std=gnu99 -c -g -O2  conftest.c >&5
| conftest.c:67:23: fatal error: net/errno.h: No such file or directory
| compilation terminated.
| configure:7417: $? = 1
| configure: failed program was:
| | /* confdefs.h */
| | #define PACKAGE_NAME "GNU tar"
| | #define PACKAGE_TARNAME "tar"
| | #define PACKAGE_VERSION "1.28"
| | #define PACKAGE_STRING "GNU tar 1.28"
| | #define PACKAGE_BUGREPORT "bug-tar@gnu.org"
| | #define PACKAGE_URL "http://www.gnu.org/software/tar/"
| | #define PACKAGE "tar"
| | #define VERSION "1.28"
| | #define STDC_HEADERS 1
| | #define HAVE_SYS_TYPES_H 1
| | #define HAVE_SYS_STAT_H 1
| | #define HAVE_STDLIB_H 1
| | #define HAVE_STRING_H 1
| | #define HAVE_MEMORY_H 1
| | #define HAVE_STRINGS_H 1
| | #define HAVE_INTTYPES_H 1
| | #define HAVE_STDINT_H 1
| | #define HAVE_UNISTD_H 1
| | #define __EXTENSIONS__ 1
| | #define _ALL_SOURCE 1
| | #define _DARWIN_C_SOURCE 1
| | #define _GNU_SOURCE 1
| | #define _POSIX_PTHREAD_SEMANTICS 1
| | #define _TANDEM_SOURCE 1
| | #define HAVE_FSEEKO 1
| | #define _DARWIN_USE_64_BIT_INODE 1
| | #define _DARWIN_USE_64_BIT_INODE 1
| | #define HAVE_FCNTL_H 1
| | #define HAVE_LINUX_FD_H 1
| | #define HAVE_MEMORY_H 1
| | /* end confdefs.h.  */
| | #include <stdio.h>
| | #ifdef HAVE_SYS_TYPES_H
| | # include <sys/types.h>
| | #endif
| | #ifdef HAVE_SYS_STAT_H
| | # include <sys/stat.h>
| | #endif
| | #ifdef STDC_HEADERS
| | # include <stdlib.h>
| | # include <stddef.h>
| | #else
| | # ifdef HAVE_STDLIB_H
| | #  include <stdlib.h>
| | # endif
| | #endif
| | #ifdef HAVE_STRING_H
| | # if !defined STDC_HEADERS && defined HAVE_MEMORY_H
| | #  include <memory.h>
| | # endif
| | # include <string.h>
| | #endif
| | #ifdef HAVE_STRINGS_H
| | # include <strings.h>
| | #endif
| | #ifdef HAVE_INTTYPES_H
| | # include <inttypes.h>
| | #endif
| | #ifdef HAVE_STDINT_H
| | # include <stdint.h>
| | #endif
| | #ifdef HAVE_UNISTD_H
| | # include <unistd.h>
| | #endif
| | 
| | #include <net/errno.h>
| configure:7417: result: no
| configure:7417: checking for sgtty.h
| configure:7417: gcc -std=gnu99 -c -g -O2  conftest.c >&5
| configure:7417: $? = 0
| configure:7417: result: yes
| configure:7417: checking for string.h
| configure:7417: result: yes
| configure:7417: checking for sys/param.h
| configure:7417: gcc -std=gnu99 -c -g -O2  conftest.c >&5
| configure:7417: $? = 0
| configure:7417: result: yes
| configure:7417: checking for sys/device.h
| configure:7417: gcc -std=gnu99 -c -g -O2  conftest.c >&5
| conftest.c:70:24: fatal error: sys/device.h: No such file or directory
| compilation terminated.
| configure:7417: $? = 1
| configure: failed program was:
| | /* confdefs.h */
| | #define PACKAGE_NAME "GNU tar"
| | #define PACKAGE_TARNAME "tar"
| | #define PACKAGE_VERSION "1.28"
| | #define PACKAGE_STRING "GNU tar 1.28"
| | #define PACKAGE_BUGREPORT "bug-tar@gnu.org"
| | #define PACKAGE_URL "http://www.gnu.org/software/tar/"
| | #define PACKAGE "tar"
| | #define VERSION "1.28"
| | #define STDC_HEADERS 1
| | #define HAVE_SYS_TYPES_H 1
| | #define HAVE_SYS_STAT_H 1
| | #define HAVE_STDLIB_H 1
| | #define HAVE_STRING_H 1
| | #define HAVE_MEMORY_H 1
| | #define HAVE_STRINGS_H 1
| | #define HAVE_INTTYPES_H 1
| | #define HAVE_STDINT_H 1
| | #define HAVE_UNISTD_H 1
| | #define __EXTENSIONS__ 1
| | #define _ALL_SOURCE 1
| | #define _DARWIN_C_SOURCE 1
| | #define _GNU_SOURCE 1
| | #define _POSIX_PTHREAD_SEMANTICS 1
| | #define _TANDEM_SOURCE 1
| | #define HAVE_FSEEKO 1
| | #define _DARWIN_USE_64_BIT_INODE 1
| | #define _DARWIN_USE_64_BIT_INODE 1
| | #define HAVE_FCNTL_H 1
| | #define HAVE_LINUX_FD_H 1
| | #define HAVE_MEMORY_H 1
| | #define HAVE_SGTTY_H 1
| | #define HAVE_STRING_H 1
| | #define HAVE_SYS_PARAM_H 1
| | /* end confdefs.h.  */
| | #include <stdio.h>
| | #ifdef HAVE_SYS_TYPES_H
| | # include <sys/types.h>
| | #endif
| | #ifdef HAVE_SYS_STAT_H
| | # include <sys/stat.h>
| | #endif
| | #ifdef STDC_HEADERS
| | # include <stdlib.h>
| | # include <stddef.h>
| | #else
| | # ifdef HAVE_STDLIB_H
| | #  include <stdlib.h>
| | # endif
| | #endif
| | #ifdef HAVE_STRING_H
| | # if !defined STDC_HEADERS && defined HAVE_MEMORY_H
| | #  include <memory.h>
| | # endif
| | # include <string.h>
| | #endif
| | #ifdef HAVE_STRINGS_H
| | # include <strings.h>
| | #endif
| | #ifdef HAVE_INTTYPES_H
| | # include <inttypes.h>
| | #endif
| | #ifdef HAVE_STDINT_H
| | # include <stdint.h>
| | #endif
| | #ifdef HAVE_UNISTD_H
| | # include <unistd.h>
| | #endif
| | 
| | #include <sys/device.h>
| configure:7417: result: no
| configure:7417: checking for sys/gentape.h
| configure:7417: gcc -std=gnu99 -c -g -O2  conftest.c >&5
| conftest.c:70:25: fatal error: sys/gentape.h: No such file or directory
| compilation terminated.
| configure:7417: $? = 1
| configure: failed program was:
| | /* confdefs.h */
| | #define PACKAGE_NAME "GNU tar"
| | #define PACKAGE_TARNAME "tar"
| | #define PACKAGE_VERSION "1.28"
| | #define PACKAGE_STRING "GNU tar 1.28"
| | #define PACKAGE_BUGREPORT "bug-tar@gnu.org"
| | #define PACKAGE_URL "http://www.gnu.org/software/tar/"
| | #define PACKAGE "tar"
| | #define VERSION "1.28"
| | #define STDC_HEADERS 1
| | #define HAVE_SYS_TYPES_H 1
| | #define HAVE_SYS_STAT_H 1
| | #define HAVE_STDLIB_H 1
| | #define HAVE_STRING_H 1
| | #define HAVE_MEMORY_H 1
| | #define HAVE_STRINGS_H 1
| | #define HAVE_INTTYPES_H 1
| | #define HAVE_STDINT_H 1
| | #define HAVE_UNISTD_H 1
| | #define __EXTENSIONS__ 1
| | #define _ALL_SOURCE 1
| | #define _DARWIN_C_SOURCE 1
| | #define _GNU_SOURCE 1
| | #define _POSIX_PTHREAD_SEMANTICS 1
| | #define _TANDEM_SOURCE 1
| | #define HAVE_FSEEKO 1
| | #define _DARWIN_USE_64_BIT_INODE 1
| | #define _DARWIN_USE_64_BIT_INODE 1
| | #define HAVE_FCNTL_H 1
| | #define HAVE_LINUX_FD_H 1
| | #define HAVE_MEMORY_H 1
| | #define HAVE_SGTTY_H 1
| | #define HAVE_STRING_H 1
| | #define HAVE_SYS_PARAM_H 1
| | /* end confdefs.h.  */
| | #include <stdio.h>
| | #ifdef HAVE_SYS_TYPES_H
| | # include <sys/types.h>
| | #endif
| | #ifdef HAVE_SYS_STAT_H
| | # include <sys/stat.h>
| | #endif
| | #ifdef STDC_HEADERS
| | # include <stdlib.h>
| | # include <stddef.h>
| | #else
| | # ifdef HAVE_STDLIB_H
| | #  include <stdlib.h>
| | # endif
| | #endif
| | #ifdef HAVE_STRING_H
| | # if !defined STDC_HEADERS && defined HAVE_MEMORY_H
| | #  include <memory.h>
| | # endif
| | # include <string.h>
| | #endif
| | #ifdef HAVE_STRINGS_H
| | # include <strings.h>
| | #endif
| | #ifdef HAVE_INTTYPES_H
| | # include <inttypes.h>
| | #endif
| | #ifdef HAVE_STDINT_H
| | # include <stdint.h>
| | #endif
| | #ifdef HAVE_UNISTD_H
| | # include <unistd.h>
| | #endif
| | 
| | #include <sys/gentape.h>
| configure:7417: result: no
| configure:7417: checking for sys/inet.h
| configure:7417: gcc -std=gnu99 -c -g -O2  conftest.c >&5
| conftest.c:70:22: fatal error: sys/inet.h: No such file or directory
| compilation terminated.
| configure:7417: $? = 1
| configure: failed program was:
| | /* confdefs.h */
| | #define PACKAGE_NAME "GNU tar"
| | #define PACKAGE_TARNAME "tar"
| | #define PACKAGE_VERSION "1.28"
| | #define PACKAGE_STRING "GNU tar 1.28"
| | #define PACKAGE_BUGREPORT "bug-tar@gnu.org"
| | #define PACKAGE_URL "http://www.gnu.org/software/tar/"
| | #define PACKAGE "tar"
| | #define VERSION "1.28"
| | #define STDC_HEADERS 1
| | #define HAVE_SYS_TYPES_H 1
| | #define HAVE_SYS_STAT_H 1
| | #define HAVE_STDLIB_H 1
| | #define HAVE_STRING_H 1
| | #define HAVE_MEMORY_H 1
| | #define HAVE_STRINGS_H 1
| | #define HAVE_INTTYPES_H 1
| | #define HAVE_STDINT_H 1
| | #define HAVE_UNISTD_H 1
| | #define __EXTENSIONS__ 1
| | #define _ALL_SOURCE 1
| | #define _DARWIN_C_SOURCE 1
| | #define _GNU_SOURCE 1
| | #define _POSIX_PTHREAD_SEMANTICS 1
| | #define _TANDEM_SOURCE 1
| | #define HAVE_FSEEKO 1
| | #define _DARWIN_USE_64_BIT_INODE 1
| | #define _DARWIN_USE_64_BIT_INODE 1
| | #define HAVE_FCNTL_H 1
| | #define HAVE_LINUX_FD_H 1
| | #define HAVE_MEMORY_H 1
| | #define HAVE_SGTTY_H 1
| | #define HAVE_STRING_H 1
| | #define HAVE_SYS_PARAM_H 1
| | /* end confdefs.h.  */
| | #include <stdio.h>
| | #ifdef HAVE_SYS_TYPES_H
| | # include <sys/types.h>
| | #endif
| | #ifdef HAVE_SYS_STAT_H
| | # include <sys/stat.h>
| | #endif
| | #ifdef STDC_HEADERS
| | # include <stdlib.h>
| | # include <stddef.h>
| | #else
| | # ifdef HAVE_STDLIB_H
| | #  include <stdlib.h>
| | # endif
| | #endif
| | #ifdef HAVE_STRING_H
| | # if !defined STDC_HEADERS && defined HAVE_MEMORY_H
| | #  include <memory.h>
| | # endif
| | # include <string.h>
| | #endif
| | #ifdef HAVE_STRINGS_H
| | # include <strings.h>
| | #endif
| | #ifdef HAVE_INTTYPES_H
| | # include <inttypes.h>
| | #endif
| | #ifdef HAVE_STDINT_H
| | # include <stdint.h>
| | #endif
| | #ifdef HAVE_UNISTD_H
| | # include <unistd.h>
| | #endif
| | 
| | #include <sys/inet.h>
| configure:7417: result: no
| configure:7417: checking for sys/io/trioctl.h
| configure:7417: gcc -std=gnu99 -c -g -O2  conftest.c >&5
| conftest.c:70:28: fatal error: sys/io/trioctl.h: No such file or directory
| compilation terminated.
| configure:7417: $? = 1
| configure: failed program was:
| | /* confdefs.h */
| | #define PACKAGE_NAME "GNU tar"
| | #define PACKAGE_TARNAME "tar"
| | #define PACKAGE_VERSION "1.28"
| | #define PACKAGE_STRING "GNU tar 1.28"
| | #define PACKAGE_BUGREPORT "bug-tar@gnu.org"
| | #define PACKAGE_URL "http://www.gnu.org/software/tar/"
| | #define PACKAGE "tar"
| | #define VERSION "1.28"
| | #define STDC_HEADERS 1
| | #define HAVE_SYS_TYPES_H 1
| | #define HAVE_SYS_STAT_H 1
| | #define HAVE_STDLIB_H 1
| | #define HAVE_STRING_H 1
| | #define HAVE_MEMORY_H 1
| | #define HAVE_STRINGS_H 1
| | #define HAVE_INTTYPES_H 1
| | #define HAVE_STDINT_H 1
| | #define HAVE_UNISTD_H 1
| | #define __EXTENSIONS__ 1
| | #define _ALL_SOURCE 1
| | #define _DARWIN_C_SOURCE 1
| | #define _GNU_SOURCE 1
| | #define _POSIX_PTHREAD_SEMANTICS 1
| | #define _TANDEM_SOURCE 1
| | #define HAVE_FSEEKO 1
| | #define _DARWIN_USE_64_BIT_INODE 1
| | #define _DARWIN_USE_64_BIT_INODE 1
| | #define HAVE_FCNTL_H 1
| | #define HAVE_LINUX_FD_H 1
| | #define HAVE_MEMORY_H 1
| | #define HAVE_SGTTY_H 1
| | #define HAVE_STRING_H 1
| | #define HAVE_SYS_PARAM_H 1
| | /* end confdefs.h.  */
| | #include <stdio.h>
| | #ifdef HAVE_SYS_TYPES_H
| | # include <sys/types.h>
| | #endif
| | #ifdef HAVE_SYS_STAT_H
| | # include <sys/stat.h>
| | #endif
| | #ifdef STDC_HEADERS
| | # include <stdlib.h>
| | # include <stddef.h>
| | #else
| | # ifdef HAVE_STDLIB_H
| | #  include <stdlib.h>
| | # endif
| | #endif
| | #ifdef HAVE_STRING_H
| | # if !defined STDC_HEADERS && defined HAVE_MEMORY_H
| | #  include <memory.h>
| | # endif
| | # include <string.h>
| | #endif
| | #ifdef HAVE_STRINGS_H
| | # include <strings.h>
| | #endif
| | #ifdef HAVE_INTTYPES_H
| | # include <inttypes.h>
| | #endif
| | #ifdef HAVE_STDINT_H
| | # include <stdint.h>
| | #endif
| | #ifdef HAVE_UNISTD_H
| | # include <unistd.h>
| | #endif
| | 
| | #include <sys/io/trioctl.h>
| configure:7417: result: no
| configure:7417: checking for sys/mtio.h
| configure:7417: gcc -std=gnu99 -c -g -O2  conftest.c >&5
| configure:7417: $? = 0
| configure:7417: result: yes
| configure:7417: checking for sys/time.h
| configure:7417: gcc -std=gnu99 -c -g -O2  conftest.c >&5
| configure:7417: $? = 0
| configure:7417: result: yes
| configure:7417: checking for sys/tprintf.h
| configure:7417: gcc -std=gnu99 -c -g -O2  conftest.c >&5
| conftest.c:72:25: fatal error: sys/tprintf.h: No such file or directory
| compilation terminated.
| configure:7417: $? = 1
| configure: failed program was:
| | /* confdefs.h */
| | #define PACKAGE_NAME "GNU tar"
| | #define PACKAGE_TARNAME "tar"
| | #define PACKAGE_VERSION "1.28"
| | #define PACKAGE_STRING "GNU tar 1.28"
| | #define PACKAGE_BUGREPORT "bug-tar@gnu.org"
| | #define PACKAGE_URL "http://www.gnu.org/software/tar/"
| | #define PACKAGE "tar"
| | #define VERSION "1.28"
| | #define STDC_HEADERS 1
| | #define HAVE_SYS_TYPES_H 1
| | #define HAVE_SYS_STAT_H 1
| | #define HAVE_STDLIB_H 1
| | #define HAVE_STRING_H 1
| | #define HAVE_MEMORY_H 1
| | #define HAVE_STRINGS_H 1
| | #define HAVE_INTTYPES_H 1
| | #define HAVE_STDINT_H 1
| | #define HAVE_UNISTD_H 1
| | #define __EXTENSIONS__ 1
| | #define _ALL_SOURCE 1
| | #define _DARWIN_C_SOURCE 1
| | #define _GNU_SOURCE 1
| | #define _POSIX_PTHREAD_SEMANTICS 1
| | #define _TANDEM_SOURCE 1
| | #define HAVE_FSEEKO 1
| | #define _DARWIN_USE_64_BIT_INODE 1
| | #define _DARWIN_USE_64_BIT_INODE 1
| | #define HAVE_FCNTL_H 1
| | #define HAVE_LINUX_FD_H 1
| | #define HAVE_MEMORY_H 1
| | #define HAVE_SGTTY_H 1
| | #define HAVE_STRING_H 1
| | #define HAVE_SYS_PARAM_H 1
| | #define HAVE_SYS_MTIO_H 1
| | #define HAVE_SYS_TIME_H 1
| | /* end confdefs.h.  */
| | #include <stdio.h>
| | #ifdef HAVE_SYS_TYPES_H
| | # include <sys/types.h>
| | #endif
| | #ifdef HAVE_SYS_STAT_H
| | # include <sys/stat.h>
| | #endif
| | #ifdef STDC_HEADERS
| | # include <stdlib.h>
| | # include <stddef.h>
| | #else
| | # ifdef HAVE_STDLIB_H
| | #  include <stdlib.h>
| | # endif
| | #endif
| | #ifdef HAVE_STRING_H
| | # if !defined STDC_HEADERS && defined HAVE_MEMORY_H
| | #  include <memory.h>
| | # endif
| | # include <string.h>
| | #endif
| | #ifdef HAVE_STRINGS_H
| | # include <strings.h>
| | #endif
| | #ifdef HAVE_INTTYPES_H
| | # include <inttypes.h>
| | #endif
| | #ifdef HAVE_STDINT_H
| | # include <stdint.h>
| | #endif
| | #ifdef HAVE_UNISTD_H
| | # include <unistd.h>
| | #endif
| | 
| | #include <sys/tprintf.h>
| configure:7417: result: no
| configure:7417: checking for sys/tape.h
| configure:7417: gcc -std=gnu99 -c -g -O2  conftest.c >&5
| conftest.c:72:22: fatal error: sys/tape.h: No such file or directory
| compilation terminated.
| configure:7417: $? = 1
| configure: failed program was:
| | /* confdefs.h */
| | #define PACKAGE_NAME "GNU tar"
| | #define PACKAGE_TARNAME "tar"
| | #define PACKAGE_VERSION "1.28"
| | #define PACKAGE_STRING "GNU tar 1.28"
| | #define PACKAGE_BUGREPORT "bug-tar@gnu.org"
| | #define PACKAGE_URL "http://www.gnu.org/software/tar/"
| | #define PACKAGE "tar"
| | #define VERSION "1.28"
| | #define STDC_HEADERS 1
| | #define HAVE_SYS_TYPES_H 1
| | #define HAVE_SYS_STAT_H 1
| | #define HAVE_STDLIB_H 1
| | #define HAVE_STRING_H 1
| | #define HAVE_MEMORY_H 1
| | #define HAVE_STRINGS_H 1
| | #define HAVE_INTTYPES_H 1
| | #define HAVE_STDINT_H 1
| | #define HAVE_UNISTD_H 1
| | #define __EXTENSIONS__ 1
| | #define _ALL_SOURCE 1
| | #define _DARWIN_C_SOURCE 1
| | #define _GNU_SOURCE 1
| | #define _POSIX_PTHREAD_SEMANTICS 1
| | #define _TANDEM_SOURCE 1
| | #define HAVE_FSEEKO 1
| | #define _DARWIN_USE_64_BIT_INODE 1
| | #define _DARWIN_USE_64_BIT_INODE 1
| | #define HAVE_FCNTL_H 1
| | #define HAVE_LINUX_FD_H 1
| | #define HAVE_MEMORY_H 1
| | #define HAVE_SGTTY_H 1
| | #define HAVE_STRING_H 1
| | #define HAVE_SYS_PARAM_H 1
| | #define HAVE_SYS_MTIO_H 1
| | #define HAVE_SYS_TIME_H 1
| | /* end confdefs.h.  */
| | #include <stdio.h>
| | #ifdef HAVE_SYS_TYPES_H
| | # include <sys/types.h>
| | #endif
| | #ifdef HAVE_SYS_STAT_H
| | # include <sys/stat.h>
| | #endif
| | #ifdef STDC_HEADERS
| | # include <stdlib.h>
| | # include <stddef.h>
| | #else
| | # ifdef HAVE_STDLIB_H
| | #  include <stdlib.h>
| | # endif
| | #endif
| | #ifdef HAVE_STRING_H
| | # if !defined STDC_HEADERS && defined HAVE_MEMORY_H
| | #  include <memory.h>
| | # endif
| | # include <string.h>
| | #endif
| | #ifdef HAVE_STRINGS_H
| | # include <strings.h>
| | #endif
| | #ifdef HAVE_INTTYPES_H
| | # include <inttypes.h>
| | #endif
| | #ifdef HAVE_STDINT_H
| | # include <stdint.h>
| | #endif
| | #ifdef HAVE_UNISTD_H
| | # include <unistd.h>
| | #endif
| | 
| | #include <sys/tape.h>
| configure:7417: result: no
| configure:7417: checking for unistd.h
| configure:7417: result: yes
| configure:7417: checking for locale.h
| configure:7417: gcc -std=gnu99 -c -g -O2  conftest.c >&5
| configure:7417: $? = 0
| configure:7417: result: yes
| configure:7417: checking for features.h
| configure:7417: gcc -std=gnu99 -c -g -O2  conftest.c >&5
| configure:7417: $? = 0
| configure:7417: result: yes
| configure:7417: checking for linewrap.h
| configure:7417: gcc -std=gnu99 -c -g -O2  conftest.c >&5
| conftest.c:75:22: fatal error: linewrap.h: No such file or directory
| compilation terminated.
| configure:7417: $? = 1
| configure: failed program was:
| | /* confdefs.h */
| | #define PACKAGE_NAME "GNU tar"
| | #define PACKAGE_TARNAME "tar"
| | #define PACKAGE_VERSION "1.28"
| | #define PACKAGE_STRING "GNU tar 1.28"
| | #define PACKAGE_BUGREPORT "bug-tar@gnu.org"
| | #define PACKAGE_URL "http://www.gnu.org/software/tar/"
| | #define PACKAGE "tar"
| | #define VERSION "1.28"
| | #define STDC_HEADERS 1
| | #define HAVE_SYS_TYPES_H 1
| | #define HAVE_SYS_STAT_H 1
| | #define HAVE_STDLIB_H 1
| | #define HAVE_STRING_H 1
| | #define HAVE_MEMORY_H 1
| | #define HAVE_STRINGS_H 1
| | #define HAVE_INTTYPES_H 1
| | #define HAVE_STDINT_H 1
| | #define HAVE_UNISTD_H 1
| | #define __EXTENSIONS__ 1
| | #define _ALL_SOURCE 1
| | #define _DARWIN_C_SOURCE 1
| | #define _GNU_SOURCE 1
| | #define _POSIX_PTHREAD_SEMANTICS 1
| | #define _TANDEM_SOURCE 1
| | #define HAVE_FSEEKO 1
| | #define _DARWIN_USE_64_BIT_INODE 1
| | #define _DARWIN_USE_64_BIT_INODE 1
| | #define HAVE_FCNTL_H 1
| | #define HAVE_LINUX_FD_H 1
| | #define HAVE_MEMORY_H 1
| | #define HAVE_SGTTY_H 1
| | #define HAVE_STRING_H 1
| | #define HAVE_SYS_PARAM_H 1
| | #define HAVE_SYS_MTIO_H 1
| | #define HAVE_SYS_TIME_H 1
| | #define HAVE_UNISTD_H 1
| | #define HAVE_LOCALE_H 1
| | #define HAVE_FEATURES_H 1
| | /* end confdefs.h.  */
| | #include <stdio.h>
| | #ifdef HAVE_SYS_TYPES_H
| | # include <sys/types.h>
| | #endif
| | #ifdef HAVE_SYS_STAT_H
| | # include <sys/stat.h>
| | #endif
| | #ifdef STDC_HEADERS
| | # include <stdlib.h>
| | # include <stddef.h>
| | #else
| | # ifdef HAVE_STDLIB_H
| | #  include <stdlib.h>
| | # endif
| | #endif
| | #ifdef HAVE_STRING_H
| | # if !defined STDC_HEADERS && defined HAVE_MEMORY_H
| | #  include <memory.h>
| | # endif
| | # include <string.h>
| | #endif
| | #ifdef HAVE_STRINGS_H
| | # include <strings.h>
| | #endif
| | #ifdef HAVE_INTTYPES_H
| | # include <inttypes.h>
| | #endif
| | #ifdef HAVE_STDINT_H
| | # include <stdint.h>
| | #endif
| | #ifdef HAVE_UNISTD_H
| | # include <unistd.h>
| | #endif
| | 
| | #include <linewrap.h>
| configure:7417: result: no
| configure:7417: checking for sys/socket.h
| configure:7417: gcc -std=gnu99 -c -g -O2  conftest.c >&5
| configure:7417: $? = 0
| configure:7417: result: yes
| configure:7417: checking for dirent.h
| configure:7417: gcc -std=gnu99 -c -g -O2  conftest.c >&5
| configure:7417: $? = 0
| configure:7417: result: yes
| configure:7417: checking for wctype.h
| configure:7417: gcc -std=gnu99 -c -g -O2  conftest.c >&5
| configure:7417: $? = 0
| configure:7417: result: yes
| configure:7417: checking for stdio_ext.h
| configure:7417: gcc -std=gnu99 -c -g -O2  conftest.c >&5
| configure:7417: $? = 0
| configure:7417: result: yes
| configure:7417: checking for sys/stat.h
| configure:7417: result: yes
| configure:7417: checking for getopt.h
| configure:7417: gcc -std=gnu99 -c -g -O2  conftest.c >&5
| configure:7417: $? = 0
| configure:7417: result: yes
| configure:7417: checking for wchar.h
| configure:7417: gcc -std=gnu99 -c -g -O2  conftest.c >&5
| configure:7417: $? = 0
| configure:7417: result: yes
| configure:7417: checking for stdint.h
| configure:7417: result: yes
| configure:7417: checking for inttypes.h
| configure:7417: result: yes
| configure:7417: checking for langinfo.h
| configure:7417: gcc -std=gnu99 -c -g -O2  conftest.c >&5
| configure:7417: $? = 0
| configure:7417: result: yes
| configure:7417: checking for xlocale.h
| configure:7417: gcc -std=gnu99 -c -g -O2  conftest.c >&5
| configure:7417: $? = 0
| configure:7417: result: yes
| configure:7417: checking for sys/mman.h
| configure:7417: gcc -std=gnu99 -c -g -O2  conftest.c >&5
| configure:7417: $? = 0
| configure:7417: result: yes
| configure:7417: checking for priv.h
| configure:7417: gcc -std=gnu99 -c -g -O2  conftest.c >&5
| conftest.c:87:18: fatal error: priv.h: No such file or directory
| compilation terminated.
| configure:7417: $? = 1
| configure: failed program was:
| | /* confdefs.h */
| | #define PACKAGE_NAME "GNU tar"
| | #define PACKAGE_TARNAME "tar"
| | #define PACKAGE_VERSION "1.28"
| | #define PACKAGE_STRING "GNU tar 1.28"
| | #define PACKAGE_BUGREPORT "bug-tar@gnu.org"
| | #define PACKAGE_URL "http://www.gnu.org/software/tar/"
| | #define PACKAGE "tar"
| | #define VERSION "1.28"
| | #define STDC_HEADERS 1
| | #define HAVE_SYS_TYPES_H 1
| | #define HAVE_SYS_STAT_H 1
| | #define HAVE_STDLIB_H 1
| | #define HAVE_STRING_H 1
| | #define HAVE_MEMORY_H 1
| | #define HAVE_STRINGS_H 1
| | #define HAVE_INTTYPES_H 1
| | #define HAVE_STDINT_H 1
| | #define HAVE_UNISTD_H 1
| | #define __EXTENSIONS__ 1
| | #define _ALL_SOURCE 1
| | #define _DARWIN_C_SOURCE 1
| | #define _GNU_SOURCE 1
| | #define _POSIX_PTHREAD_SEMANTICS 1
| | #define _TANDEM_SOURCE 1
| | #define HAVE_FSEEKO 1
| | #define _DARWIN_USE_64_BIT_INODE 1
| | #define _DARWIN_USE_64_BIT_INODE 1
| | #define HAVE_FCNTL_H 1
| | #define HAVE_LINUX_FD_H 1
| | #define HAVE_MEMORY_H 1
| | #define HAVE_SGTTY_H 1
| | #define HAVE_STRING_H 1
| | #define HAVE_SYS_PARAM_H 1
| | #define HAVE_SYS_MTIO_H 1
| | #define HAVE_SYS_TIME_H 1
| | #define HAVE_UNISTD_H 1
| | #define HAVE_LOCALE_H 1
| | #define HAVE_FEATURES_H 1
| | #define HAVE_SYS_SOCKET_H 1
| | #define HAVE_DIRENT_H 1
| | #define HAVE_WCTYPE_H 1
| | #define HAVE_STDIO_EXT_H 1
| | #define HAVE_SYS_STAT_H 1
| | #define HAVE_GETOPT_H 1
| | #define HAVE_WCHAR_H 1
| | #define HAVE_STDINT_H 1
| | #define HAVE_INTTYPES_H 1
| | #define HAVE_LANGINFO_H 1
| | #define HAVE_XLOCALE_H 1
| | #define HAVE_SYS_MMAN_H 1
| | /* end confdefs.h.  */
| | #include <stdio.h>
| | #ifdef HAVE_SYS_TYPES_H
| | # include <sys/types.h>
| | #endif
| | #ifdef HAVE_SYS_STAT_H
| | # include <sys/stat.h>
| | #endif
| | #ifdef STDC_HEADERS
| | # include <stdlib.h>
| | # include <stddef.h>
| | #else
| | # ifdef HAVE_STDLIB_H
| | #  include <stdlib.h>
| | # endif
| | #endif
| | #ifdef HAVE_STRING_H
| | # if !defined STDC_HEADERS && defined HAVE_MEMORY_H
| | #  include <memory.h>
| | # endif
| | # include <string.h>
| | #endif
| | #ifdef HAVE_STRINGS_H
| | # include <strings.h>
| | #endif
| | #ifdef HAVE_INTTYPES_H
| | # include <inttypes.h>
| | #endif
| | #ifdef HAVE_STDINT_H
| | # include <stdint.h>
| | #endif
| | #ifdef HAVE_UNISTD_H
| | # include <unistd.h>
| | #endif
| | 
| | #include <priv.h>
| configure:7417: result: no
| configure:7417: checking for malloc.h
| configure:7417: gcc -std=gnu99 -c -g -O2  conftest.c >&5
| configure:7417: $? = 0
| configure:7417: result: yes
| configure:7417: checking for selinux/selinux.h
| configure:7417: gcc -std=gnu99 -c -g -O2  conftest.c >&5
| conftest.c:88:29: fatal error: selinux/selinux.h: No such file or directory
| compilation terminated.
| configure:7417: $? = 1
| configure: failed program was:
| | /* confdefs.h */
| | #define PACKAGE_NAME "GNU tar"
| | #define PACKAGE_TARNAME "tar"
| | #define PACKAGE_VERSION "1.28"
| | #define PACKAGE_STRING "GNU tar 1.28"
| | #define PACKAGE_BUGREPORT "bug-tar@gnu.org"
| | #define PACKAGE_URL "http://www.gnu.org/software/tar/"
| | #define PACKAGE "tar"
| | #define VERSION "1.28"
| | #define STDC_HEADERS 1
| | #define HAVE_SYS_TYPES_H 1
| | #define HAVE_SYS_STAT_H 1
| | #define HAVE_STDLIB_H 1
| | #define HAVE_STRING_H 1
| | #define HAVE_MEMORY_H 1
| | #define HAVE_STRINGS_H 1
| | #define HAVE_INTTYPES_H 1
| | #define HAVE_STDINT_H 1
| | #define HAVE_UNISTD_H 1
| | #define __EXTENSIONS__ 1
| | #define _ALL_SOURCE 1
| | #define _DARWIN_C_SOURCE 1
| | #define _GNU_SOURCE 1
| | #define _POSIX_PTHREAD_SEMANTICS 1
| | #define _TANDEM_SOURCE 1
| | #define HAVE_FSEEKO 1
| | #define _DARWIN_USE_64_BIT_INODE 1
| | #define _DARWIN_USE_64_BIT_INODE 1
| | #define HAVE_FCNTL_H 1
| | #define HAVE_LINUX_FD_H 1
| | #define HAVE_MEMORY_H 1
| | #define HAVE_SGTTY_H 1
| | #define HAVE_STRING_H 1
| | #define HAVE_SYS_PARAM_H 1
| | #define HAVE_SYS_MTIO_H 1
| | #define HAVE_SYS_TIME_H 1
| | #define HAVE_UNISTD_H 1
| | #define HAVE_LOCALE_H 1
| | #define HAVE_FEATURES_H 1
| | #define HAVE_SYS_SOCKET_H 1
| | #define HAVE_DIRENT_H 1
| | #define HAVE_WCTYPE_H 1
| | #define HAVE_STDIO_EXT_H 1
| | #define HAVE_SYS_STAT_H 1
| | #define HAVE_GETOPT_H 1
| | #define HAVE_WCHAR_H 1
| | #define HAVE_STDINT_H 1
| | #define HAVE_INTTYPES_H 1
| | #define HAVE_LANGINFO_H 1
| | #define HAVE_XLOCALE_H 1
| | #define HAVE_SYS_MMAN_H 1
| | #define HAVE_MALLOC_H 1
| | /* end confdefs.h.  */
| | #include <stdio.h>
| | #ifdef HAVE_SYS_TYPES_H
| | # include <sys/types.h>
| | #endif
| | #ifdef HAVE_SYS_STAT_H
| | # include <sys/stat.h>
| | #endif
| | #ifdef STDC_HEADERS
| | # include <stdlib.h>
| | # include <stddef.h>
| | #else
| | # ifdef HAVE_STDLIB_H
| | #  include <stdlib.h>
| | # endif
| | #endif
| | #ifdef HAVE_STRING_H
| | # if !defined STDC_HEADERS && defined HAVE_MEMORY_H
| | #  include <memory.h>
| | # endif
| | # include <string.h>
| | #endif
| | #ifdef HAVE_STRINGS_H
| | # include <strings.h>
| | #endif
| | #ifdef HAVE_INTTYPES_H
| | # include <inttypes.h>
| | #endif
| | #ifdef HAVE_STDINT_H
| | # include <stdint.h>
| | #endif
| | #ifdef HAVE_UNISTD_H
| | # include <unistd.h>
| | #endif
| | 
| | #include <selinux/selinux.h>
| configure:7417: result: no
| configure:7417: checking for strings.h
| configure:7417: result: yes
| configure:7417: checking for sysexits.h
| configure:7417: gcc -std=gnu99 -c -g -O2  conftest.c >&5
| configure:7417: $? = 0
| configure:7417: result: yes
| configure:7417: checking for utime.h
| configure:7417: gcc -std=gnu99 -c -g -O2  conftest.c >&5
| configure:7417: $? = 0
| configure:7417: result: yes
| configure:7417: checking for netdb.h
| configure:7417: gcc -std=gnu99 -c -g -O2  conftest.c >&5
| configure:7417: $? = 0
| configure:7417: result: yes
| configure:7417: checking for sys/wait.h
| configure:7417: gcc -std=gnu99 -c -g -O2  conftest.c >&5
| configure:7417: $? = 0
| configure:7417: result: yes
| configure:7417: checking for pwd.h
| configure:7417: gcc -std=gnu99 -c -g -O2  conftest.c >&5
| configure:7417: $? = 0
| configure:7417: result: yes
| configure:7417: checking for grp.h
| configure:7417: gcc -std=gnu99 -c -g -O2  conftest.c >&5
| configure:7417: $? = 0
| configure:7417: result: yes
| configure:7466: checking for sys/buf.h
| configure:7466: gcc -std=gnu99 -c -g -O2  conftest.c >&5
| conftest.c:65:21: fatal error: sys/buf.h: No such file or directory
| compilation terminated.
| configure:7466: $? = 1
| configure: failed program was:
| | /* confdefs.h */
| | #define PACKAGE_NAME "GNU tar"
| | #define PACKAGE_TARNAME "tar"
| | #define PACKAGE_VERSION "1.28"
| | #define PACKAGE_STRING "GNU tar 1.28"
| | #define PACKAGE_BUGREPORT "bug-tar@gnu.org"
| | #define PACKAGE_URL "http://www.gnu.org/software/tar/"
| | #define PACKAGE "tar"
| | #define VERSION "1.28"
| | #define STDC_HEADERS 1
| | #define HAVE_SYS_TYPES_H 1
| | #define HAVE_SYS_STAT_H 1
| | #define HAVE_STDLIB_H 1
| | #define HAVE_STRING_H 1
| | #define HAVE_MEMORY_H 1
| | #define HAVE_STRINGS_H 1
| | #define HAVE_INTTYPES_H 1
| | #define HAVE_STDINT_H 1
| | #define HAVE_UNISTD_H 1
| | #define __EXTENSIONS__ 1
| | #define _ALL_SOURCE 1
| | #define _DARWIN_C_SOURCE 1
| | #define _GNU_SOURCE 1
| | #define _POSIX_PTHREAD_SEMANTICS 1
| | #define _TANDEM_SOURCE 1
| | #define HAVE_FSEEKO 1
| | #define _DARWIN_USE_64_BIT_INODE 1
| | #define _DARWIN_USE_64_BIT_INODE 1
| | #define HAVE_FCNTL_H 1
| | #define HAVE_LINUX_FD_H 1
| | #define HAVE_MEMORY_H 1
| | #define HAVE_SGTTY_H 1
| | #define HAVE_STRING_H 1
| | #define HAVE_SYS_PARAM_H 1
| | #define HAVE_SYS_MTIO_H 1
| | #define HAVE_SYS_TIME_H 1
| | #define HAVE_UNISTD_H 1
| | #define HAVE_LOCALE_H 1
| | #define HAVE_FEATURES_H 1
| | #define HAVE_SYS_SOCKET_H 1
| | #define HAVE_DIRENT_H 1
| | #define HAVE_WCTYPE_H 1
| | #define HAVE_STDIO_EXT_H 1
| | #define HAVE_SYS_STAT_H 1
| | #define HAVE_GETOPT_H 1
| | #define HAVE_WCHAR_H 1
| | #define HAVE_STDINT_H 1
| | #define HAVE_INTTYPES_H 1
| | #define HAVE_LANGINFO_H 1
| | #define HAVE_XLOCALE_H 1
| | #define HAVE_SYS_MMAN_H 1
| | #define HAVE_MALLOC_H 1
| | #define HAVE_STRINGS_H 1
| | #define HAVE_SYSEXITS_H 1
| | #define HAVE_UTIME_H 1
| | #define HAVE_NETDB_H 1
| | #define HAVE_SYS_WAIT_H 1
| | #define HAVE_PWD_H 1
| | #define HAVE_GRP_H 1
| | /* end confdefs.h.  */
| | #if HAVE_SYS_PARAM_H
| | #include <sys/param.h>
| | #endif
| | 
| | #include <sys/buf.h>
| configure:7466: result: no
| configure:7480: checking whether sys/types.h defines makedev
| configure:7496: gcc -std=gnu99 -o conftest -g -O2   conftest.c  >&5
| configure:7496: $? = 0
| configure:7505: result: yes
| configure:7531: checking for st_fstype string in struct stat
| configure:7548: gcc -std=gnu99 -c -g -O2  conftest.c >&5
| conftest.c: In function 'main':
| conftest.c:66:17: error: 'struct stat' has no member named 'st_fstype'
| configure:7548: $? = 1
| configure: failed program was:
| | /* confdefs.h */
| | #define PACKAGE_NAME "GNU tar"
| | #define PACKAGE_TARNAME "tar"
| | #define PACKAGE_VERSION "1.28"
| | #define PACKAGE_STRING "GNU tar 1.28"
| | #define PACKAGE_BUGREPORT "bug-tar@gnu.org"
| | #define PACKAGE_URL "http://www.gnu.org/software/tar/"
| | #define PACKAGE "tar"
| | #define VERSION "1.28"
| | #define STDC_HEADERS 1
| | #define HAVE_SYS_TYPES_H 1
| | #define HAVE_SYS_STAT_H 1
| | #define HAVE_STDLIB_H 1
| | #define HAVE_STRING_H 1
| | #define HAVE_MEMORY_H 1
| | #define HAVE_STRINGS_H 1
| | #define HAVE_INTTYPES_H 1
| | #define HAVE_STDINT_H 1
| | #define HAVE_UNISTD_H 1
| | #define __EXTENSIONS__ 1
| | #define _ALL_SOURCE 1
| | #define _DARWIN_C_SOURCE 1
| | #define _GNU_SOURCE 1
| | #define _POSIX_PTHREAD_SEMANTICS 1
| | #define _TANDEM_SOURCE 1
| | #define HAVE_FSEEKO 1
| | #define _DARWIN_USE_64_BIT_INODE 1
| | #define _DARWIN_USE_64_BIT_INODE 1
| | #define HAVE_FCNTL_H 1
| | #define HAVE_LINUX_FD_H 1
| | #define HAVE_MEMORY_H 1
| | #define HAVE_SGTTY_H 1
| | #define HAVE_STRING_H 1
| | #define HAVE_SYS_PARAM_H 1
| | #define HAVE_SYS_MTIO_H 1
| | #define HAVE_SYS_TIME_H 1
| | #define HAVE_UNISTD_H 1
| | #define HAVE_LOCALE_H 1
| | #define HAVE_FEATURES_H 1
| | #define HAVE_SYS_SOCKET_H 1
| | #define HAVE_DIRENT_H 1
| | #define HAVE_WCTYPE_H 1
| | #define HAVE_STDIO_EXT_H 1
| | #define HAVE_SYS_STAT_H 1
| | #define HAVE_GETOPT_H 1
| | #define HAVE_WCHAR_H 1
| | #define HAVE_STDINT_H 1
| | #define HAVE_INTTYPES_H 1
| | #define HAVE_LANGINFO_H 1
| | #define HAVE_XLOCALE_H 1
| | #define HAVE_SYS_MMAN_H 1
| | #define HAVE_MALLOC_H 1
| | #define HAVE_STRINGS_H 1
| | #define HAVE_SYSEXITS_H 1
| | #define HAVE_UTIME_H 1
| | #define HAVE_NETDB_H 1
| | #define HAVE_SYS_WAIT_H 1
| | #define HAVE_PWD_H 1
| | #define HAVE_GRP_H 1
| | /* end confdefs.h.  */
| | #include <sys/types.h>
| | #include <sys/stat.h>
| | int
| | main ()
| | {
| | struct stat s; s.st_fstype[0] = 'x';
| |   ;
| |   return 0;
| | }
| configure:7556: result: no
| configure:7578: checking sys/acl.h usability
| configure:7578: gcc -std=gnu99 -c -g -O2  conftest.c >&5
| conftest.c:94:21: fatal error: sys/acl.h: No such file or directory
| compilation terminated.
| configure:7578: $? = 1
| configure: failed program was:
| | /* confdefs.h */
| | #define PACKAGE_NAME "GNU tar"
| | #define PACKAGE_TARNAME "tar"
| | #define PACKAGE_VERSION "1.28"
| | #define PACKAGE_STRING "GNU tar 1.28"
| | #define PACKAGE_BUGREPORT "bug-tar@gnu.org"
| | #define PACKAGE_URL "http://www.gnu.org/software/tar/"
| | #define PACKAGE "tar"
| | #define VERSION "1.28"
| | #define STDC_HEADERS 1
| | #define HAVE_SYS_TYPES_H 1
| | #define HAVE_SYS_STAT_H 1
| | #define HAVE_STDLIB_H 1
| | #define HAVE_STRING_H 1
| | #define HAVE_MEMORY_H 1
| | #define HAVE_STRINGS_H 1
| | #define HAVE_INTTYPES_H 1
| | #define HAVE_STDINT_H 1
| | #define HAVE_UNISTD_H 1
| | #define __EXTENSIONS__ 1
| | #define _ALL_SOURCE 1
| | #define _DARWIN_C_SOURCE 1
| | #define _GNU_SOURCE 1
| | #define _POSIX_PTHREAD_SEMANTICS 1
| | #define _TANDEM_SOURCE 1
| | #define HAVE_FSEEKO 1
| | #define _DARWIN_USE_64_BIT_INODE 1
| | #define _DARWIN_USE_64_BIT_INODE 1
| | #define HAVE_FCNTL_H 1
| | #define HAVE_LINUX_FD_H 1
| | #define HAVE_MEMORY_H 1
| | #define HAVE_SGTTY_H 1
| | #define HAVE_STRING_H 1
| | #define HAVE_SYS_PARAM_H 1
| | #define HAVE_SYS_MTIO_H 1
| | #define HAVE_SYS_TIME_H 1
| | #define HAVE_UNISTD_H 1
| | #define HAVE_LOCALE_H 1
| | #define HAVE_FEATURES_H 1
| | #define HAVE_SYS_SOCKET_H 1
| | #define HAVE_DIRENT_H 1
| | #define HAVE_WCTYPE_H 1
| | #define HAVE_STDIO_EXT_H 1
| | #define HAVE_SYS_STAT_H 1
| | #define HAVE_GETOPT_H 1
| | #define HAVE_WCHAR_H 1
| | #define HAVE_STDINT_H 1
| | #define HAVE_INTTYPES_H 1
| | #define HAVE_LANGINFO_H 1
| | #define HAVE_XLOCALE_H 1
| | #define HAVE_SYS_MMAN_H 1
| | #define HAVE_MALLOC_H 1
| | #define HAVE_STRINGS_H 1
| | #define HAVE_SYSEXITS_H 1
| | #define HAVE_UTIME_H 1
| | #define HAVE_NETDB_H 1
| | #define HAVE_SYS_WAIT_H 1
| | #define HAVE_PWD_H 1
| | #define HAVE_GRP_H 1
| | /* end confdefs.h.  */
| | #include <stdio.h>
| | #ifdef HAVE_SYS_TYPES_H
| | # include <sys/types.h>
| | #endif
| | #ifdef HAVE_SYS_STAT_H
| | # include <sys/stat.h>
| | #endif
| | #ifdef STDC_HEADERS
| | # include <stdlib.h>
| | # include <stddef.h>
| | #else
| | # ifdef HAVE_STDLIB_H
| | #  include <stdlib.h>
| | # endif
| | #endif
| | #ifdef HAVE_STRING_H
| | # if !defined STDC_HEADERS && defined HAVE_MEMORY_H
| | #  include <memory.h>
| | # endif
| | # include <string.h>
| | #endif
| | #ifdef HAVE_STRINGS_H
| | # include <strings.h>
| | #endif
| | #ifdef HAVE_INTTYPES_H
| | # include <inttypes.h>
| | #endif
| | #ifdef HAVE_STDINT_H
| | # include <stdint.h>
| | #endif
| | #ifdef HAVE_UNISTD_H
| | # include <unistd.h>
| | #endif
| | #include <sys/acl.h>
| configure:7578: result: no
| configure:7578: checking sys/acl.h presence
| configure:7578: gcc -std=gnu99 -E  conftest.c
| conftest.c:61:21: fatal error: sys/acl.h: No such file or directory
| compilation terminated.
| configure:7578: $? = 1
| configure: failed program was:
| | /* confdefs.h */
| | #define PACKAGE_NAME "GNU tar"
| | #define PACKAGE_TARNAME "tar"
| | #define PACKAGE_VERSION "1.28"
| | #define PACKAGE_STRING "GNU tar 1.28"
| | #define PACKAGE_BUGREPORT "bug-tar@gnu.org"
| | #define PACKAGE_URL "http://www.gnu.org/software/tar/"
| | #define PACKAGE "tar"
| | #define VERSION "1.28"
| | #define STDC_HEADERS 1
| | #define HAVE_SYS_TYPES_H 1
| | #define HAVE_SYS_STAT_H 1
| | #define HAVE_STDLIB_H 1
| | #define HAVE_STRING_H 1
| | #define HAVE_MEMORY_H 1
| | #define HAVE_STRINGS_H 1
| | #define HAVE_INTTYPES_H 1
| | #define HAVE_STDINT_H 1
| | #define HAVE_UNISTD_H 1
| | #define __EXTENSIONS__ 1
| | #define _ALL_SOURCE 1
| | #define _DARWIN_C_SOURCE 1
| | #define _GNU_SOURCE 1
| | #define _POSIX_PTHREAD_SEMANTICS 1
| | #define _TANDEM_SOURCE 1
| | #define HAVE_FSEEKO 1
| | #define _DARWIN_USE_64_BIT_INODE 1
| | #define _DARWIN_USE_64_BIT_INODE 1
| | #define HAVE_FCNTL_H 1
| | #define HAVE_LINUX_FD_H 1
| | #define HAVE_MEMORY_H 1
| | #define HAVE_SGTTY_H 1
| | #define HAVE_STRING_H 1
| | #define HAVE_SYS_PARAM_H 1
| | #define HAVE_SYS_MTIO_H 1
| | #define HAVE_SYS_TIME_H 1
| | #define HAVE_UNISTD_H 1
| | #define HAVE_LOCALE_H 1
| | #define HAVE_FEATURES_H 1
| | #define HAVE_SYS_SOCKET_H 1
| | #define HAVE_DIRENT_H 1
| | #define HAVE_WCTYPE_H 1
| | #define HAVE_STDIO_EXT_H 1
| | #define HAVE_SYS_STAT_H 1
| | #define HAVE_GETOPT_H 1
| | #define HAVE_WCHAR_H 1
| | #define HAVE_STDINT_H 1
| | #define HAVE_INTTYPES_H 1
| | #define HAVE_LANGINFO_H 1
| | #define HAVE_XLOCALE_H 1
| | #define HAVE_SYS_MMAN_H 1
| | #define HAVE_MALLOC_H 1
| | #define HAVE_STRINGS_H 1
| | #define HAVE_SYSEXITS_H 1
| | #define HAVE_UTIME_H 1
| | #define HAVE_NETDB_H 1
| | #define HAVE_SYS_WAIT_H 1
| | #define HAVE_PWD_H 1
| | #define HAVE_GRP_H 1
| | /* end confdefs.h.  */
| | #include <sys/acl.h>
| configure:7578: result: no
| configure:7578: checking for sys/acl.h
| configure:7578: result: no
| configure:7665: checking for mode_t
| configure:7665: gcc -std=gnu99 -c -g -O2  conftest.c >&5
| configure:7665: $? = 0
| configure:7665: gcc -std=gnu99 -c -g -O2  conftest.c >&5
| conftest.c: In function 'main':
| conftest.c:97:21: error: expected expression before ')' token
| configure:7665: $? = 1
| configure: failed program was:
| | /* confdefs.h */
| | #define PACKAGE_NAME "GNU tar"
| | #define PACKAGE_TARNAME "tar"
| | #define PACKAGE_VERSION "1.28"
| | #define PACKAGE_STRING "GNU tar 1.28"
| | #define PACKAGE_BUGREPORT "bug-tar@gnu.org"
| | #define PACKAGE_URL "http://www.gnu.org/software/tar/"
| | #define PACKAGE "tar"
| | #define VERSION "1.28"
| | #define STDC_HEADERS 1
| | #define HAVE_SYS_TYPES_H 1
| | #define HAVE_SYS_STAT_H 1
| | #define HAVE_STDLIB_H 1
| | #define HAVE_STRING_H 1
| | #define HAVE_MEMORY_H 1
| | #define HAVE_STRINGS_H 1
| | #define HAVE_INTTYPES_H 1
| | #define HAVE_STDINT_H 1
| | #define HAVE_UNISTD_H 1
| | #define __EXTENSIONS__ 1
| | #define _ALL_SOURCE 1
| | #define _DARWIN_C_SOURCE 1
| | #define _GNU_SOURCE 1
| | #define _POSIX_PTHREAD_SEMANTICS 1
| | #define _TANDEM_SOURCE 1
| | #define HAVE_FSEEKO 1
| | #define _DARWIN_USE_64_BIT_INODE 1
| | #define _DARWIN_USE_64_BIT_INODE 1
| | #define HAVE_FCNTL_H 1
| | #define HAVE_LINUX_FD_H 1
| | #define HAVE_MEMORY_H 1
| | #define HAVE_SGTTY_H 1
| | #define HAVE_STRING_H 1
| | #define HAVE_SYS_PARAM_H 1
| | #define HAVE_SYS_MTIO_H 1
| | #define HAVE_SYS_TIME_H 1
| | #define HAVE_UNISTD_H 1
| | #define HAVE_LOCALE_H 1
| | #define HAVE_FEATURES_H 1
| | #define HAVE_SYS_SOCKET_H 1
| | #define HAVE_DIRENT_H 1
| | #define HAVE_WCTYPE_H 1
| | #define HAVE_STDIO_EXT_H 1
| | #define HAVE_SYS_STAT_H 1
| | #define HAVE_GETOPT_H 1
| | #define HAVE_WCHAR_H 1
| | #define HAVE_STDINT_H 1
| | #define HAVE_INTTYPES_H 1
| | #define HAVE_LANGINFO_H 1
| | #define HAVE_XLOCALE_H 1
| | #define HAVE_SYS_MMAN_H 1
| | #define HAVE_MALLOC_H 1
| | #define HAVE_STRINGS_H 1
| | #define HAVE_SYSEXITS_H 1
| | #define HAVE_UTIME_H 1
| | #define HAVE_NETDB_H 1
| | #define HAVE_SYS_WAIT_H 1
| | #define HAVE_PWD_H 1
| | #define HAVE_GRP_H 1
| | /* end confdefs.h.  */
| | #include <stdio.h>
| | #ifdef HAVE_SYS_TYPES_H
| | # include <sys/types.h>
| | #endif
| | #ifdef HAVE_SYS_STAT_H
| | # include <sys/stat.h>
| | #endif
| | #ifdef STDC_HEADERS
| | # include <stdlib.h>
| | # include <stddef.h>
| | #else
| | # ifdef HAVE_STDLIB_H
| | #  include <stdlib.h>
| | # endif
| | #endif
| | #ifdef HAVE_STRING_H
| | # if !defined STDC_HEADERS && defined HAVE_MEMORY_H
| | #  include <memory.h>
| | # endif
| | # include <string.h>
| | #endif
| | #ifdef HAVE_STRINGS_H
| | # include <strings.h>
| | #endif
| | #ifdef HAVE_INTTYPES_H
| | # include <inttypes.h>
| | #endif
| | #ifdef HAVE_STDINT_H
| | # include <stdint.h>
| | #endif
| | #ifdef HAVE_UNISTD_H
| | # include <unistd.h>
| | #endif
| | int
| | main ()
| | {
| | if (sizeof ((mode_t)))
| | 	    return 0;
| |   ;
| |   return 0;
| | }
| configure:7665: result: yes
| configure:7676: checking for pid_t
| configure:7676: gcc -std=gnu99 -c -g -O2  conftest.c >&5
| configure:7676: $? = 0
| configure:7676: gcc -std=gnu99 -c -g -O2  conftest.c >&5
| conftest.c: In function 'main':
| conftest.c:97:20: error: expected expression before ')' token
| configure:7676: $? = 1
| configure: failed program was:
| | /* confdefs.h */
| | #define PACKAGE_NAME "GNU tar"
| | #define PACKAGE_TARNAME "tar"
| | #define PACKAGE_VERSION "1.28"
| | #define PACKAGE_STRING "GNU tar 1.28"
| | #define PACKAGE_BUGREPORT "bug-tar@gnu.org"
| | #define PACKAGE_URL "http://www.gnu.org/software/tar/"
| | #define PACKAGE "tar"
| | #define VERSION "1.28"
| | #define STDC_HEADERS 1
| | #define HAVE_SYS_TYPES_H 1
| | #define HAVE_SYS_STAT_H 1
| | #define HAVE_STDLIB_H 1
| | #define HAVE_STRING_H 1
| | #define HAVE_MEMORY_H 1
| | #define HAVE_STRINGS_H 1
| | #define HAVE_INTTYPES_H 1
| | #define HAVE_STDINT_H 1
| | #define HAVE_UNISTD_H 1
| | #define __EXTENSIONS__ 1
| | #define _ALL_SOURCE 1
| | #define _DARWIN_C_SOURCE 1
| | #define _GNU_SOURCE 1
| | #define _POSIX_PTHREAD_SEMANTICS 1
| | #define _TANDEM_SOURCE 1
| | #define HAVE_FSEEKO 1
| | #define _DARWIN_USE_64_BIT_INODE 1
| | #define _DARWIN_USE_64_BIT_INODE 1
| | #define HAVE_FCNTL_H 1
| | #define HAVE_LINUX_FD_H 1
| | #define HAVE_MEMORY_H 1
| | #define HAVE_SGTTY_H 1
| | #define HAVE_STRING_H 1
| | #define HAVE_SYS_PARAM_H 1
| | #define HAVE_SYS_MTIO_H 1
| | #define HAVE_SYS_TIME_H 1
| | #define HAVE_UNISTD_H 1
| | #define HAVE_LOCALE_H 1
| | #define HAVE_FEATURES_H 1
| | #define HAVE_SYS_SOCKET_H 1
| | #define HAVE_DIRENT_H 1
| | #define HAVE_WCTYPE_H 1
| | #define HAVE_STDIO_EXT_H 1
| | #define HAVE_SYS_STAT_H 1
| | #define HAVE_GETOPT_H 1
| | #define HAVE_WCHAR_H 1
| | #define HAVE_STDINT_H 1
| | #define HAVE_INTTYPES_H 1
| | #define HAVE_LANGINFO_H 1
| | #define HAVE_XLOCALE_H 1
| | #define HAVE_SYS_MMAN_H 1
| | #define HAVE_MALLOC_H 1
| | #define HAVE_STRINGS_H 1
| | #define HAVE_SYSEXITS_H 1
| | #define HAVE_UTIME_H 1
| | #define HAVE_NETDB_H 1
| | #define HAVE_SYS_WAIT_H 1
| | #define HAVE_PWD_H 1
| | #define HAVE_GRP_H 1
| | /* end confdefs.h.  */
| | #include <stdio.h>
| | #ifdef HAVE_SYS_TYPES_H
| | # include <sys/types.h>
| | #endif
| | #ifdef HAVE_SYS_STAT_H
| | # include <sys/stat.h>
| | #endif
| | #ifdef STDC_HEADERS
| | # include <stdlib.h>
| | # include <stddef.h>
| | #else
| | # ifdef HAVE_STDLIB_H
| | #  include <stdlib.h>
| | # endif
| | #endif
| | #ifdef HAVE_STRING_H
| | # if !defined STDC_HEADERS && defined HAVE_MEMORY_H
| | #  include <memory.h>
| | # endif
| | # include <string.h>
| | #endif
| | #ifdef HAVE_STRINGS_H
| | # include <strings.h>
| | #endif
| | #ifdef HAVE_INTTYPES_H
| | # include <inttypes.h>
| | #endif
| | #ifdef HAVE_STDINT_H
| | # include <stdint.h>
| | #endif
| | #ifdef HAVE_UNISTD_H
| | # include <unistd.h>
| | #endif
| | int
| | main ()
| | {
| | if (sizeof ((pid_t)))
| | 	    return 0;
| |   ;
| |   return 0;
| | }
| configure:7676: result: yes
| configure:7687: checking for off_t
| configure:7687: gcc -std=gnu99 -c -g -O2  conftest.c >&5
| configure:7687: $? = 0
| configure:7687: gcc -std=gnu99 -c -g -O2  conftest.c >&5
| conftest.c: In function 'main':
| conftest.c:97:20: error: expected expression before ')' token
| configure:7687: $? = 1
| configure: failed program was:
| | /* confdefs.h */
| | #define PACKAGE_NAME "GNU tar"
| | #define PACKAGE_TARNAME "tar"
| | #define PACKAGE_VERSION "1.28"
| | #define PACKAGE_STRING "GNU tar 1.28"
| | #define PACKAGE_BUGREPORT "bug-tar@gnu.org"
| | #define PACKAGE_URL "http://www.gnu.org/software/tar/"
| | #define PACKAGE "tar"
| | #define VERSION "1.28"
| | #define STDC_HEADERS 1
| | #define HAVE_SYS_TYPES_H 1
| | #define HAVE_SYS_STAT_H 1
| | #define HAVE_STDLIB_H 1
| | #define HAVE_STRING_H 1
| | #define HAVE_MEMORY_H 1
| | #define HAVE_STRINGS_H 1
| | #define HAVE_INTTYPES_H 1
| | #define HAVE_STDINT_H 1
| | #define HAVE_UNISTD_H 1
| | #define __EXTENSIONS__ 1
| | #define _ALL_SOURCE 1
| | #define _DARWIN_C_SOURCE 1
| | #define _GNU_SOURCE 1
| | #define _POSIX_PTHREAD_SEMANTICS 1
| | #define _TANDEM_SOURCE 1
| | #define HAVE_FSEEKO 1
| | #define _DARWIN_USE_64_BIT_INODE 1
| | #define _DARWIN_USE_64_BIT_INODE 1
| | #define HAVE_FCNTL_H 1
| | #define HAVE_LINUX_FD_H 1
| | #define HAVE_MEMORY_H 1
| | #define HAVE_SGTTY_H 1
| | #define HAVE_STRING_H 1
| | #define HAVE_SYS_PARAM_H 1
| | #define HAVE_SYS_MTIO_H 1
| | #define HAVE_SYS_TIME_H 1
| | #define HAVE_UNISTD_H 1
| | #define HAVE_LOCALE_H 1
| | #define HAVE_FEATURES_H 1
| | #define HAVE_SYS_SOCKET_H 1
| | #define HAVE_DIRENT_H 1
| | #define HAVE_WCTYPE_H 1
| | #define HAVE_STDIO_EXT_H 1
| | #define HAVE_SYS_STAT_H 1
| | #define HAVE_GETOPT_H 1
| | #define HAVE_WCHAR_H 1
| | #define HAVE_STDINT_H 1
| | #define HAVE_INTTYPES_H 1
| | #define HAVE_LANGINFO_H 1
| | #define HAVE_XLOCALE_H 1
| | #define HAVE_SYS_MMAN_H 1
| | #define HAVE_MALLOC_H 1
| | #define HAVE_STRINGS_H 1
| | #define HAVE_SYSEXITS_H 1
| | #define HAVE_UTIME_H 1
| | #define HAVE_NETDB_H 1
| | #define HAVE_SYS_WAIT_H 1
| | #define HAVE_PWD_H 1
| | #define HAVE_GRP_H 1
| | /* end confdefs.h.  */
| | #include <stdio.h>
| | #ifdef HAVE_SYS_TYPES_H
| | # include <sys/types.h>
| | #endif
| | #ifdef HAVE_SYS_STAT_H
| | # include <sys/stat.h>
| | #endif
| | #ifdef STDC_HEADERS
| | # include <stdlib.h>
| | # include <stddef.h>
| | #else
| | # ifdef HAVE_STDLIB_H
| | #  include <stdlib.h>
| | # endif
| | #endif
| | #ifdef HAVE_STRING_H
| | # if !defined STDC_HEADERS && defined HAVE_MEMORY_H
| | #  include <memory.h>
| | # endif
| | # include <string.h>
| | #endif
| | #ifdef HAVE_STRINGS_H
| | # include <strings.h>
| | #endif
| | #ifdef HAVE_INTTYPES_H
| | # include <inttypes.h>
| | #endif
| | #ifdef HAVE_STDINT_H
| | # include <stdint.h>
| | #endif
| | #ifdef HAVE_UNISTD_H
| | # include <unistd.h>
| | #endif
| | int
| | main ()
| | {
| | if (sizeof ((off_t)))
| | 	    return 0;
| |   ;
| |   return 0;
| | }
| configure:7687: result: yes
| configure:7698: checking for uid_t in sys/types.h
| configure:7717: result: yes
| configure:7728: checking for major_t
| configure:7728: gcc -std=gnu99 -c -g -O2  conftest.c >&5
| conftest.c: In function 'main':
| conftest.c:97:13: error: 'major_t' undeclared (first use in this function)
| conftest.c:97:13: note: each undeclared identifier is reported only once for each function it appears in
| configure:7728: $? = 1
| configure: failed program was:
| | /* confdefs.h */
| | #define PACKAGE_NAME "GNU tar"
| | #define PACKAGE_TARNAME "tar"
| | #define PACKAGE_VERSION "1.28"
| | #define PACKAGE_STRING "GNU tar 1.28"
| | #define PACKAGE_BUGREPORT "bug-tar@gnu.org"
| | #define PACKAGE_URL "http://www.gnu.org/software/tar/"
| | #define PACKAGE "tar"
| | #define VERSION "1.28"
| | #define STDC_HEADERS 1
| | #define HAVE_SYS_TYPES_H 1
| | #define HAVE_SYS_STAT_H 1
| | #define HAVE_STDLIB_H 1
| | #define HAVE_STRING_H 1
| | #define HAVE_MEMORY_H 1
| | #define HAVE_STRINGS_H 1
| | #define HAVE_INTTYPES_H 1
| | #define HAVE_STDINT_H 1
| | #define HAVE_UNISTD_H 1
| | #define __EXTENSIONS__ 1
| | #define _ALL_SOURCE 1
| | #define _DARWIN_C_SOURCE 1
| | #define _GNU_SOURCE 1
| | #define _POSIX_PTHREAD_SEMANTICS 1
| | #define _TANDEM_SOURCE 1
| | #define HAVE_FSEEKO 1
| | #define _DARWIN_USE_64_BIT_INODE 1
| | #define _DARWIN_USE_64_BIT_INODE 1
| | #define HAVE_FCNTL_H 1
| | #define HAVE_LINUX_FD_H 1
| | #define HAVE_MEMORY_H 1
| | #define HAVE_SGTTY_H 1
| | #define HAVE_STRING_H 1
| | #define HAVE_SYS_PARAM_H 1
| | #define HAVE_SYS_MTIO_H 1
| | #define HAVE_SYS_TIME_H 1
| | #define HAVE_UNISTD_H 1
| | #define HAVE_LOCALE_H 1
| | #define HAVE_FEATURES_H 1
| | #define HAVE_SYS_SOCKET_H 1
| | #define HAVE_DIRENT_H 1
| | #define HAVE_WCTYPE_H 1
| | #define HAVE_STDIO_EXT_H 1
| | #define HAVE_SYS_STAT_H 1
| | #define HAVE_GETOPT_H 1
| | #define HAVE_WCHAR_H 1
| | #define HAVE_STDINT_H 1
| | #define HAVE_INTTYPES_H 1
| | #define HAVE_LANGINFO_H 1
| | #define HAVE_XLOCALE_H 1
| | #define HAVE_SYS_MMAN_H 1
| | #define HAVE_MALLOC_H 1
| | #define HAVE_STRINGS_H 1
| | #define HAVE_SYSEXITS_H 1
| | #define HAVE_UTIME_H 1
| | #define HAVE_NETDB_H 1
| | #define HAVE_SYS_WAIT_H 1
| | #define HAVE_PWD_H 1
| | #define HAVE_GRP_H 1
| | /* end confdefs.h.  */
| | #include <stdio.h>
| | #ifdef HAVE_SYS_TYPES_H
| | # include <sys/types.h>
| | #endif
| | #ifdef HAVE_SYS_STAT_H
| | # include <sys/stat.h>
| | #endif
| | #ifdef STDC_HEADERS
| | # include <stdlib.h>
| | # include <stddef.h>
| | #else
| | # ifdef HAVE_STDLIB_H
| | #  include <stdlib.h>
| | # endif
| | #endif
| | #ifdef HAVE_STRING_H
| | # if !defined STDC_HEADERS && defined HAVE_MEMORY_H
| | #  include <memory.h>
| | # endif
| | # include <string.h>
| | #endif
| | #ifdef HAVE_STRINGS_H
| | # include <strings.h>
| | #endif
| | #ifdef HAVE_INTTYPES_H
| | # include <inttypes.h>
| | #endif
| | #ifdef HAVE_STDINT_H
| | # include <stdint.h>
| | #endif
| | #ifdef HAVE_UNISTD_H
| | # include <unistd.h>
| | #endif
| | int
| | main ()
| | {
| | if (sizeof (major_t))
| | 	 return 0;
| |   ;
| |   return 0;
| | }
| configure:7728: result: no
| configure:7737: checking for minor_t
| configure:7737: gcc -std=gnu99 -c -g -O2  conftest.c >&5
| conftest.c: In function 'main':
| conftest.c:98:13: error: 'minor_t' undeclared (first use in this function)
| conftest.c:98:13: note: each undeclared identifier is reported only once for each function it appears in
| configure:7737: $? = 1
| configure: failed program was:
| | /* confdefs.h */
| | #define PACKAGE_NAME "GNU tar"
| | #define PACKAGE_TARNAME "tar"
| | #define PACKAGE_VERSION "1.28"
| | #define PACKAGE_STRING "GNU tar 1.28"
| | #define PACKAGE_BUGREPORT "bug-tar@gnu.org"
| | #define PACKAGE_URL "http://www.gnu.org/software/tar/"
| | #define PACKAGE "tar"
| | #define VERSION "1.28"
| | #define STDC_HEADERS 1
| | #define HAVE_SYS_TYPES_H 1
| | #define HAVE_SYS_STAT_H 1
| | #define HAVE_STDLIB_H 1
| | #define HAVE_STRING_H 1
| | #define HAVE_MEMORY_H 1
| | #define HAVE_STRINGS_H 1
| | #define HAVE_INTTYPES_H 1
| | #define HAVE_STDINT_H 1
| | #define HAVE_UNISTD_H 1
| | #define __EXTENSIONS__ 1
| | #define _ALL_SOURCE 1
| | #define _DARWIN_C_SOURCE 1
| | #define _GNU_SOURCE 1
| | #define _POSIX_PTHREAD_SEMANTICS 1
| | #define _TANDEM_SOURCE 1
| | #define HAVE_FSEEKO 1
| | #define _DARWIN_USE_64_BIT_INODE 1
| | #define _DARWIN_USE_64_BIT_INODE 1
| | #define HAVE_FCNTL_H 1
| | #define HAVE_LINUX_FD_H 1
| | #define HAVE_MEMORY_H 1
| | #define HAVE_SGTTY_H 1
| | #define HAVE_STRING_H 1
| | #define HAVE_SYS_PARAM_H 1
| | #define HAVE_SYS_MTIO_H 1
| | #define HAVE_SYS_TIME_H 1
| | #define HAVE_UNISTD_H 1
| | #define HAVE_LOCALE_H 1
| | #define HAVE_FEATURES_H 1
| | #define HAVE_SYS_SOCKET_H 1
| | #define HAVE_DIRENT_H 1
| | #define HAVE_WCTYPE_H 1
| | #define HAVE_STDIO_EXT_H 1
| | #define HAVE_SYS_STAT_H 1
| | #define HAVE_GETOPT_H 1
| | #define HAVE_WCHAR_H 1
| | #define HAVE_STDINT_H 1
| | #define HAVE_INTTYPES_H 1
| | #define HAVE_LANGINFO_H 1
| | #define HAVE_XLOCALE_H 1
| | #define HAVE_SYS_MMAN_H 1
| | #define HAVE_MALLOC_H 1
| | #define HAVE_STRINGS_H 1
| | #define HAVE_SYSEXITS_H 1
| | #define HAVE_UTIME_H 1
| | #define HAVE_NETDB_H 1
| | #define HAVE_SYS_WAIT_H 1
| | #define HAVE_PWD_H 1
| | #define HAVE_GRP_H 1
| | #define major_t int
| | /* end confdefs.h.  */
| | #include <stdio.h>
| | #ifdef HAVE_SYS_TYPES_H
| | # include <sys/types.h>
| | #endif
| | #ifdef HAVE_SYS_STAT_H
| | # include <sys/stat.h>
| | #endif
| | #ifdef STDC_HEADERS
| | # include <stdlib.h>
| | # include <stddef.h>
| | #else
| | # ifdef HAVE_STDLIB_H
| | #  include <stdlib.h>
| | # endif
| | #endif
| | #ifdef HAVE_STRING_H
| | # if !defined STDC_HEADERS && defined HAVE_MEMORY_H
| | #  include <memory.h>
| | # endif
| | # include <string.h>
| | #endif
| | #ifdef HAVE_STRINGS_H
| | # include <strings.h>
| | #endif
| | #ifdef HAVE_INTTYPES_H
| | # include <inttypes.h>
| | #endif
| | #ifdef HAVE_STDINT_H
| | # include <stdint.h>
| | #endif
| | #ifdef HAVE_UNISTD_H
| | # include <unistd.h>
| | #endif
| | int
| | main ()
| | {
| | if (sizeof (minor_t))
| | 	 return 0;
| |   ;
| |   return 0;
| | }
| configure:7737: result: no
| configure:7746: checking for dev_t
| configure:7746: gcc -std=gnu99 -c -g -O2  conftest.c >&5
| configure:7746: $? = 0
| configure:7746: gcc -std=gnu99 -c -g -O2  conftest.c >&5
| conftest.c: In function 'main':
| conftest.c:99:20: error: expected expression before ')' token
| configure:7746: $? = 1
| configure: failed program was:
| | /* confdefs.h */
| | #define PACKAGE_NAME "GNU tar"
| | #define PACKAGE_TARNAME "tar"
| | #define PACKAGE_VERSION "1.28"
| | #define PACKAGE_STRING "GNU tar 1.28"
| | #define PACKAGE_BUGREPORT "bug-tar@gnu.org"
| | #define PACKAGE_URL "http://www.gnu.org/software/tar/"
| | #define PACKAGE "tar"
| | #define VERSION "1.28"
| | #define STDC_HEADERS 1
| | #define HAVE_SYS_TYPES_H 1
| | #define HAVE_SYS_STAT_H 1
| | #define HAVE_STDLIB_H 1
| | #define HAVE_STRING_H 1
| | #define HAVE_MEMORY_H 1
| | #define HAVE_STRINGS_H 1
| | #define HAVE_INTTYPES_H 1
| | #define HAVE_STDINT_H 1
| | #define HAVE_UNISTD_H 1
| | #define __EXTENSIONS__ 1
| | #define _ALL_SOURCE 1
| | #define _DARWIN_C_SOURCE 1
| | #define _GNU_SOURCE 1
| | #define _POSIX_PTHREAD_SEMANTICS 1
| | #define _TANDEM_SOURCE 1
| | #define HAVE_FSEEKO 1
| | #define _DARWIN_USE_64_BIT_INODE 1
| | #define _DARWIN_USE_64_BIT_INODE 1
| | #define HAVE_FCNTL_H 1
| | #define HAVE_LINUX_FD_H 1
| | #define HAVE_MEMORY_H 1
| | #define HAVE_SGTTY_H 1
| | #define HAVE_STRING_H 1
| | #define HAVE_SYS_PARAM_H 1
| | #define HAVE_SYS_MTIO_H 1
| | #define HAVE_SYS_TIME_H 1
| | #define HAVE_UNISTD_H 1
| | #define HAVE_LOCALE_H 1
| | #define HAVE_FEATURES_H 1
| | #define HAVE_SYS_SOCKET_H 1
| | #define HAVE_DIRENT_H 1
| | #define HAVE_WCTYPE_H 1
| | #define HAVE_STDIO_EXT_H 1
| | #define HAVE_SYS_STAT_H 1
| | #define HAVE_GETOPT_H 1
| | #define HAVE_WCHAR_H 1
| | #define HAVE_STDINT_H 1
| | #define HAVE_INTTYPES_H 1
| | #define HAVE_LANGINFO_H 1
| | #define HAVE_XLOCALE_H 1
| | #define HAVE_SYS_MMAN_H 1
| | #define HAVE_MALLOC_H 1
| | #define HAVE_STRINGS_H 1
| | #define HAVE_SYSEXITS_H 1
| | #define HAVE_UTIME_H 1
| | #define HAVE_NETDB_H 1
| | #define HAVE_SYS_WAIT_H 1
| | #define HAVE_PWD_H 1
| | #define HAVE_GRP_H 1
| | #define major_t int
| | #define minor_t int
| | /* end confdefs.h.  */
| | #include <stdio.h>
| | #ifdef HAVE_SYS_TYPES_H
| | # include <sys/types.h>
| | #endif
| | #ifdef HAVE_SYS_STAT_H
| | # include <sys/stat.h>
| | #endif
| | #ifdef STDC_HEADERS
| | # include <stdlib.h>
| | # include <stddef.h>
| | #else
| | # ifdef HAVE_STDLIB_H
| | #  include <stdlib.h>
| | # endif
| | #endif
| | #ifdef HAVE_STRING_H
| | # if !defined STDC_HEADERS && defined HAVE_MEMORY_H
| | #  include <memory.h>
| | # endif
| | # include <string.h>
| | #endif
| | #ifdef HAVE_STRINGS_H
| | # include <strings.h>
| | #endif
| | #ifdef HAVE_INTTYPES_H
| | # include <inttypes.h>
| | #endif
| | #ifdef HAVE_STDINT_H
| | # include <stdint.h>
| | #endif
| | #ifdef HAVE_UNISTD_H
| | # include <unistd.h>
| | #endif
| | int
| | main ()
| | {
| | if (sizeof ((dev_t)))
| | 	    return 0;
| |   ;
| |   return 0;
| | }
| configure:7746: result: yes
| configure:7757: checking for ino_t
| configure:7757: gcc -std=gnu99 -c -g -O2  conftest.c >&5
| configure:7757: $? = 0
| configure:7757: gcc -std=gnu99 -c -g -O2  conftest.c >&5
| conftest.c: In function 'main':
| conftest.c:99:20: error: expected expression before ')' token
| configure:7757: $? = 1
| configure: failed program was:
| | /* confdefs.h */
| | #define PACKAGE_NAME "GNU tar"
| | #define PACKAGE_TARNAME "tar"
| | #define PACKAGE_VERSION "1.28"
| | #define PACKAGE_STRING "GNU tar 1.28"
| | #define PACKAGE_BUGREPORT "bug-tar@gnu.org"
| | #define PACKAGE_URL "http://www.gnu.org/software/tar/"
| | #define PACKAGE "tar"
| | #define VERSION "1.28"
| | #define STDC_HEADERS 1
| | #define HAVE_SYS_TYPES_H 1
| | #define HAVE_SYS_STAT_H 1
| | #define HAVE_STDLIB_H 1
| | #define HAVE_STRING_H 1
| | #define HAVE_MEMORY_H 1
| | #define HAVE_STRINGS_H 1
| | #define HAVE_INTTYPES_H 1
| | #define HAVE_STDINT_H 1
| | #define HAVE_UNISTD_H 1
| | #define __EXTENSIONS__ 1
| | #define _ALL_SOURCE 1
| | #define _DARWIN_C_SOURCE 1
| | #define _GNU_SOURCE 1
| | #define _POSIX_PTHREAD_SEMANTICS 1
| | #define _TANDEM_SOURCE 1
| | #define HAVE_FSEEKO 1
| | #define _DARWIN_USE_64_BIT_INODE 1
| | #define _DARWIN_USE_64_BIT_INODE 1
| | #define HAVE_FCNTL_H 1
| | #define HAVE_LINUX_FD_H 1
| | #define HAVE_MEMORY_H 1
| | #define HAVE_SGTTY_H 1
| | #define HAVE_STRING_H 1
| | #define HAVE_SYS_PARAM_H 1
| | #define HAVE_SYS_MTIO_H 1
| | #define HAVE_SYS_TIME_H 1
| | #define HAVE_UNISTD_H 1
| | #define HAVE_LOCALE_H 1
| | #define HAVE_FEATURES_H 1
| | #define HAVE_SYS_SOCKET_H 1
| | #define HAVE_DIRENT_H 1
| | #define HAVE_WCTYPE_H 1
| | #define HAVE_STDIO_EXT_H 1
| | #define HAVE_SYS_STAT_H 1
| | #define HAVE_GETOPT_H 1
| | #define HAVE_WCHAR_H 1
| | #define HAVE_STDINT_H 1
| | #define HAVE_INTTYPES_H 1
| | #define HAVE_LANGINFO_H 1
| | #define HAVE_XLOCALE_H 1
| | #define HAVE_SYS_MMAN_H 1
| | #define HAVE_MALLOC_H 1
| | #define HAVE_STRINGS_H 1
| | #define HAVE_SYSEXITS_H 1
| | #define HAVE_UTIME_H 1
| | #define HAVE_NETDB_H 1
| | #define HAVE_SYS_WAIT_H 1
| | #define HAVE_PWD_H 1
| | #define HAVE_GRP_H 1
| | #define major_t int
| | #define minor_t int
| | /* end confdefs.h.  */
| | #include <stdio.h>
| | #ifdef HAVE_SYS_TYPES_H
| | # include <sys/types.h>
| | #endif
| | #ifdef HAVE_SYS_STAT_H
| | # include <sys/stat.h>
| | #endif
| | #ifdef STDC_HEADERS
| | # include <stdlib.h>
| | # include <stddef.h>
| | #else
| | # ifdef HAVE_STDLIB_H
| | #  include <stdlib.h>
| | # endif
| | #endif
| | #ifdef HAVE_STRING_H
| | # if !defined STDC_HEADERS && defined HAVE_MEMORY_H
| | #  include <memory.h>
| | # endif
| | # include <string.h>
| | #endif
| | #ifdef HAVE_STRINGS_H
| | # include <strings.h>
| | #endif
| | #ifdef HAVE_INTTYPES_H
| | # include <inttypes.h>
| | #endif
| | #ifdef HAVE_STDINT_H
| | # include <stdint.h>
| | #endif
| | #ifdef HAVE_UNISTD_H
| | # include <unistd.h>
| | #endif
| | int
| | main ()
| | {
| | if (sizeof ((ino_t)))
| | 	    return 0;
| |   ;
| |   return 0;
| | }
| configure:7757: result: yes
| configure:7770: checking for ssize_t
| configure:7787: gcc -std=gnu99 -c -g -O2  conftest.c >&5
| configure:7787: $? = 0
| configure:7794: result: yes
| configure:7812: checking for size_t
| configure:7812: gcc -std=gnu99 -c -g -O2  conftest.c >&5
| configure:7812: $? = 0
| configure:7812: gcc -std=gnu99 -c -g -O2  conftest.c >&5
| conftest.c: In function 'main':
| conftest.c:99:21: error: expected expression before ')' token
| configure:7812: $? = 1
| configure: failed program was:
| | /* confdefs.h */
| | #define PACKAGE_NAME "GNU tar"
| | #define PACKAGE_TARNAME "tar"
| | #define PACKAGE_VERSION "1.28"
| | #define PACKAGE_STRING "GNU tar 1.28"
| | #define PACKAGE_BUGREPORT "bug-tar@gnu.org"
| | #define PACKAGE_URL "http://www.gnu.org/software/tar/"
| | #define PACKAGE "tar"
| | #define VERSION "1.28"
| | #define STDC_HEADERS 1
| | #define HAVE_SYS_TYPES_H 1
| | #define HAVE_SYS_STAT_H 1
| | #define HAVE_STDLIB_H 1
| | #define HAVE_STRING_H 1
| | #define HAVE_MEMORY_H 1
| | #define HAVE_STRINGS_H 1
| | #define HAVE_INTTYPES_H 1
| | #define HAVE_STDINT_H 1
| | #define HAVE_UNISTD_H 1
| | #define __EXTENSIONS__ 1
| | #define _ALL_SOURCE 1
| | #define _DARWIN_C_SOURCE 1
| | #define _GNU_SOURCE 1
| | #define _POSIX_PTHREAD_SEMANTICS 1
| | #define _TANDEM_SOURCE 1
| | #define HAVE_FSEEKO 1
| | #define _DARWIN_USE_64_BIT_INODE 1
| | #define _DARWIN_USE_64_BIT_INODE 1
| | #define HAVE_FCNTL_H 1
| | #define HAVE_LINUX_FD_H 1
| | #define HAVE_MEMORY_H 1
| | #define HAVE_SGTTY_H 1
| | #define HAVE_STRING_H 1
| | #define HAVE_SYS_PARAM_H 1
| | #define HAVE_SYS_MTIO_H 1
| | #define HAVE_SYS_TIME_H 1
| | #define HAVE_UNISTD_H 1
| | #define HAVE_LOCALE_H 1
| | #define HAVE_FEATURES_H 1
| | #define HAVE_SYS_SOCKET_H 1
| | #define HAVE_DIRENT_H 1
| | #define HAVE_WCTYPE_H 1
| | #define HAVE_STDIO_EXT_H 1
| | #define HAVE_SYS_STAT_H 1
| | #define HAVE_GETOPT_H 1
| | #define HAVE_WCHAR_H 1
| | #define HAVE_STDINT_H 1
| | #define HAVE_INTTYPES_H 1
| | #define HAVE_LANGINFO_H 1
| | #define HAVE_XLOCALE_H 1
| | #define HAVE_SYS_MMAN_H 1
| | #define HAVE_MALLOC_H 1
| | #define HAVE_STRINGS_H 1
| | #define HAVE_SYSEXITS_H 1
| | #define HAVE_UTIME_H 1
| | #define HAVE_NETDB_H 1
| | #define HAVE_SYS_WAIT_H 1
| | #define HAVE_PWD_H 1
| | #define HAVE_GRP_H 1
| | #define major_t int
| | #define minor_t int
| | /* end confdefs.h.  */
| | #include <stdio.h>
| | #ifdef HAVE_SYS_TYPES_H
| | # include <sys/types.h>
| | #endif
| | #ifdef HAVE_SYS_STAT_H
| | # include <sys/stat.h>
| | #endif
| | #ifdef STDC_HEADERS
| | # include <stdlib.h>
| | # include <stddef.h>
| | #else
| | # ifdef HAVE_STDLIB_H
| | #  include <stdlib.h>
| | # endif
| | #endif
| | #ifdef HAVE_STRING_H
| | # if !defined STDC_HEADERS && defined HAVE_MEMORY_H
| | #  include <memory.h>
| | # endif
| | # include <string.h>
| | #endif
| | #ifdef HAVE_STRINGS_H
| | # include <strings.h>
| | #endif
| | #ifdef HAVE_INTTYPES_H
| | # include <inttypes.h>
| | #endif
| | #ifdef HAVE_STDINT_H
| | # include <stdint.h>
| | #endif
| | #ifdef HAVE_UNISTD_H
| | # include <unistd.h>
| | #endif
| | int
| | main ()
| | {
| | if (sizeof ((size_t)))
| | 	    return 0;
| |   ;
| |   return 0;
| | }
| configure:7812: result: yes
| configure:7825: checking for working alloca.h
| configure:7842: gcc -std=gnu99 -o conftest -g -O2   conftest.c  >&5
| configure:7842: $? = 0
| configure:7850: result: yes
| configure:7858: checking for alloca
| configure:7895: gcc -std=gnu99 -o conftest -g -O2   conftest.c  >&5
| configure:7895: $? = 0
| configure:7903: result: yes
| configure:8013: checking for C/C++ restrict keyword
| configure:8038: gcc -std=gnu99 -c -g -O2  conftest.c >&5
| configure:8038: $? = 0
| configure:8046: result: __restrict
| configure:8059: checking whether clearerr_unlocked is declared
| configure:8059: gcc -std=gnu99 -c -g -O2  conftest.c >&5
| configure:8059: $? = 0
| configure:8059: result: yes
| configure:8070: checking whether feof_unlocked is declared
| configure:8070: gcc -std=gnu99 -c -g -O2  conftest.c >&5
| configure:8070: $? = 0
| configure:8070: result: yes
| configure:8081: checking whether ferror_unlocked is declared
| configure:8081: gcc -std=gnu99 -c -g -O2  conftest.c >&5
| configure:8081: $? = 0
| configure:8081: result: yes
| configure:8092: checking whether fflush_unlocked is declared
| configure:8092: gcc -std=gnu99 -c -g -O2  conftest.c >&5
| configure:8092: $? = 0
| configure:8092: result: yes
| configure:8103: checking whether fgets_unlocked is declared
| configure:8103: gcc -std=gnu99 -c -g -O2  conftest.c >&5
| configure:8103: $? = 0
| configure:8103: result: yes
| configure:8114: checking whether fputc_unlocked is declared
| configure:8114: gcc -std=gnu99 -c -g -O2  conftest.c >&5
| configure:8114: $? = 0
| configure:8114: result: yes
| configure:8125: checking whether fputs_unlocked is declared
| configure:8125: gcc -std=gnu99 -c -g -O2  conftest.c >&5
| configure:8125: $? = 0
| configure:8125: result: yes
| configure:8136: checking whether fread_unlocked is declared
| configure:8136: gcc -std=gnu99 -c -g -O2  conftest.c >&5
| configure:8136: $? = 0
| configure:8136: result: yes
| configure:8147: checking whether fwrite_unlocked is declared
| configure:8147: gcc -std=gnu99 -c -g -O2  conftest.c >&5
| configure:8147: $? = 0
| configure:8147: result: yes
| configure:8158: checking whether getc_unlocked is declared
| configure:8158: gcc -std=gnu99 -c -g -O2  conftest.c >&5
| configure:8158: $? = 0
| configure:8158: result: yes
| configure:8169: checking whether getchar_unlocked is declared
| configure:8169: gcc -std=gnu99 -c -g -O2  conftest.c >&5
| configure:8169: $? = 0
| configure:8169: result: yes
| configure:8180: checking whether putc_unlocked is declared
| configure:8180: gcc -std=gnu99 -c -g -O2  conftest.c >&5
| configure:8180: $? = 0
| configure:8180: result: yes
| configure:8191: checking whether putchar_unlocked is declared
| configure:8191: gcc -std=gnu99 -c -g -O2  conftest.c >&5
| configure:8191: $? = 0
| configure:8191: result: yes
| configure:8208: checking for flockfile
| configure:8208: gcc -std=gnu99 -o conftest -g -O2   conftest.c  >&5
| configure:8208: $? = 0
| configure:8208: result: yes
| configure:8208: checking for funlockfile
| configure:8208: gcc -std=gnu99 -o conftest -g -O2   conftest.c  >&5
| configure:8208: $? = 0
| configure:8208: result: yes
| configure:8208: checking for pathconf
| configure:8208: gcc -std=gnu99 -o conftest -g -O2   conftest.c  >&5
| configure:8208: $? = 0
| configure:8208: result: yes
| configure:8208: checking for btowc
| configure:8208: gcc -std=gnu99 -o conftest -g -O2   conftest.c  >&5
| configure:8208: $? = 0
| configure:8208: result: yes
| configure:8208: checking for canonicalize_file_name
| configure:8208: gcc -std=gnu99 -o conftest -g -O2   conftest.c  >&5
| configure:8208: $? = 0
| configure:8208: result: yes
| configure:8208: checking for getcwd
| configure:8208: gcc -std=gnu99 -o conftest -g -O2   conftest.c  >&5
| configure:8208: $? = 0
| configure:8208: result: yes
| configure:8208: checking for readlink
| configure:8208: gcc -std=gnu99 -o conftest -g -O2   conftest.c  >&5
| configure:8208: $? = 0
| configure:8208: result: yes
| configure:8208: checking for realpath
| configure:8208: gcc -std=gnu99 -o conftest -g -O2   conftest.c  >&5
| configure:8208: $? = 0
| configure:8208: result: yes
| configure:8208: checking for readlinkat
| configure:8208: gcc -std=gnu99 -o conftest -g -O2   conftest.c  >&5
| configure:8208: $? = 0
| configure:8208: result: yes
| configure:8208: checking for chown
| configure:8208: gcc -std=gnu99 -o conftest -g -O2   conftest.c  >&5
| configure:8208: $? = 0
| configure:8208: result: yes
| configure:8208: checking for fchown
| configure:8208: gcc -std=gnu99 -o conftest -g -O2   conftest.c  >&5
| configure:8208: $? = 0
| configure:8208: result: yes
| configure:8208: checking for _set_invalid_parameter_handler
| configure:8208: gcc -std=gnu99 -o conftest -g -O2   conftest.c  >&5
| conftest.c:124: error: undefined reference to '_set_invalid_parameter_handler'
| collect2: error: ld returned 1 exit status
| configure:8208: $? = 1
| configure: failed program was:
| | /* confdefs.h */
| | #define PACKAGE_NAME "GNU tar"
| | #define PACKAGE_TARNAME "tar"
| | #define PACKAGE_VERSION "1.28"
| | #define PACKAGE_STRING "GNU tar 1.28"
| | #define PACKAGE_BUGREPORT "bug-tar@gnu.org"
| | #define PACKAGE_URL "http://www.gnu.org/software/tar/"
| | #define PACKAGE "tar"
| | #define VERSION "1.28"
| | #define STDC_HEADERS 1
| | #define HAVE_SYS_TYPES_H 1
| | #define HAVE_SYS_STAT_H 1
| | #define HAVE_STDLIB_H 1
| | #define HAVE_STRING_H 1
| | #define HAVE_MEMORY_H 1
| | #define HAVE_STRINGS_H 1
| | #define HAVE_INTTYPES_H 1
| | #define HAVE_STDINT_H 1
| | #define HAVE_UNISTD_H 1
| | #define __EXTENSIONS__ 1
| | #define _ALL_SOURCE 1
| | #define _DARWIN_C_SOURCE 1
| | #define _GNU_SOURCE 1
| | #define _POSIX_PTHREAD_SEMANTICS 1
| | #define _TANDEM_SOURCE 1
| | #define HAVE_FSEEKO 1
| | #define _DARWIN_USE_64_BIT_INODE 1
| | #define _DARWIN_USE_64_BIT_INODE 1
| | #define HAVE_FCNTL_H 1
| | #define HAVE_LINUX_FD_H 1
| | #define HAVE_MEMORY_H 1
| | #define HAVE_SGTTY_H 1
| | #define HAVE_STRING_H 1
| | #define HAVE_SYS_PARAM_H 1
| | #define HAVE_SYS_MTIO_H 1
| | #define HAVE_SYS_TIME_H 1
| | #define HAVE_UNISTD_H 1
| | #define HAVE_LOCALE_H 1
| | #define HAVE_FEATURES_H 1
| | #define HAVE_SYS_SOCKET_H 1
| | #define HAVE_DIRENT_H 1
| | #define HAVE_WCTYPE_H 1
| | #define HAVE_STDIO_EXT_H 1
| | #define HAVE_SYS_STAT_H 1
| | #define HAVE_GETOPT_H 1
| | #define HAVE_WCHAR_H 1
| | #define HAVE_STDINT_H 1
| | #define HAVE_INTTYPES_H 1
| | #define HAVE_LANGINFO_H 1
| | #define HAVE_XLOCALE_H 1
| | #define HAVE_SYS_MMAN_H 1
| | #define HAVE_MALLOC_H 1
| | #define HAVE_STRINGS_H 1
| | #define HAVE_SYSEXITS_H 1
| | #define HAVE_UTIME_H 1
| | #define HAVE_NETDB_H 1
| | #define HAVE_SYS_WAIT_H 1
| | #define HAVE_PWD_H 1
| | #define HAVE_GRP_H 1
| | #define major_t int
| | #define minor_t int
| | #define HAVE_ALLOCA_H 1
| | #define HAVE_ALLOCA 1
| | #define restrict __restrict
| | #define HAVE_DECL_CLEARERR_UNLOCKED 1
| | #define HAVE_DECL_FEOF_UNLOCKED 1
| | #define HAVE_DECL_FERROR_UNLOCKED 1
| | #define HAVE_DECL_FFLUSH_UNLOCKED 1
| | #define HAVE_DECL_FGETS_UNLOCKED 1
| | #define HAVE_DECL_FPUTC_UNLOCKED 1
| | #define HAVE_DECL_FPUTS_UNLOCKED 1
| | #define HAVE_DECL_FREAD_UNLOCKED 1
| | #define HAVE_DECL_FWRITE_UNLOCKED 1
| | #define HAVE_DECL_GETC_UNLOCKED 1
| | #define HAVE_DECL_GETCHAR_UNLOCKED 1
| | #define HAVE_DECL_PUTC_UNLOCKED 1
| | #define HAVE_DECL_PUTCHAR_UNLOCKED 1
| | #define HAVE_FLOCKFILE 1
| | #define HAVE_FUNLOCKFILE 1
| | #define HAVE_PATHCONF 1
| | #define HAVE_BTOWC 1
| | #define HAVE_CANONICALIZE_FILE_NAME 1
| | #define HAVE_GETCWD 1
| | #define HAVE_READLINK 1
| | #define HAVE_REALPATH 1
| | #define HAVE_READLINKAT 1
| | #define HAVE_CHOWN 1
| | #define HAVE_FCHOWN 1
| | /* end confdefs.h.  */
| | /* Define _set_invalid_parameter_handler to an innocuous variant, in case <limits.h> declares _set_invalid_parameter_handler.
| |    For example, HP-UX 11i <limits.h> declares gettimeofday.  */
| | #define _set_invalid_parameter_handler innocuous__set_invalid_parameter_handler
| | 
| | /* System header to define __stub macros and hopefully few prototypes,
| |     which can conflict with char _set_invalid_parameter_handler (); below.
| |     Prefer <limits.h> to <assert.h> if __STDC__ is defined, since
| |     <limits.h> exists even on freestanding compilers.  */
| | 
| | #ifdef __STDC__
| | # include <limits.h>
| | #else
| | # include <assert.h>
| | #endif
| | 
| | #undef _set_invalid_parameter_handler
| | 
| | /* Override any GCC internal prototype to avoid an error.
| |    Use char because int might match the return type of a GCC
| |    builtin and then its argument prototype would still apply.  */
| | #ifdef __cplusplus
| | extern "C"
| | #endif
| | char _set_invalid_parameter_handler ();
| | /* The GNU C library defines this for functions which it implements
| |     to always fail with ENOSYS.  Some functions are actually named
| |     something starting with __ and the normal name is an alias.  */
| | #if defined __stub__set_invalid_parameter_handler || defined __stub____set_invalid_parameter_handler
| | choke me
| | #endif
| | 
| | int
| | main ()
| | {
| | return _set_invalid_parameter_handler ();
| |   ;
| |   return 0;
| | }
| configure:8208: result: no
| configure:8208: checking for fchdir
| configure:8208: gcc -std=gnu99 -o conftest -g -O2   conftest.c  >&5
| configure:8208: $? = 0
| configure:8208: result: yes
| configure:8208: checking for fdopendir
| configure:8208: gcc -std=gnu99 -o conftest -g -O2   conftest.c  >&5
| configure:8208: $? = 0
| configure:8208: result: yes
| configure:8208: checking for faccessat
| configure:8208: gcc -std=gnu99 -o conftest -g -O2   conftest.c  >&5
| configure:8208: $? = 0
| configure:8208: result: yes
| configure:8208: checking for fchmodat
| configure:8208: gcc -std=gnu99 -o conftest -g -O2   conftest.c  >&5
| configure:8208: $? = 0
| configure:8208: result: yes
| configure:8208: checking for lchmod
| configure:8208: gcc -std=gnu99 -o conftest -g -O2   conftest.c  >&5
| conftest.c:122:1: error: unknown type name 'choke'
| conftest.c:125:1: error: expected '=', ',', ';', 'asm' or '__attribute__' before 'int'
| configure:8208: $? = 1
| configure: failed program was:
| | /* confdefs.h */
| | #define PACKAGE_NAME "GNU tar"
| | #define PACKAGE_TARNAME "tar"
| | #define PACKAGE_VERSION "1.28"
| | #define PACKAGE_STRING "GNU tar 1.28"
| | #define PACKAGE_BUGREPORT "bug-tar@gnu.org"
| | #define PACKAGE_URL "http://www.gnu.org/software/tar/"
| | #define PACKAGE "tar"
| | #define VERSION "1.28"
| | #define STDC_HEADERS 1
| | #define HAVE_SYS_TYPES_H 1
| | #define HAVE_SYS_STAT_H 1
| | #define HAVE_STDLIB_H 1
| | #define HAVE_STRING_H 1
| | #define HAVE_MEMORY_H 1
| | #define HAVE_STRINGS_H 1
| | #define HAVE_INTTYPES_H 1
| | #define HAVE_STDINT_H 1
| | #define HAVE_UNISTD_H 1
| | #define __EXTENSIONS__ 1
| | #define _ALL_SOURCE 1
| | #define _DARWIN_C_SOURCE 1
| | #define _GNU_SOURCE 1
| | #define _POSIX_PTHREAD_SEMANTICS 1
| | #define _TANDEM_SOURCE 1
| | #define HAVE_FSEEKO 1
| | #define _DARWIN_USE_64_BIT_INODE 1
| | #define _DARWIN_USE_64_BIT_INODE 1
| | #define HAVE_FCNTL_H 1
| | #define HAVE_LINUX_FD_H 1
| | #define HAVE_MEMORY_H 1
| | #define HAVE_SGTTY_H 1
| | #define HAVE_STRING_H 1
| | #define HAVE_SYS_PARAM_H 1
| | #define HAVE_SYS_MTIO_H 1
| | #define HAVE_SYS_TIME_H 1
| | #define HAVE_UNISTD_H 1
| | #define HAVE_LOCALE_H 1
| | #define HAVE_FEATURES_H 1
| | #define HAVE_SYS_SOCKET_H 1
| | #define HAVE_DIRENT_H 1
| | #define HAVE_WCTYPE_H 1
| | #define HAVE_STDIO_EXT_H 1
| | #define HAVE_SYS_STAT_H 1
| | #define HAVE_GETOPT_H 1
| | #define HAVE_WCHAR_H 1
| | #define HAVE_STDINT_H 1
| | #define HAVE_INTTYPES_H 1
| | #define HAVE_LANGINFO_H 1
| | #define HAVE_XLOCALE_H 1
| | #define HAVE_SYS_MMAN_H 1
| | #define HAVE_MALLOC_H 1
| | #define HAVE_STRINGS_H 1
| | #define HAVE_SYSEXITS_H 1
| | #define HAVE_UTIME_H 1
| | #define HAVE_NETDB_H 1
| | #define HAVE_SYS_WAIT_H 1
| | #define HAVE_PWD_H 1
| | #define HAVE_GRP_H 1
| | #define major_t int
| | #define minor_t int
| | #define HAVE_ALLOCA_H 1
| | #define HAVE_ALLOCA 1
| | #define restrict __restrict
| | #define HAVE_DECL_CLEARERR_UNLOCKED 1
| | #define HAVE_DECL_FEOF_UNLOCKED 1
| | #define HAVE_DECL_FERROR_UNLOCKED 1
| | #define HAVE_DECL_FFLUSH_UNLOCKED 1
| | #define HAVE_DECL_FGETS_UNLOCKED 1
| | #define HAVE_DECL_FPUTC_UNLOCKED 1
| | #define HAVE_DECL_FPUTS_UNLOCKED 1
| | #define HAVE_DECL_FREAD_UNLOCKED 1
| | #define HAVE_DECL_FWRITE_UNLOCKED 1
| | #define HAVE_DECL_GETC_UNLOCKED 1
| | #define HAVE_DECL_GETCHAR_UNLOCKED 1
| | #define HAVE_DECL_PUTC_UNLOCKED 1
| | #define HAVE_DECL_PUTCHAR_UNLOCKED 1
| | #define HAVE_FLOCKFILE 1
| | #define HAVE_FUNLOCKFILE 1
| | #define HAVE_PATHCONF 1
| | #define HAVE_BTOWC 1
| | #define HAVE_CANONICALIZE_FILE_NAME 1
| | #define HAVE_GETCWD 1
| | #define HAVE_READLINK 1
| | #define HAVE_REALPATH 1
| | #define HAVE_READLINKAT 1
| | #define HAVE_CHOWN 1
| | #define HAVE_FCHOWN 1
| | #define HAVE_FCHDIR 1
| | #define HAVE_FDOPENDIR 1
| | #define HAVE_FACCESSAT 1
| | #define HAVE_FCHMODAT 1
| | /* end confdefs.h.  */
| | /* Define lchmod to an innocuous variant, in case <limits.h> declares lchmod.
| |    For example, HP-UX 11i <limits.h> declares gettimeofday.  */
| | #define lchmod innocuous_lchmod
| | 
| | /* System header to define __stub macros and hopefully few prototypes,
| |     which can conflict with char lchmod (); below.
| |     Prefer <limits.h> to <assert.h> if __STDC__ is defined, since
| |     <limits.h> exists even on freestanding compilers.  */
| | 
| | #ifdef __STDC__
| | # include <limits.h>
| | #else
| | # include <assert.h>
| | #endif
| | 
| | #undef lchmod
| | 
| | /* Override any GCC internal prototype to avoid an error.
| |    Use char because int might match the return type of a GCC
| |    builtin and then its argument prototype would still apply.  */
| | #ifdef __cplusplus
| | extern "C"
| | #endif
| | char lchmod ();
| | /* The GNU C library defines this for functions which it implements
| |     to always fail with ENOSYS.  Some functions are actually named
| |     something starting with __ and the normal name is an alias.  */
| | #if defined __stub_lchmod || defined __stub___lchmod
| | choke me
| | #endif
| | 
| | int
| | main ()
| | {
| | return lchmod ();
| |   ;
| |   return 0;
| | }
| configure:8208: result: no
| configure:8208: checking for fcntl
| configure:8208: gcc -std=gnu99 -o conftest -g -O2   conftest.c  >&5
| configure:8208: $? = 0
| configure:8208: result: yes
| configure:8208: checking for symlink
| configure:8208: gcc -std=gnu99 -o conftest -g -O2   conftest.c  >&5
| configure:8208: $? = 0
| configure:8208: result: yes
| configure:8208: checking for mempcpy
| configure:8208: gcc -std=gnu99 -o conftest -g -O2   conftest.c  >&5
| conftest.c:119:6: warning: conflicting types for built-in function 'mempcpy' [enabled by default]
| configure:8208: $? = 0
| configure:8208: result: yes
| configure:8208: checking for isblank
| configure:8208: gcc -std=gnu99 -o conftest -g -O2   conftest.c  >&5
| conftest.c:120:6: warning: conflicting types for built-in function 'isblank' [enabled by default]
| configure:8208: $? = 0
| configure:8208: result: yes
| configure:8208: checking for iswctype
| configure:8208: gcc -std=gnu99 -o conftest -g -O2   conftest.c  >&5
| configure:8208: $? = 0
| configure:8208: result: yes
| configure:8208: checking for mbsrtowcs
| configure:8208: gcc -std=gnu99 -o conftest -g -O2   conftest.c  >&5
| configure:8208: $? = 0
| configure:8208: result: yes
| configure:8208: checking for wmemchr
| configure:8208: gcc -std=gnu99 -o conftest -g -O2   conftest.c  >&5
| configure:8208: $? = 0
| configure:8208: result: yes
| configure:8208: checking for wmemcpy
| configure:8208: gcc -std=gnu99 -o conftest -g -O2   conftest.c  >&5
| configure:8208: $? = 0
| configure:8208: result: yes
| configure:8208: checking for wmempcpy
| configure:8208: gcc -std=gnu99 -o conftest -g -O2   conftest.c  >&5
| configure:8208: $? = 0
| configure:8208: result: yes
| configure:8208: checking for fstatat
| configure:8208: gcc -std=gnu99 -o conftest -g -O2   conftest.c  >&5
| configure:8208: $? = 0
| configure:8208: result: yes
| configure:8208: checking for futimens
| configure:8208: gcc -std=gnu99 -o conftest -g -O2   conftest.c  >&5
| configure:8208: $? = 0
| configure:8208: result: yes
| configure:8208: checking for getdelim
| configure:8208: gcc -std=gnu99 -o conftest -g -O2   conftest.c  >&5
| configure:8208: $? = 0
| configure:8208: result: yes
| configure:8208: checking for getdtablesize
| configure:8208: gcc -std=gnu99 -o conftest -g -O2   conftest.c  >&5
| configure:8208: $? = 0
| configure:8208: result: yes
| configure:8208: checking for gettimeofday
| configure:8208: gcc -std=gnu99 -o conftest -g -O2   conftest.c  >&5
| configure:8208: $? = 0
| configure:8208: result: yes
| configure:8208: checking for nanotime
| configure:8208: gcc -std=gnu99 -o conftest -g -O2   conftest.c  >&5
| conftest.c:142: error: undefined reference to 'nanotime'
| collect2: error: ld returned 1 exit status
| configure:8208: $? = 1
| configure: failed program was:
| | /* confdefs.h */
| | #define PACKAGE_NAME "GNU tar"
| | #define PACKAGE_TARNAME "tar"
| | #define PACKAGE_VERSION "1.28"
| | #define PACKAGE_STRING "GNU tar 1.28"
| | #define PACKAGE_BUGREPORT "bug-tar@gnu.org"
| | #define PACKAGE_URL "http://www.gnu.org/software/tar/"
| | #define PACKAGE "tar"
| | #define VERSION "1.28"
| | #define STDC_HEADERS 1
| | #define HAVE_SYS_TYPES_H 1
| | #define HAVE_SYS_STAT_H 1
| | #define HAVE_STDLIB_H 1
| | #define HAVE_STRING_H 1
| | #define HAVE_MEMORY_H 1
| | #define HAVE_STRINGS_H 1
| | #define HAVE_INTTYPES_H 1
| | #define HAVE_STDINT_H 1
| | #define HAVE_UNISTD_H 1
| | #define __EXTENSIONS__ 1
| | #define _ALL_SOURCE 1
| | #define _DARWIN_C_SOURCE 1
| | #define _GNU_SOURCE 1
| | #define _POSIX_PTHREAD_SEMANTICS 1
| | #define _TANDEM_SOURCE 1
| | #define HAVE_FSEEKO 1
| | #define _DARWIN_USE_64_BIT_INODE 1
| | #define _DARWIN_USE_64_BIT_INODE 1
| | #define HAVE_FCNTL_H 1
| | #define HAVE_LINUX_FD_H 1
| | #define HAVE_MEMORY_H 1
| | #define HAVE_SGTTY_H 1
| | #define HAVE_STRING_H 1
| | #define HAVE_SYS_PARAM_H 1
| | #define HAVE_SYS_MTIO_H 1
| | #define HAVE_SYS_TIME_H 1
| | #define HAVE_UNISTD_H 1
| | #define HAVE_LOCALE_H 1
| | #define HAVE_FEATURES_H 1
| | #define HAVE_SYS_SOCKET_H 1
| | #define HAVE_DIRENT_H 1
| | #define HAVE_WCTYPE_H 1
| | #define HAVE_STDIO_EXT_H 1
| | #define HAVE_SYS_STAT_H 1
| | #define HAVE_GETOPT_H 1
| | #define HAVE_WCHAR_H 1
| | #define HAVE_STDINT_H 1
| | #define HAVE_INTTYPES_H 1
| | #define HAVE_LANGINFO_H 1
| | #define HAVE_XLOCALE_H 1
| | #define HAVE_SYS_MMAN_H 1
| | #define HAVE_MALLOC_H 1
| | #define HAVE_STRINGS_H 1
| | #define HAVE_SYSEXITS_H 1
| | #define HAVE_UTIME_H 1
| | #define HAVE_NETDB_H 1
| | #define HAVE_SYS_WAIT_H 1
| | #define HAVE_PWD_H 1
| | #define HAVE_GRP_H 1
| | #define major_t int
| | #define minor_t int
| | #define HAVE_ALLOCA_H 1
| | #define HAVE_ALLOCA 1
| | #define restrict __restrict
| | #define HAVE_DECL_CLEARERR_UNLOCKED 1
| | #define HAVE_DECL_FEOF_UNLOCKED 1
| | #define HAVE_DECL_FERROR_UNLOCKED 1
| | #define HAVE_DECL_FFLUSH_UNLOCKED 1
| | #define HAVE_DECL_FGETS_UNLOCKED 1
| | #define HAVE_DECL_FPUTC_UNLOCKED 1
| | #define HAVE_DECL_FPUTS_UNLOCKED 1
| | #define HAVE_DECL_FREAD_UNLOCKED 1
| | #define HAVE_DECL_FWRITE_UNLOCKED 1
| | #define HAVE_DECL_GETC_UNLOCKED 1
| | #define HAVE_DECL_GETCHAR_UNLOCKED 1
| | #define HAVE_DECL_PUTC_UNLOCKED 1
| | #define HAVE_DECL_PUTCHAR_UNLOCKED 1
| | #define HAVE_FLOCKFILE 1
| | #define HAVE_FUNLOCKFILE 1
| | #define HAVE_PATHCONF 1
| | #define HAVE_BTOWC 1
| | #define HAVE_CANONICALIZE_FILE_NAME 1
| | #define HAVE_GETCWD 1
| | #define HAVE_READLINK 1
| | #define HAVE_REALPATH 1
| | #define HAVE_READLINKAT 1
| | #define HAVE_CHOWN 1
| | #define HAVE_FCHOWN 1
| | #define HAVE_FCHDIR 1
| | #define HAVE_FDOPENDIR 1
| | #define HAVE_FACCESSAT 1
| | #define HAVE_FCHMODAT 1
| | #define HAVE_FCNTL 1
| | #define HAVE_SYMLINK 1
| | #define HAVE_MEMPCPY 1
| | #define HAVE_ISBLANK 1
| | #define HAVE_ISWCTYPE 1
| | #define HAVE_MBSRTOWCS 1
| | #define HAVE_WMEMCHR 1
| | #define HAVE_WMEMCPY 1
| | #define HAVE_WMEMPCPY 1
| | #define HAVE_FSTATAT 1
| | #define HAVE_FUTIMENS 1
| | #define HAVE_GETDELIM 1
| | #define HAVE_GETDTABLESIZE 1
| | #define HAVE_GETTIMEOFDAY 1
| | /* end confdefs.h.  */
| | /* Define nanotime to an innocuous variant, in case <limits.h> declares nanotime.
| |    For example, HP-UX 11i <limits.h> declares gettimeofday.  */
| | #define nanotime innocuous_nanotime
| | 
| | /* System header to define __stub macros and hopefully few prototypes,
| |     which can conflict with char nanotime (); below.
| |     Prefer <limits.h> to <assert.h> if __STDC__ is defined, since
| |     <limits.h> exists even on freestanding compilers.  */
| | 
| | #ifdef __STDC__
| | # include <limits.h>
| | #else
| | # include <assert.h>
| | #endif
| | 
| | #undef nanotime
| | 
| | /* Override any GCC internal prototype to avoid an error.
| |    Use char because int might match the return type of a GCC
| |    builtin and then its argument prototype would still apply.  */
| | #ifdef __cplusplus
| | extern "C"
| | #endif
| | char nanotime ();
| | /* The GNU C library defines this for functions which it implements
| |     to always fail with ENOSYS.  Some functions are actually named
| |     something starting with __ and the normal name is an alias.  */
| | #if defined __stub_nanotime || defined __stub___nanotime
| | choke me
| | #endif
| | 
| | int
| | main ()
| | {
| | return nanotime ();
| |   ;
| |   return 0;
| | }
| configure:8208: result: no
| configure:8208: checking for iswcntrl
| configure:8208: gcc -std=gnu99 -o conftest -g -O2   conftest.c  >&5
| conftest.c:131:6: warning: conflicting types for built-in function 'iswcntrl' [enabled by default]
| configure:8208: $? = 0
| configure:8208: result: yes
| configure:8208: checking for iswblank
| configure:8208: gcc -std=gnu99 -o conftest -g -O2   conftest.c  >&5
| conftest.c:132:6: warning: conflicting types for built-in function 'iswblank' [enabled by default]
| configure:8208: $? = 0
| configure:8208: result: yes
| configure:8208: checking for link
| configure:8208: gcc -std=gnu99 -o conftest -g -O2   conftest.c  >&5
| configure:8208: $? = 0
| configure:8208: result: yes
| configure:8208: checking for openat
| configure:8208: gcc -std=gnu99 -o conftest -g -O2   conftest.c  >&5
| configure:8208: $? = 0
| configure:8208: result: yes
| configure:8208: checking for linkat
| configure:8208: gcc -std=gnu99 -o conftest -g -O2   conftest.c  >&5
| configure:8208: $? = 0
| configure:8208: result: yes
| configure:8208: checking for lstat
| configure:8208: gcc -std=gnu99 -o conftest -g -O2   conftest.c  >&5
| configure:8208: $? = 0
| configure:8208: result: yes
| configure:8208: checking for mbsinit
| configure:8208: gcc -std=gnu99 -o conftest -g -O2   conftest.c  >&5
| configure:8208: $? = 0
| configure:8208: result: yes
| configure:8208: checking for mbrtowc
| configure:8208: gcc -std=gnu99 -o conftest -g -O2   conftest.c  >&5
| configure:8208: $? = 0
| configure:8208: result: yes
| configure:8208: checking for mprotect
| configure:8208: gcc -std=gnu99 -o conftest -g -O2   conftest.c  >&5
| configure:8208: $? = 0
| configure:8208: result: yes
| configure:8208: checking for mkdirat
| configure:8208: gcc -std=gnu99 -o conftest -g -O2   conftest.c  >&5
| configure:8208: $? = 0
| configure:8208: result: yes
| configure:8208: checking for mkfifo
| configure:8208: gcc -std=gnu99 -o conftest -g -O2   conftest.c  >&5
| configure:8208: $? = 0
| configure:8208: result: yes
| configure:8208: checking for mkfifoat
| configure:8208: gcc -std=gnu99 -o conftest -g -O2   conftest.c  >&5
| configure:8208: $? = 0
| configure:8208: result: yes
| configure:8208: checking for mknodat
| configure:8208: gcc -std=gnu99 -o conftest -g -O2   conftest.c  >&5
| configure:8208: $? = 0
| configure:8208: result: yes
| configure:8208: checking for mknod
| configure:8208: gcc -std=gnu99 -o conftest -g -O2   conftest.c  >&5
| configure:8208: $? = 0
| configure:8208: result: yes
| configure:8208: checking for nl_langinfo
| configure:8208: gcc -std=gnu99 -o conftest -g -O2   conftest.c  >&5
| configure:8208: $? = 0
| configure:8208: result: yes
| configure:8208: checking for posix_openpt
| configure:8208: gcc -std=gnu99 -o conftest -g -O2   conftest.c  >&5
| configure:8208: $? = 0
| configure:8208: result: yes
| configure:8208: checking for ptsname_r
| configure:8208: gcc -std=gnu99 -o conftest -g -O2   conftest.c  >&5
| configure:8208: $? = 0
| configure:8208: result: yes
| configure:8208: checking for fchmod
| configure:8208: gcc -std=gnu99 -o conftest -g -O2   conftest.c  >&5
| configure:8208: $? = 0
| configure:8208: result: yes
| configure:8208: checking for renameat
| configure:8208: gcc -std=gnu99 -o conftest -g -O2   conftest.c  >&5
| configure:8208: $? = 0
| configure:8208: result: yes
| configure:8208: checking for secure_getenv
| configure:8208: gcc -std=gnu99 -o conftest -g -O2   conftest.c  >&5
| configure:8208: $? = 0
| configure:8208: result: yes
| configure:8208: checking for setenv
| configure:8208: gcc -std=gnu99 -o conftest -g -O2   conftest.c  >&5
| configure:8208: $? = 0
| configure:8208: result: yes
| configure:8208: checking for sleep
| configure:8208: gcc -std=gnu99 -o conftest -g -O2   conftest.c  >&5
| configure:8208: $? = 0
| configure:8208: result: yes
| configure:8208: checking for snprintf
| configure:8208: gcc -std=gnu99 -o conftest -g -O2   conftest.c  >&5
| conftest.c:153:6: warning: conflicting types for built-in function 'snprintf' [enabled by default]
| configure:8208: $? = 0
| configure:8208: result: yes
| configure:8208: checking for strdup
| configure:8208: gcc -std=gnu99 -o conftest -g -O2   conftest.c  >&5
| conftest.c:154:6: warning: conflicting types for built-in function 'strdup' [enabled by default]
| configure:8208: $? = 0
| configure:8208: result: yes
| configure:8208: checking for tzset
| configure:8208: gcc -std=gnu99 -o conftest -g -O2   conftest.c  >&5
| configure:8208: $? = 0
| configure:8208: result: yes
| configure:8208: checking for strndup
| configure:8208: gcc -std=gnu99 -o conftest -g -O2   conftest.c  >&5
| conftest.c:156:6: warning: conflicting types for built-in function 'strndup' [enabled by default]
| configure:8208: $? = 0
| configure:8208: result: yes
| configure:8208: checking for strtoimax
| configure:8208: gcc -std=gnu99 -o conftest -g -O2   conftest.c  >&5
| configure:8208: $? = 0
| configure:8208: result: yes
| configure:8208: checking for strtoumax
| configure:8208: gcc -std=gnu99 -o conftest -g -O2   conftest.c  >&5
| configure:8208: $? = 0
| configure:8208: result: yes
| configure:8208: checking for symlinkat
| configure:8208: gcc -std=gnu99 -o conftest -g -O2   conftest.c  >&5
| configure:8208: $? = 0
| configure:8208: result: yes
| configure:8208: checking for localtime_r
| configure:8208: gcc -std=gnu99 -o conftest -g -O2   conftest.c  >&5
| configure:8208: $? = 0
| configure:8208: result: yes
| configure:8208: checking for pipe
| configure:8208: gcc -std=gnu99 -o conftest -g -O2   conftest.c  >&5
| configure:8208: $? = 0
| configure:8208: result: yes
| configure:8208: checking for unlinkat
| configure:8208: gcc -std=gnu99 -o conftest -g -O2   conftest.c  >&5
| configure:8208: $? = 0
| configure:8208: result: yes
| configure:8208: checking for futimes
| configure:8208: gcc -std=gnu99 -o conftest -g -O2   conftest.c  >&5
| configure:8208: $? = 0
| configure:8208: result: yes
| configure:8208: checking for futimesat
| configure:8208: gcc -std=gnu99 -o conftest -g -O2   conftest.c  >&5
| configure:8208: $? = 0
| configure:8208: result: yes
| configure:8208: checking for utimensat
| configure:8208: gcc -std=gnu99 -o conftest -g -O2   conftest.c  >&5
| configure:8208: $? = 0
| configure:8208: result: yes
| configure:8208: checking for lutimes
| configure:8208: gcc -std=gnu99 -o conftest -g -O2   conftest.c  >&5
| configure:8208: $? = 0
| configure:8208: result: yes
| configure:8208: checking for vasnprintf
| configure:8208: gcc -std=gnu99 -o conftest -g -O2   conftest.c  >&5
| conftest.c:178: error: undefined reference to 'vasnprintf'
| collect2: error: ld returned 1 exit status
| configure:8208: $? = 1
| configure: failed program was:
| | /* confdefs.h */
| | #define PACKAGE_NAME "GNU tar"
| | #define PACKAGE_TARNAME "tar"
| | #define PACKAGE_VERSION "1.28"
| | #define PACKAGE_STRING "GNU tar 1.28"
| | #define PACKAGE_BUGREPORT "bug-tar@gnu.org"
| | #define PACKAGE_URL "http://www.gnu.org/software/tar/"
| | #define PACKAGE "tar"
| | #define VERSION "1.28"
| | #define STDC_HEADERS 1
| | #define HAVE_SYS_TYPES_H 1
| | #define HAVE_SYS_STAT_H 1
| | #define HAVE_STDLIB_H 1
| | #define HAVE_STRING_H 1
| | #define HAVE_MEMORY_H 1
| | #define HAVE_STRINGS_H 1
| | #define HAVE_INTTYPES_H 1
| | #define HAVE_STDINT_H 1
| | #define HAVE_UNISTD_H 1
| | #define __EXTENSIONS__ 1
| | #define _ALL_SOURCE 1
| | #define _DARWIN_C_SOURCE 1
| | #define _GNU_SOURCE 1
| | #define _POSIX_PTHREAD_SEMANTICS 1
| | #define _TANDEM_SOURCE 1
| | #define HAVE_FSEEKO 1
| | #define _DARWIN_USE_64_BIT_INODE 1
| | #define _DARWIN_USE_64_BIT_INODE 1
| | #define HAVE_FCNTL_H 1
| | #define HAVE_LINUX_FD_H 1
| | #define HAVE_MEMORY_H 1
| | #define HAVE_SGTTY_H 1
| | #define HAVE_STRING_H 1
| | #define HAVE_SYS_PARAM_H 1
| | #define HAVE_SYS_MTIO_H 1
| | #define HAVE_SYS_TIME_H 1
| | #define HAVE_UNISTD_H 1
| | #define HAVE_LOCALE_H 1
| | #define HAVE_FEATURES_H 1
| | #define HAVE_SYS_SOCKET_H 1
| | #define HAVE_DIRENT_H 1
| | #define HAVE_WCTYPE_H 1
| | #define HAVE_STDIO_EXT_H 1
| | #define HAVE_SYS_STAT_H 1
| | #define HAVE_GETOPT_H 1
| | #define HAVE_WCHAR_H 1
| | #define HAVE_STDINT_H 1
| | #define HAVE_INTTYPES_H 1
| | #define HAVE_LANGINFO_H 1
| | #define HAVE_XLOCALE_H 1
| | #define HAVE_SYS_MMAN_H 1
| | #define HAVE_MALLOC_H 1
| | #define HAVE_STRINGS_H 1
| | #define HAVE_SYSEXITS_H 1
| | #define HAVE_UTIME_H 1
| | #define HAVE_NETDB_H 1
| | #define HAVE_SYS_WAIT_H 1
| | #define HAVE_PWD_H 1
| | #define HAVE_GRP_H 1
| | #define major_t int
| | #define minor_t int
| | #define HAVE_ALLOCA_H 1
| | #define HAVE_ALLOCA 1
| | #define restrict __restrict
| | #define HAVE_DECL_CLEARERR_UNLOCKED 1
| | #define HAVE_DECL_FEOF_UNLOCKED 1
| | #define HAVE_DECL_FERROR_UNLOCKED 1
| | #define HAVE_DECL_FFLUSH_UNLOCKED 1
| | #define HAVE_DECL_FGETS_UNLOCKED 1
| | #define HAVE_DECL_FPUTC_UNLOCKED 1
| | #define HAVE_DECL_FPUTS_UNLOCKED 1
| | #define HAVE_DECL_FREAD_UNLOCKED 1
| | #define HAVE_DECL_FWRITE_UNLOCKED 1
| | #define HAVE_DECL_GETC_UNLOCKED 1
| | #define HAVE_DECL_GETCHAR_UNLOCKED 1
| | #define HAVE_DECL_PUTC_UNLOCKED 1
| | #define HAVE_DECL_PUTCHAR_UNLOCKED 1
| | #define HAVE_FLOCKFILE 1
| | #define HAVE_FUNLOCKFILE 1
| | #define HAVE_PATHCONF 1
| | #define HAVE_BTOWC 1
| | #define HAVE_CANONICALIZE_FILE_NAME 1
| | #define HAVE_GETCWD 1
| | #define HAVE_READLINK 1
| | #define HAVE_REALPATH 1
| | #define HAVE_READLINKAT 1
| | #define HAVE_CHOWN 1
| | #define HAVE_FCHOWN 1
| | #define HAVE_FCHDIR 1
| | #define HAVE_FDOPENDIR 1
| | #define HAVE_FACCESSAT 1
| | #define HAVE_FCHMODAT 1
| | #define HAVE_FCNTL 1
| | #define HAVE_SYMLINK 1
| | #define HAVE_MEMPCPY 1
| | #define HAVE_ISBLANK 1
| | #define HAVE_ISWCTYPE 1
| | #define HAVE_MBSRTOWCS 1
| | #define HAVE_WMEMCHR 1
| | #define HAVE_WMEMCPY 1
| | #define HAVE_WMEMPCPY 1
| | #define HAVE_FSTATAT 1
| | #define HAVE_FUTIMENS 1
| | #define HAVE_GETDELIM 1
| | #define HAVE_GETDTABLESIZE 1
| | #define HAVE_GETTIMEOFDAY 1
| | #define HAVE_ISWCNTRL 1
| | #define HAVE_ISWBLANK 1
| | #define HAVE_LINK 1
| | #define HAVE_OPENAT 1
| | #define HAVE_LINKAT 1
| | #define HAVE_LSTAT 1
| | #define HAVE_MBSINIT 1
| | #define HAVE_MBRTOWC 1
| | #define HAVE_MPROTECT 1
| | #define HAVE_MKDIRAT 1
| | #define HAVE_MKFIFO 1
| | #define HAVE_MKFIFOAT 1
| | #define HAVE_MKNODAT 1
| | #define HAVE_MKNOD 1
| | #define HAVE_NL_LANGINFO 1
| | #define HAVE_POSIX_OPENPT 1
| | #define HAVE_PTSNAME_R 1
| | #define HAVE_FCHMOD 1
| | #define HAVE_RENAMEAT 1
| | #define HAVE_SECURE_GETENV 1
| | #define HAVE_SETENV 1
| | #define HAVE_SLEEP 1
| | #define HAVE_SNPRINTF 1
| | #define HAVE_STRDUP 1
| | #define HAVE_TZSET 1
| | #define HAVE_STRNDUP 1
| | #define HAVE_STRTOIMAX 1
| | #define HAVE_STRTOUMAX 1
| | #define HAVE_SYMLINKAT 1
| | #define HAVE_LOCALTIME_R 1
| | #define HAVE_PIPE 1
| | #define HAVE_UNLINKAT 1
| | #define HAVE_FUTIMES 1
| | #define HAVE_FUTIMESAT 1
| | #define HAVE_UTIMENSAT 1
| | #define HAVE_LUTIMES 1
| | /* end confdefs.h.  */
| | /* Define vasnprintf to an innocuous variant, in case <limits.h> declares vasnprintf.
| |    For example, HP-UX 11i <limits.h> declares gettimeofday.  */
| | #define vasnprintf innocuous_vasnprintf
| | 
| | /* System header to define __stub macros and hopefully few prototypes,
| |     which can conflict with char vasnprintf (); below.
| |     Prefer <limits.h> to <assert.h> if __STDC__ is defined, since
| |     <limits.h> exists even on freestanding compilers.  */
| | 
| | #ifdef __STDC__
| | # include <limits.h>
| | #else
| | # include <assert.h>
| | #endif
| | 
| | #undef vasnprintf
| | 
| | /* Override any GCC internal prototype to avoid an error.
| |    Use char because int might match the return type of a GCC
| |    builtin and then its argument prototype would still apply.  */
| | #ifdef __cplusplus
| | extern "C"
| | #endif
| | char vasnprintf ();
| | /* The GNU C library defines this for functions which it implements
| |     to always fail with ENOSYS.  Some functions are actually named
| |     something starting with __ and the normal name is an alias.  */
| | #if defined __stub_vasnprintf || defined __stub___vasnprintf
| | choke me
| | #endif
| | 
| | int
| | main ()
| | {
| | return vasnprintf ();
| |   ;
| |   return 0;
| | }
| configure:8208: result: no
| configure:8208: checking for wcrtomb
| configure:8208: gcc -std=gnu99 -o conftest -g -O2   conftest.c  >&5
| configure:8208: $? = 0
| configure:8208: result: yes
| configure:8208: checking for wcwidth
| configure:8208: gcc -std=gnu99 -o conftest -g -O2   conftest.c  >&5
| configure:8208: $? = 0
| configure:8208: result: yes
| configure:8208: checking for setlocale
| configure:8208: gcc -std=gnu99 -o conftest -g -O2   conftest.c  >&5
| configure:8208: $? = 0
| configure:8208: result: yes
| configure:8208: checking for fsync
| configure:8208: gcc -std=gnu99 -o conftest -g -O2   conftest.c  >&5
| configure:8208: $? = 0
| configure:8208: result: yes
| configure:8208: checking for grantpt
| configure:8208: gcc -std=gnu99 -o conftest -g -O2   conftest.c  >&5
| configure:8208: $? = 0
| configure:8208: result: yes
| configure:8232: checking build system type
| configure:8246: result: x86_64-unknown-linux-gnu
| configure:8266: checking host system type
| configure:8279: result: x86_64-unknown-linux-gnu
| configure:8299: checking for d_ino member in directory struct
| configure:8340: gcc -std=gnu99 -o conftest -g -O2   conftest.c  >&5
| configure:8340: $? = 0
| configure:8340: ./conftest
| configure:8340: $? = 0
| configure:8350: result: yes
| configure:8361: checking for long file names
| configure:8393: result: yes
| configure:8497: checking whether <wchar.h> uses 'inline' correctly
| configure:8519: gcc -std=gnu99 -c -g -O2  conftest.c >&5
| configure:8522: $? = 0
| configure:8540: gcc -std=gnu99 -c -g -O2  conftest.c >&5
| configure:8543: $? = 0
| configure:8556: result: yes
| configure:8573: checking for nl_langinfo and CODESET
| configure:8589: gcc -std=gnu99 -o conftest -g -O2   conftest.c  >&5
| configure:8589: $? = 0
| configure:8598: result: yes
| configure:8609: checking for a traditional french locale
| configure:8677: gcc -std=gnu99 -o conftest -g -O2   conftest.c  >&5
| configure:8680: $? = 0
| configure:8736: result: none
| configure:8827: checking whether // is distinct from /
| configure:8856: result: no
| configure:8868: checking whether realpath works
| configure:9038: gcc -std=gnu99 -o conftest -g -O2   conftest.c  >&5
| configure:9038: $? = 0
| configure:9038: ./conftest
| configure:9038: $? = 0
| configure:9050: result: yes
| configure:9199: checking for unistd.h
| configure:9199: result: yes
| configure:9209: checking for working chown
| configure:9250: gcc -std=gnu99 -o conftest -g -O2   conftest.c  >&5
| configure:9250: $? = 0
| configure:9250: ./conftest
| configure:9250: $? = 0
| configure:9262: result: yes
| configure:9271: checking whether chown dereferences symlinks
| configure:9308: gcc -std=gnu99 -o conftest -g -O2   conftest.c  >&5
| configure:9308: $? = 0
| configure:9308: ./conftest
| configure:9308: $? = 0
| configure:9320: result: yes
| configure:9354: checking whether chown honors trailing slash
| configure:9386: gcc -std=gnu99 -o conftest -g -O2   conftest.c  >&5
| configure:9386: $? = 0
| configure:9386: ./conftest
| configure:9386: $? = 0
| configure:9397: result: yes
| configure:9409: checking whether chown always updates ctime
| configure:9447: gcc -std=gnu99 -o conftest -g -O2   conftest.c  >&5
| configure:9447: $? = 0
| configure:9447: ./conftest
| configure:9447: $? = 0
| configure:9458: result: yes
| configure:9514: checking whether the preprocessor supports include_next
| configure:9552: gcc -std=gnu99 -c -g -O2  -Iconftestd1b -Iconftestd2 conftest.c >&5
| configure:9552: $? = 0
| configure:9573: result: yes
| configure:9594: checking whether system header files limit the line length
| configure:9617: result: no
| configure:9641: checking if environ is properly declared
| configure:9664: gcc -std=gnu99 -c -g -O2  conftest.c >&5
| conftest.c:161:39: error: conflicting types for 'environ'
| In file included from conftest.c:156:0:
| /usr/include/unistd.h:545:15: note: previous declaration of 'environ' was here
| configure:9664: $? = 1
| configure: failed program was:
| | /* confdefs.h */
| | #define PACKAGE_NAME "GNU tar"
| | #define PACKAGE_TARNAME "tar"
| | #define PACKAGE_VERSION "1.28"
| | #define PACKAGE_STRING "GNU tar 1.28"
| | #define PACKAGE_BUGREPORT "bug-tar@gnu.org"
| | #define PACKAGE_URL "http://www.gnu.org/software/tar/"
| | #define PACKAGE "tar"
| | #define VERSION "1.28"
| | #define STDC_HEADERS 1
| | #define HAVE_SYS_TYPES_H 1
| | #define HAVE_SYS_STAT_H 1
| | #define HAVE_STDLIB_H 1
| | #define HAVE_STRING_H 1
| | #define HAVE_MEMORY_H 1
| | #define HAVE_STRINGS_H 1
| | #define HAVE_INTTYPES_H 1
| | #define HAVE_STDINT_H 1
| | #define HAVE_UNISTD_H 1
| | #define __EXTENSIONS__ 1
| | #define _ALL_SOURCE 1
| | #define _DARWIN_C_SOURCE 1
| | #define _GNU_SOURCE 1
| | #define _POSIX_PTHREAD_SEMANTICS 1
| | #define _TANDEM_SOURCE 1
| | #define HAVE_FSEEKO 1
| | #define _DARWIN_USE_64_BIT_INODE 1
| | #define _DARWIN_USE_64_BIT_INODE 1
| | #define HAVE_FCNTL_H 1
| | #define HAVE_LINUX_FD_H 1
| | #define HAVE_MEMORY_H 1
| | #define HAVE_SGTTY_H 1
| | #define HAVE_STRING_H 1
| | #define HAVE_SYS_PARAM_H 1
| | #define HAVE_SYS_MTIO_H 1
| | #define HAVE_SYS_TIME_H 1
| | #define HAVE_UNISTD_H 1
| | #define HAVE_LOCALE_H 1
| | #define HAVE_FEATURES_H 1
| | #define HAVE_SYS_SOCKET_H 1
| | #define HAVE_DIRENT_H 1
| | #define HAVE_WCTYPE_H 1
| | #define HAVE_STDIO_EXT_H 1
| | #define HAVE_SYS_STAT_H 1
| | #define HAVE_GETOPT_H 1
| | #define HAVE_WCHAR_H 1
| | #define HAVE_STDINT_H 1
| | #define HAVE_INTTYPES_H 1
| | #define HAVE_LANGINFO_H 1
| | #define HAVE_XLOCALE_H 1
| | #define HAVE_SYS_MMAN_H 1
| | #define HAVE_MALLOC_H 1
| | #define HAVE_STRINGS_H 1
| | #define HAVE_SYSEXITS_H 1
| | #define HAVE_UTIME_H 1
| | #define HAVE_NETDB_H 1
| | #define HAVE_SYS_WAIT_H 1
| | #define HAVE_PWD_H 1
| | #define HAVE_GRP_H 1
| | #define major_t int
| | #define minor_t int
| | #define HAVE_ALLOCA_H 1
| | #define HAVE_ALLOCA 1
| | #define restrict __restrict
| | #define HAVE_DECL_CLEARERR_UNLOCKED 1
| | #define HAVE_DECL_FEOF_UNLOCKED 1
| | #define HAVE_DECL_FERROR_UNLOCKED 1
| | #define HAVE_DECL_FFLUSH_UNLOCKED 1
| | #define HAVE_DECL_FGETS_UNLOCKED 1
| | #define HAVE_DECL_FPUTC_UNLOCKED 1
| | #define HAVE_DECL_FPUTS_UNLOCKED 1
| | #define HAVE_DECL_FREAD_UNLOCKED 1
| | #define HAVE_DECL_FWRITE_UNLOCKED 1
| | #define HAVE_DECL_GETC_UNLOCKED 1
| | #define HAVE_DECL_GETCHAR_UNLOCKED 1
| | #define HAVE_DECL_PUTC_UNLOCKED 1
| | #define HAVE_DECL_PUTCHAR_UNLOCKED 1
| | #define HAVE_FLOCKFILE 1
| | #define HAVE_FUNLOCKFILE 1
| | #define HAVE_PATHCONF 1
| | #define HAVE_BTOWC 1
| | #define HAVE_CANONICALIZE_FILE_NAME 1
| | #define HAVE_GETCWD 1
| | #define HAVE_READLINK 1
| | #define HAVE_REALPATH 1
| | #define HAVE_READLINKAT 1
| | #define HAVE_CHOWN 1
| | #define HAVE_FCHOWN 1
| | #define HAVE_FCHDIR 1
| | #define HAVE_FDOPENDIR 1
| | #define HAVE_FACCESSAT 1
| | #define HAVE_FCHMODAT 1
| | #define HAVE_FCNTL 1
| | #define HAVE_SYMLINK 1
| | #define HAVE_MEMPCPY 1
| | #define HAVE_ISBLANK 1
| | #define HAVE_ISWCTYPE 1
| | #define HAVE_MBSRTOWCS 1
| | #define HAVE_WMEMCHR 1
| | #define HAVE_WMEMCPY 1
| | #define HAVE_WMEMPCPY 1
| | #define HAVE_FSTATAT 1
| | #define HAVE_FUTIMENS 1
| | #define HAVE_GETDELIM 1
| | #define HAVE_GETDTABLESIZE 1
| | #define HAVE_GETTIMEOFDAY 1
| | #define HAVE_ISWCNTRL 1
| | #define HAVE_ISWBLANK 1
| | #define HAVE_LINK 1
| | #define HAVE_OPENAT 1
| | #define HAVE_LINKAT 1
| | #define HAVE_LSTAT 1
| | #define HAVE_MBSINIT 1
| | #define HAVE_MBRTOWC 1
| | #define HAVE_MPROTECT 1
| | #define HAVE_MKDIRAT 1
| | #define HAVE_MKFIFO 1
| | #define HAVE_MKFIFOAT 1
| | #define HAVE_MKNODAT 1
| | #define HAVE_MKNOD 1
| | #define HAVE_NL_LANGINFO 1
| | #define HAVE_POSIX_OPENPT 1
| | #define HAVE_PTSNAME_R 1
| | #define HAVE_FCHMOD 1
| | #define HAVE_RENAMEAT 1
| | #define HAVE_SECURE_GETENV 1
| | #define HAVE_SETENV 1
| | #define HAVE_SLEEP 1
| | #define HAVE_SNPRINTF 1
| | #define HAVE_STRDUP 1
| | #define HAVE_TZSET 1
| | #define HAVE_STRNDUP 1
| | #define HAVE_STRTOIMAX 1
| | #define HAVE_STRTOUMAX 1
| | #define HAVE_SYMLINKAT 1
| | #define HAVE_LOCALTIME_R 1
| | #define HAVE_PIPE 1
| | #define HAVE_UNLINKAT 1
| | #define HAVE_FUTIMES 1
| | #define HAVE_FUTIMESAT 1
| | #define HAVE_UTIMENSAT 1
| | #define HAVE_LUTIMES 1
| | #define HAVE_WCRTOMB 1
| | #define HAVE_WCWIDTH 1
| | #define HAVE_SETLOCALE 1
| | #define HAVE_FSYNC 1
| | #define HAVE_GRANTPT 1
| | #define D_INO_IN_DIRENT 1
| | #define HAVE_LONG_FILE_NAMES 1
| | #define HAVE_LANGINFO_CODESET 1
| | #define FUNC_REALPATH_WORKS 1
| | #define HAVE_UNISTD_H 1
| | #define HAVE_CHOWN 1
| | /* end confdefs.h.  */
| | #if HAVE_UNISTD_H
| |      #include <unistd.h>
| |      #endif
| |      /* mingw, BeOS, Haiku declare environ in <stdlib.h>, not in <unistd.h>.  */
| |      #include <stdlib.h>
| | 
| |            extern struct { int foo; } environ;
| | int
| | main ()
| | {
| | environ.foo = 1;
| |   ;
| |   return 0;
| | }
| configure:9672: result: yes
| configure:9687: checking for complete errno.h
| configure:9760: result: yes
| configure:10061: checking whether strerror_r is declared
| configure:10061: gcc -std=gnu99 -c -g -O2  conftest.c >&5
| configure:10061: $? = 0
| configure:10061: result: yes
| configure:10074: checking for strerror_r
| configure:10074: gcc -std=gnu99 -o conftest -g -O2   conftest.c  >&5
| configure:10074: $? = 0
| configure:10074: result: yes
| configure:10083: checking whether strerror_r returns char *
| configure:10107: gcc -std=gnu99 -c -g -O2  conftest.c >&5
| configure:10107: $? = 0
| configure:10145: result: yes
| configure:10155: checking type of array argument to getgroups
| configure:10189: gcc -std=gnu99 -o conftest -g -O2   conftest.c  >&5
| configure:10189: $? = 0
| configure:10189: ./conftest
| configure:10189: $? = 0
| configure:10214: result: gid_t
| configure:10225: checking whether fchdir is declared
| configure:10225: gcc -std=gnu99 -c -g -O2  conftest.c >&5
| configure:10225: $? = 0
| configure:10225: result: yes
| configure:10295: checking for working fcntl.h
| configure:10398: gcc -std=gnu99 -o conftest -g -O2   conftest.c  >&5
| configure:10398: $? = 0
| configure:10398: ./conftest
| configure:10398: $? = 0
| configure:10413: result: yes
| configure:10440: checking for mbstate_t
| configure:10464: gcc -std=gnu99 -c -g -O2  conftest.c >&5
| configure:10464: $? = 0
| configure:10471: result: yes
| configure:10603: checking whether stdin defaults to large file offsets
| configure:10627: gcc -std=gnu99 -o conftest -g -O2   conftest.c  >&5
| configure:10627: $? = 0
| configure:10635: result: yes
| configure:10771: checking whether fseeko is declared
| configure:10771: gcc -std=gnu99 -c -g -O2  conftest.c >&5
| configure:10771: $? = 0
| configure:10771: result: yes
| configure:10790: checking for fseeko
| configure:10808: gcc -std=gnu99 -o conftest -g -O2   conftest.c  >&5
| configure:10808: $? = 0
| configure:10817: result: yes
| configure:10837: checking whether stat file-mode macros are broken
| configure:10864: gcc -std=gnu99 -c -g -O2  conftest.c >&5
| configure:10864: $? = 0
| configure:10871: result: no
| configure:10977: checking for nlink_t
| configure:10977: gcc -std=gnu99 -c -g -O2  conftest.c >&5
| configure:10977: $? = 0
| configure:10977: gcc -std=gnu99 -c -g -O2  conftest.c >&5
| conftest.c: In function 'main':
| conftest.c:171:22: error: expected expression before ')' token
| configure:10977: $? = 1
| configure: failed program was:
| | /* confdefs.h */
| | #define PACKAGE_NAME "GNU tar"
| | #define PACKAGE_TARNAME "tar"
| | #define PACKAGE_VERSION "1.28"
| | #define PACKAGE_STRING "GNU tar 1.28"
| | #define PACKAGE_BUGREPORT "bug-tar@gnu.org"
| | #define PACKAGE_URL "http://www.gnu.org/software/tar/"
| | #define PACKAGE "tar"
| | #define VERSION "1.28"
| | #define STDC_HEADERS 1
| | #define HAVE_SYS_TYPES_H 1
| | #define HAVE_SYS_STAT_H 1
| | #define HAVE_STDLIB_H 1
| | #define HAVE_STRING_H 1
| | #define HAVE_MEMORY_H 1
| | #define HAVE_STRINGS_H 1
| | #define HAVE_INTTYPES_H 1
| | #define HAVE_STDINT_H 1
| | #define HAVE_UNISTD_H 1
| | #define __EXTENSIONS__ 1
| | #define _ALL_SOURCE 1
| | #define _DARWIN_C_SOURCE 1
| | #define _GNU_SOURCE 1
| | #define _POSIX_PTHREAD_SEMANTICS 1
| | #define _TANDEM_SOURCE 1
| | #define HAVE_FSEEKO 1
| | #define _DARWIN_USE_64_BIT_INODE 1
| | #define _DARWIN_USE_64_BIT_INODE 1
| | #define HAVE_FCNTL_H 1
| | #define HAVE_LINUX_FD_H 1
| | #define HAVE_MEMORY_H 1
| | #define HAVE_SGTTY_H 1
| | #define HAVE_STRING_H 1
| | #define HAVE_SYS_PARAM_H 1
| | #define HAVE_SYS_MTIO_H 1
| | #define HAVE_SYS_TIME_H 1
| | #define HAVE_UNISTD_H 1
| | #define HAVE_LOCALE_H 1
| | #define HAVE_FEATURES_H 1
| | #define HAVE_SYS_SOCKET_H 1
| | #define HAVE_DIRENT_H 1
| | #define HAVE_WCTYPE_H 1
| | #define HAVE_STDIO_EXT_H 1
| | #define HAVE_SYS_STAT_H 1
| | #define HAVE_GETOPT_H 1
| | #define HAVE_WCHAR_H 1
| | #define HAVE_STDINT_H 1
| | #define HAVE_INTTYPES_H 1
| | #define HAVE_LANGINFO_H 1
| | #define HAVE_XLOCALE_H 1
| | #define HAVE_SYS_MMAN_H 1
| | #define HAVE_MALLOC_H 1
| | #define HAVE_STRINGS_H 1
| | #define HAVE_SYSEXITS_H 1
| | #define HAVE_UTIME_H 1
| | #define HAVE_NETDB_H 1
| | #define HAVE_SYS_WAIT_H 1
| | #define HAVE_PWD_H 1
| | #define HAVE_GRP_H 1
| | #define major_t int
| | #define minor_t int
| | #define HAVE_ALLOCA_H 1
| | #define HAVE_ALLOCA 1
| | #define restrict __restrict
| | #define HAVE_DECL_CLEARERR_UNLOCKED 1
| | #define HAVE_DECL_FEOF_UNLOCKED 1
| | #define HAVE_DECL_FERROR_UNLOCKED 1
| | #define HAVE_DECL_FFLUSH_UNLOCKED 1
| | #define HAVE_DECL_FGETS_UNLOCKED 1
| | #define HAVE_DECL_FPUTC_UNLOCKED 1
| | #define HAVE_DECL_FPUTS_UNLOCKED 1
| | #define HAVE_DECL_FREAD_UNLOCKED 1
| | #define HAVE_DECL_FWRITE_UNLOCKED 1
| | #define HAVE_DECL_GETC_UNLOCKED 1
| | #define HAVE_DECL_GETCHAR_UNLOCKED 1
| | #define HAVE_DECL_PUTC_UNLOCKED 1
| | #define HAVE_DECL_PUTCHAR_UNLOCKED 1
| | #define HAVE_FLOCKFILE 1
| | #define HAVE_FUNLOCKFILE 1
| | #define HAVE_PATHCONF 1
| | #define HAVE_BTOWC 1
| | #define HAVE_CANONICALIZE_FILE_NAME 1
| | #define HAVE_GETCWD 1
| | #define HAVE_READLINK 1
| | #define HAVE_REALPATH 1
| | #define HAVE_READLINKAT 1
| | #define HAVE_CHOWN 1
| | #define HAVE_FCHOWN 1
| | #define HAVE_FCHDIR 1
| | #define HAVE_FDOPENDIR 1
| | #define HAVE_FACCESSAT 1
| | #define HAVE_FCHMODAT 1
| | #define HAVE_FCNTL 1
| | #define HAVE_SYMLINK 1
| | #define HAVE_MEMPCPY 1
| | #define HAVE_ISBLANK 1
| | #define HAVE_ISWCTYPE 1
| | #define HAVE_MBSRTOWCS 1
| | #define HAVE_WMEMCHR 1
| | #define HAVE_WMEMCPY 1
| | #define HAVE_WMEMPCPY 1
| | #define HAVE_FSTATAT 1
| | #define HAVE_FUTIMENS 1
| | #define HAVE_GETDELIM 1
| | #define HAVE_GETDTABLESIZE 1
| | #define HAVE_GETTIMEOFDAY 1
| | #define HAVE_ISWCNTRL 1
| | #define HAVE_ISWBLANK 1
| | #define HAVE_LINK 1
| | #define HAVE_OPENAT 1
| | #define HAVE_LINKAT 1
| | #define HAVE_LSTAT 1
| | #define HAVE_MBSINIT 1
| | #define HAVE_MBRTOWC 1
| | #define HAVE_MPROTECT 1
| | #define HAVE_MKDIRAT 1
| | #define HAVE_MKFIFO 1
| | #define HAVE_MKFIFOAT 1
| | #define HAVE_MKNODAT 1
| | #define HAVE_MKNOD 1
| | #define HAVE_NL_LANGINFO 1
| | #define HAVE_POSIX_OPENPT 1
| | #define HAVE_PTSNAME_R 1
| | #define HAVE_FCHMOD 1
| | #define HAVE_RENAMEAT 1
| | #define HAVE_SECURE_GETENV 1
| | #define HAVE_SETENV 1
| | #define HAVE_SLEEP 1
| | #define HAVE_SNPRINTF 1
| | #define HAVE_STRDUP 1
| | #define HAVE_TZSET 1
| | #define HAVE_STRNDUP 1
| | #define HAVE_STRTOIMAX 1
| | #define HAVE_STRTOUMAX 1
| | #define HAVE_SYMLINKAT 1
| | #define HAVE_LOCALTIME_R 1
| | #define HAVE_PIPE 1
| | #define HAVE_UNLINKAT 1
| | #define HAVE_FUTIMES 1
| | #define HAVE_FUTIMESAT 1
| | #define HAVE_UTIMENSAT 1
| | #define HAVE_LUTIMES 1
| | #define HAVE_WCRTOMB 1
| | #define HAVE_WCWIDTH 1
| | #define HAVE_SETLOCALE 1
| | #define HAVE_FSYNC 1
| | #define HAVE_GRANTPT 1
| | #define D_INO_IN_DIRENT 1
| | #define HAVE_LONG_FILE_NAMES 1
| | #define HAVE_LANGINFO_CODESET 1
| | #define FUNC_REALPATH_WORKS 1
| | #define HAVE_UNISTD_H 1
| | #define HAVE_CHOWN 1
| | #define HAVE_ENVIRON_DECL 1
| | #define HAVE_DECL_STRERROR_R 1
| | #define HAVE_STRERROR_R 1
| | #define STRERROR_R_CHAR_P 1
| | #define GETGROUPS_T gid_t
| | #define HAVE_DECL_FCHDIR 1
| | #define HAVE_WORKING_O_NOATIME 1
| | #define HAVE_WORKING_O_NOFOLLOW 1
| | #define HAVE_MBSTATE_T 1
| | #define HAVE_DECL_FSEEKO 1
| | /* end confdefs.h.  */
| | #include <sys/types.h>
| |      #include <sys/stat.h>
| | 
| | int
| | main ()
| | {
| | if (sizeof ((nlink_t)))
| | 	    return 0;
| |   ;
| |   return 0;
| | }
| configure:10977: result: yes
| configure:10992: checking whether fchmodat is declared without a macro
| configure:11010: gcc -std=gnu99 -c -g -O2  conftest.c >&5
| configure:11010: $? = 0
| configure:11018: result: yes
| configure:10992: checking whether fstat is declared without a macro
| configure:11010: gcc -std=gnu99 -c -g -O2  conftest.c >&5
| configure:11010: $? = 0
| configure:11018: result: yes
| configure:10992: checking whether fstatat is declared without a macro
| configure:11010: gcc -std=gnu99 -c -g -O2  conftest.c >&5
| configure:11010: $? = 0
| configure:11018: result: yes
| configure:10992: checking whether futimens is declared without a macro
| configure:11010: gcc -std=gnu99 -c -g -O2  conftest.c >&5
| configure:11010: $? = 0
| configure:11018: result: yes
| configure:10992: checking whether lchmod is declared without a macro
| configure:11010: gcc -std=gnu99 -c -g -O2  conftest.c >&5
| configure:11010: $? = 0
| configure:11018: result: yes
| configure:10992: checking whether lstat is declared without a macro
| configure:11010: gcc -std=gnu99 -c -g -O2  conftest.c >&5
| configure:11010: $? = 0
| configure:11018: result: yes
| configure:10992: checking whether mkdirat is declared without a macro
| configure:11010: gcc -std=gnu99 -c -g -O2  conftest.c >&5
| configure:11010: $? = 0
| configure:11018: result: yes
| configure:10992: checking whether mkfifo is declared without a macro
| configure:11010: gcc -std=gnu99 -c -g -O2  conftest.c >&5
| configure:11010: $? = 0
| configure:11018: result: yes
| configure:10992: checking whether mkfifoat is declared without a macro
| configure:11010: gcc -std=gnu99 -c -g -O2  conftest.c >&5
| configure:11010: $? = 0
| configure:11018: result: yes
| configure:10992: checking whether mknod is declared without a macro
| configure:11010: gcc -std=gnu99 -c -g -O2  conftest.c >&5
| configure:11010: $? = 0
| configure:11018: result: yes
| configure:10992: checking whether mknodat is declared without a macro
| configure:11010: gcc -std=gnu99 -c -g -O2  conftest.c >&5
| configure:11010: $? = 0
| configure:11018: result: yes
| configure:10992: checking whether stat is declared without a macro
| configure:11010: gcc -std=gnu99 -c -g -O2  conftest.c >&5
| configure:11010: $? = 0
| configure:11018: result: yes
| configure:10992: checking whether utimensat is declared without a macro
| configure:11010: gcc -std=gnu99 -c -g -O2  conftest.c >&5
| configure:11010: $? = 0
| configure:11018: result: yes
| configure:11031: checking whether lstat correctly handles trailing slash
| configure:11064: gcc -std=gnu99 -o conftest -g -O2   conftest.c  >&5
| configure:11064: $? = 0
| configure:11064: ./conftest
| configure:11064: $? = 0
| configure:11081: result: yes
| configure:11099: checking whether getcwd (NULL, 0) allocates memory for result
| configure:11154: gcc -std=gnu99 -o conftest -g -O2   conftest.c  >&5
| configure:11154: $? = 0
| configure:11154: ./conftest
| configure:11154: $? = 0
| configure:11164: result: yes
| configure:11168: checking for getcwd with POSIX signature
| configure:11190: gcc -std=gnu99 -c -g -O2  conftest.c >&5
| configure:11190: $? = 0
| configure:11198: result: yes
| configure:11201: checking whether getcwd is declared
| configure:11201: gcc -std=gnu99 -c -g -O2  conftest.c >&5
| configure:11201: $? = 0
| configure:11201: result: yes
| configure:11212: checking whether getdelim is declared
| configure:11212: gcc -std=gnu99 -c -g -O2  conftest.c >&5
| configure:11212: $? = 0
| configure:11212: result: yes
| configure:11227: checking whether getline is declared
| configure:11227: gcc -std=gnu99 -c -g -O2  conftest.c >&5
| configure:11227: $? = 0
| configure:11227: result: yes
| configure:11334: checking for getopt.h
| configure:11334: result: yes
| configure:11351: checking for getopt_long_only
| configure:11351: gcc -std=gnu99 -o conftest -g -O2   conftest.c  >&5
| configure:11351: $? = 0
| configure:11351: result: yes
| configure:11365: checking whether getopt is POSIX compatible
| configure:11407: gcc -std=gnu99 -o conftest -g -O2   conftest.c  >&5
| configure:11407: $? = 0
| configure:11407: ./conftest
| configure:11407: $? = 0
| configure:11466: gcc -std=gnu99 -o conftest -g -O2   conftest.c  >&5
| configure:11466: $? = 0
| configure:11466: ./conftest
| configure:11466: $? = 0
| configure:11508: gcc -std=gnu99 -o conftest -g -O2   conftest.c  >&5
| configure:11508: $? = 0
| configure:11508: ./conftest
| program: option requires an argument -- 'b'
| configure:11508: $? = 0
| configure:11526: result: yes
| configure:11534: checking for working GNU getopt function
| configure:11755: gcc -std=gnu99 -o conftest -g -O2   conftest.c  >&5
| configure:11755: $? = 0
| configure:11755: ./conftest
| configure:11755: $? = 0
| configure:11771: result: yes
| configure:11776: checking for working GNU getopt_long function
| configure:11821: gcc -std=gnu99 -o conftest -g -O2   conftest.c  >&5
| configure:11821: $? = 0
| configure:11821: ./conftest
| configure:11821: $? = 0
| configure:11832: result: yes
| configure:11858: checking whether getenv is declared
| configure:11858: gcc -std=gnu99 -c -g -O2  conftest.c >&5
| configure:11858: $? = 0
| configure:11858: result: yes
| configure:11996: checking for struct timeval
| configure:12019: gcc -std=gnu99 -c -g -O2  conftest.c >&5
| configure:12019: $? = 0
| configure:12027: result: yes
| configure:12032: checking for wide-enough struct timeval.tv_sec member
| configure:12059: gcc -std=gnu99 -c -g -O2  conftest.c >&5
| configure:12059: $? = 0
| configure:12067: result: yes
| configure:12077: checking whether gettimeofday is declared without a macro
| configure:12099: gcc -std=gnu99 -c -g -O2  conftest.c >&5
| configure:12099: $? = 0
| configure:12107: result: yes
| configure:12123: checking for unsigned long long int
| configure:12171: result: yes
| configure:12181: checking for long long int
| configure:12231: result: yes
| configure:12253: gcc -std=gnu99 -c -g -O2  conftest.c >&5
| conftest.c:190:10: error: unknown type name 'not'
| conftest.c:190:16: error: expected '=', ',', ';', 'asm' or '__attribute__' before 'universal'
| conftest.c:190:16: error: unknown type name 'universal'
| configure:12253: $? = 1
| configure: failed program was:
| | /* confdefs.h */
| | #define PACKAGE_NAME "GNU tar"
| | #define PACKAGE_TARNAME "tar"
| | #define PACKAGE_VERSION "1.28"
| | #define PACKAGE_STRING "GNU tar 1.28"
| | #define PACKAGE_BUGREPORT "bug-tar@gnu.org"
| | #define PACKAGE_URL "http://www.gnu.org/software/tar/"
| | #define PACKAGE "tar"
| | #define VERSION "1.28"
| | #define STDC_HEADERS 1
| | #define HAVE_SYS_TYPES_H 1
| | #define HAVE_SYS_STAT_H 1
| | #define HAVE_STDLIB_H 1
| | #define HAVE_STRING_H 1
| | #define HAVE_MEMORY_H 1
| | #define HAVE_STRINGS_H 1
| | #define HAVE_INTTYPES_H 1
| | #define HAVE_STDINT_H 1
| | #define HAVE_UNISTD_H 1
| | #define __EXTENSIONS__ 1
| | #define _ALL_SOURCE 1
| | #define _DARWIN_C_SOURCE 1
| | #define _GNU_SOURCE 1
| | #define _POSIX_PTHREAD_SEMANTICS 1
| | #define _TANDEM_SOURCE 1
| | #define HAVE_FSEEKO 1
| | #define _DARWIN_USE_64_BIT_INODE 1
| | #define _DARWIN_USE_64_BIT_INODE 1
| | #define HAVE_FCNTL_H 1
| | #define HAVE_LINUX_FD_H 1
| | #define HAVE_MEMORY_H 1
| | #define HAVE_SGTTY_H 1
| | #define HAVE_STRING_H 1
| | #define HAVE_SYS_PARAM_H 1
| | #define HAVE_SYS_MTIO_H 1
| | #define HAVE_SYS_TIME_H 1
| | #define HAVE_UNISTD_H 1
| | #define HAVE_LOCALE_H 1
| | #define HAVE_FEATURES_H 1
| | #define HAVE_SYS_SOCKET_H 1
| | #define HAVE_DIRENT_H 1
| | #define HAVE_WCTYPE_H 1
| | #define HAVE_STDIO_EXT_H 1
| | #define HAVE_SYS_STAT_H 1
| | #define HAVE_GETOPT_H 1
| | #define HAVE_WCHAR_H 1
| | #define HAVE_STDINT_H 1
| | #define HAVE_INTTYPES_H 1
| | #define HAVE_LANGINFO_H 1
| | #define HAVE_XLOCALE_H 1
| | #define HAVE_SYS_MMAN_H 1
| | #define HAVE_MALLOC_H 1
| | #define HAVE_STRINGS_H 1
| | #define HAVE_SYSEXITS_H 1
| | #define HAVE_UTIME_H 1
| | #define HAVE_NETDB_H 1
| | #define HAVE_SYS_WAIT_H 1
| | #define HAVE_PWD_H 1
| | #define HAVE_GRP_H 1
| | #define major_t int
| | #define minor_t int
| | #define HAVE_ALLOCA_H 1
| | #define HAVE_ALLOCA 1
| | #define restrict __restrict
| | #define HAVE_DECL_CLEARERR_UNLOCKED 1
| | #define HAVE_DECL_FEOF_UNLOCKED 1
| | #define HAVE_DECL_FERROR_UNLOCKED 1
| | #define HAVE_DECL_FFLUSH_UNLOCKED 1
| | #define HAVE_DECL_FGETS_UNLOCKED 1
| | #define HAVE_DECL_FPUTC_UNLOCKED 1
| | #define HAVE_DECL_FPUTS_UNLOCKED 1
| | #define HAVE_DECL_FREAD_UNLOCKED 1
| | #define HAVE_DECL_FWRITE_UNLOCKED 1
| | #define HAVE_DECL_GETC_UNLOCKED 1
| | #define HAVE_DECL_GETCHAR_UNLOCKED 1
| | #define HAVE_DECL_PUTC_UNLOCKED 1
| | #define HAVE_DECL_PUTCHAR_UNLOCKED 1
| | #define HAVE_FLOCKFILE 1
| | #define HAVE_FUNLOCKFILE 1
| | #define HAVE_PATHCONF 1
| | #define HAVE_BTOWC 1
| | #define HAVE_CANONICALIZE_FILE_NAME 1
| | #define HAVE_GETCWD 1
| | #define HAVE_READLINK 1
| | #define HAVE_REALPATH 1
| | #define HAVE_READLINKAT 1
| | #define HAVE_CHOWN 1
| | #define HAVE_FCHOWN 1
| | #define HAVE_FCHDIR 1
| | #define HAVE_FDOPENDIR 1
| | #define HAVE_FACCESSAT 1
| | #define HAVE_FCHMODAT 1
| | #define HAVE_FCNTL 1
| | #define HAVE_SYMLINK 1
| | #define HAVE_MEMPCPY 1
| | #define HAVE_ISBLANK 1
| | #define HAVE_ISWCTYPE 1
| | #define HAVE_MBSRTOWCS 1
| | #define HAVE_WMEMCHR 1
| | #define HAVE_WMEMCPY 1
| | #define HAVE_WMEMPCPY 1
| | #define HAVE_FSTATAT 1
| | #define HAVE_FUTIMENS 1
| | #define HAVE_GETDELIM 1
| | #define HAVE_GETDTABLESIZE 1
| | #define HAVE_GETTIMEOFDAY 1
| | #define HAVE_ISWCNTRL 1
| | #define HAVE_ISWBLANK 1
| | #define HAVE_LINK 1
| | #define HAVE_OPENAT 1
| | #define HAVE_LINKAT 1
| | #define HAVE_LSTAT 1
| | #define HAVE_MBSINIT 1
| | #define HAVE_MBRTOWC 1
| | #define HAVE_MPROTECT 1
| | #define HAVE_MKDIRAT 1
| | #define HAVE_MKFIFO 1
| | #define HAVE_MKFIFOAT 1
| | #define HAVE_MKNODAT 1
| | #define HAVE_MKNOD 1
| | #define HAVE_NL_LANGINFO 1
| | #define HAVE_POSIX_OPENPT 1
| | #define HAVE_PTSNAME_R 1
| | #define HAVE_FCHMOD 1
| | #define HAVE_RENAMEAT 1
| | #define HAVE_SECURE_GETENV 1
| | #define HAVE_SETENV 1
| | #define HAVE_SLEEP 1
| | #define HAVE_SNPRINTF 1
| | #define HAVE_STRDUP 1
| | #define HAVE_TZSET 1
| | #define HAVE_STRNDUP 1
| | #define HAVE_STRTOIMAX 1
| | #define HAVE_STRTOUMAX 1
| | #define HAVE_SYMLINKAT 1
| | #define HAVE_LOCALTIME_R 1
| | #define HAVE_PIPE 1
| | #define HAVE_UNLINKAT 1
| | #define HAVE_FUTIMES 1
| | #define HAVE_FUTIMESAT 1
| | #define HAVE_UTIMENSAT 1
| | #define HAVE_LUTIMES 1
| | #define HAVE_WCRTOMB 1
| | #define HAVE_WCWIDTH 1
| | #define HAVE_SETLOCALE 1
| | #define HAVE_FSYNC 1
| | #define HAVE_GRANTPT 1
| | #define D_INO_IN_DIRENT 1
| | #define HAVE_LONG_FILE_NAMES 1
| | #define HAVE_LANGINFO_CODESET 1
| | #define FUNC_REALPATH_WORKS 1
| | #define HAVE_UNISTD_H 1
| | #define HAVE_CHOWN 1
| | #define HAVE_ENVIRON_DECL 1
| | #define HAVE_DECL_STRERROR_R 1
| | #define HAVE_STRERROR_R 1
| | #define STRERROR_R_CHAR_P 1
| | #define GETGROUPS_T gid_t
| | #define HAVE_DECL_FCHDIR 1
| | #define HAVE_WORKING_O_NOATIME 1
| | #define HAVE_WORKING_O_NOFOLLOW 1
| | #define HAVE_MBSTATE_T 1
| | #define HAVE_DECL_FSEEKO 1
| | #define HAVE_RAW_DECL_FCHMODAT 1
| | #define HAVE_RAW_DECL_FSTAT 1
| | #define HAVE_RAW_DECL_FSTATAT 1
| | #define HAVE_RAW_DECL_FUTIMENS 1
| | #define HAVE_RAW_DECL_LCHMOD 1
| | #define HAVE_RAW_DECL_LSTAT 1
| | #define HAVE_RAW_DECL_MKDIRAT 1
| | #define HAVE_RAW_DECL_MKFIFO 1
| | #define HAVE_RAW_DECL_MKFIFOAT 1
| | #define HAVE_RAW_DECL_MKNOD 1
| | #define HAVE_RAW_DECL_MKNODAT 1
| | #define HAVE_RAW_DECL_STAT 1
| | #define HAVE_RAW_DECL_UTIMENSAT 1
| | #define LSTAT_FOLLOWS_SLASHED_SYMLINK 1
| | #define HAVE_DECL_GETCWD 1
| | #define HAVE_DECL_GETDELIM 1
| | #define HAVE_DECL_GETLINE 1
| | #define HAVE_GETOPT_H 1
| | #define HAVE_GETOPT_LONG_ONLY 1
| | #define __GETOPT_PREFIX rpl_
| | #define HAVE_DECL_GETENV 1
| | #define HAVE_RAW_DECL_GETTIMEOFDAY 1
| | #define HAVE_UNSIGNED_LONG_LONG_INT 1
| | #define HAVE_LONG_LONG_INT 1
| | /* end confdefs.h.  */
| | #ifndef __APPLE_CC__
| |          not a universal capable compiler
| |         #endif
| |         typedef int dummy;
| | 
| configure:12410: checking whether stdint.h conforms to C99
| configure:12579: gcc -std=gnu99 -c -g -O2  conftest.c >&5
| configure:12579: $? = 0
| configure:12659: gcc -std=gnu99 -o conftest -g -O2   conftest.c  >&5
| configure:12659: $? = 0
| configure:12659: ./conftest
| configure:12659: $? = 0
| configure:12671: result: yes
| configure:13123: checking whether imaxabs is declared without a macro
| configure:13141: gcc -std=gnu99 -c -g -O2  conftest.c >&5
| configure:13141: $? = 0
| configure:13149: result: yes
| configure:13123: checking whether imaxdiv is declared without a macro
| configure:13141: gcc -std=gnu99 -c -g -O2  conftest.c >&5
| configure:13141: $? = 0
| configure:13149: result: yes
| configure:13123: checking whether strtoimax is declared without a macro
| configure:13141: gcc -std=gnu99 -c -g -O2  conftest.c >&5
| configure:13141: $? = 0
| configure:13149: result: yes
| configure:13123: checking whether strtoumax is declared without a macro
| configure:13141: gcc -std=gnu99 -c -g -O2  conftest.c >&5
| configure:13141: $? = 0
| configure:13149: result: yes
| configure:13164: checking for inttypes.h
| configure:13164: result: yes
| configure:13175: checking whether the inttypes.h PRIxNN macros are broken
| configure:13197: gcc -std=gnu99 -c -g -O2  conftest.c >&5
| configure:13197: $? = 0
| configure:13205: result: no
| configure:13234: checking for wint_t
| configure:13259: gcc -std=gnu99 -c -g -O2  conftest.c >&5
| configure:13259: $? = 0
| configure:13266: result: yes
| configure:13374: checking whether iswcntrl works
| configure:13418: gcc -std=gnu99 -o conftest -g -O2   conftest.c  >&5
| configure:13418: $? = 0
| configure:13418: ./conftest
| configure:13418: $? = 0
| configure:13429: result: yes
| configure:13453: checking for towlower
| configure:13453: gcc -std=gnu99 -o conftest -g -O2   conftest.c  >&5
| conftest.c:218:6: warning: conflicting types for built-in function 'towlower' [enabled by default]
| configure:13453: $? = 0
| configure:13453: result: yes
| configure:13501: checking for wctype_t
| configure:13529: gcc -std=gnu99 -c -g -O2  conftest.c >&5
| configure:13529: $? = 0
| configure:13537: result: yes
| configure:13543: checking for wctrans_t
| configure:13569: gcc -std=gnu99 -c -g -O2  conftest.c >&5
| configure:13569: $? = 0
| configure:13577: result: yes
| configure:13586: checking whether wctype is declared without a macro
| configure:13615: gcc -std=gnu99 -c -g -O2  conftest.c >&5
| configure:13615: $? = 0
| configure:13623: result: yes
| configure:13586: checking whether iswctype is declared without a macro
| configure:13615: gcc -std=gnu99 -c -g -O2  conftest.c >&5
| configure:13615: $? = 0
| configure:13623: result: yes
| configure:13586: checking whether wctrans is declared without a macro
| configure:13615: gcc -std=gnu99 -c -g -O2  conftest.c >&5
| configure:13615: $? = 0
| configure:13623: result: yes
| configure:13586: checking whether towctrans is declared without a macro
| configure:13615: gcc -std=gnu99 -c -g -O2  conftest.c >&5
| configure:13615: $? = 0
| configure:13623: result: yes
| configure:13669: checking whether we are using the GNU C Library >= 2.1 or uClibc
| configure:13699: result: yes
| configure:13720: checking for wchar_t
| configure:13737: gcc -std=gnu99 -c -g -O2  conftest.c >&5
| configure:13737: $? = 0
| configure:13744: result: yes
| configure:13760: checking whether NULL can be used in arbitrary expressions
| configure:13778: gcc -std=gnu99 -c -g -O2  conftest.c >&5
| configure:13778: $? = 0
| configure:13785: result: yes
| configure:13879: checking whether malloc, realloc, calloc are POSIX compliant
| configure:13899: gcc -std=gnu99 -c -g -O2  conftest.c >&5
| configure:13899: $? = 0
| configure:13907: result: yes
| configure:13914: checking for stdlib.h
| configure:13914: result: yes
| configure:13924: checking for GNU libc compatible malloc
| configure:13957: gcc -std=gnu99 -o conftest -g -O2   conftest.c  >&5
| configure:13957: $? = 0
| configure:13957: ./conftest
| configure:13957: $? = 0
| configure:13968: result: yes
| configure:13989: checking for a traditional japanese locale
| configure:14059: gcc -std=gnu99 -o conftest -g -O2   conftest.c  >&5
| configure:14062: $? = 0
| configure:14120: result: none
| configure:14128: checking for a transitional chinese locale
| configure:14199: gcc -std=gnu99 -o conftest -g -O2   conftest.c  >&5
| configure:14202: $? = 0
| configure:14253: result: none
| configure:14260: checking for a french Unicode locale
| configure:14332: gcc -std=gnu99 -o conftest -g -O2   conftest.c  >&5
| configure:14335: $? = 0
| configure:14381: result: none
| configure:14472: checking for mmap
| configure:14472: gcc -std=gnu99 -o conftest -g -O2   conftest.c  >&5
| configure:14472: $? = 0
| configure:14472: result: yes
| configure:14483: checking for MAP_ANONYMOUS
| configure:14520: result: yes
| configure:14542: checking whether memchr works
| configure:14605: gcc -std=gnu99 -o conftest -g -O2   conftest.c  >&5
| configure:14605: $? = 0
| configure:14605: ./conftest
| configure:14605: $? = 0
| configure:14615: result: yes
| configure:14622: checking whether memrchr is declared
| configure:14622: gcc -std=gnu99 -c -g -O2  conftest.c >&5
| configure:14622: $? = 0
| configure:14622: result: yes
| configure:14662: checking whether alarm is declared
| configure:14662: gcc -std=gnu99 -c -g -O2  conftest.c >&5
| configure:14662: $? = 0
| configure:14662: result: yes
| configure:14677: checking for promoted mode_t type
| configure:14694: gcc -std=gnu99 -c -g -O2  conftest.c >&5
| conftest.c: In function 'main':
| conftest.c:210:13: error: size of array 'array' is negative
| configure:14694: $? = 1
| configure: failed program was:
| | /* confdefs.h */
| | #define PACKAGE_NAME "GNU tar"
| | #define PACKAGE_TARNAME "tar"
| | #define PACKAGE_VERSION "1.28"
| | #define PACKAGE_STRING "GNU tar 1.28"
| | #define PACKAGE_BUGREPORT "bug-tar@gnu.org"
| | #define PACKAGE_URL "http://www.gnu.org/software/tar/"
| | #define PACKAGE "tar"
| | #define VERSION "1.28"
| | #define STDC_HEADERS 1
| | #define HAVE_SYS_TYPES_H 1
| | #define HAVE_SYS_STAT_H 1
| | #define HAVE_STDLIB_H 1
| | #define HAVE_STRING_H 1
| | #define HAVE_MEMORY_H 1
| | #define HAVE_STRINGS_H 1
| | #define HAVE_INTTYPES_H 1
| | #define HAVE_STDINT_H 1
| | #define HAVE_UNISTD_H 1
| | #define __EXTENSIONS__ 1
| | #define _ALL_SOURCE 1
| | #define _DARWIN_C_SOURCE 1
| | #define _GNU_SOURCE 1
| | #define _POSIX_PTHREAD_SEMANTICS 1
| | #define _TANDEM_SOURCE 1
| | #define HAVE_FSEEKO 1
| | #define _DARWIN_USE_64_BIT_INODE 1
| | #define _DARWIN_USE_64_BIT_INODE 1
| | #define HAVE_FCNTL_H 1
| | #define HAVE_LINUX_FD_H 1
| | #define HAVE_MEMORY_H 1
| | #define HAVE_SGTTY_H 1
| | #define HAVE_STRING_H 1
| | #define HAVE_SYS_PARAM_H 1
| | #define HAVE_SYS_MTIO_H 1
| | #define HAVE_SYS_TIME_H 1
| | #define HAVE_UNISTD_H 1
| | #define HAVE_LOCALE_H 1
| | #define HAVE_FEATURES_H 1
| | #define HAVE_SYS_SOCKET_H 1
| | #define HAVE_DIRENT_H 1
| | #define HAVE_WCTYPE_H 1
| | #define HAVE_STDIO_EXT_H 1
| | #define HAVE_SYS_STAT_H 1
| | #define HAVE_GETOPT_H 1
| | #define HAVE_WCHAR_H 1
| | #define HAVE_STDINT_H 1
| | #define HAVE_INTTYPES_H 1
| | #define HAVE_LANGINFO_H 1
| | #define HAVE_XLOCALE_H 1
| | #define HAVE_SYS_MMAN_H 1
| | #define HAVE_MALLOC_H 1
| | #define HAVE_STRINGS_H 1
| | #define HAVE_SYSEXITS_H 1
| | #define HAVE_UTIME_H 1
| | #define HAVE_NETDB_H 1
| | #define HAVE_SYS_WAIT_H 1
| | #define HAVE_PWD_H 1
| | #define HAVE_GRP_H 1
| | #define major_t int
| | #define minor_t int
| | #define HAVE_ALLOCA_H 1
| | #define HAVE_ALLOCA 1
| | #define restrict __restrict
| | #define HAVE_DECL_CLEARERR_UNLOCKED 1
| | #define HAVE_DECL_FEOF_UNLOCKED 1
| | #define HAVE_DECL_FERROR_UNLOCKED 1
| | #define HAVE_DECL_FFLUSH_UNLOCKED 1
| | #define HAVE_DECL_FGETS_UNLOCKED 1
| | #define HAVE_DECL_FPUTC_UNLOCKED 1
| | #define HAVE_DECL_FPUTS_UNLOCKED 1
| | #define HAVE_DECL_FREAD_UNLOCKED 1
| | #define HAVE_DECL_FWRITE_UNLOCKED 1
| | #define HAVE_DECL_GETC_UNLOCKED 1
| | #define HAVE_DECL_GETCHAR_UNLOCKED 1
| | #define HAVE_DECL_PUTC_UNLOCKED 1
| | #define HAVE_DECL_PUTCHAR_UNLOCKED 1
| | #define HAVE_FLOCKFILE 1
| | #define HAVE_FUNLOCKFILE 1
| | #define HAVE_PATHCONF 1
| | #define HAVE_BTOWC 1
| | #define HAVE_CANONICALIZE_FILE_NAME 1
| | #define HAVE_GETCWD 1
| | #define HAVE_READLINK 1
| | #define HAVE_REALPATH 1
| | #define HAVE_READLINKAT 1
| | #define HAVE_CHOWN 1
| | #define HAVE_FCHOWN 1
| | #define HAVE_FCHDIR 1
| | #define HAVE_FDOPENDIR 1
| | #define HAVE_FACCESSAT 1
| | #define HAVE_FCHMODAT 1
| | #define HAVE_FCNTL 1
| | #define HAVE_SYMLINK 1
| | #define HAVE_MEMPCPY 1
| | #define HAVE_ISBLANK 1
| | #define HAVE_ISWCTYPE 1
| | #define HAVE_MBSRTOWCS 1
| | #define HAVE_WMEMCHR 1
| | #define HAVE_WMEMCPY 1
| | #define HAVE_WMEMPCPY 1
| | #define HAVE_FSTATAT 1
| | #define HAVE_FUTIMENS 1
| | #define HAVE_GETDELIM 1
| | #define HAVE_GETDTABLESIZE 1
| | #define HAVE_GETTIMEOFDAY 1
| | #define HAVE_ISWCNTRL 1
| | #define HAVE_ISWBLANK 1
| | #define HAVE_LINK 1
| | #define HAVE_OPENAT 1
| | #define HAVE_LINKAT 1
| | #define HAVE_LSTAT 1
| | #define HAVE_MBSINIT 1
| | #define HAVE_MBRTOWC 1
| | #define HAVE_MPROTECT 1
| | #define HAVE_MKDIRAT 1
| | #define HAVE_MKFIFO 1
| | #define HAVE_MKFIFOAT 1
| | #define HAVE_MKNODAT 1
| | #define HAVE_MKNOD 1
| | #define HAVE_NL_LANGINFO 1
| | #define HAVE_POSIX_OPENPT 1
| | #define HAVE_PTSNAME_R 1
| | #define HAVE_FCHMOD 1
| | #define HAVE_RENAMEAT 1
| | #define HAVE_SECURE_GETENV 1
| | #define HAVE_SETENV 1
| | #define HAVE_SLEEP 1
| | #define HAVE_SNPRINTF 1
| | #define HAVE_STRDUP 1
| | #define HAVE_TZSET 1
| | #define HAVE_STRNDUP 1
| | #define HAVE_STRTOIMAX 1
| | #define HAVE_STRTOUMAX 1
| | #define HAVE_SYMLINKAT 1
| | #define HAVE_LOCALTIME_R 1
| | #define HAVE_PIPE 1
| | #define HAVE_UNLINKAT 1
| | #define HAVE_FUTIMES 1
| | #define HAVE_FUTIMESAT 1
| | #define HAVE_UTIMENSAT 1
| | #define HAVE_LUTIMES 1
| | #define HAVE_WCRTOMB 1
| | #define HAVE_WCWIDTH 1
| | #define HAVE_SETLOCALE 1
| | #define HAVE_FSYNC 1
| | #define HAVE_GRANTPT 1
| | #define D_INO_IN_DIRENT 1
| | #define HAVE_LONG_FILE_NAMES 1
| | #define HAVE_LANGINFO_CODESET 1
| | #define FUNC_REALPATH_WORKS 1
| | #define HAVE_UNISTD_H 1
| | #define HAVE_CHOWN 1
| | #define HAVE_ENVIRON_DECL 1
| | #define HAVE_DECL_STRERROR_R 1
| | #define HAVE_STRERROR_R 1
| | #define STRERROR_R_CHAR_P 1
| | #define GETGROUPS_T gid_t
| | #define HAVE_DECL_FCHDIR 1
| | #define HAVE_WORKING_O_NOATIME 1
| | #define HAVE_WORKING_O_NOFOLLOW 1
| | #define HAVE_MBSTATE_T 1
| | #define HAVE_DECL_FSEEKO 1
| | #define HAVE_RAW_DECL_FCHMODAT 1
| | #define HAVE_RAW_DECL_FSTAT 1
| | #define HAVE_RAW_DECL_FSTATAT 1
| | #define HAVE_RAW_DECL_FUTIMENS 1
| | #define HAVE_RAW_DECL_LCHMOD 1
| | #define HAVE_RAW_DECL_LSTAT 1
| | #define HAVE_RAW_DECL_MKDIRAT 1
| | #define HAVE_RAW_DECL_MKFIFO 1
| | #define HAVE_RAW_DECL_MKFIFOAT 1
| | #define HAVE_RAW_DECL_MKNOD 1
| | #define HAVE_RAW_DECL_MKNODAT 1
| | #define HAVE_RAW_DECL_STAT 1
| | #define HAVE_RAW_DECL_UTIMENSAT 1
| | #define LSTAT_FOLLOWS_SLASHED_SYMLINK 1
| | #define HAVE_DECL_GETCWD 1
| | #define HAVE_DECL_GETDELIM 1
| | #define HAVE_DECL_GETLINE 1
| | #define HAVE_GETOPT_H 1
| | #define HAVE_GETOPT_LONG_ONLY 1
| | #define __GETOPT_PREFIX rpl_
| | #define HAVE_DECL_GETENV 1
| | #define HAVE_RAW_DECL_GETTIMEOFDAY 1
| | #define HAVE_UNSIGNED_LONG_LONG_INT 1
| | #define HAVE_LONG_LONG_INT 1
| | #define HAVE_RAW_DECL_IMAXABS 1
| | #define HAVE_RAW_DECL_IMAXDIV 1
| | #define HAVE_RAW_DECL_STRTOIMAX 1
| | #define HAVE_RAW_DECL_STRTOUMAX 1
| | #define HAVE_INTTYPES_H 1
| | #define HAVE_WINT_T 1
| | #define HAVE_TOWLOWER 1
| | #define HAVE_RAW_DECL_WCTYPE 1
| | #define HAVE_RAW_DECL_ISWCTYPE 1
| | #define HAVE_RAW_DECL_WCTRANS 1
| | #define HAVE_RAW_DECL_TOWCTRANS 1
| | #define HAVE_WCHAR_T 1
| | #define HAVE_STDLIB_H 1
| | #define MALLOC_0_IS_NONNULL 1
| | #define HAVE_MAP_ANONYMOUS 1
| | #define HAVE_DECL_MEMRCHR 1
| | #define HAVE_DECL_ALARM 1
| | /* end confdefs.h.  */
| | #include <sys/types.h>
| | int
| | main ()
| | {
| | typedef int array[2 * (sizeof (mode_t) < sizeof (int)) - 1];
| |   ;
| |   return 0;
| | }
| configure:14702: result: mode_t
| configure:14710: checking for stdbool.h that conforms to C99
| configure:14777: gcc -std=gnu99 -c -g -O2  conftest.c >&5
| configure:14777: $? = 0
| configure:14784: result: yes
| configure:14786: checking for _Bool
| configure:14786: gcc -std=gnu99 -c -g -O2  conftest.c >&5
| configure:14786: $? = 0
| configure:14786: gcc -std=gnu99 -c -g -O2  conftest.c >&5
| conftest.c: In function 'main':
| conftest.c:243:20: error: expected expression before ')' token
| configure:14786: $? = 1
| configure: failed program was:
| | /* confdefs.h */
| | #define PACKAGE_NAME "GNU tar"
| | #define PACKAGE_TARNAME "tar"
| | #define PACKAGE_VERSION "1.28"
| | #define PACKAGE_STRING "GNU tar 1.28"
| | #define PACKAGE_BUGREPORT "bug-tar@gnu.org"
| | #define PACKAGE_URL "http://www.gnu.org/software/tar/"
| | #define PACKAGE "tar"
| | #define VERSION "1.28"
| | #define STDC_HEADERS 1
| | #define HAVE_SYS_TYPES_H 1
| | #define HAVE_SYS_STAT_H 1
| | #define HAVE_STDLIB_H 1
| | #define HAVE_STRING_H 1
| | #define HAVE_MEMORY_H 1
| | #define HAVE_STRINGS_H 1
| | #define HAVE_INTTYPES_H 1
| | #define HAVE_STDINT_H 1
| | #define HAVE_UNISTD_H 1
| | #define __EXTENSIONS__ 1
| | #define _ALL_SOURCE 1
| | #define _DARWIN_C_SOURCE 1
| | #define _GNU_SOURCE 1
| | #define _POSIX_PTHREAD_SEMANTICS 1
| | #define _TANDEM_SOURCE 1
| | #define HAVE_FSEEKO 1
| | #define _DARWIN_USE_64_BIT_INODE 1
| | #define _DARWIN_USE_64_BIT_INODE 1
| | #define HAVE_FCNTL_H 1
| | #define HAVE_LINUX_FD_H 1
| | #define HAVE_MEMORY_H 1
| | #define HAVE_SGTTY_H 1
| | #define HAVE_STRING_H 1
| | #define HAVE_SYS_PARAM_H 1
| | #define HAVE_SYS_MTIO_H 1
| | #define HAVE_SYS_TIME_H 1
| | #define HAVE_UNISTD_H 1
| | #define HAVE_LOCALE_H 1
| | #define HAVE_FEATURES_H 1
| | #define HAVE_SYS_SOCKET_H 1
| | #define HAVE_DIRENT_H 1
| | #define HAVE_WCTYPE_H 1
| | #define HAVE_STDIO_EXT_H 1
| | #define HAVE_SYS_STAT_H 1
| | #define HAVE_GETOPT_H 1
| | #define HAVE_WCHAR_H 1
| | #define HAVE_STDINT_H 1
| | #define HAVE_INTTYPES_H 1
| | #define HAVE_LANGINFO_H 1
| | #define HAVE_XLOCALE_H 1
| | #define HAVE_SYS_MMAN_H 1
| | #define HAVE_MALLOC_H 1
| | #define HAVE_STRINGS_H 1
| | #define HAVE_SYSEXITS_H 1
| | #define HAVE_UTIME_H 1
| | #define HAVE_NETDB_H 1
| | #define HAVE_SYS_WAIT_H 1
| | #define HAVE_PWD_H 1
| | #define HAVE_GRP_H 1
| | #define major_t int
| | #define minor_t int
| | #define HAVE_ALLOCA_H 1
| | #define HAVE_ALLOCA 1
| | #define restrict __restrict
| | #define HAVE_DECL_CLEARERR_UNLOCKED 1
| | #define HAVE_DECL_FEOF_UNLOCKED 1
| | #define HAVE_DECL_FERROR_UNLOCKED 1
| | #define HAVE_DECL_FFLUSH_UNLOCKED 1
| | #define HAVE_DECL_FGETS_UNLOCKED 1
| | #define HAVE_DECL_FPUTC_UNLOCKED 1
| | #define HAVE_DECL_FPUTS_UNLOCKED 1
| | #define HAVE_DECL_FREAD_UNLOCKED 1
| | #define HAVE_DECL_FWRITE_UNLOCKED 1
| | #define HAVE_DECL_GETC_UNLOCKED 1
| | #define HAVE_DECL_GETCHAR_UNLOCKED 1
| | #define HAVE_DECL_PUTC_UNLOCKED 1
| | #define HAVE_DECL_PUTCHAR_UNLOCKED 1
| | #define HAVE_FLOCKFILE 1
| | #define HAVE_FUNLOCKFILE 1
| | #define HAVE_PATHCONF 1
| | #define HAVE_BTOWC 1
| | #define HAVE_CANONICALIZE_FILE_NAME 1
| | #define HAVE_GETCWD 1
| | #define HAVE_READLINK 1
| | #define HAVE_REALPATH 1
| | #define HAVE_READLINKAT 1
| | #define HAVE_CHOWN 1
| | #define HAVE_FCHOWN 1
| | #define HAVE_FCHDIR 1
| | #define HAVE_FDOPENDIR 1
| | #define HAVE_FACCESSAT 1
| | #define HAVE_FCHMODAT 1
| | #define HAVE_FCNTL 1
| | #define HAVE_SYMLINK 1
| | #define HAVE_MEMPCPY 1
| | #define HAVE_ISBLANK 1
| | #define HAVE_ISWCTYPE 1
| | #define HAVE_MBSRTOWCS 1
| | #define HAVE_WMEMCHR 1
| | #define HAVE_WMEMCPY 1
| | #define HAVE_WMEMPCPY 1
| | #define HAVE_FSTATAT 1
| | #define HAVE_FUTIMENS 1
| | #define HAVE_GETDELIM 1
| | #define HAVE_GETDTABLESIZE 1
| | #define HAVE_GETTIMEOFDAY 1
| | #define HAVE_ISWCNTRL 1
| | #define HAVE_ISWBLANK 1
| | #define HAVE_LINK 1
| | #define HAVE_OPENAT 1
| | #define HAVE_LINKAT 1
| | #define HAVE_LSTAT 1
| | #define HAVE_MBSINIT 1
| | #define HAVE_MBRTOWC 1
| | #define HAVE_MPROTECT 1
| | #define HAVE_MKDIRAT 1
| | #define HAVE_MKFIFO 1
| | #define HAVE_MKFIFOAT 1
| | #define HAVE_MKNODAT 1
| | #define HAVE_MKNOD 1
| | #define HAVE_NL_LANGINFO 1
| | #define HAVE_POSIX_OPENPT 1
| | #define HAVE_PTSNAME_R 1
| | #define HAVE_FCHMOD 1
| | #define HAVE_RENAMEAT 1
| | #define HAVE_SECURE_GETENV 1
| | #define HAVE_SETENV 1
| | #define HAVE_SLEEP 1
| | #define HAVE_SNPRINTF 1
| | #define HAVE_STRDUP 1
| | #define HAVE_TZSET 1
| | #define HAVE_STRNDUP 1
| | #define HAVE_STRTOIMAX 1
| | #define HAVE_STRTOUMAX 1
| | #define HAVE_SYMLINKAT 1
| | #define HAVE_LOCALTIME_R 1
| | #define HAVE_PIPE 1
| | #define HAVE_UNLINKAT 1
| | #define HAVE_FUTIMES 1
| | #define HAVE_FUTIMESAT 1
| | #define HAVE_UTIMENSAT 1
| | #define HAVE_LUTIMES 1
| | #define HAVE_WCRTOMB 1
| | #define HAVE_WCWIDTH 1
| | #define HAVE_SETLOCALE 1
| | #define HAVE_FSYNC 1
| | #define HAVE_GRANTPT 1
| | #define D_INO_IN_DIRENT 1
| | #define HAVE_LONG_FILE_NAMES 1
| | #define HAVE_LANGINFO_CODESET 1
| | #define FUNC_REALPATH_WORKS 1
| | #define HAVE_UNISTD_H 1
| | #define HAVE_CHOWN 1
| | #define HAVE_ENVIRON_DECL 1
| | #define HAVE_DECL_STRERROR_R 1
| | #define HAVE_STRERROR_R 1
| | #define STRERROR_R_CHAR_P 1
| | #define GETGROUPS_T gid_t
| | #define HAVE_DECL_FCHDIR 1
| | #define HAVE_WORKING_O_NOATIME 1
| | #define HAVE_WORKING_O_NOFOLLOW 1
| | #define HAVE_MBSTATE_T 1
| | #define HAVE_DECL_FSEEKO 1
| | #define HAVE_RAW_DECL_FCHMODAT 1
| | #define HAVE_RAW_DECL_FSTAT 1
| | #define HAVE_RAW_DECL_FSTATAT 1
| | #define HAVE_RAW_DECL_FUTIMENS 1
| | #define HAVE_RAW_DECL_LCHMOD 1
| | #define HAVE_RAW_DECL_LSTAT 1
| | #define HAVE_RAW_DECL_MKDIRAT 1
| | #define HAVE_RAW_DECL_MKFIFO 1
| | #define HAVE_RAW_DECL_MKFIFOAT 1
| | #define HAVE_RAW_DECL_MKNOD 1
| | #define HAVE_RAW_DECL_MKNODAT 1
| | #define HAVE_RAW_DECL_STAT 1
| | #define HAVE_RAW_DECL_UTIMENSAT 1
| | #define LSTAT_FOLLOWS_SLASHED_SYMLINK 1
| | #define HAVE_DECL_GETCWD 1
| | #define HAVE_DECL_GETDELIM 1
| | #define HAVE_DECL_GETLINE 1
| | #define HAVE_GETOPT_H 1
| | #define HAVE_GETOPT_LONG_ONLY 1
| | #define __GETOPT_PREFIX rpl_
| | #define HAVE_DECL_GETENV 1
| | #define HAVE_RAW_DECL_GETTIMEOFDAY 1
| | #define HAVE_UNSIGNED_LONG_LONG_INT 1
| | #define HAVE_LONG_LONG_INT 1
| | #define HAVE_RAW_DECL_IMAXABS 1
| | #define HAVE_RAW_DECL_IMAXDIV 1
| | #define HAVE_RAW_DECL_STRTOIMAX 1
| | #define HAVE_RAW_DECL_STRTOUMAX 1
| | #define HAVE_INTTYPES_H 1
| | #define HAVE_WINT_T 1
| | #define HAVE_TOWLOWER 1
| | #define HAVE_RAW_DECL_WCTYPE 1
| | #define HAVE_RAW_DECL_ISWCTYPE 1
| | #define HAVE_RAW_DECL_WCTRANS 1
| | #define HAVE_RAW_DECL_TOWCTRANS 1
| | #define HAVE_WCHAR_T 1
| | #define HAVE_STDLIB_H 1
| | #define MALLOC_0_IS_NONNULL 1
| | #define HAVE_MAP_ANONYMOUS 1
| | #define HAVE_DECL_MEMRCHR 1
| | #define HAVE_DECL_ALARM 1
| | #define PROMOTED_MODE_T mode_t
| | /* end confdefs.h.  */
| | #include <stdio.h>
| | #ifdef HAVE_SYS_TYPES_H
| | # include <sys/types.h>
| | #endif
| | #ifdef HAVE_SYS_STAT_H
| | # include <sys/stat.h>
| | #endif
| | #ifdef STDC_HEADERS
| | # include <stdlib.h>
| | # include <stddef.h>
| | #else
| | # ifdef HAVE_STDLIB_H
| | #  include <stdlib.h>
| | # endif
| | #endif
| | #ifdef HAVE_STRING_H
| | # if !defined STDC_HEADERS && defined HAVE_MEMORY_H
| | #  include <memory.h>
| | # endif
| | # include <string.h>
| | #endif
| | #ifdef HAVE_STRINGS_H
| | # include <strings.h>
| | #endif
| | #ifdef HAVE_INTTYPES_H
| | # include <inttypes.h>
| | #endif
| | #ifdef HAVE_STDINT_H
| | # include <stdint.h>
| | #endif
| | #ifdef HAVE_UNISTD_H
| | # include <unistd.h>
| | #endif
| | int
| | main ()
| | {
| | if (sizeof ((_Bool)))
| | 	    return 0;
| |   ;
| |   return 0;
| | }
| configure:14786: result: yes
| configure:14829: checking for compound literals
| configure:14846: gcc -std=gnu99 -c -g -O2  conftest.c >&5
| configure:14846: $? = 0
| configure:14853: result: yes
| configure:14861: checking whether struct tm is in sys/time.h or time.h
| configure:14881: gcc -std=gnu99 -c -g -O2  conftest.c >&5
| configure:14881: $? = 0
| configure:14888: result: time.h
| configure:14897: checking for struct tm.tm_gmtoff
| configure:14897: gcc -std=gnu99 -c -g -O2  conftest.c >&5
| configure:14897: $? = 0
| configure:14897: result: yes
| configure:14956: checking for library containing setfilecon
| configure:14987: gcc -std=gnu99 -o conftest -g -O2   conftest.c  >&5
| conftest.c:221: error: undefined reference to 'setfilecon'
| collect2: error: ld returned 1 exit status
| configure:14987: $? = 1
| configure: failed program was:
| | /* confdefs.h */
| | #define PACKAGE_NAME "GNU tar"
| | #define PACKAGE_TARNAME "tar"
| | #define PACKAGE_VERSION "1.28"
| | #define PACKAGE_STRING "GNU tar 1.28"
| | #define PACKAGE_BUGREPORT "bug-tar@gnu.org"
| | #define PACKAGE_URL "http://www.gnu.org/software/tar/"
| | #define PACKAGE "tar"
| | #define VERSION "1.28"
| | #define STDC_HEADERS 1
| | #define HAVE_SYS_TYPES_H 1
| | #define HAVE_SYS_STAT_H 1
| | #define HAVE_STDLIB_H 1
| | #define HAVE_STRING_H 1
| | #define HAVE_MEMORY_H 1
| | #define HAVE_STRINGS_H 1
| | #define HAVE_INTTYPES_H 1
| | #define HAVE_STDINT_H 1
| | #define HAVE_UNISTD_H 1
| | #define __EXTENSIONS__ 1
| | #define _ALL_SOURCE 1
| | #define _DARWIN_C_SOURCE 1
| | #define _GNU_SOURCE 1
| | #define _POSIX_PTHREAD_SEMANTICS 1
| | #define _TANDEM_SOURCE 1
| | #define HAVE_FSEEKO 1
| | #define _DARWIN_USE_64_BIT_INODE 1
| | #define _DARWIN_USE_64_BIT_INODE 1
| | #define HAVE_FCNTL_H 1
| | #define HAVE_LINUX_FD_H 1
| | #define HAVE_MEMORY_H 1
| | #define HAVE_SGTTY_H 1
| | #define HAVE_STRING_H 1
| | #define HAVE_SYS_PARAM_H 1
| | #define HAVE_SYS_MTIO_H 1
| | #define HAVE_SYS_TIME_H 1
| | #define HAVE_UNISTD_H 1
| | #define HAVE_LOCALE_H 1
| | #define HAVE_FEATURES_H 1
| | #define HAVE_SYS_SOCKET_H 1
| | #define HAVE_DIRENT_H 1
| | #define HAVE_WCTYPE_H 1
| | #define HAVE_STDIO_EXT_H 1
| | #define HAVE_SYS_STAT_H 1
| | #define HAVE_GETOPT_H 1
| | #define HAVE_WCHAR_H 1
| | #define HAVE_STDINT_H 1
| | #define HAVE_INTTYPES_H 1
| | #define HAVE_LANGINFO_H 1
| | #define HAVE_XLOCALE_H 1
| | #define HAVE_SYS_MMAN_H 1
| | #define HAVE_MALLOC_H 1
| | #define HAVE_STRINGS_H 1
| | #define HAVE_SYSEXITS_H 1
| | #define HAVE_UTIME_H 1
| | #define HAVE_NETDB_H 1
| | #define HAVE_SYS_WAIT_H 1
| | #define HAVE_PWD_H 1
| | #define HAVE_GRP_H 1
| | #define major_t int
| | #define minor_t int
| | #define HAVE_ALLOCA_H 1
| | #define HAVE_ALLOCA 1
| | #define restrict __restrict
| | #define HAVE_DECL_CLEARERR_UNLOCKED 1
| | #define HAVE_DECL_FEOF_UNLOCKED 1
| | #define HAVE_DECL_FERROR_UNLOCKED 1
| | #define HAVE_DECL_FFLUSH_UNLOCKED 1
| | #define HAVE_DECL_FGETS_UNLOCKED 1
| | #define HAVE_DECL_FPUTC_UNLOCKED 1
| | #define HAVE_DECL_FPUTS_UNLOCKED 1
| | #define HAVE_DECL_FREAD_UNLOCKED 1
| | #define HAVE_DECL_FWRITE_UNLOCKED 1
| | #define HAVE_DECL_GETC_UNLOCKED 1
| | #define HAVE_DECL_GETCHAR_UNLOCKED 1
| | #define HAVE_DECL_PUTC_UNLOCKED 1
| | #define HAVE_DECL_PUTCHAR_UNLOCKED 1
| | #define HAVE_FLOCKFILE 1
| | #define HAVE_FUNLOCKFILE 1
| | #define HAVE_PATHCONF 1
| | #define HAVE_BTOWC 1
| | #define HAVE_CANONICALIZE_FILE_NAME 1
| | #define HAVE_GETCWD 1
| | #define HAVE_READLINK 1
| | #define HAVE_REALPATH 1
| | #define HAVE_READLINKAT 1
| | #define HAVE_CHOWN 1
| | #define HAVE_FCHOWN 1
| | #define HAVE_FCHDIR 1
| | #define HAVE_FDOPENDIR 1
| | #define HAVE_FACCESSAT 1
| | #define HAVE_FCHMODAT 1
| | #define HAVE_FCNTL 1
| | #define HAVE_SYMLINK 1
| | #define HAVE_MEMPCPY 1
| | #define HAVE_ISBLANK 1
| | #define HAVE_ISWCTYPE 1
| | #define HAVE_MBSRTOWCS 1
| | #define HAVE_WMEMCHR 1
| | #define HAVE_WMEMCPY 1
| | #define HAVE_WMEMPCPY 1
| | #define HAVE_FSTATAT 1
| | #define HAVE_FUTIMENS 1
| | #define HAVE_GETDELIM 1
| | #define HAVE_GETDTABLESIZE 1
| | #define HAVE_GETTIMEOFDAY 1
| | #define HAVE_ISWCNTRL 1
| | #define HAVE_ISWBLANK 1
| | #define HAVE_LINK 1
| | #define HAVE_OPENAT 1
| | #define HAVE_LINKAT 1
| | #define HAVE_LSTAT 1
| | #define HAVE_MBSINIT 1
| | #define HAVE_MBRTOWC 1
| | #define HAVE_MPROTECT 1
| | #define HAVE_MKDIRAT 1
| | #define HAVE_MKFIFO 1
| | #define HAVE_MKFIFOAT 1
| | #define HAVE_MKNODAT 1
| | #define HAVE_MKNOD 1
| | #define HAVE_NL_LANGINFO 1
| | #define HAVE_POSIX_OPENPT 1
| | #define HAVE_PTSNAME_R 1
| | #define HAVE_FCHMOD 1
| | #define HAVE_RENAMEAT 1
| | #define HAVE_SECURE_GETENV 1
| | #define HAVE_SETENV 1
| | #define HAVE_SLEEP 1
| | #define HAVE_SNPRINTF 1
| | #define HAVE_STRDUP 1
| | #define HAVE_TZSET 1
| | #define HAVE_STRNDUP 1
| | #define HAVE_STRTOIMAX 1
| | #define HAVE_STRTOUMAX 1
| | #define HAVE_SYMLINKAT 1
| | #define HAVE_LOCALTIME_R 1
| | #define HAVE_PIPE 1
| | #define HAVE_UNLINKAT 1
| | #define HAVE_FUTIMES 1
| | #define HAVE_FUTIMESAT 1
| | #define HAVE_UTIMENSAT 1
| | #define HAVE_LUTIMES 1
| | #define HAVE_WCRTOMB 1
| | #define HAVE_WCWIDTH 1
| | #define HAVE_SETLOCALE 1
| | #define HAVE_FSYNC 1
| | #define HAVE_GRANTPT 1
| | #define D_INO_IN_DIRENT 1
| | #define HAVE_LONG_FILE_NAMES 1
| | #define HAVE_LANGINFO_CODESET 1
| | #define FUNC_REALPATH_WORKS 1
| | #define HAVE_UNISTD_H 1
| | #define HAVE_CHOWN 1
| | #define HAVE_ENVIRON_DECL 1
| | #define HAVE_DECL_STRERROR_R 1
| | #define HAVE_STRERROR_R 1
| | #define STRERROR_R_CHAR_P 1
| | #define GETGROUPS_T gid_t
| | #define HAVE_DECL_FCHDIR 1
| | #define HAVE_WORKING_O_NOATIME 1
| | #define HAVE_WORKING_O_NOFOLLOW 1
| | #define HAVE_MBSTATE_T 1
| | #define HAVE_DECL_FSEEKO 1
| | #define HAVE_RAW_DECL_FCHMODAT 1
| | #define HAVE_RAW_DECL_FSTAT 1
| | #define HAVE_RAW_DECL_FSTATAT 1
| | #define HAVE_RAW_DECL_FUTIMENS 1
| | #define HAVE_RAW_DECL_LCHMOD 1
| | #define HAVE_RAW_DECL_LSTAT 1
| | #define HAVE_RAW_DECL_MKDIRAT 1
| | #define HAVE_RAW_DECL_MKFIFO 1
| | #define HAVE_RAW_DECL_MKFIFOAT 1
| | #define HAVE_RAW_DECL_MKNOD 1
| | #define HAVE_RAW_DECL_MKNODAT 1
| | #define HAVE_RAW_DECL_STAT 1
| | #define HAVE_RAW_DECL_UTIMENSAT 1
| | #define LSTAT_FOLLOWS_SLASHED_SYMLINK 1
| | #define HAVE_DECL_GETCWD 1
| | #define HAVE_DECL_GETDELIM 1
| | #define HAVE_DECL_GETLINE 1
| | #define HAVE_GETOPT_H 1
| | #define HAVE_GETOPT_LONG_ONLY 1
| | #define __GETOPT_PREFIX rpl_
| | #define HAVE_DECL_GETENV 1
| | #define HAVE_RAW_DECL_GETTIMEOFDAY 1
| | #define HAVE_UNSIGNED_LONG_LONG_INT 1
| | #define HAVE_LONG_LONG_INT 1
| | #define HAVE_RAW_DECL_IMAXABS 1
| | #define HAVE_RAW_DECL_IMAXDIV 1
| | #define HAVE_RAW_DECL_STRTOIMAX 1
| | #define HAVE_RAW_DECL_STRTOUMAX 1
| | #define HAVE_INTTYPES_H 1
| | #define HAVE_WINT_T 1
| | #define HAVE_TOWLOWER 1
| | #define HAVE_RAW_DECL_WCTYPE 1
| | #define HAVE_RAW_DECL_ISWCTYPE 1
| | #define HAVE_RAW_DECL_WCTRANS 1
| | #define HAVE_RAW_DECL_TOWCTRANS 1
| | #define HAVE_WCHAR_T 1
| | #define HAVE_STDLIB_H 1
| | #define MALLOC_0_IS_NONNULL 1
| | #define HAVE_MAP_ANONYMOUS 1
| | #define HAVE_DECL_MEMRCHR 1
| | #define HAVE_DECL_ALARM 1
| | #define PROMOTED_MODE_T mode_t
| | #define HAVE__BOOL 1
| | #define HAVE_COMPOUND_LITERALS 1
| | #define HAVE_TM_GMTOFF 1
| | /* end confdefs.h.  */
| | 
| | /* Override any GCC internal prototype to avoid an error.
| |    Use char because int might match the return type of a GCC
| |    builtin and then its argument prototype would still apply.  */
| | #ifdef __cplusplus
| | extern "C"
| | #endif
| | char setfilecon ();
| | int
| | main ()
| | {
| | return setfilecon ();
| |   ;
| |   return 0;
| | }
| configure:14987: gcc -std=gnu99 -o conftest -g -O2   conftest.c -lselinux   >&5
| /usr/bin/ld: error: cannot find -lselinux
| conftest.c:221: error: undefined reference to 'setfilecon'
| collect2: error: ld returned 1 exit status
| configure:14987: $? = 1
| configure: failed program was:
| | /* confdefs.h */
| | #define PACKAGE_NAME "GNU tar"
| | #define PACKAGE_TARNAME "tar"
| | #define PACKAGE_VERSION "1.28"
| | #define PACKAGE_STRING "GNU tar 1.28"
| | #define PACKAGE_BUGREPORT "bug-tar@gnu.org"
| | #define PACKAGE_URL "http://www.gnu.org/software/tar/"
| | #define PACKAGE "tar"
| | #define VERSION "1.28"
| | #define STDC_HEADERS 1
| | #define HAVE_SYS_TYPES_H 1
| | #define HAVE_SYS_STAT_H 1
| | #define HAVE_STDLIB_H 1
| | #define HAVE_STRING_H 1
| | #define HAVE_MEMORY_H 1
| | #define HAVE_STRINGS_H 1
| | #define HAVE_INTTYPES_H 1
| | #define HAVE_STDINT_H 1
| | #define HAVE_UNISTD_H 1
| | #define __EXTENSIONS__ 1
| | #define _ALL_SOURCE 1
| | #define _DARWIN_C_SOURCE 1
| | #define _GNU_SOURCE 1
| | #define _POSIX_PTHREAD_SEMANTICS 1
| | #define _TANDEM_SOURCE 1
| | #define HAVE_FSEEKO 1
| | #define _DARWIN_USE_64_BIT_INODE 1
| | #define _DARWIN_USE_64_BIT_INODE 1
| | #define HAVE_FCNTL_H 1
| | #define HAVE_LINUX_FD_H 1
| | #define HAVE_MEMORY_H 1
| | #define HAVE_SGTTY_H 1
| | #define HAVE_STRING_H 1
| | #define HAVE_SYS_PARAM_H 1
| | #define HAVE_SYS_MTIO_H 1
| | #define HAVE_SYS_TIME_H 1
| | #define HAVE_UNISTD_H 1
| | #define HAVE_LOCALE_H 1
| | #define HAVE_FEATURES_H 1
| | #define HAVE_SYS_SOCKET_H 1
| | #define HAVE_DIRENT_H 1
| | #define HAVE_WCTYPE_H 1
| | #define HAVE_STDIO_EXT_H 1
| | #define HAVE_SYS_STAT_H 1
| | #define HAVE_GETOPT_H 1
| | #define HAVE_WCHAR_H 1
| | #define HAVE_STDINT_H 1
| | #define HAVE_INTTYPES_H 1
| | #define HAVE_LANGINFO_H 1
| | #define HAVE_XLOCALE_H 1
| | #define HAVE_SYS_MMAN_H 1
| | #define HAVE_MALLOC_H 1
| | #define HAVE_STRINGS_H 1
| | #define HAVE_SYSEXITS_H 1
| | #define HAVE_UTIME_H 1
| | #define HAVE_NETDB_H 1
| | #define HAVE_SYS_WAIT_H 1
| | #define HAVE_PWD_H 1
| | #define HAVE_GRP_H 1
| | #define major_t int
| | #define minor_t int
| | #define HAVE_ALLOCA_H 1
| | #define HAVE_ALLOCA 1
| | #define restrict __restrict
| | #define HAVE_DECL_CLEARERR_UNLOCKED 1
| | #define HAVE_DECL_FEOF_UNLOCKED 1
| | #define HAVE_DECL_FERROR_UNLOCKED 1
| | #define HAVE_DECL_FFLUSH_UNLOCKED 1
| | #define HAVE_DECL_FGETS_UNLOCKED 1
| | #define HAVE_DECL_FPUTC_UNLOCKED 1
| | #define HAVE_DECL_FPUTS_UNLOCKED 1
| | #define HAVE_DECL_FREAD_UNLOCKED 1
| | #define HAVE_DECL_FWRITE_UNLOCKED 1
| | #define HAVE_DECL_GETC_UNLOCKED 1
| | #define HAVE_DECL_GETCHAR_UNLOCKED 1
| | #define HAVE_DECL_PUTC_UNLOCKED 1
| | #define HAVE_DECL_PUTCHAR_UNLOCKED 1
| | #define HAVE_FLOCKFILE 1
| | #define HAVE_FUNLOCKFILE 1
| | #define HAVE_PATHCONF 1
| | #define HAVE_BTOWC 1
| | #define HAVE_CANONICALIZE_FILE_NAME 1
| | #define HAVE_GETCWD 1
| | #define HAVE_READLINK 1
| | #define HAVE_REALPATH 1
| | #define HAVE_READLINKAT 1
| | #define HAVE_CHOWN 1
| | #define HAVE_FCHOWN 1
| | #define HAVE_FCHDIR 1
| | #define HAVE_FDOPENDIR 1
| | #define HAVE_FACCESSAT 1
| | #define HAVE_FCHMODAT 1
| | #define HAVE_FCNTL 1
| | #define HAVE_SYMLINK 1
| | #define HAVE_MEMPCPY 1
| | #define HAVE_ISBLANK 1
| | #define HAVE_ISWCTYPE 1
| | #define HAVE_MBSRTOWCS 1
| | #define HAVE_WMEMCHR 1
| | #define HAVE_WMEMCPY 1
| | #define HAVE_WMEMPCPY 1
| | #define HAVE_FSTATAT 1
| | #define HAVE_FUTIMENS 1
| | #define HAVE_GETDELIM 1
| | #define HAVE_GETDTABLESIZE 1
| | #define HAVE_GETTIMEOFDAY 1
| | #define HAVE_ISWCNTRL 1
| | #define HAVE_ISWBLANK 1
| | #define HAVE_LINK 1
| | #define HAVE_OPENAT 1
| | #define HAVE_LINKAT 1
| | #define HAVE_LSTAT 1
| | #define HAVE_MBSINIT 1
| | #define HAVE_MBRTOWC 1
| | #define HAVE_MPROTECT 1
| | #define HAVE_MKDIRAT 1
| | #define HAVE_MKFIFO 1
| | #define HAVE_MKFIFOAT 1
| | #define HAVE_MKNODAT 1
| | #define HAVE_MKNOD 1
| | #define HAVE_NL_LANGINFO 1
| | #define HAVE_POSIX_OPENPT 1
| | #define HAVE_PTSNAME_R 1
| | #define HAVE_FCHMOD 1
| | #define HAVE_RENAMEAT 1
| | #define HAVE_SECURE_GETENV 1
| | #define HAVE_SETENV 1
| | #define HAVE_SLEEP 1
| | #define HAVE_SNPRINTF 1
| | #define HAVE_STRDUP 1
| | #define HAVE_TZSET 1
| | #define HAVE_STRNDUP 1
| | #define HAVE_STRTOIMAX 1
| | #define HAVE_STRTOUMAX 1
| | #define HAVE_SYMLINKAT 1
| | #define HAVE_LOCALTIME_R 1
| | #define HAVE_PIPE 1
| | #define HAVE_UNLINKAT 1
| | #define HAVE_FUTIMES 1
| | #define HAVE_FUTIMESAT 1
| | #define HAVE_UTIMENSAT 1
| | #define HAVE_LUTIMES 1
| | #define HAVE_WCRTOMB 1
| | #define HAVE_WCWIDTH 1
| | #define HAVE_SETLOCALE 1
| | #define HAVE_FSYNC 1
| | #define HAVE_GRANTPT 1
| | #define D_INO_IN_DIRENT 1
| | #define HAVE_LONG_FILE_NAMES 1
| | #define HAVE_LANGINFO_CODESET 1
| | #define FUNC_REALPATH_WORKS 1
| | #define HAVE_UNISTD_H 1
| | #define HAVE_CHOWN 1
| | #define HAVE_ENVIRON_DECL 1
| | #define HAVE_DECL_STRERROR_R 1
| | #define HAVE_STRERROR_R 1
| | #define STRERROR_R_CHAR_P 1
| | #define GETGROUPS_T gid_t
| | #define HAVE_DECL_FCHDIR 1
| | #define HAVE_WORKING_O_NOATIME 1
| | #define HAVE_WORKING_O_NOFOLLOW 1
| | #define HAVE_MBSTATE_T 1
| | #define HAVE_DECL_FSEEKO 1
| | #define HAVE_RAW_DECL_FCHMODAT 1
| | #define HAVE_RAW_DECL_FSTAT 1
| | #define HAVE_RAW_DECL_FSTATAT 1
| | #define HAVE_RAW_DECL_FUTIMENS 1
| | #define HAVE_RAW_DECL_LCHMOD 1
| | #define HAVE_RAW_DECL_LSTAT 1
| | #define HAVE_RAW_DECL_MKDIRAT 1
| | #define HAVE_RAW_DECL_MKFIFO 1
| | #define HAVE_RAW_DECL_MKFIFOAT 1
| | #define HAVE_RAW_DECL_MKNOD 1
| | #define HAVE_RAW_DECL_MKNODAT 1
| | #define HAVE_RAW_DECL_STAT 1
| | #define HAVE_RAW_DECL_UTIMENSAT 1
| | #define LSTAT_FOLLOWS_SLASHED_SYMLINK 1
| | #define HAVE_DECL_GETCWD 1
| | #define HAVE_DECL_GETDELIM 1
| | #define HAVE_DECL_GETLINE 1
| | #define HAVE_GETOPT_H 1
| | #define HAVE_GETOPT_LONG_ONLY 1
| | #define __GETOPT_PREFIX rpl_
| | #define HAVE_DECL_GETENV 1
| | #define HAVE_RAW_DECL_GETTIMEOFDAY 1
| | #define HAVE_UNSIGNED_LONG_LONG_INT 1
| | #define HAVE_LONG_LONG_INT 1
| | #define HAVE_RAW_DECL_IMAXABS 1
| | #define HAVE_RAW_DECL_IMAXDIV 1
| | #define HAVE_RAW_DECL_STRTOIMAX 1
| | #define HAVE_RAW_DECL_STRTOUMAX 1
| | #define HAVE_INTTYPES_H 1
| | #define HAVE_WINT_T 1
| | #define HAVE_TOWLOWER 1
| | #define HAVE_RAW_DECL_WCTYPE 1
| | #define HAVE_RAW_DECL_ISWCTYPE 1
| | #define HAVE_RAW_DECL_WCTRANS 1
| | #define HAVE_RAW_DECL_TOWCTRANS 1
| | #define HAVE_WCHAR_T 1
| | #define HAVE_STDLIB_H 1
| | #define MALLOC_0_IS_NONNULL 1
| | #define HAVE_MAP_ANONYMOUS 1
| | #define HAVE_DECL_MEMRCHR 1
| | #define HAVE_DECL_ALARM 1
| | #define PROMOTED_MODE_T mode_t
| | #define HAVE__BOOL 1
| | #define HAVE_COMPOUND_LITERALS 1
| | #define HAVE_TM_GMTOFF 1
| | /* end confdefs.h.  */
| | 
| | /* Override any GCC internal prototype to avoid an error.
| |    Use char because int might match the return type of a GCC
| |    builtin and then its argument prototype would still apply.  */
| | #ifdef __cplusplus
| | extern "C"
| | #endif
| | char setfilecon ();
| | int
| | main ()
| | {
| | return setfilecon ();
| |   ;
| |   return 0;
| | }
| configure:15004: result: no
| configure:15020: WARNING: This system supports SELinux but libselinux is missing.
| configure:15022: WARNING: GNU tar will be compiled without SELinux support.
| configure:15030: checking whether setenv is declared
| configure:15030: gcc -std=gnu99 -c -g -O2  conftest.c >&5
| configure:15030: $? = 0
| configure:15030: result: yes
| configure:15056: checking search.h usability
| configure:15056: gcc -std=gnu99 -c -g -O2  conftest.c >&5
| configure:15056: $? = 0
| configure:15056: result: yes
| configure:15056: checking search.h presence
| configure:15056: gcc -std=gnu99 -E  conftest.c
| configure:15056: $? = 0
| configure:15056: result: yes
| configure:15056: checking for search.h
| configure:15056: result: yes
| configure:15068: checking for tsearch
| configure:15068: gcc -std=gnu99 -o conftest -g -O2   conftest.c  >&5
| configure:15068: $? = 0
| configure:15068: result: yes
| configure:15080: checking for sigset_t
| configure:15080: gcc -std=gnu99 -c -g -O2  conftest.c >&5
| configure:15080: $? = 0
| configure:15080: gcc -std=gnu99 -c -g -O2  conftest.c >&5
| conftest.c: In function 'main':
| conftest.c:222:23: error: expected expression before ')' token
| configure:15080: $? = 1
| configure: failed program was:
| | /* confdefs.h */
| | #define PACKAGE_NAME "GNU tar"
| | #define PACKAGE_TARNAME "tar"
| | #define PACKAGE_VERSION "1.28"
| | #define PACKAGE_STRING "GNU tar 1.28"
| | #define PACKAGE_BUGREPORT "bug-tar@gnu.org"
| | #define PACKAGE_URL "http://www.gnu.org/software/tar/"
| | #define PACKAGE "tar"
| | #define VERSION "1.28"
| | #define STDC_HEADERS 1
| | #define HAVE_SYS_TYPES_H 1
| | #define HAVE_SYS_STAT_H 1
| | #define HAVE_STDLIB_H 1
| | #define HAVE_STRING_H 1
| | #define HAVE_MEMORY_H 1
| | #define HAVE_STRINGS_H 1
| | #define HAVE_INTTYPES_H 1
| | #define HAVE_STDINT_H 1
| | #define HAVE_UNISTD_H 1
| | #define __EXTENSIONS__ 1
| | #define _ALL_SOURCE 1
| | #define _DARWIN_C_SOURCE 1
| | #define _GNU_SOURCE 1
| | #define _POSIX_PTHREAD_SEMANTICS 1
| | #define _TANDEM_SOURCE 1
| | #define HAVE_FSEEKO 1
| | #define _DARWIN_USE_64_BIT_INODE 1
| | #define _DARWIN_USE_64_BIT_INODE 1
| | #define HAVE_FCNTL_H 1
| | #define HAVE_LINUX_FD_H 1
| | #define HAVE_MEMORY_H 1
| | #define HAVE_SGTTY_H 1
| | #define HAVE_STRING_H 1
| | #define HAVE_SYS_PARAM_H 1
| | #define HAVE_SYS_MTIO_H 1
| | #define HAVE_SYS_TIME_H 1
| | #define HAVE_UNISTD_H 1
| | #define HAVE_LOCALE_H 1
| | #define HAVE_FEATURES_H 1
| | #define HAVE_SYS_SOCKET_H 1
| | #define HAVE_DIRENT_H 1
| | #define HAVE_WCTYPE_H 1
| | #define HAVE_STDIO_EXT_H 1
| | #define HAVE_SYS_STAT_H 1
| | #define HAVE_GETOPT_H 1
| | #define HAVE_WCHAR_H 1
| | #define HAVE_STDINT_H 1
| | #define HAVE_INTTYPES_H 1
| | #define HAVE_LANGINFO_H 1
| | #define HAVE_XLOCALE_H 1
| | #define HAVE_SYS_MMAN_H 1
| | #define HAVE_MALLOC_H 1
| | #define HAVE_STRINGS_H 1
| | #define HAVE_SYSEXITS_H 1
| | #define HAVE_UTIME_H 1
| | #define HAVE_NETDB_H 1
| | #define HAVE_SYS_WAIT_H 1
| | #define HAVE_PWD_H 1
| | #define HAVE_GRP_H 1
| | #define major_t int
| | #define minor_t int
| | #define HAVE_ALLOCA_H 1
| | #define HAVE_ALLOCA 1
| | #define restrict __restrict
| | #define HAVE_DECL_CLEARERR_UNLOCKED 1
| | #define HAVE_DECL_FEOF_UNLOCKED 1
| | #define HAVE_DECL_FERROR_UNLOCKED 1
| | #define HAVE_DECL_FFLUSH_UNLOCKED 1
| | #define HAVE_DECL_FGETS_UNLOCKED 1
| | #define HAVE_DECL_FPUTC_UNLOCKED 1
| | #define HAVE_DECL_FPUTS_UNLOCKED 1
| | #define HAVE_DECL_FREAD_UNLOCKED 1
| | #define HAVE_DECL_FWRITE_UNLOCKED 1
| | #define HAVE_DECL_GETC_UNLOCKED 1
| | #define HAVE_DECL_GETCHAR_UNLOCKED 1
| | #define HAVE_DECL_PUTC_UNLOCKED 1
| | #define HAVE_DECL_PUTCHAR_UNLOCKED 1
| | #define HAVE_FLOCKFILE 1
| | #define HAVE_FUNLOCKFILE 1
| | #define HAVE_PATHCONF 1
| | #define HAVE_BTOWC 1
| | #define HAVE_CANONICALIZE_FILE_NAME 1
| | #define HAVE_GETCWD 1
| | #define HAVE_READLINK 1
| | #define HAVE_REALPATH 1
| | #define HAVE_READLINKAT 1
| | #define HAVE_CHOWN 1
| | #define HAVE_FCHOWN 1
| | #define HAVE_FCHDIR 1
| | #define HAVE_FDOPENDIR 1
| | #define HAVE_FACCESSAT 1
| | #define HAVE_FCHMODAT 1
| | #define HAVE_FCNTL 1
| | #define HAVE_SYMLINK 1
| | #define HAVE_MEMPCPY 1
| | #define HAVE_ISBLANK 1
| | #define HAVE_ISWCTYPE 1
| | #define HAVE_MBSRTOWCS 1
| | #define HAVE_WMEMCHR 1
| | #define HAVE_WMEMCPY 1
| | #define HAVE_WMEMPCPY 1
| | #define HAVE_FSTATAT 1
| | #define HAVE_FUTIMENS 1
| | #define HAVE_GETDELIM 1
| | #define HAVE_GETDTABLESIZE 1
| | #define HAVE_GETTIMEOFDAY 1
| | #define HAVE_ISWCNTRL 1
| | #define HAVE_ISWBLANK 1
| | #define HAVE_LINK 1
| | #define HAVE_OPENAT 1
| | #define HAVE_LINKAT 1
| | #define HAVE_LSTAT 1
| | #define HAVE_MBSINIT 1
| | #define HAVE_MBRTOWC 1
| | #define HAVE_MPROTECT 1
| | #define HAVE_MKDIRAT 1
| | #define HAVE_MKFIFO 1
| | #define HAVE_MKFIFOAT 1
| | #define HAVE_MKNODAT 1
| | #define HAVE_MKNOD 1
| | #define HAVE_NL_LANGINFO 1
| | #define HAVE_POSIX_OPENPT 1
| | #define HAVE_PTSNAME_R 1
| | #define HAVE_FCHMOD 1
| | #define HAVE_RENAMEAT 1
| | #define HAVE_SECURE_GETENV 1
| | #define HAVE_SETENV 1
| | #define HAVE_SLEEP 1
| | #define HAVE_SNPRINTF 1
| | #define HAVE_STRDUP 1
| | #define HAVE_TZSET 1
| | #define HAVE_STRNDUP 1
| | #define HAVE_STRTOIMAX 1
| | #define HAVE_STRTOUMAX 1
| | #define HAVE_SYMLINKAT 1
| | #define HAVE_LOCALTIME_R 1
| | #define HAVE_PIPE 1
| | #define HAVE_UNLINKAT 1
| | #define HAVE_FUTIMES 1
| | #define HAVE_FUTIMESAT 1
| | #define HAVE_UTIMENSAT 1
| | #define HAVE_LUTIMES 1
| | #define HAVE_WCRTOMB 1
| | #define HAVE_WCWIDTH 1
| | #define HAVE_SETLOCALE 1
| | #define HAVE_FSYNC 1
| | #define HAVE_GRANTPT 1
| | #define D_INO_IN_DIRENT 1
| | #define HAVE_LONG_FILE_NAMES 1
| | #define HAVE_LANGINFO_CODESET 1
| | #define FUNC_REALPATH_WORKS 1
| | #define HAVE_UNISTD_H 1
| | #define HAVE_CHOWN 1
| | #define HAVE_ENVIRON_DECL 1
| | #define HAVE_DECL_STRERROR_R 1
| | #define HAVE_STRERROR_R 1
| | #define STRERROR_R_CHAR_P 1
| | #define GETGROUPS_T gid_t
| | #define HAVE_DECL_FCHDIR 1
| | #define HAVE_WORKING_O_NOATIME 1
| | #define HAVE_WORKING_O_NOFOLLOW 1
| | #define HAVE_MBSTATE_T 1
| | #define HAVE_DECL_FSEEKO 1
| | #define HAVE_RAW_DECL_FCHMODAT 1
| | #define HAVE_RAW_DECL_FSTAT 1
| | #define HAVE_RAW_DECL_FSTATAT 1
| | #define HAVE_RAW_DECL_FUTIMENS 1
| | #define HAVE_RAW_DECL_LCHMOD 1
| | #define HAVE_RAW_DECL_LSTAT 1
| | #define HAVE_RAW_DECL_MKDIRAT 1
| | #define HAVE_RAW_DECL_MKFIFO 1
| | #define HAVE_RAW_DECL_MKFIFOAT 1
| | #define HAVE_RAW_DECL_MKNOD 1
| | #define HAVE_RAW_DECL_MKNODAT 1
| | #define HAVE_RAW_DECL_STAT 1
| | #define HAVE_RAW_DECL_UTIMENSAT 1
| | #define LSTAT_FOLLOWS_SLASHED_SYMLINK 1
| | #define HAVE_DECL_GETCWD 1
| | #define HAVE_DECL_GETDELIM 1
| | #define HAVE_DECL_GETLINE 1
| | #define HAVE_GETOPT_H 1
| | #define HAVE_GETOPT_LONG_ONLY 1
| | #define __GETOPT_PREFIX rpl_
| | #define HAVE_DECL_GETENV 1
| | #define HAVE_RAW_DECL_GETTIMEOFDAY 1
| | #define HAVE_UNSIGNED_LONG_LONG_INT 1
| | #define HAVE_LONG_LONG_INT 1
| | #define HAVE_RAW_DECL_IMAXABS 1
| | #define HAVE_RAW_DECL_IMAXDIV 1
| | #define HAVE_RAW_DECL_STRTOIMAX 1
| | #define HAVE_RAW_DECL_STRTOUMAX 1
| | #define HAVE_INTTYPES_H 1
| | #define HAVE_WINT_T 1
| | #define HAVE_TOWLOWER 1
| | #define HAVE_RAW_DECL_WCTYPE 1
| | #define HAVE_RAW_DECL_ISWCTYPE 1
| | #define HAVE_RAW_DECL_WCTRANS 1
| | #define HAVE_RAW_DECL_TOWCTRANS 1
| | #define HAVE_WCHAR_T 1
| | #define HAVE_STDLIB_H 1
| | #define MALLOC_0_IS_NONNULL 1
| | #define HAVE_MAP_ANONYMOUS 1
| | #define HAVE_DECL_MEMRCHR 1
| | #define HAVE_DECL_ALARM 1
| | #define PROMOTED_MODE_T mode_t
| | #define HAVE__BOOL 1
| | #define HAVE_COMPOUND_LITERALS 1
| | #define HAVE_TM_GMTOFF 1
| | #define HAVE_DECL_SETENV 1
| | #define HAVE_SEARCH_H 1
| | #define HAVE_TSEARCH 1
| | /* end confdefs.h.  */
| | 
| |       #include <signal.h>
| |       /* Mingw defines sigset_t not in <signal.h>, but in <sys/types.h>.  */
| |       #include <sys/types.h>
| | 
| | 
| | int
| | main ()
| | {
| | if (sizeof ((sigset_t)))
| | 	    return 0;
| |   ;
| |   return 0;
| | }
| configure:15080: result: yes
| configure:15111: checking whether snprintf returns a byte count as in C99
| configure:15181: gcc -std=gnu99 -o conftest -g -O2   conftest.c  >&5
| configure:15181: $? = 0
| configure:15181: ./conftest
| configure:15181: $? = 0
| configure:15192: result: yes
| configure:15195: checking whether snprintf is declared
| configure:15195: gcc -std=gnu99 -c -g -O2  conftest.c >&5
| configure:15195: $? = 0
| configure:15195: result: yes
| configure:15214: checking whether strdup is declared
| configure:15214: gcc -std=gnu99 -c -g -O2  conftest.c >&5
| configure:15214: $? = 0
| configure:15214: result: yes
| configure:15227: checking whether strerror(0) succeeds
| configure:15262: gcc -std=gnu99 -o conftest -g -O2   conftest.c  >&5
| configure:15262: $? = 0
| configure:15262: ./conftest
| configure:15262: $? = 0
| configure:15273: result: yes
| configure:15365: checking whether ffsl is declared without a macro
| configure:15383: gcc -std=gnu99 -c -g -O2  conftest.c >&5
| configure:15383: $? = 0
| configure:15391: result: yes
| configure:15365: checking whether ffsll is declared without a macro
| configure:15383: gcc -std=gnu99 -c -g -O2  conftest.c >&5
| configure:15383: $? = 0
| configure:15391: result: yes
| configure:15365: checking whether memmem is declared without a macro
| configure:15383: gcc -std=gnu99 -c -g -O2  conftest.c >&5
| configure:15383: $? = 0
| configure:15391: result: yes
| configure:15365: checking whether mempcpy is declared without a macro
| configure:15383: gcc -std=gnu99 -c -g -O2  conftest.c >&5
| configure:15383: $? = 0
| configure:15391: result: yes
| configure:15365: checking whether memrchr is declared without a macro
| configure:15383: gcc -std=gnu99 -c -g -O2  conftest.c >&5
| configure:15383: $? = 0
| configure:15391: result: yes
| configure:15365: checking whether rawmemchr is declared without a macro
| configure:15383: gcc -std=gnu99 -c -g -O2  conftest.c >&5
| configure:15383: $? = 0
| configure:15391: result: yes
| configure:15365: checking whether stpcpy is declared without a macro
| configure:15383: gcc -std=gnu99 -c -g -O2  conftest.c >&5
| configure:15383: $? = 0
| configure:15391: result: yes
| configure:15365: checking whether stpncpy is declared without a macro
| configure:15383: gcc -std=gnu99 -c -g -O2  conftest.c >&5
| configure:15383: $? = 0
| configure:15391: result: yes
| configure:15365: checking whether strchrnul is declared without a macro
| configure:15383: gcc -std=gnu99 -c -g -O2  conftest.c >&5
| configure:15383: $? = 0
| configure:15391: result: yes
| configure:15365: checking whether strdup is declared without a macro
| configure:15383: gcc -std=gnu99 -c -g -O2  conftest.c >&5
| configure:15383: $? = 0
| configure:15391: result: yes
| configure:15365: checking whether strncat is declared without a macro
| configure:15383: gcc -std=gnu99 -c -g -O2  conftest.c >&5
| configure:15383: $? = 0
| configure:15391: result: yes
| configure:15365: checking whether strndup is declared without a macro
| configure:15383: gcc -std=gnu99 -c -g -O2  conftest.c >&5
| configure:15383: $? = 0
| configure:15391: result: yes
| configure:15365: checking whether strnlen is declared without a macro
| configure:15383: gcc -std=gnu99 -c -g -O2  conftest.c >&5
| configure:15383: $? = 0
| configure:15391: result: yes
| configure:15365: checking whether strpbrk is declared without a macro
| configure:15383: gcc -std=gnu99 -c -g -O2  conftest.c >&5
| configure:15383: $? = 0
| configure:15391: result: yes
| configure:15365: checking whether strsep is declared without a macro
| configure:15383: gcc -std=gnu99 -c -g -O2  conftest.c >&5
| configure:15383: $? = 0
| configure:15391: result: yes
| configure:15365: checking whether strcasestr is declared without a macro
| configure:15383: gcc -std=gnu99 -c -g -O2  conftest.c >&5
| configure:15383: $? = 0
| configure:15391: result: yes
| configure:15365: checking whether strtok_r is declared without a macro
| configure:15383: gcc -std=gnu99 -c -g -O2  conftest.c >&5
| configure:15383: $? = 0
| configure:15391: result: yes
| configure:15365: checking whether strerror_r is declared without a macro
| configure:15383: gcc -std=gnu99 -c -g -O2  conftest.c >&5
| configure:15383: $? = 0
| configure:15391: result: yes
| configure:15365: checking whether strsignal is declared without a macro
| configure:15383: gcc -std=gnu99 -c -g -O2  conftest.c >&5
| configure:15383: $? = 0
| configure:15391: result: yes
| configure:15365: checking whether strverscmp is declared without a macro
| configure:15383: gcc -std=gnu99 -c -g -O2  conftest.c >&5
| configure:15383: $? = 0
| configure:15391: result: yes
| configure:15496: checking whether ffs is declared without a macro
| configure:15518: gcc -std=gnu99 -c -g -O2  conftest.c >&5
| configure:15518: $? = 0
| configure:15526: result: yes
| configure:15496: checking whether strcasecmp is declared without a macro
| configure:15518: gcc -std=gnu99 -c -g -O2  conftest.c >&5
| configure:15518: $? = 0
| configure:15526: result: yes
| configure:15496: checking whether strncasecmp is declared without a macro
| configure:15518: gcc -std=gnu99 -c -g -O2  conftest.c >&5
| configure:15518: $? = 0
| configure:15526: result: yes
| configure:15538: checking whether strndup is declared
| configure:15538: result: yes
| configure:15551: checking whether strnlen is declared
| configure:15551: result: yes
| configure:15564: checking whether strtoimax is declared
| configure:15564: result: yes
| configure:15577: checking whether strtoumax is declared
| configure:15577: result: yes
| configure:15594: checking for struct timespec in <time.h>
| configure:15611: gcc -std=gnu99 -c -g -O2  conftest.c >&5
| configure:15611: $? = 0
| configure:15618: result: yes
| configure:15769: checking whether ttyname_r is declared
| configure:15769: gcc -std=gnu99 -c -g -O2  conftest.c >&5
| configure:15769: $? = 0
| configure:15769: result: yes
| configure:15813: checking whether unsetenv is declared
| configure:15813: gcc -std=gnu99 -c -g -O2  conftest.c >&5
| configure:15813: $? = 0
| configure:15813: result: yes
| configure:15825: checking whether the utimes function works
| configure:15940: gcc -std=gnu99 -o conftest -g -O2   conftest.c  >&5
| configure:15940: $? = 0
| configure:15940: ./conftest
| configure:15940: $? = 0
| configure:15950: result: yes
| configure:15963: checking for struct utimbuf
| configure:15986: gcc -std=gnu99 -c -g -O2  conftest.c >&5
| configure:15986: $? = 0
| configure:15993: result: yes
| configure:16022: checking for inttypes.h
| configure:16041: gcc -std=gnu99 -c -g -O2  conftest.c >&5
| configure:16041: $? = 0
| configure:16048: result: yes
| configure:16059: checking for stdint.h
| configure:16076: gcc -std=gnu99 -c -g -O2  conftest.c >&5
| configure:16076: $? = 0
| configure:16083: result: yes
| configure:16096: checking for intmax_t
| configure:16121: gcc -std=gnu99 -c -g -O2  conftest.c >&5
| configure:16121: $? = 0
| configure:16128: result: yes
| configure:16147: checking where to find the exponent in a 'double'
| configure:16461: gcc -std=gnu99 -o conftest -g -O2   conftest.c  >&5
| configure:16461: $? = 0
| configure:16461: ./conftest
| configure:16461: $? = 0
| configure:16473: result: word 1 bit 20
| configure:16500: checking for snprintf
| configure:16500: result: yes
| configure:16500: checking for strnlen
| configure:16500: gcc -std=gnu99 -o conftest -g -O2   conftest.c  >&5
| configure:16500: $? = 0
| configure:16500: result: yes
| configure:16500: checking for wcslen
| configure:16500: gcc -std=gnu99 -o conftest -g -O2   conftest.c  >&5
| configure:16500: $? = 0
| configure:16500: result: yes
| configure:16500: checking for wcsnlen
| configure:16500: gcc -std=gnu99 -o conftest -g -O2   conftest.c  >&5
| configure:16500: $? = 0
| configure:16500: result: yes
| configure:16500: checking for mbrtowc
| configure:16500: result: yes
| configure:16500: checking for wcrtomb
| configure:16500: result: yes
| configure:16509: checking whether _snprintf is declared
| configure:16509: gcc -std=gnu99 -c -g -O2  conftest.c >&5
| conftest.c: In function 'main':
| conftest.c:267:10: error: '_snprintf' undeclared (first use in this function)
| conftest.c:267:10: note: each undeclared identifier is reported only once for each function it appears in
| configure:16509: $? = 1
| configure: failed program was:
| | /* confdefs.h */
| | #define PACKAGE_NAME "GNU tar"
| | #define PACKAGE_TARNAME "tar"
| | #define PACKAGE_VERSION "1.28"
| | #define PACKAGE_STRING "GNU tar 1.28"
| | #define PACKAGE_BUGREPORT "bug-tar@gnu.org"
| | #define PACKAGE_URL "http://www.gnu.org/software/tar/"
| | #define PACKAGE "tar"
| | #define VERSION "1.28"
| | #define STDC_HEADERS 1
| | #define HAVE_SYS_TYPES_H 1
| | #define HAVE_SYS_STAT_H 1
| | #define HAVE_STDLIB_H 1
| | #define HAVE_STRING_H 1
| | #define HAVE_MEMORY_H 1
| | #define HAVE_STRINGS_H 1
| | #define HAVE_INTTYPES_H 1
| | #define HAVE_STDINT_H 1
| | #define HAVE_UNISTD_H 1
| | #define __EXTENSIONS__ 1
| | #define _ALL_SOURCE 1
| | #define _DARWIN_C_SOURCE 1
| | #define _GNU_SOURCE 1
| | #define _POSIX_PTHREAD_SEMANTICS 1
| | #define _TANDEM_SOURCE 1
| | #define HAVE_FSEEKO 1
| | #define _DARWIN_USE_64_BIT_INODE 1
| | #define _DARWIN_USE_64_BIT_INODE 1
| | #define HAVE_FCNTL_H 1
| | #define HAVE_LINUX_FD_H 1
| | #define HAVE_MEMORY_H 1
| | #define HAVE_SGTTY_H 1
| | #define HAVE_STRING_H 1
| | #define HAVE_SYS_PARAM_H 1
| | #define HAVE_SYS_MTIO_H 1
| | #define HAVE_SYS_TIME_H 1
| | #define HAVE_UNISTD_H 1
| | #define HAVE_LOCALE_H 1
| | #define HAVE_FEATURES_H 1
| | #define HAVE_SYS_SOCKET_H 1
| | #define HAVE_DIRENT_H 1
| | #define HAVE_WCTYPE_H 1
| | #define HAVE_STDIO_EXT_H 1
| | #define HAVE_SYS_STAT_H 1
| | #define HAVE_GETOPT_H 1
| | #define HAVE_WCHAR_H 1
| | #define HAVE_STDINT_H 1
| | #define HAVE_INTTYPES_H 1
| | #define HAVE_LANGINFO_H 1
| | #define HAVE_XLOCALE_H 1
| | #define HAVE_SYS_MMAN_H 1
| | #define HAVE_MALLOC_H 1
| | #define HAVE_STRINGS_H 1
| | #define HAVE_SYSEXITS_H 1
| | #define HAVE_UTIME_H 1
| | #define HAVE_NETDB_H 1
| | #define HAVE_SYS_WAIT_H 1
| | #define HAVE_PWD_H 1
| | #define HAVE_GRP_H 1
| | #define major_t int
| | #define minor_t int
| | #define HAVE_ALLOCA_H 1
| | #define HAVE_ALLOCA 1
| | #define restrict __restrict
| | #define HAVE_DECL_CLEARERR_UNLOCKED 1
| | #define HAVE_DECL_FEOF_UNLOCKED 1
| | #define HAVE_DECL_FERROR_UNLOCKED 1
| | #define HAVE_DECL_FFLUSH_UNLOCKED 1
| | #define HAVE_DECL_FGETS_UNLOCKED 1
| | #define HAVE_DECL_FPUTC_UNLOCKED 1
| | #define HAVE_DECL_FPUTS_UNLOCKED 1
| | #define HAVE_DECL_FREAD_UNLOCKED 1
| | #define HAVE_DECL_FWRITE_UNLOCKED 1
| | #define HAVE_DECL_GETC_UNLOCKED 1
| | #define HAVE_DECL_GETCHAR_UNLOCKED 1
| | #define HAVE_DECL_PUTC_UNLOCKED 1
| | #define HAVE_DECL_PUTCHAR_UNLOCKED 1
| | #define HAVE_FLOCKFILE 1
| | #define HAVE_FUNLOCKFILE 1
| | #define HAVE_PATHCONF 1
| | #define HAVE_BTOWC 1
| | #define HAVE_CANONICALIZE_FILE_NAME 1
| | #define HAVE_GETCWD 1
| | #define HAVE_READLINK 1
| | #define HAVE_REALPATH 1
| | #define HAVE_READLINKAT 1
| | #define HAVE_CHOWN 1
| | #define HAVE_FCHOWN 1
| | #define HAVE_FCHDIR 1
| | #define HAVE_FDOPENDIR 1
| | #define HAVE_FACCESSAT 1
| | #define HAVE_FCHMODAT 1
| | #define HAVE_FCNTL 1
| | #define HAVE_SYMLINK 1
| | #define HAVE_MEMPCPY 1
| | #define HAVE_ISBLANK 1
| | #define HAVE_ISWCTYPE 1
| | #define HAVE_MBSRTOWCS 1
| | #define HAVE_WMEMCHR 1
| | #define HAVE_WMEMCPY 1
| | #define HAVE_WMEMPCPY 1
| | #define HAVE_FSTATAT 1
| | #define HAVE_FUTIMENS 1
| | #define HAVE_GETDELIM 1
| | #define HAVE_GETDTABLESIZE 1
| | #define HAVE_GETTIMEOFDAY 1
| | #define HAVE_ISWCNTRL 1
| | #define HAVE_ISWBLANK 1
| | #define HAVE_LINK 1
| | #define HAVE_OPENAT 1
| | #define HAVE_LINKAT 1
| | #define HAVE_LSTAT 1
| | #define HAVE_MBSINIT 1
| | #define HAVE_MBRTOWC 1
| | #define HAVE_MPROTECT 1
| | #define HAVE_MKDIRAT 1
| | #define HAVE_MKFIFO 1
| | #define HAVE_MKFIFOAT 1
| | #define HAVE_MKNODAT 1
| | #define HAVE_MKNOD 1
| | #define HAVE_NL_LANGINFO 1
| | #define HAVE_POSIX_OPENPT 1
| | #define HAVE_PTSNAME_R 1
| | #define HAVE_FCHMOD 1
| | #define HAVE_RENAMEAT 1
| | #define HAVE_SECURE_GETENV 1
| | #define HAVE_SETENV 1
| | #define HAVE_SLEEP 1
| | #define HAVE_SNPRINTF 1
| | #define HAVE_STRDUP 1
| | #define HAVE_TZSET 1
| | #define HAVE_STRNDUP 1
| | #define HAVE_STRTOIMAX 1
| | #define HAVE_STRTOUMAX 1
| | #define HAVE_SYMLINKAT 1
| | #define HAVE_LOCALTIME_R 1
| | #define HAVE_PIPE 1
| | #define HAVE_UNLINKAT 1
| | #define HAVE_FUTIMES 1
| | #define HAVE_FUTIMESAT 1
| | #define HAVE_UTIMENSAT 1
| | #define HAVE_LUTIMES 1
| | #define HAVE_WCRTOMB 1
| | #define HAVE_WCWIDTH 1
| | #define HAVE_SETLOCALE 1
| | #define HAVE_FSYNC 1
| | #define HAVE_GRANTPT 1
| | #define D_INO_IN_DIRENT 1
| | #define HAVE_LONG_FILE_NAMES 1
| | #define HAVE_LANGINFO_CODESET 1
| | #define FUNC_REALPATH_WORKS 1
| | #define HAVE_UNISTD_H 1
| | #define HAVE_CHOWN 1
| | #define HAVE_ENVIRON_DECL 1
| | #define HAVE_DECL_STRERROR_R 1
| | #define HAVE_STRERROR_R 1
| | #define STRERROR_R_CHAR_P 1
| | #define GETGROUPS_T gid_t
| | #define HAVE_DECL_FCHDIR 1
| | #define HAVE_WORKING_O_NOATIME 1
| | #define HAVE_WORKING_O_NOFOLLOW 1
| | #define HAVE_MBSTATE_T 1
| | #define HAVE_DECL_FSEEKO 1
| | #define HAVE_RAW_DECL_FCHMODAT 1
| | #define HAVE_RAW_DECL_FSTAT 1
| | #define HAVE_RAW_DECL_FSTATAT 1
| | #define HAVE_RAW_DECL_FUTIMENS 1
| | #define HAVE_RAW_DECL_LCHMOD 1
| | #define HAVE_RAW_DECL_LSTAT 1
| | #define HAVE_RAW_DECL_MKDIRAT 1
| | #define HAVE_RAW_DECL_MKFIFO 1
| | #define HAVE_RAW_DECL_MKFIFOAT 1
| | #define HAVE_RAW_DECL_MKNOD 1
| | #define HAVE_RAW_DECL_MKNODAT 1
| | #define HAVE_RAW_DECL_STAT 1
| | #define HAVE_RAW_DECL_UTIMENSAT 1
| | #define LSTAT_FOLLOWS_SLASHED_SYMLINK 1
| | #define HAVE_DECL_GETCWD 1
| | #define HAVE_DECL_GETDELIM 1
| | #define HAVE_DECL_GETLINE 1
| | #define HAVE_GETOPT_H 1
| | #define HAVE_GETOPT_LONG_ONLY 1
| | #define __GETOPT_PREFIX rpl_
| | #define HAVE_DECL_GETENV 1
| | #define HAVE_RAW_DECL_GETTIMEOFDAY 1
| | #define HAVE_UNSIGNED_LONG_LONG_INT 1
| | #define HAVE_LONG_LONG_INT 1
| | #define HAVE_RAW_DECL_IMAXABS 1
| | #define HAVE_RAW_DECL_IMAXDIV 1
| | #define HAVE_RAW_DECL_STRTOIMAX 1
| | #define HAVE_RAW_DECL_STRTOUMAX 1
| | #define HAVE_INTTYPES_H 1
| | #define HAVE_WINT_T 1
| | #define HAVE_TOWLOWER 1
| | #define HAVE_RAW_DECL_WCTYPE 1
| | #define HAVE_RAW_DECL_ISWCTYPE 1
| | #define HAVE_RAW_DECL_WCTRANS 1
| | #define HAVE_RAW_DECL_TOWCTRANS 1
| | #define HAVE_WCHAR_T 1
| | #define HAVE_STDLIB_H 1
| | #define MALLOC_0_IS_NONNULL 1
| | #define HAVE_MAP_ANONYMOUS 1
| | #define HAVE_DECL_MEMRCHR 1
| | #define HAVE_DECL_ALARM 1
| | #define PROMOTED_MODE_T mode_t
| | #define HAVE__BOOL 1
| | #define HAVE_COMPOUND_LITERALS 1
| | #define HAVE_TM_GMTOFF 1
| | #define HAVE_DECL_SETENV 1
| | #define HAVE_SEARCH_H 1
| | #define HAVE_TSEARCH 1
| | #define HAVE_SIGSET_T 1
| | #define HAVE_DECL_SNPRINTF 1
| | #define HAVE_DECL_STRDUP 1
| | #define HAVE_RAW_DECL_FFSL 1
| | #define HAVE_RAW_DECL_FFSLL 1
| | #define HAVE_RAW_DECL_MEMMEM 1
| | #define HAVE_RAW_DECL_MEMPCPY 1
| | #define HAVE_RAW_DECL_MEMRCHR 1
| | #define HAVE_RAW_DECL_RAWMEMCHR 1
| | #define HAVE_RAW_DECL_STPCPY 1
| | #define HAVE_RAW_DECL_STPNCPY 1
| | #define HAVE_RAW_DECL_STRCHRNUL 1
| | #define HAVE_RAW_DECL_STRDUP 1
| | #define HAVE_RAW_DECL_STRNCAT 1
| | #define HAVE_RAW_DECL_STRNDUP 1
| | #define HAVE_RAW_DECL_STRNLEN 1
| | #define HAVE_RAW_DECL_STRPBRK 1
| | #define HAVE_RAW_DECL_STRSEP 1
| | #define HAVE_RAW_DECL_STRCASESTR 1
| | #define HAVE_RAW_DECL_STRTOK_R 1
| | #define HAVE_RAW_DECL_STRERROR_R 1
| | #define HAVE_RAW_DECL_STRSIGNAL 1
| | #define HAVE_RAW_DECL_STRVERSCMP 1
| | #define HAVE_RAW_DECL_FFS 1
| | #define HAVE_RAW_DECL_STRCASECMP 1
| | #define HAVE_RAW_DECL_STRNCASECMP 1
| | #define HAVE_DECL_STRNDUP 1
| | #define HAVE_DECL_STRNLEN 1
| | #define HAVE_DECL_STRTOIMAX 1
| | #define HAVE_DECL_STRTOUMAX 1
| | #define HAVE_DECL_TTYNAME_R 1
| | #define HAVE_DECL_UNSETENV 1
| | #define HAVE_WORKING_UTIMES 1
| | #define HAVE_STRUCT_UTIMBUF 1
| | #define HAVE_INTTYPES_H_WITH_UINTMAX 1
| | #define HAVE_STDINT_H_WITH_UINTMAX 1
| | #define HAVE_INTMAX_T 1
| | #define DBL_EXPBIT0_WORD 1
| | #define DBL_EXPBIT0_BIT 20
| | #define HAVE_SNPRINTF 1
| | #define HAVE_STRNLEN 1
| | #define HAVE_WCSLEN 1
| | #define HAVE_WCSNLEN 1
| | #define HAVE_MBRTOWC 1
| | #define HAVE_WCRTOMB 1
| | /* end confdefs.h.  */
| | #include <stdio.h>
| | 
| | int
| | main ()
| | {
| | #ifndef _snprintf
| | #ifdef __cplusplus
| |   (void) _snprintf;
| | #else
| |   (void) _snprintf;
| | #endif
| | #endif
| | 
| |   ;
| |   return 0;
| | }
| configure:16509: result: no
| configure:16531: checking whether vsnprintf is declared
| configure:16531: gcc -std=gnu99 -c -g -O2  conftest.c >&5
| configure:16531: $? = 0
| configure:16531: result: yes
| configure:16577: checking for alloca as a compiler built-in
| configure:16601: result: yes
| configure:16636: checking whether program_invocation_name is declared
| configure:16636: gcc -std=gnu99 -c -g -O2  conftest.c >&5
| configure:16636: $? = 0
| configure:16636: result: yes
| configure:16655: checking whether program_invocation_short_name is declared
| configure:16655: gcc -std=gnu99 -c -g -O2  conftest.c >&5
| configure:16655: $? = 0
| configure:16655: result: yes
| configure:16679: checking whether program_invocation_name is defined
| configure:16692: gcc -std=gnu99 -o conftest -g -O2   conftest.c  >&5
| configure:16692: $? = 0
| configure:16696: result: yes
| configure:16705: checking whether program_invocation_short_name is defined
| configure:16718: gcc -std=gnu99 -o conftest -g -O2   conftest.c  >&5
| configure:16718: $? = 0
| configure:16722: result: yes
| configure:16783: checking whether btowc(0) is correct
| configure:16818: gcc -std=gnu99 -o conftest -g -O2   conftest.c  >&5
| configure:16818: $? = 0
| configure:16818: ./conftest
| configure:16818: $? = 0
| configure:16829: result: yes
| configure:16832: checking whether btowc(EOF) is correct
| configure:16883: result: guessing yes
| configure:17017: checking whether this system has an arbitrary file name length limit
| configure:17058: result: yes
| configure:17126: checking for library containing clock_gettime
| configure:17157: gcc -std=gnu99 -o conftest -g -O2   conftest.c  >&5
| configure:17157: $? = 0
| configure:17174: result: none required
| configure:17186: checking for clock_gettime
| configure:17186: gcc -std=gnu99 -o conftest -g -O2   conftest.c  >&5
| configure:17186: $? = 0
| configure:17186: result: yes
| configure:17186: checking for clock_settime
| configure:17186: gcc -std=gnu99 -o conftest -g -O2   conftest.c  >&5
| configure:17186: $? = 0
| configure:17186: result: yes
| configure:17297: checking for closedir
| configure:17297: gcc -std=gnu99 -o conftest -g -O2   conftest.c  >&5
| configure:17297: $? = 0
| configure:17297: result: yes
| configure:17395: checking for d_ino member in directory struct
| configure:17446: result: yes
| configure:17548: checking whether alphasort is declared without a macro
| configure:17566: gcc -std=gnu99 -c -g -O2  conftest.c >&5
| configure:17566: $? = 0
| configure:17574: result: yes
| configure:17548: checking whether closedir is declared without a macro
| configure:17566: gcc -std=gnu99 -c -g -O2  conftest.c >&5
| configure:17566: $? = 0
| configure:17574: result: yes
| configure:17548: checking whether dirfd is declared without a macro
| configure:17566: gcc -std=gnu99 -c -g -O2  conftest.c >&5
| configure:17566: $? = 0
| configure:17574: result: yes
| configure:17548: checking whether fdopendir is declared without a macro
| configure:17566: gcc -std=gnu99 -c -g -O2  conftest.c >&5
| configure:17566: $? = 0
| configure:17574: result: yes
| configure:17548: checking whether opendir is declared without a macro
| configure:17566: gcc -std=gnu99 -c -g -O2  conftest.c >&5
| configure:17566: $? = 0
| configure:17574: result: yes
| configure:17548: checking whether readdir is declared without a macro
| configure:17566: gcc -std=gnu99 -c -g -O2  conftest.c >&5
| configure:17566: $? = 0
| configure:17574: result: yes
| configure:17548: checking whether rewinddir is declared without a macro
| configure:17566: gcc -std=gnu99 -c -g -O2  conftest.c >&5
| configure:17566: $? = 0
| configure:17574: result: yes
| configure:17548: checking whether scandir is declared without a macro
| configure:17566: gcc -std=gnu99 -c -g -O2  conftest.c >&5
| configure:17566: $? = 0
| configure:17574: result: yes
| configure:17603: checking for dirfd
| configure:17603: gcc -std=gnu99 -o conftest -g -O2   conftest.c  >&5
| configure:17603: $? = 0
| configure:17603: result: yes
| configure:17612: checking whether dirfd is declared
| configure:17612: result: yes
| configure:17629: checking whether dirfd is a macro
| configure:17652: result: no
| configure:17755: checking whether // is distinct from /
| configure:17784: result: no
| configure:17848: checking whether dup2 works
| configure:17907: gcc -std=gnu99 -o conftest -g -O2   conftest.c  >&5
| configure:17907: $? = 0
| configure:17907: ./conftest
| configure:17907: $? = 0
| configure:17918: result: yes
| configure:17999: checking for error_at_line
| configure:18015: gcc -std=gnu99 -o conftest -g -O2   conftest.c  >&5
| configure:18015: $? = 0
| configure:18023: result: yes
| configure:18057: checking for euidaccess
| configure:18057: gcc -std=gnu99 -o conftest -g -O2   conftest.c  >&5
| configure:18057: $? = 0
| configure:18057: result: yes
| configure:18488: checking for fchownat
| configure:18488: gcc -std=gnu99 -o conftest -g -O2   conftest.c  >&5
| configure:18488: $? = 0
| configure:18488: result: yes
| configure:18493: checking whether fchownat works with AT_SYMLINK_NOFOLLOW
| configure:18525: gcc -std=gnu99 -o conftest -g -O2   conftest.c  >&5
| configure:18525: $? = 0
| configure:18525: ./conftest
| configure:18525: $? = 0
| configure:18536: result: yes
| configure:18549: checking whether fchownat works with an empty file name
| configure:18581: gcc -std=gnu99 -o conftest -g -O2   conftest.c  >&5
| conftest.c: In function 'main':
| conftest.c:313:13: warning: implicit declaration of function 'mkdir' [-Wimplicit-function-declaration]
| configure:18581: $? = 0
| configure:18581: ./conftest
| configure:18581: $? = 0
| configure:18592: result: yes
| configure:18659: checking whether fcntl handles F_DUPFD correctly
| configure:18689: gcc -std=gnu99 -o conftest -g -O2   conftest.c  >&5
| configure:18689: $? = 0
| configure:18689: ./conftest
| configure:18689: $? = 0
| configure:18699: result: yes
| configure:18717: checking whether fcntl understands F_DUPFD_CLOEXEC
| configure:18738: gcc -std=gnu99 -c -g -O2  conftest.c >&5
| configure:18738: $? = 0
| configure:18756: gcc -std=gnu99 -c -g -O2  conftest.c >&5
| conftest.c:311:1: error: unknown type name 'choke'
| conftest.c:314:1: error: expected '=', ',', ';', 'asm' or '__attribute__' before 'int'
| configure:18756: $? = 1
| configure: failed program was:
| | /* confdefs.h */
| | #define PACKAGE_NAME "GNU tar"
| | #define PACKAGE_TARNAME "tar"
| | #define PACKAGE_VERSION "1.28"
| | #define PACKAGE_STRING "GNU tar 1.28"
| | #define PACKAGE_BUGREPORT "bug-tar@gnu.org"
| | #define PACKAGE_URL "http://www.gnu.org/software/tar/"
| | #define PACKAGE "tar"
| | #define VERSION "1.28"
| | #define STDC_HEADERS 1
| | #define HAVE_SYS_TYPES_H 1
| | #define HAVE_SYS_STAT_H 1
| | #define HAVE_STDLIB_H 1
| | #define HAVE_STRING_H 1
| | #define HAVE_MEMORY_H 1
| | #define HAVE_STRINGS_H 1
| | #define HAVE_INTTYPES_H 1
| | #define HAVE_STDINT_H 1
| | #define HAVE_UNISTD_H 1
| | #define __EXTENSIONS__ 1
| | #define _ALL_SOURCE 1
| | #define _DARWIN_C_SOURCE 1
| | #define _GNU_SOURCE 1
| | #define _POSIX_PTHREAD_SEMANTICS 1
| | #define _TANDEM_SOURCE 1
| | #define HAVE_FSEEKO 1
| | #define _DARWIN_USE_64_BIT_INODE 1
| | #define _DARWIN_USE_64_BIT_INODE 1
| | #define HAVE_FCNTL_H 1
| | #define HAVE_LINUX_FD_H 1
| | #define HAVE_MEMORY_H 1
| | #define HAVE_SGTTY_H 1
| | #define HAVE_STRING_H 1
| | #define HAVE_SYS_PARAM_H 1
| | #define HAVE_SYS_MTIO_H 1
| | #define HAVE_SYS_TIME_H 1
| | #define HAVE_UNISTD_H 1
| | #define HAVE_LOCALE_H 1
| | #define HAVE_FEATURES_H 1
| | #define HAVE_SYS_SOCKET_H 1
| | #define HAVE_DIRENT_H 1
| | #define HAVE_WCTYPE_H 1
| | #define HAVE_STDIO_EXT_H 1
| | #define HAVE_SYS_STAT_H 1
| | #define HAVE_GETOPT_H 1
| | #define HAVE_WCHAR_H 1
| | #define HAVE_STDINT_H 1
| | #define HAVE_INTTYPES_H 1
| | #define HAVE_LANGINFO_H 1
| | #define HAVE_XLOCALE_H 1
| | #define HAVE_SYS_MMAN_H 1
| | #define HAVE_MALLOC_H 1
| | #define HAVE_STRINGS_H 1
| | #define HAVE_SYSEXITS_H 1
| | #define HAVE_UTIME_H 1
| | #define HAVE_NETDB_H 1
| | #define HAVE_SYS_WAIT_H 1
| | #define HAVE_PWD_H 1
| | #define HAVE_GRP_H 1
| | #define major_t int
| | #define minor_t int
| | #define HAVE_ALLOCA_H 1
| | #define HAVE_ALLOCA 1
| | #define restrict __restrict
| | #define HAVE_DECL_CLEARERR_UNLOCKED 1
| | #define HAVE_DECL_FEOF_UNLOCKED 1
| | #define HAVE_DECL_FERROR_UNLOCKED 1
| | #define HAVE_DECL_FFLUSH_UNLOCKED 1
| | #define HAVE_DECL_FGETS_UNLOCKED 1
| | #define HAVE_DECL_FPUTC_UNLOCKED 1
| | #define HAVE_DECL_FPUTS_UNLOCKED 1
| | #define HAVE_DECL_FREAD_UNLOCKED 1
| | #define HAVE_DECL_FWRITE_UNLOCKED 1
| | #define HAVE_DECL_GETC_UNLOCKED 1
| | #define HAVE_DECL_GETCHAR_UNLOCKED 1
| | #define HAVE_DECL_PUTC_UNLOCKED 1
| | #define HAVE_DECL_PUTCHAR_UNLOCKED 1
| | #define HAVE_FLOCKFILE 1
| | #define HAVE_FUNLOCKFILE 1
| | #define HAVE_PATHCONF 1
| | #define HAVE_BTOWC 1
| | #define HAVE_CANONICALIZE_FILE_NAME 1
| | #define HAVE_GETCWD 1
| | #define HAVE_READLINK 1
| | #define HAVE_REALPATH 1
| | #define HAVE_READLINKAT 1
| | #define HAVE_CHOWN 1
| | #define HAVE_FCHOWN 1
| | #define HAVE_FCHDIR 1
| | #define HAVE_FDOPENDIR 1
| | #define HAVE_FACCESSAT 1
| | #define HAVE_FCHMODAT 1
| | #define HAVE_FCNTL 1
| | #define HAVE_SYMLINK 1
| | #define HAVE_MEMPCPY 1
| | #define HAVE_ISBLANK 1
| | #define HAVE_ISWCTYPE 1
| | #define HAVE_MBSRTOWCS 1
| | #define HAVE_WMEMCHR 1
| | #define HAVE_WMEMCPY 1
| | #define HAVE_WMEMPCPY 1
| | #define HAVE_FSTATAT 1
| | #define HAVE_FUTIMENS 1
| | #define HAVE_GETDELIM 1
| | #define HAVE_GETDTABLESIZE 1
| | #define HAVE_GETTIMEOFDAY 1
| | #define HAVE_ISWCNTRL 1
| | #define HAVE_ISWBLANK 1
| | #define HAVE_LINK 1
| | #define HAVE_OPENAT 1
| | #define HAVE_LINKAT 1
| | #define HAVE_LSTAT 1
| | #define HAVE_MBSINIT 1
| | #define HAVE_MBRTOWC 1
| | #define HAVE_MPROTECT 1
| | #define HAVE_MKDIRAT 1
| | #define HAVE_MKFIFO 1
| | #define HAVE_MKFIFOAT 1
| | #define HAVE_MKNODAT 1
| | #define HAVE_MKNOD 1
| | #define HAVE_NL_LANGINFO 1
| | #define HAVE_POSIX_OPENPT 1
| | #define HAVE_PTSNAME_R 1
| | #define HAVE_FCHMOD 1
| | #define HAVE_RENAMEAT 1
| | #define HAVE_SECURE_GETENV 1
| | #define HAVE_SETENV 1
| | #define HAVE_SLEEP 1
| | #define HAVE_SNPRINTF 1
| | #define HAVE_STRDUP 1
| | #define HAVE_TZSET 1
| | #define HAVE_STRNDUP 1
| | #define HAVE_STRTOIMAX 1
| | #define HAVE_STRTOUMAX 1
| | #define HAVE_SYMLINKAT 1
| | #define HAVE_LOCALTIME_R 1
| | #define HAVE_PIPE 1
| | #define HAVE_UNLINKAT 1
| | #define HAVE_FUTIMES 1
| | #define HAVE_FUTIMESAT 1
| | #define HAVE_UTIMENSAT 1
| | #define HAVE_LUTIMES 1
| | #define HAVE_WCRTOMB 1
| | #define HAVE_WCWIDTH 1
| | #define HAVE_SETLOCALE 1
| | #define HAVE_FSYNC 1
| | #define HAVE_GRANTPT 1
| | #define D_INO_IN_DIRENT 1
| | #define HAVE_LONG_FILE_NAMES 1
| | #define HAVE_LANGINFO_CODESET 1
| | #define FUNC_REALPATH_WORKS 1
| | #define HAVE_UNISTD_H 1
| | #define HAVE_CHOWN 1
| | #define HAVE_ENVIRON_DECL 1
| | #define HAVE_DECL_STRERROR_R 1
| | #define HAVE_STRERROR_R 1
| | #define STRERROR_R_CHAR_P 1
| | #define GETGROUPS_T gid_t
| | #define HAVE_DECL_FCHDIR 1
| | #define HAVE_WORKING_O_NOATIME 1
| | #define HAVE_WORKING_O_NOFOLLOW 1
| | #define HAVE_MBSTATE_T 1
| | #define HAVE_DECL_FSEEKO 1
| | #define HAVE_RAW_DECL_FCHMODAT 1
| | #define HAVE_RAW_DECL_FSTAT 1
| | #define HAVE_RAW_DECL_FSTATAT 1
| | #define HAVE_RAW_DECL_FUTIMENS 1
| | #define HAVE_RAW_DECL_LCHMOD 1
| | #define HAVE_RAW_DECL_LSTAT 1
| | #define HAVE_RAW_DECL_MKDIRAT 1
| | #define HAVE_RAW_DECL_MKFIFO 1
| | #define HAVE_RAW_DECL_MKFIFOAT 1
| | #define HAVE_RAW_DECL_MKNOD 1
| | #define HAVE_RAW_DECL_MKNODAT 1
| | #define HAVE_RAW_DECL_STAT 1
| | #define HAVE_RAW_DECL_UTIMENSAT 1
| | #define LSTAT_FOLLOWS_SLASHED_SYMLINK 1
| | #define HAVE_DECL_GETCWD 1
| | #define HAVE_DECL_GETDELIM 1
| | #define HAVE_DECL_GETLINE 1
| | #define HAVE_GETOPT_H 1
| | #define HAVE_GETOPT_LONG_ONLY 1
| | #define __GETOPT_PREFIX rpl_
| | #define HAVE_DECL_GETENV 1
| | #define HAVE_RAW_DECL_GETTIMEOFDAY 1
| | #define HAVE_UNSIGNED_LONG_LONG_INT 1
| | #define HAVE_LONG_LONG_INT 1
| | #define HAVE_RAW_DECL_IMAXABS 1
| | #define HAVE_RAW_DECL_IMAXDIV 1
| | #define HAVE_RAW_DECL_STRTOIMAX 1
| | #define HAVE_RAW_DECL_STRTOUMAX 1
| | #define HAVE_INTTYPES_H 1
| | #define HAVE_WINT_T 1
| | #define HAVE_TOWLOWER 1
| | #define HAVE_RAW_DECL_WCTYPE 1
| | #define HAVE_RAW_DECL_ISWCTYPE 1
| | #define HAVE_RAW_DECL_WCTRANS 1
| | #define HAVE_RAW_DECL_TOWCTRANS 1
| | #define HAVE_WCHAR_T 1
| | #define HAVE_STDLIB_H 1
| | #define MALLOC_0_IS_NONNULL 1
| | #define HAVE_MAP_ANONYMOUS 1
| | #define HAVE_DECL_MEMRCHR 1
| | #define HAVE_DECL_ALARM 1
| | #define PROMOTED_MODE_T mode_t
| | #define HAVE__BOOL 1
| | #define HAVE_COMPOUND_LITERALS 1
| | #define HAVE_TM_GMTOFF 1
| | #define HAVE_DECL_SETENV 1
| | #define HAVE_SEARCH_H 1
| | #define HAVE_TSEARCH 1
| | #define HAVE_SIGSET_T 1
| | #define HAVE_DECL_SNPRINTF 1
| | #define HAVE_DECL_STRDUP 1
| | #define HAVE_RAW_DECL_FFSL 1
| | #define HAVE_RAW_DECL_FFSLL 1
| | #define HAVE_RAW_DECL_MEMMEM 1
| | #define HAVE_RAW_DECL_MEMPCPY 1
| | #define HAVE_RAW_DECL_MEMRCHR 1
| | #define HAVE_RAW_DECL_RAWMEMCHR 1
| | #define HAVE_RAW_DECL_STPCPY 1
| | #define HAVE_RAW_DECL_STPNCPY 1
| | #define HAVE_RAW_DECL_STRCHRNUL 1
| | #define HAVE_RAW_DECL_STRDUP 1
| | #define HAVE_RAW_DECL_STRNCAT 1
| | #define HAVE_RAW_DECL_STRNDUP 1
| | #define HAVE_RAW_DECL_STRNLEN 1
| | #define HAVE_RAW_DECL_STRPBRK 1
| | #define HAVE_RAW_DECL_STRSEP 1
| | #define HAVE_RAW_DECL_STRCASESTR 1
| | #define HAVE_RAW_DECL_STRTOK_R 1
| | #define HAVE_RAW_DECL_STRERROR_R 1
| | #define HAVE_RAW_DECL_STRSIGNAL 1
| | #define HAVE_RAW_DECL_STRVERSCMP 1
| | #define HAVE_RAW_DECL_FFS 1
| | #define HAVE_RAW_DECL_STRCASECMP 1
| | #define HAVE_RAW_DECL_STRNCASECMP 1
| | #define HAVE_DECL_STRNDUP 1
| | #define HAVE_DECL_STRNLEN 1
| | #define HAVE_DECL_STRTOIMAX 1
| | #define HAVE_DECL_STRTOUMAX 1
| | #define HAVE_DECL_TTYNAME_R 1
| | #define HAVE_DECL_UNSETENV 1
| | #define HAVE_WORKING_UTIMES 1
| | #define HAVE_STRUCT_UTIMBUF 1
| | #define HAVE_INTTYPES_H_WITH_UINTMAX 1
| | #define HAVE_STDINT_H_WITH_UINTMAX 1
| | #define HAVE_INTMAX_T 1
| | #define DBL_EXPBIT0_WORD 1
| | #define DBL_EXPBIT0_BIT 20
| | #define HAVE_SNPRINTF 1
| | #define HAVE_STRNLEN 1
| | #define HAVE_WCSLEN 1
| | #define HAVE_WCSNLEN 1
| | #define HAVE_MBRTOWC 1
| | #define HAVE_WCRTOMB 1
| | #define HAVE_DECL__SNPRINTF 0
| | #define HAVE_SNPRINTF_RETVAL_C99 1
| | #define HAVE_DECL_VSNPRINTF 1
| | #define HAVE_ALLOCA 1
| | #define GNULIB_AREADLINKAT 1
| | #define HAVE_DECL_PROGRAM_INVOCATION_NAME 1
| | #define HAVE_DECL_PROGRAM_INVOCATION_SHORT_NAME 1
| | #define HAVE_PROGRAM_INVOCATION_NAME 1
| | #define HAVE_PROGRAM_INVOCATION_SHORT_NAME 1
| | #define GNULIB_TEST_BTOWC 1
| | #define GNULIB_CANONICALIZE_LGPL 1
| | #define GNULIB_TEST_CANONICALIZE_FILE_NAME 1
| | #define GNULIB_TEST_REALPATH 1
| | #define GNULIB_TEST_CHDIR 1
| | #define GNULIB_TEST_CHOWN 1
| | #define HAVE_CLOCK_GETTIME 1
| | #define HAVE_CLOCK_SETTIME 1
| | #define GNULIB_TEST_CLOEXEC 1
| | #define GNULIB_TEST_CLOSE 1
| | #define GNULIB_CLOSE_STREAM 1
| | #define HAVE_CLOSEDIR 1
| | #define GNULIB_TEST_CLOSEDIR 1
| | #define D_INO_IN_DIRENT 1
| | #define HAVE_RAW_DECL_ALPHASORT 1
| | #define HAVE_RAW_DECL_CLOSEDIR 1
| | #define HAVE_RAW_DECL_DIRFD 1
| | #define HAVE_RAW_DECL_FDOPENDIR 1
| | #define HAVE_RAW_DECL_OPENDIR 1
| | #define HAVE_RAW_DECL_READDIR 1
| | #define HAVE_RAW_DECL_REWINDDIR 1
| | #define HAVE_RAW_DECL_SCANDIR 1
| | #define GNULIB_DIRENT_SAFER 1
| | #define HAVE_DIRFD 1
| | #define HAVE_DECL_DIRFD 1
| | #define GNULIB_TEST_DIRFD 1
| | #define GNULIB_DIRNAME 1
| | #define GNULIB_TEST_DUP 1
| | #define HAVE_DUP2 1
| | #define GNULIB_TEST_DUP2 1
| | #define GNULIB_TEST_ENVIRON 1
| | #define HAVE_EUIDACCESS 1
| | #define GNULIB_TEST_EUIDACCESS 1
| | #define GNULIB_FACCESSAT 1
| | #define GNULIB_TEST_FACCESSAT 1
| | #define GNULIB_TEST_FCHDIR 1
| | #define GNULIB_FCHMODAT 1
| | #define GNULIB_TEST_FCHMODAT 1
| | #define GNULIB_FCHOWNAT 1
| | #define GNULIB_TEST_FCHOWNAT 1
| | /* end confdefs.h.  */
| | 
| | #ifdef __linux__
| | /* The Linux kernel only added F_DUPFD_CLOEXEC in 2.6.24, so we always replace
| |    it to support the semantics on older kernels that failed with EINVAL.  */
| | choke me
| | #endif
| | 
| | int
| | main ()
| | {
| | 
| |   ;
| |   return 0;
| | }
| configure:18767: result: needs runtime check
| configure:18911: checking whether fcntl is declared without a macro
| configure:18929: gcc -std=gnu99 -c -g -O2  conftest.c >&5
| configure:18929: $? = 0
| configure:18937: result: yes
| configure:18911: checking whether openat is declared without a macro
| configure:18929: gcc -std=gnu99 -c -g -O2  conftest.c >&5
| configure:18929: $? = 0
| configure:18937: result: yes
| configure:18954: checking whether fdopendir is declared
| configure:18954: result: yes
| configure:18977: checking whether fdopendir works
| configure:19018: gcc -std=gnu99 -o conftest -g -O2   conftest.c  >&5
| configure:19018: $? = 0
| configure:19018: ./conftest
| configure:19018: $? = 0
| configure:19028: result: yes
| configure:19081: checking for struct stat.st_blocks
| configure:19081: gcc -std=gnu99 -c -g -O2  conftest.c >&5
| configure:19081: $? = 0
| configure:19081: result: yes
| configure:19168: checking whether conversion from 'int' to 'long double' works
| configure:19209: gcc -std=gnu99 -o conftest -g -O2   conftest.c  >&5
| configure:19209: $? = 0
| configure:19209: ./conftest
| configure:19209: $? = 0
| configure:19220: result: yes
| configure:19347: checking for working GNU fnmatch
| configure:19448: gcc -std=gnu99 -o conftest -g -O2   conftest.c  >&5
| configure:19448: $? = 0
| configure:19448: ./conftest
| configure:19448: $? = 0
| configure:19460: result: yes
| configure:19559: checking for __fpending
| configure:19576: gcc -std=gnu99 -o conftest -g -O2   conftest.c  >&5
| configure:19576: $? = 0
| configure:19585: result: yes
| configure:19588: checking whether __fpending is declared
| configure:19588: gcc -std=gnu99 -c -g -O2  conftest.c >&5
| configure:19588: $? = 0
| configure:19588: result: yes
| configure:19736: checking for fseeko
| configure:19763: result: yes
| configure:19891: checking whether fstatat (..., 0) works
| configure:19916: gcc -std=gnu99 -o conftest -g -O2   conftest.c  >&5
| configure:19916: $? = 0
| configure:19916: ./conftest
| configure:19916: $? = 0
| configure:19927: result: yes
| configure:19978: checking whether futimens works
| configure:20016: gcc -std=gnu99 -o conftest -g -O2   conftest.c  >&5
| configure:20016: $? = 0
| configure:20016: ./conftest
| configure:20016: $? = 0
| configure:20035: gcc -std=gnu99 -c -g -O2  conftest.c >&5
| conftest.c:326:1: error: unknown type name 'choke'
| conftest.c:329:1: error: expected '=', ',', ';', 'asm' or '__attribute__' before 'int'
| configure:20035: $? = 1
| configure: failed program was:
| | /* confdefs.h */
| | #define PACKAGE_NAME "GNU tar"
| | #define PACKAGE_TARNAME "tar"
| | #define PACKAGE_VERSION "1.28"
| | #define PACKAGE_STRING "GNU tar 1.28"
| | #define PACKAGE_BUGREPORT "bug-tar@gnu.org"
| | #define PACKAGE_URL "http://www.gnu.org/software/tar/"
| | #define PACKAGE "tar"
| | #define VERSION "1.28"
| | #define STDC_HEADERS 1
| | #define HAVE_SYS_TYPES_H 1
| | #define HAVE_SYS_STAT_H 1
| | #define HAVE_STDLIB_H 1
| | #define HAVE_STRING_H 1
| | #define HAVE_MEMORY_H 1
| | #define HAVE_STRINGS_H 1
| | #define HAVE_INTTYPES_H 1
| | #define HAVE_STDINT_H 1
| | #define HAVE_UNISTD_H 1
| | #define __EXTENSIONS__ 1
| | #define _ALL_SOURCE 1
| | #define _DARWIN_C_SOURCE 1
| | #define _GNU_SOURCE 1
| | #define _POSIX_PTHREAD_SEMANTICS 1
| | #define _TANDEM_SOURCE 1
| | #define HAVE_FSEEKO 1
| | #define _DARWIN_USE_64_BIT_INODE 1
| | #define _DARWIN_USE_64_BIT_INODE 1
| | #define HAVE_FCNTL_H 1
| | #define HAVE_LINUX_FD_H 1
| | #define HAVE_MEMORY_H 1
| | #define HAVE_SGTTY_H 1
| | #define HAVE_STRING_H 1
| | #define HAVE_SYS_PARAM_H 1
| | #define HAVE_SYS_MTIO_H 1
| | #define HAVE_SYS_TIME_H 1
| | #define HAVE_UNISTD_H 1
| | #define HAVE_LOCALE_H 1
| | #define HAVE_FEATURES_H 1
| | #define HAVE_SYS_SOCKET_H 1
| | #define HAVE_DIRENT_H 1
| | #define HAVE_WCTYPE_H 1
| | #define HAVE_STDIO_EXT_H 1
| | #define HAVE_SYS_STAT_H 1
| | #define HAVE_GETOPT_H 1
| | #define HAVE_WCHAR_H 1
| | #define HAVE_STDINT_H 1
| | #define HAVE_INTTYPES_H 1
| | #define HAVE_LANGINFO_H 1
| | #define HAVE_XLOCALE_H 1
| | #define HAVE_SYS_MMAN_H 1
| | #define HAVE_MALLOC_H 1
| | #define HAVE_STRINGS_H 1
| | #define HAVE_SYSEXITS_H 1
| | #define HAVE_UTIME_H 1
| | #define HAVE_NETDB_H 1
| | #define HAVE_SYS_WAIT_H 1
| | #define HAVE_PWD_H 1
| | #define HAVE_GRP_H 1
| | #define major_t int
| | #define minor_t int
| | #define HAVE_ALLOCA_H 1
| | #define HAVE_ALLOCA 1
| | #define restrict __restrict
| | #define HAVE_DECL_CLEARERR_UNLOCKED 1
| | #define HAVE_DECL_FEOF_UNLOCKED 1
| | #define HAVE_DECL_FERROR_UNLOCKED 1
| | #define HAVE_DECL_FFLUSH_UNLOCKED 1
| | #define HAVE_DECL_FGETS_UNLOCKED 1
| | #define HAVE_DECL_FPUTC_UNLOCKED 1
| | #define HAVE_DECL_FPUTS_UNLOCKED 1
| | #define HAVE_DECL_FREAD_UNLOCKED 1
| | #define HAVE_DECL_FWRITE_UNLOCKED 1
| | #define HAVE_DECL_GETC_UNLOCKED 1
| | #define HAVE_DECL_GETCHAR_UNLOCKED 1
| | #define HAVE_DECL_PUTC_UNLOCKED 1
| | #define HAVE_DECL_PUTCHAR_UNLOCKED 1
| | #define HAVE_FLOCKFILE 1
| | #define HAVE_FUNLOCKFILE 1
| | #define HAVE_PATHCONF 1
| | #define HAVE_BTOWC 1
| | #define HAVE_CANONICALIZE_FILE_NAME 1
| | #define HAVE_GETCWD 1
| | #define HAVE_READLINK 1
| | #define HAVE_REALPATH 1
| | #define HAVE_READLINKAT 1
| | #define HAVE_CHOWN 1
| | #define HAVE_FCHOWN 1
| | #define HAVE_FCHDIR 1
| | #define HAVE_FDOPENDIR 1
| | #define HAVE_FACCESSAT 1
| | #define HAVE_FCHMODAT 1
| | #define HAVE_FCNTL 1
| | #define HAVE_SYMLINK 1
| | #define HAVE_MEMPCPY 1
| | #define HAVE_ISBLANK 1
| | #define HAVE_ISWCTYPE 1
| | #define HAVE_MBSRTOWCS 1
| | #define HAVE_WMEMCHR 1
| | #define HAVE_WMEMCPY 1
| | #define HAVE_WMEMPCPY 1
| | #define HAVE_FSTATAT 1
| | #define HAVE_FUTIMENS 1
| | #define HAVE_GETDELIM 1
| | #define HAVE_GETDTABLESIZE 1
| | #define HAVE_GETTIMEOFDAY 1
| | #define HAVE_ISWCNTRL 1
| | #define HAVE_ISWBLANK 1
| | #define HAVE_LINK 1
| | #define HAVE_OPENAT 1
| | #define HAVE_LINKAT 1
| | #define HAVE_LSTAT 1
| | #define HAVE_MBSINIT 1
| | #define HAVE_MBRTOWC 1
| | #define HAVE_MPROTECT 1
| | #define HAVE_MKDIRAT 1
| | #define HAVE_MKFIFO 1
| | #define HAVE_MKFIFOAT 1
| | #define HAVE_MKNODAT 1
| | #define HAVE_MKNOD 1
| | #define HAVE_NL_LANGINFO 1
| | #define HAVE_POSIX_OPENPT 1
| | #define HAVE_PTSNAME_R 1
| | #define HAVE_FCHMOD 1
| | #define HAVE_RENAMEAT 1
| | #define HAVE_SECURE_GETENV 1
| | #define HAVE_SETENV 1
| | #define HAVE_SLEEP 1
| | #define HAVE_SNPRINTF 1
| | #define HAVE_STRDUP 1
| | #define HAVE_TZSET 1
| | #define HAVE_STRNDUP 1
| | #define HAVE_STRTOIMAX 1
| | #define HAVE_STRTOUMAX 1
| | #define HAVE_SYMLINKAT 1
| | #define HAVE_LOCALTIME_R 1
| | #define HAVE_PIPE 1
| | #define HAVE_UNLINKAT 1
| | #define HAVE_FUTIMES 1
| | #define HAVE_FUTIMESAT 1
| | #define HAVE_UTIMENSAT 1
| | #define HAVE_LUTIMES 1
| | #define HAVE_WCRTOMB 1
| | #define HAVE_WCWIDTH 1
| | #define HAVE_SETLOCALE 1
| | #define HAVE_FSYNC 1
| | #define HAVE_GRANTPT 1
| | #define D_INO_IN_DIRENT 1
| | #define HAVE_LONG_FILE_NAMES 1
| | #define HAVE_LANGINFO_CODESET 1
| | #define FUNC_REALPATH_WORKS 1
| | #define HAVE_UNISTD_H 1
| | #define HAVE_CHOWN 1
| | #define HAVE_ENVIRON_DECL 1
| | #define HAVE_DECL_STRERROR_R 1
| | #define HAVE_STRERROR_R 1
| | #define STRERROR_R_CHAR_P 1
| | #define GETGROUPS_T gid_t
| | #define HAVE_DECL_FCHDIR 1
| | #define HAVE_WORKING_O_NOATIME 1
| | #define HAVE_WORKING_O_NOFOLLOW 1
| | #define HAVE_MBSTATE_T 1
| | #define HAVE_DECL_FSEEKO 1
| | #define HAVE_RAW_DECL_FCHMODAT 1
| | #define HAVE_RAW_DECL_FSTAT 1
| | #define HAVE_RAW_DECL_FSTATAT 1
| | #define HAVE_RAW_DECL_FUTIMENS 1
| | #define HAVE_RAW_DECL_LCHMOD 1
| | #define HAVE_RAW_DECL_LSTAT 1
| | #define HAVE_RAW_DECL_MKDIRAT 1
| | #define HAVE_RAW_DECL_MKFIFO 1
| | #define HAVE_RAW_DECL_MKFIFOAT 1
| | #define HAVE_RAW_DECL_MKNOD 1
| | #define HAVE_RAW_DECL_MKNODAT 1
| | #define HAVE_RAW_DECL_STAT 1
| | #define HAVE_RAW_DECL_UTIMENSAT 1
| | #define LSTAT_FOLLOWS_SLASHED_SYMLINK 1
| | #define HAVE_DECL_GETCWD 1
| | #define HAVE_DECL_GETDELIM 1
| | #define HAVE_DECL_GETLINE 1
| | #define HAVE_GETOPT_H 1
| | #define HAVE_GETOPT_LONG_ONLY 1
| | #define __GETOPT_PREFIX rpl_
| | #define HAVE_DECL_GETENV 1
| | #define HAVE_RAW_DECL_GETTIMEOFDAY 1
| | #define HAVE_UNSIGNED_LONG_LONG_INT 1
| | #define HAVE_LONG_LONG_INT 1
| | #define HAVE_RAW_DECL_IMAXABS 1
| | #define HAVE_RAW_DECL_IMAXDIV 1
| | #define HAVE_RAW_DECL_STRTOIMAX 1
| | #define HAVE_RAW_DECL_STRTOUMAX 1
| | #define HAVE_INTTYPES_H 1
| | #define HAVE_WINT_T 1
| | #define HAVE_TOWLOWER 1
| | #define HAVE_RAW_DECL_WCTYPE 1
| | #define HAVE_RAW_DECL_ISWCTYPE 1
| | #define HAVE_RAW_DECL_WCTRANS 1
| | #define HAVE_RAW_DECL_TOWCTRANS 1
| | #define HAVE_WCHAR_T 1
| | #define HAVE_STDLIB_H 1
| | #define MALLOC_0_IS_NONNULL 1
| | #define HAVE_MAP_ANONYMOUS 1
| | #define HAVE_DECL_MEMRCHR 1
| | #define HAVE_DECL_ALARM 1
| | #define PROMOTED_MODE_T mode_t
| | #define HAVE__BOOL 1
| | #define HAVE_COMPOUND_LITERALS 1
| | #define HAVE_TM_GMTOFF 1
| | #define HAVE_DECL_SETENV 1
| | #define HAVE_SEARCH_H 1
| | #define HAVE_TSEARCH 1
| | #define HAVE_SIGSET_T 1
| | #define HAVE_DECL_SNPRINTF 1
| | #define HAVE_DECL_STRDUP 1
| | #define HAVE_RAW_DECL_FFSL 1
| | #define HAVE_RAW_DECL_FFSLL 1
| | #define HAVE_RAW_DECL_MEMMEM 1
| | #define HAVE_RAW_DECL_MEMPCPY 1
| | #define HAVE_RAW_DECL_MEMRCHR 1
| | #define HAVE_RAW_DECL_RAWMEMCHR 1
| | #define HAVE_RAW_DECL_STPCPY 1
| | #define HAVE_RAW_DECL_STPNCPY 1
| | #define HAVE_RAW_DECL_STRCHRNUL 1
| | #define HAVE_RAW_DECL_STRDUP 1
| | #define HAVE_RAW_DECL_STRNCAT 1
| | #define HAVE_RAW_DECL_STRNDUP 1
| | #define HAVE_RAW_DECL_STRNLEN 1
| | #define HAVE_RAW_DECL_STRPBRK 1
| | #define HAVE_RAW_DECL_STRSEP 1
| | #define HAVE_RAW_DECL_STRCASESTR 1
| | #define HAVE_RAW_DECL_STRTOK_R 1
| | #define HAVE_RAW_DECL_STRERROR_R 1
| | #define HAVE_RAW_DECL_STRSIGNAL 1
| | #define HAVE_RAW_DECL_STRVERSCMP 1
| | #define HAVE_RAW_DECL_FFS 1
| | #define HAVE_RAW_DECL_STRCASECMP 1
| | #define HAVE_RAW_DECL_STRNCASECMP 1
| | #define HAVE_DECL_STRNDUP 1
| | #define HAVE_DECL_STRNLEN 1
| | #define HAVE_DECL_STRTOIMAX 1
| | #define HAVE_DECL_STRTOUMAX 1
| | #define HAVE_DECL_TTYNAME_R 1
| | #define HAVE_DECL_UNSETENV 1
| | #define HAVE_WORKING_UTIMES 1
| | #define HAVE_STRUCT_UTIMBUF 1
| | #define HAVE_INTTYPES_H_WITH_UINTMAX 1
| | #define HAVE_STDINT_H_WITH_UINTMAX 1
| | #define HAVE_INTMAX_T 1
| | #define DBL_EXPBIT0_WORD 1
| | #define DBL_EXPBIT0_BIT 20
| | #define HAVE_SNPRINTF 1
| | #define HAVE_STRNLEN 1
| | #define HAVE_WCSLEN 1
| | #define HAVE_WCSNLEN 1
| | #define HAVE_MBRTOWC 1
| | #define HAVE_WCRTOMB 1
| | #define HAVE_DECL__SNPRINTF 0
| | #define HAVE_SNPRINTF_RETVAL_C99 1
| | #define HAVE_DECL_VSNPRINTF 1
| | #define HAVE_ALLOCA 1
| | #define GNULIB_AREADLINKAT 1
| | #define HAVE_DECL_PROGRAM_INVOCATION_NAME 1
| | #define HAVE_DECL_PROGRAM_INVOCATION_SHORT_NAME 1
| | #define HAVE_PROGRAM_INVOCATION_NAME 1
| | #define HAVE_PROGRAM_INVOCATION_SHORT_NAME 1
| | #define GNULIB_TEST_BTOWC 1
| | #define GNULIB_CANONICALIZE_LGPL 1
| | #define GNULIB_TEST_CANONICALIZE_FILE_NAME 1
| | #define GNULIB_TEST_REALPATH 1
| | #define GNULIB_TEST_CHDIR 1
| | #define GNULIB_TEST_CHOWN 1
| | #define HAVE_CLOCK_GETTIME 1
| | #define HAVE_CLOCK_SETTIME 1
| | #define GNULIB_TEST_CLOEXEC 1
| | #define GNULIB_TEST_CLOSE 1
| | #define GNULIB_CLOSE_STREAM 1
| | #define HAVE_CLOSEDIR 1
| | #define GNULIB_TEST_CLOSEDIR 1
| | #define D_INO_IN_DIRENT 1
| | #define HAVE_RAW_DECL_ALPHASORT 1
| | #define HAVE_RAW_DECL_CLOSEDIR 1
| | #define HAVE_RAW_DECL_DIRFD 1
| | #define HAVE_RAW_DECL_FDOPENDIR 1
| | #define HAVE_RAW_DECL_OPENDIR 1
| | #define HAVE_RAW_DECL_READDIR 1
| | #define HAVE_RAW_DECL_REWINDDIR 1
| | #define HAVE_RAW_DECL_SCANDIR 1
| | #define GNULIB_DIRENT_SAFER 1
| | #define HAVE_DIRFD 1
| | #define HAVE_DECL_DIRFD 1
| | #define GNULIB_TEST_DIRFD 1
| | #define GNULIB_DIRNAME 1
| | #define GNULIB_TEST_DUP 1
| | #define HAVE_DUP2 1
| | #define GNULIB_TEST_DUP2 1
| | #define GNULIB_TEST_ENVIRON 1
| | #define HAVE_EUIDACCESS 1
| | #define GNULIB_TEST_EUIDACCESS 1
| | #define GNULIB_FACCESSAT 1
| | #define GNULIB_TEST_FACCESSAT 1
| | #define GNULIB_TEST_FCHDIR 1
| | #define GNULIB_FCHMODAT 1
| | #define GNULIB_TEST_FCHMODAT 1
| | #define GNULIB_FCHOWNAT 1
| | #define GNULIB_TEST_FCHOWNAT 1
| | #define GNULIB_TEST_FCNTL 1
| | #define HAVE_RAW_DECL_FCNTL 1
| | #define HAVE_RAW_DECL_OPENAT 1
| | #define HAVE_DECL_FDOPENDIR 1
| | #define GNULIB_TEST_FDOPENDIR 1
| | #define GNULIB_FDOPENDIR 1
| | #define GNULIB_FDUTIMENSAT 1
| | #define HAVE_STRUCT_STAT_ST_BLOCKS 1
| | #define HAVE_ST_BLOCKS 1
| | #define HAVE_DECL___FPENDING 1
| | #define GNULIB_TEST_FSEEK 1
| | #define GNULIB_TEST_FSEEKO 1
| | #define GNULIB_TEST_FSTAT 1
| | #define GNULIB_TEST_FSTATAT 1
| | /* end confdefs.h.  */
| | 
| | #ifdef __linux__
| | /* The Linux kernel added futimens in 2.6.22, but has bugs with UTIME_OMIT
| |    in several file systems as recently as 2.6.32.  Always replace futimens
| |    to support older kernels.  */
| | choke me
| | #endif
| | 
| | int
| | main ()
| | {
| | 
| |   ;
| |   return 0;
| | }
| configure:20050: result: needs runtime check
| configure:20100: checking whether getcwd handles long file names properly
| configure:20299: gcc -std=gnu99 -o conftest -g -O2   conftest.c  >&5
| configure:20299: $? = 0
| configure:20299: ./conftest
| configure:20299: $? = 0
| configure:20314: result: yes
| configure:20325: checking for getpagesize
| configure:20325: gcc -std=gnu99 -o conftest -g -O2   conftest.c  >&5
| configure:20325: $? = 0
| configure:20325: result: yes
| configure:20334: checking whether getcwd aborts when 4k < cwd_length < 16k
| configure:20464: gcc -std=gnu99 -o conftest -g -O2   conftest.c  >&5
| configure:20464: $? = 0
| configure:20464: ./conftest
| configure:20464: $? = 0
| configure:20480: result: no
| configure:20601: checking for working getdelim function
| configure:20661: gcc -std=gnu99 -o conftest -g -O2   conftest.c  >&5
| configure:20661: $? = 0
| configure:20661: ./conftest
| configure:20661: $? = 0
| configure:20671: result: yes
| configure:20746: checking whether getdtablesize works
| configure:20775: gcc -std=gnu99 -o conftest -g -O2   conftest.c  >&5
| configure:20775: $? = 0
| configure:20775: ./conftest
| configure:20775: $? = 0
| configure:20786: result: yes
| configure:20829: checking for getgroups
| configure:20829: gcc -std=gnu99 -o conftest -g -O2   conftest.c  >&5
| configure:20829: $? = 0
| configure:20829: result: yes
| configure:20884: checking for working getgroups
| configure:20911: gcc -std=gnu99 -o conftest -g -O2   conftest.c  >&5
| configure:20911: $? = 0
| configure:20911: ./conftest
| configure:20911: $? = 0
| configure:20922: result: yes
| configure:20950: checking whether getgroups handles negative values
| configure:20977: gcc -std=gnu99 -o conftest -g -O2   conftest.c  >&5
| configure:20977: $? = 0
| configure:20977: ./conftest
| configure:20977: $? = 0
| configure:20987: result: yes
| configure:21032: checking for getline
| configure:21032: gcc -std=gnu99 -o conftest -g -O2   conftest.c  >&5
| configure:21032: $? = 0
| configure:21032: result: yes
| configure:21040: checking for working getline function
| configure:21100: gcc -std=gnu99 -o conftest -g -O2   conftest.c  >&5
| configure:21100: $? = 0
| configure:21100: ./conftest
| configure:21100: $? = 0
| configure:21110: result: yes
| configure:21240: checking for getpagesize
| configure:21240: result: yes
| configure:21287: checking whether getpagesize is declared
| configure:21287: gcc -std=gnu99 -c -g -O2  conftest.c >&5
| configure:21287: $? = 0
| configure:21287: result: yes
| configure:21343: checking whether gettimeofday clobbers localtime buffer
| configure:21382: gcc -std=gnu99 -o conftest -g -O2   conftest.c  >&5
| configure:21382: $? = 0
| configure:21382: ./conftest
| configure:21382: $? = 0
| configure:21392: result: no
| configure:21408: checking for gettimeofday with POSIX signature
| configure:21436: gcc -std=gnu99 -c -g -O2  conftest.c >&5
| conftest.c:338:19: error: conflicting types for 'gettimeofday'
| In file included from conftest.c:336:0:
| /usr/include/x86_64-linux-gnu/sys/time.h:72:12: note: previous declaration of 'gettimeofday' was here
| configure:21436: $? = 1
| configure: failed program was:
| | /* confdefs.h */
| | #define PACKAGE_NAME "GNU tar"
| | #define PACKAGE_TARNAME "tar"
| | #define PACKAGE_VERSION "1.28"
| | #define PACKAGE_STRING "GNU tar 1.28"
| | #define PACKAGE_BUGREPORT "bug-tar@gnu.org"
| | #define PACKAGE_URL "http://www.gnu.org/software/tar/"
| | #define PACKAGE "tar"
| | #define VERSION "1.28"
| | #define STDC_HEADERS 1
| | #define HAVE_SYS_TYPES_H 1
| | #define HAVE_SYS_STAT_H 1
| | #define HAVE_STDLIB_H 1
| | #define HAVE_STRING_H 1
| | #define HAVE_MEMORY_H 1
| | #define HAVE_STRINGS_H 1
| | #define HAVE_INTTYPES_H 1
| | #define HAVE_STDINT_H 1
| | #define HAVE_UNISTD_H 1
| | #define __EXTENSIONS__ 1
| | #define _ALL_SOURCE 1
| | #define _DARWIN_C_SOURCE 1
| | #define _GNU_SOURCE 1
| | #define _POSIX_PTHREAD_SEMANTICS 1
| | #define _TANDEM_SOURCE 1
| | #define HAVE_FSEEKO 1
| | #define _DARWIN_USE_64_BIT_INODE 1
| | #define _DARWIN_USE_64_BIT_INODE 1
| | #define HAVE_FCNTL_H 1
| | #define HAVE_LINUX_FD_H 1
| | #define HAVE_MEMORY_H 1
| | #define HAVE_SGTTY_H 1
| | #define HAVE_STRING_H 1
| | #define HAVE_SYS_PARAM_H 1
| | #define HAVE_SYS_MTIO_H 1
| | #define HAVE_SYS_TIME_H 1
| | #define HAVE_UNISTD_H 1
| | #define HAVE_LOCALE_H 1
| | #define HAVE_FEATURES_H 1
| | #define HAVE_SYS_SOCKET_H 1
| | #define HAVE_DIRENT_H 1
| | #define HAVE_WCTYPE_H 1
| | #define HAVE_STDIO_EXT_H 1
| | #define HAVE_SYS_STAT_H 1
| | #define HAVE_GETOPT_H 1
| | #define HAVE_WCHAR_H 1
| | #define HAVE_STDINT_H 1
| | #define HAVE_INTTYPES_H 1
| | #define HAVE_LANGINFO_H 1
| | #define HAVE_XLOCALE_H 1
| | #define HAVE_SYS_MMAN_H 1
| | #define HAVE_MALLOC_H 1
| | #define HAVE_STRINGS_H 1
| | #define HAVE_SYSEXITS_H 1
| | #define HAVE_UTIME_H 1
| | #define HAVE_NETDB_H 1
| | #define HAVE_SYS_WAIT_H 1
| | #define HAVE_PWD_H 1
| | #define HAVE_GRP_H 1
| | #define major_t int
| | #define minor_t int
| | #define HAVE_ALLOCA_H 1
| | #define HAVE_ALLOCA 1
| | #define restrict __restrict
| | #define HAVE_DECL_CLEARERR_UNLOCKED 1
| | #define HAVE_DECL_FEOF_UNLOCKED 1
| | #define HAVE_DECL_FERROR_UNLOCKED 1
| | #define HAVE_DECL_FFLUSH_UNLOCKED 1
| | #define HAVE_DECL_FGETS_UNLOCKED 1
| | #define HAVE_DECL_FPUTC_UNLOCKED 1
| | #define HAVE_DECL_FPUTS_UNLOCKED 1
| | #define HAVE_DECL_FREAD_UNLOCKED 1
| | #define HAVE_DECL_FWRITE_UNLOCKED 1
| | #define HAVE_DECL_GETC_UNLOCKED 1
| | #define HAVE_DECL_GETCHAR_UNLOCKED 1
| | #define HAVE_DECL_PUTC_UNLOCKED 1
| | #define HAVE_DECL_PUTCHAR_UNLOCKED 1
| | #define HAVE_FLOCKFILE 1
| | #define HAVE_FUNLOCKFILE 1
| | #define HAVE_PATHCONF 1
| | #define HAVE_BTOWC 1
| | #define HAVE_CANONICALIZE_FILE_NAME 1
| | #define HAVE_GETCWD 1
| | #define HAVE_READLINK 1
| | #define HAVE_REALPATH 1
| | #define HAVE_READLINKAT 1
| | #define HAVE_CHOWN 1
| | #define HAVE_FCHOWN 1
| | #define HAVE_FCHDIR 1
| | #define HAVE_FDOPENDIR 1
| | #define HAVE_FACCESSAT 1
| | #define HAVE_FCHMODAT 1
| | #define HAVE_FCNTL 1
| | #define HAVE_SYMLINK 1
| | #define HAVE_MEMPCPY 1
| | #define HAVE_ISBLANK 1
| | #define HAVE_ISWCTYPE 1
| | #define HAVE_MBSRTOWCS 1
| | #define HAVE_WMEMCHR 1
| | #define HAVE_WMEMCPY 1
| | #define HAVE_WMEMPCPY 1
| | #define HAVE_FSTATAT 1
| | #define HAVE_FUTIMENS 1
| | #define HAVE_GETDELIM 1
| | #define HAVE_GETDTABLESIZE 1
| | #define HAVE_GETTIMEOFDAY 1
| | #define HAVE_ISWCNTRL 1
| | #define HAVE_ISWBLANK 1
| | #define HAVE_LINK 1
| | #define HAVE_OPENAT 1
| | #define HAVE_LINKAT 1
| | #define HAVE_LSTAT 1
| | #define HAVE_MBSINIT 1
| | #define HAVE_MBRTOWC 1
| | #define HAVE_MPROTECT 1
| | #define HAVE_MKDIRAT 1
| | #define HAVE_MKFIFO 1
| | #define HAVE_MKFIFOAT 1
| | #define HAVE_MKNODAT 1
| | #define HAVE_MKNOD 1
| | #define HAVE_NL_LANGINFO 1
| | #define HAVE_POSIX_OPENPT 1
| | #define HAVE_PTSNAME_R 1
| | #define HAVE_FCHMOD 1
| | #define HAVE_RENAMEAT 1
| | #define HAVE_SECURE_GETENV 1
| | #define HAVE_SETENV 1
| | #define HAVE_SLEEP 1
| | #define HAVE_SNPRINTF 1
| | #define HAVE_STRDUP 1
| | #define HAVE_TZSET 1
| | #define HAVE_STRNDUP 1
| | #define HAVE_STRTOIMAX 1
| | #define HAVE_STRTOUMAX 1
| | #define HAVE_SYMLINKAT 1
| | #define HAVE_LOCALTIME_R 1
| | #define HAVE_PIPE 1
| | #define HAVE_UNLINKAT 1
| | #define HAVE_FUTIMES 1
| | #define HAVE_FUTIMESAT 1
| | #define HAVE_UTIMENSAT 1
| | #define HAVE_LUTIMES 1
| | #define HAVE_WCRTOMB 1
| | #define HAVE_WCWIDTH 1
| | #define HAVE_SETLOCALE 1
| | #define HAVE_FSYNC 1
| | #define HAVE_GRANTPT 1
| | #define D_INO_IN_DIRENT 1
| | #define HAVE_LONG_FILE_NAMES 1
| | #define HAVE_LANGINFO_CODESET 1
| | #define FUNC_REALPATH_WORKS 1
| | #define HAVE_UNISTD_H 1
| | #define HAVE_CHOWN 1
| | #define HAVE_ENVIRON_DECL 1
| | #define HAVE_DECL_STRERROR_R 1
| | #define HAVE_STRERROR_R 1
| | #define STRERROR_R_CHAR_P 1
| | #define GETGROUPS_T gid_t
| | #define HAVE_DECL_FCHDIR 1
| | #define HAVE_WORKING_O_NOATIME 1
| | #define HAVE_WORKING_O_NOFOLLOW 1
| | #define HAVE_MBSTATE_T 1
| | #define HAVE_DECL_FSEEKO 1
| | #define HAVE_RAW_DECL_FCHMODAT 1
| | #define HAVE_RAW_DECL_FSTAT 1
| | #define HAVE_RAW_DECL_FSTATAT 1
| | #define HAVE_RAW_DECL_FUTIMENS 1
| | #define HAVE_RAW_DECL_LCHMOD 1
| | #define HAVE_RAW_DECL_LSTAT 1
| | #define HAVE_RAW_DECL_MKDIRAT 1
| | #define HAVE_RAW_DECL_MKFIFO 1
| | #define HAVE_RAW_DECL_MKFIFOAT 1
| | #define HAVE_RAW_DECL_MKNOD 1
| | #define HAVE_RAW_DECL_MKNODAT 1
| | #define HAVE_RAW_DECL_STAT 1
| | #define HAVE_RAW_DECL_UTIMENSAT 1
| | #define LSTAT_FOLLOWS_SLASHED_SYMLINK 1
| | #define HAVE_DECL_GETCWD 1
| | #define HAVE_DECL_GETDELIM 1
| | #define HAVE_DECL_GETLINE 1
| | #define HAVE_GETOPT_H 1
| | #define HAVE_GETOPT_LONG_ONLY 1
| | #define __GETOPT_PREFIX rpl_
| | #define HAVE_DECL_GETENV 1
| | #define HAVE_RAW_DECL_GETTIMEOFDAY 1
| | #define HAVE_UNSIGNED_LONG_LONG_INT 1
| | #define HAVE_LONG_LONG_INT 1
| | #define HAVE_RAW_DECL_IMAXABS 1
| | #define HAVE_RAW_DECL_IMAXDIV 1
| | #define HAVE_RAW_DECL_STRTOIMAX 1
| | #define HAVE_RAW_DECL_STRTOUMAX 1
| | #define HAVE_INTTYPES_H 1
| | #define HAVE_WINT_T 1
| | #define HAVE_TOWLOWER 1
| | #define HAVE_RAW_DECL_WCTYPE 1
| | #define HAVE_RAW_DECL_ISWCTYPE 1
| | #define HAVE_RAW_DECL_WCTRANS 1
| | #define HAVE_RAW_DECL_TOWCTRANS 1
| | #define HAVE_WCHAR_T 1
| | #define HAVE_STDLIB_H 1
| | #define MALLOC_0_IS_NONNULL 1
| | #define HAVE_MAP_ANONYMOUS 1
| | #define HAVE_DECL_MEMRCHR 1
| | #define HAVE_DECL_ALARM 1
| | #define PROMOTED_MODE_T mode_t
| | #define HAVE__BOOL 1
| | #define HAVE_COMPOUND_LITERALS 1
| | #define HAVE_TM_GMTOFF 1
| | #define HAVE_DECL_SETENV 1
| | #define HAVE_SEARCH_H 1
| | #define HAVE_TSEARCH 1
| | #define HAVE_SIGSET_T 1
| | #define HAVE_DECL_SNPRINTF 1
| | #define HAVE_DECL_STRDUP 1
| | #define HAVE_RAW_DECL_FFSL 1
| | #define HAVE_RAW_DECL_FFSLL 1
| | #define HAVE_RAW_DECL_MEMMEM 1
| | #define HAVE_RAW_DECL_MEMPCPY 1
| | #define HAVE_RAW_DECL_MEMRCHR 1
| | #define HAVE_RAW_DECL_RAWMEMCHR 1
| | #define HAVE_RAW_DECL_STPCPY 1
| | #define HAVE_RAW_DECL_STPNCPY 1
| | #define HAVE_RAW_DECL_STRCHRNUL 1
| | #define HAVE_RAW_DECL_STRDUP 1
| | #define HAVE_RAW_DECL_STRNCAT 1
| | #define HAVE_RAW_DECL_STRNDUP 1
| | #define HAVE_RAW_DECL_STRNLEN 1
| | #define HAVE_RAW_DECL_STRPBRK 1
| | #define HAVE_RAW_DECL_STRSEP 1
| | #define HAVE_RAW_DECL_STRCASESTR 1
| | #define HAVE_RAW_DECL_STRTOK_R 1
| | #define HAVE_RAW_DECL_STRERROR_R 1
| | #define HAVE_RAW_DECL_STRSIGNAL 1
| | #define HAVE_RAW_DECL_STRVERSCMP 1
| | #define HAVE_RAW_DECL_FFS 1
| | #define HAVE_RAW_DECL_STRCASECMP 1
| | #define HAVE_RAW_DECL_STRNCASECMP 1
| | #define HAVE_DECL_STRNDUP 1
| | #define HAVE_DECL_STRNLEN 1
| | #define HAVE_DECL_STRTOIMAX 1
| | #define HAVE_DECL_STRTOUMAX 1
| | #define HAVE_DECL_TTYNAME_R 1
| | #define HAVE_DECL_UNSETENV 1
| | #define HAVE_WORKING_UTIMES 1
| | #define HAVE_STRUCT_UTIMBUF 1
| | #define HAVE_INTTYPES_H_WITH_UINTMAX 1
| | #define HAVE_STDINT_H_WITH_UINTMAX 1
| | #define HAVE_INTMAX_T 1
| | #define DBL_EXPBIT0_WORD 1
| | #define DBL_EXPBIT0_BIT 20
| | #define HAVE_SNPRINTF 1
| | #define HAVE_STRNLEN 1
| | #define HAVE_WCSLEN 1
| | #define HAVE_WCSNLEN 1
| | #define HAVE_MBRTOWC 1
| | #define HAVE_WCRTOMB 1
| | #define HAVE_DECL__SNPRINTF 0
| | #define HAVE_SNPRINTF_RETVAL_C99 1
| | #define HAVE_DECL_VSNPRINTF 1
| | #define HAVE_ALLOCA 1
| | #define GNULIB_AREADLINKAT 1
| | #define HAVE_DECL_PROGRAM_INVOCATION_NAME 1
| | #define HAVE_DECL_PROGRAM_INVOCATION_SHORT_NAME 1
| | #define HAVE_PROGRAM_INVOCATION_NAME 1
| | #define HAVE_PROGRAM_INVOCATION_SHORT_NAME 1
| | #define GNULIB_TEST_BTOWC 1
| | #define GNULIB_CANONICALIZE_LGPL 1
| | #define GNULIB_TEST_CANONICALIZE_FILE_NAME 1
| | #define GNULIB_TEST_REALPATH 1
| | #define GNULIB_TEST_CHDIR 1
| | #define GNULIB_TEST_CHOWN 1
| | #define HAVE_CLOCK_GETTIME 1
| | #define HAVE_CLOCK_SETTIME 1
| | #define GNULIB_TEST_CLOEXEC 1
| | #define GNULIB_TEST_CLOSE 1
| | #define GNULIB_CLOSE_STREAM 1
| | #define HAVE_CLOSEDIR 1
| | #define GNULIB_TEST_CLOSEDIR 1
| | #define D_INO_IN_DIRENT 1
| | #define HAVE_RAW_DECL_ALPHASORT 1
| | #define HAVE_RAW_DECL_CLOSEDIR 1
| | #define HAVE_RAW_DECL_DIRFD 1
| | #define HAVE_RAW_DECL_FDOPENDIR 1
| | #define HAVE_RAW_DECL_OPENDIR 1
| | #define HAVE_RAW_DECL_READDIR 1
| | #define HAVE_RAW_DECL_REWINDDIR 1
| | #define HAVE_RAW_DECL_SCANDIR 1
| | #define GNULIB_DIRENT_SAFER 1
| | #define HAVE_DIRFD 1
| | #define HAVE_DECL_DIRFD 1
| | #define GNULIB_TEST_DIRFD 1
| | #define GNULIB_DIRNAME 1
| | #define GNULIB_TEST_DUP 1
| | #define HAVE_DUP2 1
| | #define GNULIB_TEST_DUP2 1
| | #define GNULIB_TEST_ENVIRON 1
| | #define HAVE_EUIDACCESS 1
| | #define GNULIB_TEST_EUIDACCESS 1
| | #define GNULIB_FACCESSAT 1
| | #define GNULIB_TEST_FACCESSAT 1
| | #define GNULIB_TEST_FCHDIR 1
| | #define GNULIB_FCHMODAT 1
| | #define GNULIB_TEST_FCHMODAT 1
| | #define GNULIB_FCHOWNAT 1
| | #define GNULIB_TEST_FCHOWNAT 1
| | #define GNULIB_TEST_FCNTL 1
| | #define HAVE_RAW_DECL_FCNTL 1
| | #define HAVE_RAW_DECL_OPENAT 1
| | #define HAVE_DECL_FDOPENDIR 1
| | #define GNULIB_TEST_FDOPENDIR 1
| | #define GNULIB_FDOPENDIR 1
| | #define GNULIB_FDUTIMENSAT 1
| | #define HAVE_STRUCT_STAT_ST_BLOCKS 1
| | #define HAVE_ST_BLOCKS 1
| | #define HAVE_DECL___FPENDING 1
| | #define GNULIB_TEST_FSEEK 1
| | #define GNULIB_TEST_FSEEKO 1
| | #define GNULIB_TEST_FSTAT 1
| | #define GNULIB_TEST_FSTATAT 1
| | #define GNULIB_TEST_FUTIMENS 1
| | #define HAVE_GETPAGESIZE 1
| | #define HAVE_MINIMALLY_WORKING_GETCWD 1
| | #define GNULIB_GETCWD 1
| | #define GNULIB_TEST_GETCWD 1
| | #define GNULIB_TEST_GETCWD 1
| | #define GNULIB_TEST_GETDELIM 1
| | #define GNULIB_TEST_GETDTABLESIZE 1
| | #define HAVE_GETGROUPS 1
| | #define GNULIB_TEST_GETGROUPS 1
| | #define GNULIB_TEST_GETLINE 1
| | #define GNULIB_TEST_GETOPT_GNU 1
| | #define __GETOPT_PREFIX rpl_
| | #define HAVE_GETPAGESIZE 1
| | #define GNULIB_TEST_GETPAGESIZE 1
| | /* end confdefs.h.  */
| | #include <sys/time.h>
| |               struct timeval c;
| |               int gettimeofday (struct timeval *restrict, void *restrict);
| | 
| | int
| | main ()
| | {
| | /* glibc uses struct timezone * rather than the POSIX void *
| |                  if _GNU_SOURCE is defined.  However, since the only portable
| |                  use of gettimeofday uses NULL as the second parameter, and
| |                  since the glibc definition is actually more typesafe, it is
| |                  not worth wrapping this to get a compliant signature.  */
| |               int (*f) (struct timeval *restrict, void *restrict)
| |                 = gettimeofday;
| |               int x = f (&c, 0);
| |               return !(x | c.tv_sec | c.tv_usec);
| | 
| |   ;
| |   return 0;
| | }
| configure:21452: gcc -std=gnu99 -c -g -O2  conftest.c >&5
| configure:21452: $? = 0
| configure:21461: result: almost
| configure:21536: checking for group_member
| configure:21536: gcc -std=gnu99 -o conftest -g -O2   conftest.c  >&5
| configure:21536: $? = 0
| configure:21536: result: yes
| configure:21618: gcc -std=gnu99 -c -g -O2  conftest.c >&5
| conftest.c:341:23: error: conflicting types for 'foo'
| conftest.c:340:28: note: previous declaration of 'foo' was here
| configure:21618: $? = 1
| configure: failed program was:
| | /* confdefs.h */
| | #define PACKAGE_NAME "GNU tar"
| | #define PACKAGE_TARNAME "tar"
| | #define PACKAGE_VERSION "1.28"
| | #define PACKAGE_STRING "GNU tar 1.28"
| | #define PACKAGE_BUGREPORT "bug-tar@gnu.org"
| | #define PACKAGE_URL "http://www.gnu.org/software/tar/"
| | #define PACKAGE "tar"
| | #define VERSION "1.28"
| | #define STDC_HEADERS 1
| | #define HAVE_SYS_TYPES_H 1
| | #define HAVE_SYS_STAT_H 1
| | #define HAVE_STDLIB_H 1
| | #define HAVE_STRING_H 1
| | #define HAVE_MEMORY_H 1
| | #define HAVE_STRINGS_H 1
| | #define HAVE_INTTYPES_H 1
| | #define HAVE_STDINT_H 1
| | #define HAVE_UNISTD_H 1
| | #define __EXTENSIONS__ 1
| | #define _ALL_SOURCE 1
| | #define _DARWIN_C_SOURCE 1
| | #define _GNU_SOURCE 1
| | #define _POSIX_PTHREAD_SEMANTICS 1
| | #define _TANDEM_SOURCE 1
| | #define HAVE_FSEEKO 1
| | #define _DARWIN_USE_64_BIT_INODE 1
| | #define _DARWIN_USE_64_BIT_INODE 1
| | #define HAVE_FCNTL_H 1
| | #define HAVE_LINUX_FD_H 1
| | #define HAVE_MEMORY_H 1
| | #define HAVE_SGTTY_H 1
| | #define HAVE_STRING_H 1
| | #define HAVE_SYS_PARAM_H 1
| | #define HAVE_SYS_MTIO_H 1
| | #define HAVE_SYS_TIME_H 1
| | #define HAVE_UNISTD_H 1
| | #define HAVE_LOCALE_H 1
| | #define HAVE_FEATURES_H 1
| | #define HAVE_SYS_SOCKET_H 1
| | #define HAVE_DIRENT_H 1
| | #define HAVE_WCTYPE_H 1
| | #define HAVE_STDIO_EXT_H 1
| | #define HAVE_SYS_STAT_H 1
| | #define HAVE_GETOPT_H 1
| | #define HAVE_WCHAR_H 1
| | #define HAVE_STDINT_H 1
| | #define HAVE_INTTYPES_H 1
| | #define HAVE_LANGINFO_H 1
| | #define HAVE_XLOCALE_H 1
| | #define HAVE_SYS_MMAN_H 1
| | #define HAVE_MALLOC_H 1
| | #define HAVE_STRINGS_H 1
| | #define HAVE_SYSEXITS_H 1
| | #define HAVE_UTIME_H 1
| | #define HAVE_NETDB_H 1
| | #define HAVE_SYS_WAIT_H 1
| | #define HAVE_PWD_H 1
| | #define HAVE_GRP_H 1
| | #define major_t int
| | #define minor_t int
| | #define HAVE_ALLOCA_H 1
| | #define HAVE_ALLOCA 1
| | #define restrict __restrict
| | #define HAVE_DECL_CLEARERR_UNLOCKED 1
| | #define HAVE_DECL_FEOF_UNLOCKED 1
| | #define HAVE_DECL_FERROR_UNLOCKED 1
| | #define HAVE_DECL_FFLUSH_UNLOCKED 1
| | #define HAVE_DECL_FGETS_UNLOCKED 1
| | #define HAVE_DECL_FPUTC_UNLOCKED 1
| | #define HAVE_DECL_FPUTS_UNLOCKED 1
| | #define HAVE_DECL_FREAD_UNLOCKED 1
| | #define HAVE_DECL_FWRITE_UNLOCKED 1
| | #define HAVE_DECL_GETC_UNLOCKED 1
| | #define HAVE_DECL_GETCHAR_UNLOCKED 1
| | #define HAVE_DECL_PUTC_UNLOCKED 1
| | #define HAVE_DECL_PUTCHAR_UNLOCKED 1
| | #define HAVE_FLOCKFILE 1
| | #define HAVE_FUNLOCKFILE 1
| | #define HAVE_PATHCONF 1
| | #define HAVE_BTOWC 1
| | #define HAVE_CANONICALIZE_FILE_NAME 1
| | #define HAVE_GETCWD 1
| | #define HAVE_READLINK 1
| | #define HAVE_REALPATH 1
| | #define HAVE_READLINKAT 1
| | #define HAVE_CHOWN 1
| | #define HAVE_FCHOWN 1
| | #define HAVE_FCHDIR 1
| | #define HAVE_FDOPENDIR 1
| | #define HAVE_FACCESSAT 1
| | #define HAVE_FCHMODAT 1
| | #define HAVE_FCNTL 1
| | #define HAVE_SYMLINK 1
| | #define HAVE_MEMPCPY 1
| | #define HAVE_ISBLANK 1
| | #define HAVE_ISWCTYPE 1
| | #define HAVE_MBSRTOWCS 1
| | #define HAVE_WMEMCHR 1
| | #define HAVE_WMEMCPY 1
| | #define HAVE_WMEMPCPY 1
| | #define HAVE_FSTATAT 1
| | #define HAVE_FUTIMENS 1
| | #define HAVE_GETDELIM 1
| | #define HAVE_GETDTABLESIZE 1
| | #define HAVE_GETTIMEOFDAY 1
| | #define HAVE_ISWCNTRL 1
| | #define HAVE_ISWBLANK 1
| | #define HAVE_LINK 1
| | #define HAVE_OPENAT 1
| | #define HAVE_LINKAT 1
| | #define HAVE_LSTAT 1
| | #define HAVE_MBSINIT 1
| | #define HAVE_MBRTOWC 1
| | #define HAVE_MPROTECT 1
| | #define HAVE_MKDIRAT 1
| | #define HAVE_MKFIFO 1
| | #define HAVE_MKFIFOAT 1
| | #define HAVE_MKNODAT 1
| | #define HAVE_MKNOD 1
| | #define HAVE_NL_LANGINFO 1
| | #define HAVE_POSIX_OPENPT 1
| | #define HAVE_PTSNAME_R 1
| | #define HAVE_FCHMOD 1
| | #define HAVE_RENAMEAT 1
| | #define HAVE_SECURE_GETENV 1
| | #define HAVE_SETENV 1
| | #define HAVE_SLEEP 1
| | #define HAVE_SNPRINTF 1
| | #define HAVE_STRDUP 1
| | #define HAVE_TZSET 1
| | #define HAVE_STRNDUP 1
| | #define HAVE_STRTOIMAX 1
| | #define HAVE_STRTOUMAX 1
| | #define HAVE_SYMLINKAT 1
| | #define HAVE_LOCALTIME_R 1
| | #define HAVE_PIPE 1
| | #define HAVE_UNLINKAT 1
| | #define HAVE_FUTIMES 1
| | #define HAVE_FUTIMESAT 1
| | #define HAVE_UTIMENSAT 1
| | #define HAVE_LUTIMES 1
| | #define HAVE_WCRTOMB 1
| | #define HAVE_WCWIDTH 1
| | #define HAVE_SETLOCALE 1
| | #define HAVE_FSYNC 1
| | #define HAVE_GRANTPT 1
| | #define D_INO_IN_DIRENT 1
| | #define HAVE_LONG_FILE_NAMES 1
| | #define HAVE_LANGINFO_CODESET 1
| | #define FUNC_REALPATH_WORKS 1
| | #define HAVE_UNISTD_H 1
| | #define HAVE_CHOWN 1
| | #define HAVE_ENVIRON_DECL 1
| | #define HAVE_DECL_STRERROR_R 1
| | #define HAVE_STRERROR_R 1
| | #define STRERROR_R_CHAR_P 1
| | #define GETGROUPS_T gid_t
| | #define HAVE_DECL_FCHDIR 1
| | #define HAVE_WORKING_O_NOATIME 1
| | #define HAVE_WORKING_O_NOFOLLOW 1
| | #define HAVE_MBSTATE_T 1
| | #define HAVE_DECL_FSEEKO 1
| | #define HAVE_RAW_DECL_FCHMODAT 1
| | #define HAVE_RAW_DECL_FSTAT 1
| | #define HAVE_RAW_DECL_FSTATAT 1
| | #define HAVE_RAW_DECL_FUTIMENS 1
| | #define HAVE_RAW_DECL_LCHMOD 1
| | #define HAVE_RAW_DECL_LSTAT 1
| | #define HAVE_RAW_DECL_MKDIRAT 1
| | #define HAVE_RAW_DECL_MKFIFO 1
| | #define HAVE_RAW_DECL_MKFIFOAT 1
| | #define HAVE_RAW_DECL_MKNOD 1
| | #define HAVE_RAW_DECL_MKNODAT 1
| | #define HAVE_RAW_DECL_STAT 1
| | #define HAVE_RAW_DECL_UTIMENSAT 1
| | #define LSTAT_FOLLOWS_SLASHED_SYMLINK 1
| | #define HAVE_DECL_GETCWD 1
| | #define HAVE_DECL_GETDELIM 1
| | #define HAVE_DECL_GETLINE 1
| | #define HAVE_GETOPT_H 1
| | #define HAVE_GETOPT_LONG_ONLY 1
| | #define __GETOPT_PREFIX rpl_
| | #define HAVE_DECL_GETENV 1
| | #define HAVE_RAW_DECL_GETTIMEOFDAY 1
| | #define HAVE_UNSIGNED_LONG_LONG_INT 1
| | #define HAVE_LONG_LONG_INT 1
| | #define HAVE_RAW_DECL_IMAXABS 1
| | #define HAVE_RAW_DECL_IMAXDIV 1
| | #define HAVE_RAW_DECL_STRTOIMAX 1
| | #define HAVE_RAW_DECL_STRTOUMAX 1
| | #define HAVE_INTTYPES_H 1
| | #define HAVE_WINT_T 1
| | #define HAVE_TOWLOWER 1
| | #define HAVE_RAW_DECL_WCTYPE 1
| | #define HAVE_RAW_DECL_ISWCTYPE 1
| | #define HAVE_RAW_DECL_WCTRANS 1
| | #define HAVE_RAW_DECL_TOWCTRANS 1
| | #define HAVE_WCHAR_T 1
| | #define HAVE_STDLIB_H 1
| | #define MALLOC_0_IS_NONNULL 1
| | #define HAVE_MAP_ANONYMOUS 1
| | #define HAVE_DECL_MEMRCHR 1
| | #define HAVE_DECL_ALARM 1
| | #define PROMOTED_MODE_T mode_t
| | #define HAVE__BOOL 1
| | #define HAVE_COMPOUND_LITERALS 1
| | #define HAVE_TM_GMTOFF 1
| | #define HAVE_DECL_SETENV 1
| | #define HAVE_SEARCH_H 1
| | #define HAVE_TSEARCH 1
| | #define HAVE_SIGSET_T 1
| | #define HAVE_DECL_SNPRINTF 1
| | #define HAVE_DECL_STRDUP 1
| | #define HAVE_RAW_DECL_FFSL 1
| | #define HAVE_RAW_DECL_FFSLL 1
| | #define HAVE_RAW_DECL_MEMMEM 1
| | #define HAVE_RAW_DECL_MEMPCPY 1
| | #define HAVE_RAW_DECL_MEMRCHR 1
| | #define HAVE_RAW_DECL_RAWMEMCHR 1
| | #define HAVE_RAW_DECL_STPCPY 1
| | #define HAVE_RAW_DECL_STPNCPY 1
| | #define HAVE_RAW_DECL_STRCHRNUL 1
| | #define HAVE_RAW_DECL_STRDUP 1
| | #define HAVE_RAW_DECL_STRNCAT 1
| | #define HAVE_RAW_DECL_STRNDUP 1
| | #define HAVE_RAW_DECL_STRNLEN 1
| | #define HAVE_RAW_DECL_STRPBRK 1
| | #define HAVE_RAW_DECL_STRSEP 1
| | #define HAVE_RAW_DECL_STRCASESTR 1
| | #define HAVE_RAW_DECL_STRTOK_R 1
| | #define HAVE_RAW_DECL_STRERROR_R 1
| | #define HAVE_RAW_DECL_STRSIGNAL 1
| | #define HAVE_RAW_DECL_STRVERSCMP 1
| | #define HAVE_RAW_DECL_FFS 1
| | #define HAVE_RAW_DECL_STRCASECMP 1
| | #define HAVE_RAW_DECL_STRNCASECMP 1
| | #define HAVE_DECL_STRNDUP 1
| | #define HAVE_DECL_STRNLEN 1
| | #define HAVE_DECL_STRTOIMAX 1
| | #define HAVE_DECL_STRTOUMAX 1
| | #define HAVE_DECL_TTYNAME_R 1
| | #define HAVE_DECL_UNSETENV 1
| | #define HAVE_WORKING_UTIMES 1
| | #define HAVE_STRUCT_UTIMBUF 1
| | #define HAVE_INTTYPES_H_WITH_UINTMAX 1
| | #define HAVE_STDINT_H_WITH_UINTMAX 1
| | #define HAVE_INTMAX_T 1
| | #define DBL_EXPBIT0_WORD 1
| | #define DBL_EXPBIT0_BIT 20
| | #define HAVE_SNPRINTF 1
| | #define HAVE_STRNLEN 1
| | #define HAVE_WCSLEN 1
| | #define HAVE_WCSNLEN 1
| | #define HAVE_MBRTOWC 1
| | #define HAVE_WCRTOMB 1
| | #define HAVE_DECL__SNPRINTF 0
| | #define HAVE_SNPRINTF_RETVAL_C99 1
| | #define HAVE_DECL_VSNPRINTF 1
| | #define HAVE_ALLOCA 1
| | #define GNULIB_AREADLINKAT 1
| | #define HAVE_DECL_PROGRAM_INVOCATION_NAME 1
| | #define HAVE_DECL_PROGRAM_INVOCATION_SHORT_NAME 1
| | #define HAVE_PROGRAM_INVOCATION_NAME 1
| | #define HAVE_PROGRAM_INVOCATION_SHORT_NAME 1
| | #define GNULIB_TEST_BTOWC 1
| | #define GNULIB_CANONICALIZE_LGPL 1
| | #define GNULIB_TEST_CANONICALIZE_FILE_NAME 1
| | #define GNULIB_TEST_REALPATH 1
| | #define GNULIB_TEST_CHDIR 1
| | #define GNULIB_TEST_CHOWN 1
| | #define HAVE_CLOCK_GETTIME 1
| | #define HAVE_CLOCK_SETTIME 1
| | #define GNULIB_TEST_CLOEXEC 1
| | #define GNULIB_TEST_CLOSE 1
| | #define GNULIB_CLOSE_STREAM 1
| | #define HAVE_CLOSEDIR 1
| | #define GNULIB_TEST_CLOSEDIR 1
| | #define D_INO_IN_DIRENT 1
| | #define HAVE_RAW_DECL_ALPHASORT 1
| | #define HAVE_RAW_DECL_CLOSEDIR 1
| | #define HAVE_RAW_DECL_DIRFD 1
| | #define HAVE_RAW_DECL_FDOPENDIR 1
| | #define HAVE_RAW_DECL_OPENDIR 1
| | #define HAVE_RAW_DECL_READDIR 1
| | #define HAVE_RAW_DECL_REWINDDIR 1
| | #define HAVE_RAW_DECL_SCANDIR 1
| | #define GNULIB_DIRENT_SAFER 1
| | #define HAVE_DIRFD 1
| | #define HAVE_DECL_DIRFD 1
| | #define GNULIB_TEST_DIRFD 1
| | #define GNULIB_DIRNAME 1
| | #define GNULIB_TEST_DUP 1
| | #define HAVE_DUP2 1
| | #define GNULIB_TEST_DUP2 1
| | #define GNULIB_TEST_ENVIRON 1
| | #define HAVE_EUIDACCESS 1
| | #define GNULIB_TEST_EUIDACCESS 1
| | #define GNULIB_FACCESSAT 1
| | #define GNULIB_TEST_FACCESSAT 1
| | #define GNULIB_TEST_FCHDIR 1
| | #define GNULIB_FCHMODAT 1
| | #define GNULIB_TEST_FCHMODAT 1
| | #define GNULIB_FCHOWNAT 1
| | #define GNULIB_TEST_FCHOWNAT 1
| | #define GNULIB_TEST_FCNTL 1
| | #define HAVE_RAW_DECL_FCNTL 1
| | #define HAVE_RAW_DECL_OPENAT 1
| | #define HAVE_DECL_FDOPENDIR 1
| | #define GNULIB_TEST_FDOPENDIR 1
| | #define GNULIB_FDOPENDIR 1
| | #define GNULIB_FDUTIMENSAT 1
| | #define HAVE_STRUCT_STAT_ST_BLOCKS 1
| | #define HAVE_ST_BLOCKS 1
| | #define HAVE_DECL___FPENDING 1
| | #define GNULIB_TEST_FSEEK 1
| | #define GNULIB_TEST_FSEEKO 1
| | #define GNULIB_TEST_FSTAT 1
| | #define GNULIB_TEST_FSTATAT 1
| | #define GNULIB_TEST_FUTIMENS 1
| | #define HAVE_GETPAGESIZE 1
| | #define HAVE_MINIMALLY_WORKING_GETCWD 1
| | #define GNULIB_GETCWD 1
| | #define GNULIB_TEST_GETCWD 1
| | #define GNULIB_TEST_GETCWD 1
| | #define GNULIB_TEST_GETDELIM 1
| | #define GNULIB_TEST_GETDTABLESIZE 1
| | #define HAVE_GETGROUPS 1
| | #define GNULIB_TEST_GETGROUPS 1
| | #define GNULIB_TEST_GETLINE 1
| | #define GNULIB_TEST_GETOPT_GNU 1
| | #define __GETOPT_PREFIX rpl_
| | #define HAVE_GETPAGESIZE 1
| | #define GNULIB_TEST_GETPAGESIZE 1
| | #define GETTIMEOFDAY_TIMEZONE struct timezone
| | #define GNULIB_TEST_GETTIMEOFDAY 1
| | #define GNULIB_TEST_GROUP_MEMBER 1
| | /* end confdefs.h.  */
| | #include <stdint.h>
| |            extern intptr_t foo;
| |            extern int foo;
| | int
| | main ()
| | {
| | 
| |   ;
| |   return 0;
| | }
| configure:21618: gcc -std=gnu99 -c -g -O2  conftest.c >&5
| configure:21618: $? = 0
| configure:21628: checking whether INT32_MAX < INTMAX_MAX
| configure:21662: gcc -std=gnu99 -c -g -O2  conftest.c >&5
| configure:21662: $? = 0
| configure:21669: result: yes
| configure:21680: checking whether INT64_MAX == LONG_MAX
| configure:21714: gcc -std=gnu99 -c -g -O2  conftest.c >&5
| configure:21714: $? = 0
| configure:21721: result: yes
| configure:21734: checking whether UINT32_MAX < UINTMAX_MAX
| configure:21768: gcc -std=gnu99 -c -g -O2  conftest.c >&5
| configure:21768: $? = 0
| configure:21775: result: yes
| configure:21786: checking whether UINT64_MAX == ULONG_MAX
| configure:21820: gcc -std=gnu99 -c -g -O2  conftest.c >&5
| configure:21820: $? = 0
| configure:21827: result: yes
| configure:21881: checking whether iswblank is declared
| configure:21881: gcc -std=gnu99 -c -g -O2  conftest.c >&5
| configure:21881: $? = 0
| configure:21881: result: yes
| configure:22040: checking whether langinfo.h defines CODESET
| configure:22058: gcc -std=gnu99 -c -g -O2  conftest.c >&5
| configure:22058: $? = 0
| configure:22066: result: yes
| configure:22071: checking whether langinfo.h defines T_FMT_AMPM
| configure:22089: gcc -std=gnu99 -c -g -O2  conftest.c >&5
| configure:22089: $? = 0
| configure:22097: result: yes
| configure:22102: checking whether langinfo.h defines ERA
| configure:22120: gcc -std=gnu99 -c -g -O2  conftest.c >&5
| configure:22120: $? = 0
| configure:22128: result: yes
| configure:22133: checking whether langinfo.h defines YESEXPR
| configure:22151: gcc -std=gnu99 -c -g -O2  conftest.c >&5
| configure:22151: $? = 0
| configure:22159: result: yes
| configure:22176: checking whether nl_langinfo is declared without a macro
| configure:22194: gcc -std=gnu99 -c -g -O2  conftest.c >&5
| configure:22194: $? = 0
| configure:22202: result: yes
| configure:22221: checking for lchown
| configure:22221: gcc -std=gnu99 -o conftest -g -O2   conftest.c  >&5
| configure:22221: $? = 0
| configure:22221: result: yes
| configure:22280: checking whether link obeys POSIX
| configure:22323: gcc -std=gnu99 -o conftest -g -O2   conftest.c  >&5
| conftest.c: In function 'main':
| conftest.c:356:14: warning: implicit declaration of function 'rename' [-Wimplicit-function-declaration]
| configure:22323: $? = 0
| configure:22323: ./conftest
| configure:22323: $? = 0
| configure:22334: result: yes
| configure:22374: checking for __xpg4
| configure:22390: gcc -std=gnu99 -o conftest -g -O2   conftest.c  >&5
| conftest.c:353: error: undefined reference to '__xpg4'
| collect2: error: ld returned 1 exit status
| configure:22390: $? = 1
| configure: failed program was:
| | /* confdefs.h */
| | #define PACKAGE_NAME "GNU tar"
| | #define PACKAGE_TARNAME "tar"
| | #define PACKAGE_VERSION "1.28"
| | #define PACKAGE_STRING "GNU tar 1.28"
| | #define PACKAGE_BUGREPORT "bug-tar@gnu.org"
| | #define PACKAGE_URL "http://www.gnu.org/software/tar/"
| | #define PACKAGE "tar"
| | #define VERSION "1.28"
| | #define STDC_HEADERS 1
| | #define HAVE_SYS_TYPES_H 1
| | #define HAVE_SYS_STAT_H 1
| | #define HAVE_STDLIB_H 1
| | #define HAVE_STRING_H 1
| | #define HAVE_MEMORY_H 1
| | #define HAVE_STRINGS_H 1
| | #define HAVE_INTTYPES_H 1
| | #define HAVE_STDINT_H 1
| | #define HAVE_UNISTD_H 1
| | #define __EXTENSIONS__ 1
| | #define _ALL_SOURCE 1
| | #define _DARWIN_C_SOURCE 1
| | #define _GNU_SOURCE 1
| | #define _POSIX_PTHREAD_SEMANTICS 1
| | #define _TANDEM_SOURCE 1
| | #define HAVE_FSEEKO 1
| | #define _DARWIN_USE_64_BIT_INODE 1
| | #define _DARWIN_USE_64_BIT_INODE 1
| | #define HAVE_FCNTL_H 1
| | #define HAVE_LINUX_FD_H 1
| | #define HAVE_MEMORY_H 1
| | #define HAVE_SGTTY_H 1
| | #define HAVE_STRING_H 1
| | #define HAVE_SYS_PARAM_H 1
| | #define HAVE_SYS_MTIO_H 1
| | #define HAVE_SYS_TIME_H 1
| | #define HAVE_UNISTD_H 1
| | #define HAVE_LOCALE_H 1
| | #define HAVE_FEATURES_H 1
| | #define HAVE_SYS_SOCKET_H 1
| | #define HAVE_DIRENT_H 1
| | #define HAVE_WCTYPE_H 1
| | #define HAVE_STDIO_EXT_H 1
| | #define HAVE_SYS_STAT_H 1
| | #define HAVE_GETOPT_H 1
| | #define HAVE_WCHAR_H 1
| | #define HAVE_STDINT_H 1
| | #define HAVE_INTTYPES_H 1
| | #define HAVE_LANGINFO_H 1
| | #define HAVE_XLOCALE_H 1
| | #define HAVE_SYS_MMAN_H 1
| | #define HAVE_MALLOC_H 1
| | #define HAVE_STRINGS_H 1
| | #define HAVE_SYSEXITS_H 1
| | #define HAVE_UTIME_H 1
| | #define HAVE_NETDB_H 1
| | #define HAVE_SYS_WAIT_H 1
| | #define HAVE_PWD_H 1
| | #define HAVE_GRP_H 1
| | #define major_t int
| | #define minor_t int
| | #define HAVE_ALLOCA_H 1
| | #define HAVE_ALLOCA 1
| | #define restrict __restrict
| | #define HAVE_DECL_CLEARERR_UNLOCKED 1
| | #define HAVE_DECL_FEOF_UNLOCKED 1
| | #define HAVE_DECL_FERROR_UNLOCKED 1
| | #define HAVE_DECL_FFLUSH_UNLOCKED 1
| | #define HAVE_DECL_FGETS_UNLOCKED 1
| | #define HAVE_DECL_FPUTC_UNLOCKED 1
| | #define HAVE_DECL_FPUTS_UNLOCKED 1
| | #define HAVE_DECL_FREAD_UNLOCKED 1
| | #define HAVE_DECL_FWRITE_UNLOCKED 1
| | #define HAVE_DECL_GETC_UNLOCKED 1
| | #define HAVE_DECL_GETCHAR_UNLOCKED 1
| | #define HAVE_DECL_PUTC_UNLOCKED 1
| | #define HAVE_DECL_PUTCHAR_UNLOCKED 1
| | #define HAVE_FLOCKFILE 1
| | #define HAVE_FUNLOCKFILE 1
| | #define HAVE_PATHCONF 1
| | #define HAVE_BTOWC 1
| | #define HAVE_CANONICALIZE_FILE_NAME 1
| | #define HAVE_GETCWD 1
| | #define HAVE_READLINK 1
| | #define HAVE_REALPATH 1
| | #define HAVE_READLINKAT 1
| | #define HAVE_CHOWN 1
| | #define HAVE_FCHOWN 1
| | #define HAVE_FCHDIR 1
| | #define HAVE_FDOPENDIR 1
| | #define HAVE_FACCESSAT 1
| | #define HAVE_FCHMODAT 1
| | #define HAVE_FCNTL 1
| | #define HAVE_SYMLINK 1
| | #define HAVE_MEMPCPY 1
| | #define HAVE_ISBLANK 1
| | #define HAVE_ISWCTYPE 1
| | #define HAVE_MBSRTOWCS 1
| | #define HAVE_WMEMCHR 1
| | #define HAVE_WMEMCPY 1
| | #define HAVE_WMEMPCPY 1
| | #define HAVE_FSTATAT 1
| | #define HAVE_FUTIMENS 1
| | #define HAVE_GETDELIM 1
| | #define HAVE_GETDTABLESIZE 1
| | #define HAVE_GETTIMEOFDAY 1
| | #define HAVE_ISWCNTRL 1
| | #define HAVE_ISWBLANK 1
| | #define HAVE_LINK 1
| | #define HAVE_OPENAT 1
| | #define HAVE_LINKAT 1
| | #define HAVE_LSTAT 1
| | #define HAVE_MBSINIT 1
| | #define HAVE_MBRTOWC 1
| | #define HAVE_MPROTECT 1
| | #define HAVE_MKDIRAT 1
| | #define HAVE_MKFIFO 1
| | #define HAVE_MKFIFOAT 1
| | #define HAVE_MKNODAT 1
| | #define HAVE_MKNOD 1
| | #define HAVE_NL_LANGINFO 1
| | #define HAVE_POSIX_OPENPT 1
| | #define HAVE_PTSNAME_R 1
| | #define HAVE_FCHMOD 1
| | #define HAVE_RENAMEAT 1
| | #define HAVE_SECURE_GETENV 1
| | #define HAVE_SETENV 1
| | #define HAVE_SLEEP 1
| | #define HAVE_SNPRINTF 1
| | #define HAVE_STRDUP 1
| | #define HAVE_TZSET 1
| | #define HAVE_STRNDUP 1
| | #define HAVE_STRTOIMAX 1
| | #define HAVE_STRTOUMAX 1
| | #define HAVE_SYMLINKAT 1
| | #define HAVE_LOCALTIME_R 1
| | #define HAVE_PIPE 1
| | #define HAVE_UNLINKAT 1
| | #define HAVE_FUTIMES 1
| | #define HAVE_FUTIMESAT 1
| | #define HAVE_UTIMENSAT 1
| | #define HAVE_LUTIMES 1
| | #define HAVE_WCRTOMB 1
| | #define HAVE_WCWIDTH 1
| | #define HAVE_SETLOCALE 1
| | #define HAVE_FSYNC 1
| | #define HAVE_GRANTPT 1
| | #define D_INO_IN_DIRENT 1
| | #define HAVE_LONG_FILE_NAMES 1
| | #define HAVE_LANGINFO_CODESET 1
| | #define FUNC_REALPATH_WORKS 1
| | #define HAVE_UNISTD_H 1
| | #define HAVE_CHOWN 1
| | #define HAVE_ENVIRON_DECL 1
| | #define HAVE_DECL_STRERROR_R 1
| | #define HAVE_STRERROR_R 1
| | #define STRERROR_R_CHAR_P 1
| | #define GETGROUPS_T gid_t
| | #define HAVE_DECL_FCHDIR 1
| | #define HAVE_WORKING_O_NOATIME 1
| | #define HAVE_WORKING_O_NOFOLLOW 1
| | #define HAVE_MBSTATE_T 1
| | #define HAVE_DECL_FSEEKO 1
| | #define HAVE_RAW_DECL_FCHMODAT 1
| | #define HAVE_RAW_DECL_FSTAT 1
| | #define HAVE_RAW_DECL_FSTATAT 1
| | #define HAVE_RAW_DECL_FUTIMENS 1
| | #define HAVE_RAW_DECL_LCHMOD 1
| | #define HAVE_RAW_DECL_LSTAT 1
| | #define HAVE_RAW_DECL_MKDIRAT 1
| | #define HAVE_RAW_DECL_MKFIFO 1
| | #define HAVE_RAW_DECL_MKFIFOAT 1
| | #define HAVE_RAW_DECL_MKNOD 1
| | #define HAVE_RAW_DECL_MKNODAT 1
| | #define HAVE_RAW_DECL_STAT 1
| | #define HAVE_RAW_DECL_UTIMENSAT 1
| | #define LSTAT_FOLLOWS_SLASHED_SYMLINK 1
| | #define HAVE_DECL_GETCWD 1
| | #define HAVE_DECL_GETDELIM 1
| | #define HAVE_DECL_GETLINE 1
| | #define HAVE_GETOPT_H 1
| | #define HAVE_GETOPT_LONG_ONLY 1
| | #define __GETOPT_PREFIX rpl_
| | #define HAVE_DECL_GETENV 1
| | #define HAVE_RAW_DECL_GETTIMEOFDAY 1
| | #define HAVE_UNSIGNED_LONG_LONG_INT 1
| | #define HAVE_LONG_LONG_INT 1
| | #define HAVE_RAW_DECL_IMAXABS 1
| | #define HAVE_RAW_DECL_IMAXDIV 1
| | #define HAVE_RAW_DECL_STRTOIMAX 1
| | #define HAVE_RAW_DECL_STRTOUMAX 1
| | #define HAVE_INTTYPES_H 1
| | #define HAVE_WINT_T 1
| | #define HAVE_TOWLOWER 1
| | #define HAVE_RAW_DECL_WCTYPE 1
| | #define HAVE_RAW_DECL_ISWCTYPE 1
| | #define HAVE_RAW_DECL_WCTRANS 1
| | #define HAVE_RAW_DECL_TOWCTRANS 1
| | #define HAVE_WCHAR_T 1
| | #define HAVE_STDLIB_H 1
| | #define MALLOC_0_IS_NONNULL 1
| | #define HAVE_MAP_ANONYMOUS 1
| | #define HAVE_DECL_MEMRCHR 1
| | #define HAVE_DECL_ALARM 1
| | #define PROMOTED_MODE_T mode_t
| | #define HAVE__BOOL 1
| | #define HAVE_COMPOUND_LITERALS 1
| | #define HAVE_TM_GMTOFF 1
| | #define HAVE_DECL_SETENV 1
| | #define HAVE_SEARCH_H 1
| | #define HAVE_TSEARCH 1
| | #define HAVE_SIGSET_T 1
| | #define HAVE_DECL_SNPRINTF 1
| | #define HAVE_DECL_STRDUP 1
| | #define HAVE_RAW_DECL_FFSL 1
| | #define HAVE_RAW_DECL_FFSLL 1
| | #define HAVE_RAW_DECL_MEMMEM 1
| | #define HAVE_RAW_DECL_MEMPCPY 1
| | #define HAVE_RAW_DECL_MEMRCHR 1
| | #define HAVE_RAW_DECL_RAWMEMCHR 1
| | #define HAVE_RAW_DECL_STPCPY 1
| | #define HAVE_RAW_DECL_STPNCPY 1
| | #define HAVE_RAW_DECL_STRCHRNUL 1
| | #define HAVE_RAW_DECL_STRDUP 1
| | #define HAVE_RAW_DECL_STRNCAT 1
| | #define HAVE_RAW_DECL_STRNDUP 1
| | #define HAVE_RAW_DECL_STRNLEN 1
| | #define HAVE_RAW_DECL_STRPBRK 1
| | #define HAVE_RAW_DECL_STRSEP 1
| | #define HAVE_RAW_DECL_STRCASESTR 1
| | #define HAVE_RAW_DECL_STRTOK_R 1
| | #define HAVE_RAW_DECL_STRERROR_R 1
| | #define HAVE_RAW_DECL_STRSIGNAL 1
| | #define HAVE_RAW_DECL_STRVERSCMP 1
| | #define HAVE_RAW_DECL_FFS 1
| | #define HAVE_RAW_DECL_STRCASECMP 1
| | #define HAVE_RAW_DECL_STRNCASECMP 1
| | #define HAVE_DECL_STRNDUP 1
| | #define HAVE_DECL_STRNLEN 1
| | #define HAVE_DECL_STRTOIMAX 1
| | #define HAVE_DECL_STRTOUMAX 1
| | #define HAVE_DECL_TTYNAME_R 1
| | #define HAVE_DECL_UNSETENV 1
| | #define HAVE_WORKING_UTIMES 1
| | #define HAVE_STRUCT_UTIMBUF 1
| | #define HAVE_INTTYPES_H_WITH_UINTMAX 1
| | #define HAVE_STDINT_H_WITH_UINTMAX 1
| | #define HAVE_INTMAX_T 1
| | #define DBL_EXPBIT0_WORD 1
| | #define DBL_EXPBIT0_BIT 20
| | #define HAVE_SNPRINTF 1
| | #define HAVE_STRNLEN 1
| | #define HAVE_WCSLEN 1
| | #define HAVE_WCSNLEN 1
| | #define HAVE_MBRTOWC 1
| | #define HAVE_WCRTOMB 1
| | #define HAVE_DECL__SNPRINTF 0
| | #define HAVE_SNPRINTF_RETVAL_C99 1
| | #define HAVE_DECL_VSNPRINTF 1
| | #define HAVE_ALLOCA 1
| | #define GNULIB_AREADLINKAT 1
| | #define HAVE_DECL_PROGRAM_INVOCATION_NAME 1
| | #define HAVE_DECL_PROGRAM_INVOCATION_SHORT_NAME 1
| | #define HAVE_PROGRAM_INVOCATION_NAME 1
| | #define HAVE_PROGRAM_INVOCATION_SHORT_NAME 1
| | #define GNULIB_TEST_BTOWC 1
| | #define GNULIB_CANONICALIZE_LGPL 1
| | #define GNULIB_TEST_CANONICALIZE_FILE_NAME 1
| | #define GNULIB_TEST_REALPATH 1
| | #define GNULIB_TEST_CHDIR 1
| | #define GNULIB_TEST_CHOWN 1
| | #define HAVE_CLOCK_GETTIME 1
| | #define HAVE_CLOCK_SETTIME 1
| | #define GNULIB_TEST_CLOEXEC 1
| | #define GNULIB_TEST_CLOSE 1
| | #define GNULIB_CLOSE_STREAM 1
| | #define HAVE_CLOSEDIR 1
| | #define GNULIB_TEST_CLOSEDIR 1
| | #define D_INO_IN_DIRENT 1
| | #define HAVE_RAW_DECL_ALPHASORT 1
| | #define HAVE_RAW_DECL_CLOSEDIR 1
| | #define HAVE_RAW_DECL_DIRFD 1
| | #define HAVE_RAW_DECL_FDOPENDIR 1
| | #define HAVE_RAW_DECL_OPENDIR 1
| | #define HAVE_RAW_DECL_READDIR 1
| | #define HAVE_RAW_DECL_REWINDDIR 1
| | #define HAVE_RAW_DECL_SCANDIR 1
| | #define GNULIB_DIRENT_SAFER 1
| | #define HAVE_DIRFD 1
| | #define HAVE_DECL_DIRFD 1
| | #define GNULIB_TEST_DIRFD 1
| | #define GNULIB_DIRNAME 1
| | #define GNULIB_TEST_DUP 1
| | #define HAVE_DUP2 1
| | #define GNULIB_TEST_DUP2 1
| | #define GNULIB_TEST_ENVIRON 1
| | #define HAVE_EUIDACCESS 1
| | #define GNULIB_TEST_EUIDACCESS 1
| | #define GNULIB_FACCESSAT 1
| | #define GNULIB_TEST_FACCESSAT 1
| | #define GNULIB_TEST_FCHDIR 1
| | #define GNULIB_FCHMODAT 1
| | #define GNULIB_TEST_FCHMODAT 1
| | #define GNULIB_FCHOWNAT 1
| | #define GNULIB_TEST_FCHOWNAT 1
| | #define GNULIB_TEST_FCNTL 1
| | #define HAVE_RAW_DECL_FCNTL 1
| | #define HAVE_RAW_DECL_OPENAT 1
| | #define HAVE_DECL_FDOPENDIR 1
| | #define GNULIB_TEST_FDOPENDIR 1
| | #define GNULIB_FDOPENDIR 1
| | #define GNULIB_FDUTIMENSAT 1
| | #define HAVE_STRUCT_STAT_ST_BLOCKS 1
| | #define HAVE_ST_BLOCKS 1
| | #define HAVE_DECL___FPENDING 1
| | #define GNULIB_TEST_FSEEK 1
| | #define GNULIB_TEST_FSEEKO 1
| | #define GNULIB_TEST_FSTAT 1
| | #define GNULIB_TEST_FSTATAT 1
| | #define GNULIB_TEST_FUTIMENS 1
| | #define HAVE_GETPAGESIZE 1
| | #define HAVE_MINIMALLY_WORKING_GETCWD 1
| | #define GNULIB_GETCWD 1
| | #define GNULIB_TEST_GETCWD 1
| | #define GNULIB_TEST_GETCWD 1
| | #define GNULIB_TEST_GETDELIM 1
| | #define GNULIB_TEST_GETDTABLESIZE 1
| | #define HAVE_GETGROUPS 1
| | #define GNULIB_TEST_GETGROUPS 1
| | #define GNULIB_TEST_GETLINE 1
| | #define GNULIB_TEST_GETOPT_GNU 1
| | #define __GETOPT_PREFIX rpl_
| | #define HAVE_GETPAGESIZE 1
| | #define GNULIB_TEST_GETPAGESIZE 1
| | #define GETTIMEOFDAY_TIMEZONE struct timezone
| | #define GNULIB_TEST_GETTIMEOFDAY 1
| | #define GNULIB_TEST_GROUP_MEMBER 1
| | #define GNULIB_TEST_ISATTY 1
| | #define HAVE_DECL_ISWBLANK 1
| | #define GNULIB_TEST_ISWBLANK 1
| | #define HAVE_RAW_DECL_NL_LANGINFO 1
| | #define HAVE_LCHOWN 1
| | #define GNULIB_TEST_LCHOWN 1
| | #define GNULIB_TEST_LINK 1
| | /* end confdefs.h.  */
| | extern int __xpg4;
| | int
| | main ()
| | {
| | return __xpg4;
| |   ;
| |   return 0;
| | }
| configure:22399: result: no
| configure:22404: checking whether link(2) dereferences a symlink
| configure:22460: gcc -std=gnu99 -o conftest -g -O2   conftest.c  >&5
| configure:22460: $? = 0
| configure:22460: ./conftest
| configure:22460: $? = 0
| configure:22472: result: no
| configure:22497: checking whether linkat(,AT_SYMLINK_FOLLOW) works
| configure:22524: gcc -std=gnu99 -c -g -O2  conftest.c >&5
| conftest.c:353:1: error: unknown type name 'choke'
| conftest.c:356:1: error: expected '=', ',', ';', 'asm' or '__attribute__' before 'int'
| configure:22524: $? = 1
| configure: failed program was:
| | /* confdefs.h */
| | #define PACKAGE_NAME "GNU tar"
| | #define PACKAGE_TARNAME "tar"
| | #define PACKAGE_VERSION "1.28"
| | #define PACKAGE_STRING "GNU tar 1.28"
| | #define PACKAGE_BUGREPORT "bug-tar@gnu.org"
| | #define PACKAGE_URL "http://www.gnu.org/software/tar/"
| | #define PACKAGE "tar"
| | #define VERSION "1.28"
| | #define STDC_HEADERS 1
| | #define HAVE_SYS_TYPES_H 1
| | #define HAVE_SYS_STAT_H 1
| | #define HAVE_STDLIB_H 1
| | #define HAVE_STRING_H 1
| | #define HAVE_MEMORY_H 1
| | #define HAVE_STRINGS_H 1
| | #define HAVE_INTTYPES_H 1
| | #define HAVE_STDINT_H 1
| | #define HAVE_UNISTD_H 1
| | #define __EXTENSIONS__ 1
| | #define _ALL_SOURCE 1
| | #define _DARWIN_C_SOURCE 1
| | #define _GNU_SOURCE 1
| | #define _POSIX_PTHREAD_SEMANTICS 1
| | #define _TANDEM_SOURCE 1
| | #define HAVE_FSEEKO 1
| | #define _DARWIN_USE_64_BIT_INODE 1
| | #define _DARWIN_USE_64_BIT_INODE 1
| | #define HAVE_FCNTL_H 1
| | #define HAVE_LINUX_FD_H 1
| | #define HAVE_MEMORY_H 1
| | #define HAVE_SGTTY_H 1
| | #define HAVE_STRING_H 1
| | #define HAVE_SYS_PARAM_H 1
| | #define HAVE_SYS_MTIO_H 1
| | #define HAVE_SYS_TIME_H 1
| | #define HAVE_UNISTD_H 1
| | #define HAVE_LOCALE_H 1
| | #define HAVE_FEATURES_H 1
| | #define HAVE_SYS_SOCKET_H 1
| | #define HAVE_DIRENT_H 1
| | #define HAVE_WCTYPE_H 1
| | #define HAVE_STDIO_EXT_H 1
| | #define HAVE_SYS_STAT_H 1
| | #define HAVE_GETOPT_H 1
| | #define HAVE_WCHAR_H 1
| | #define HAVE_STDINT_H 1
| | #define HAVE_INTTYPES_H 1
| | #define HAVE_LANGINFO_H 1
| | #define HAVE_XLOCALE_H 1
| | #define HAVE_SYS_MMAN_H 1
| | #define HAVE_MALLOC_H 1
| | #define HAVE_STRINGS_H 1
| | #define HAVE_SYSEXITS_H 1
| | #define HAVE_UTIME_H 1
| | #define HAVE_NETDB_H 1
| | #define HAVE_SYS_WAIT_H 1
| | #define HAVE_PWD_H 1
| | #define HAVE_GRP_H 1
| | #define major_t int
| | #define minor_t int
| | #define HAVE_ALLOCA_H 1
| | #define HAVE_ALLOCA 1
| | #define restrict __restrict
| | #define HAVE_DECL_CLEARERR_UNLOCKED 1
| | #define HAVE_DECL_FEOF_UNLOCKED 1
| | #define HAVE_DECL_FERROR_UNLOCKED 1
| | #define HAVE_DECL_FFLUSH_UNLOCKED 1
| | #define HAVE_DECL_FGETS_UNLOCKED 1
| | #define HAVE_DECL_FPUTC_UNLOCKED 1
| | #define HAVE_DECL_FPUTS_UNLOCKED 1
| | #define HAVE_DECL_FREAD_UNLOCKED 1
| | #define HAVE_DECL_FWRITE_UNLOCKED 1
| | #define HAVE_DECL_GETC_UNLOCKED 1
| | #define HAVE_DECL_GETCHAR_UNLOCKED 1
| | #define HAVE_DECL_PUTC_UNLOCKED 1
| | #define HAVE_DECL_PUTCHAR_UNLOCKED 1
| | #define HAVE_FLOCKFILE 1
| | #define HAVE_FUNLOCKFILE 1
| | #define HAVE_PATHCONF 1
| | #define HAVE_BTOWC 1
| | #define HAVE_CANONICALIZE_FILE_NAME 1
| | #define HAVE_GETCWD 1
| | #define HAVE_READLINK 1
| | #define HAVE_REALPATH 1
| | #define HAVE_READLINKAT 1
| | #define HAVE_CHOWN 1
| | #define HAVE_FCHOWN 1
| | #define HAVE_FCHDIR 1
| | #define HAVE_FDOPENDIR 1
| | #define HAVE_FACCESSAT 1
| | #define HAVE_FCHMODAT 1
| | #define HAVE_FCNTL 1
| | #define HAVE_SYMLINK 1
| | #define HAVE_MEMPCPY 1
| | #define HAVE_ISBLANK 1
| | #define HAVE_ISWCTYPE 1
| | #define HAVE_MBSRTOWCS 1
| | #define HAVE_WMEMCHR 1
| | #define HAVE_WMEMCPY 1
| | #define HAVE_WMEMPCPY 1
| | #define HAVE_FSTATAT 1
| | #define HAVE_FUTIMENS 1
| | #define HAVE_GETDELIM 1
| | #define HAVE_GETDTABLESIZE 1
| | #define HAVE_GETTIMEOFDAY 1
| | #define HAVE_ISWCNTRL 1
| | #define HAVE_ISWBLANK 1
| | #define HAVE_LINK 1
| | #define HAVE_OPENAT 1
| | #define HAVE_LINKAT 1
| | #define HAVE_LSTAT 1
| | #define HAVE_MBSINIT 1
| | #define HAVE_MBRTOWC 1
| | #define HAVE_MPROTECT 1
| | #define HAVE_MKDIRAT 1
| | #define HAVE_MKFIFO 1
| | #define HAVE_MKFIFOAT 1
| | #define HAVE_MKNODAT 1
| | #define HAVE_MKNOD 1
| | #define HAVE_NL_LANGINFO 1
| | #define HAVE_POSIX_OPENPT 1
| | #define HAVE_PTSNAME_R 1
| | #define HAVE_FCHMOD 1
| | #define HAVE_RENAMEAT 1
| | #define HAVE_SECURE_GETENV 1
| | #define HAVE_SETENV 1
| | #define HAVE_SLEEP 1
| | #define HAVE_SNPRINTF 1
| | #define HAVE_STRDUP 1
| | #define HAVE_TZSET 1
| | #define HAVE_STRNDUP 1
| | #define HAVE_STRTOIMAX 1
| | #define HAVE_STRTOUMAX 1
| | #define HAVE_SYMLINKAT 1
| | #define HAVE_LOCALTIME_R 1
| | #define HAVE_PIPE 1
| | #define HAVE_UNLINKAT 1
| | #define HAVE_FUTIMES 1
| | #define HAVE_FUTIMESAT 1
| | #define HAVE_UTIMENSAT 1
| | #define HAVE_LUTIMES 1
| | #define HAVE_WCRTOMB 1
| | #define HAVE_WCWIDTH 1
| | #define HAVE_SETLOCALE 1
| | #define HAVE_FSYNC 1
| | #define HAVE_GRANTPT 1
| | #define D_INO_IN_DIRENT 1
| | #define HAVE_LONG_FILE_NAMES 1
| | #define HAVE_LANGINFO_CODESET 1
| | #define FUNC_REALPATH_WORKS 1
| | #define HAVE_UNISTD_H 1
| | #define HAVE_CHOWN 1
| | #define HAVE_ENVIRON_DECL 1
| | #define HAVE_DECL_STRERROR_R 1
| | #define HAVE_STRERROR_R 1
| | #define STRERROR_R_CHAR_P 1
| | #define GETGROUPS_T gid_t
| | #define HAVE_DECL_FCHDIR 1
| | #define HAVE_WORKING_O_NOATIME 1
| | #define HAVE_WORKING_O_NOFOLLOW 1
| | #define HAVE_MBSTATE_T 1
| | #define HAVE_DECL_FSEEKO 1
| | #define HAVE_RAW_DECL_FCHMODAT 1
| | #define HAVE_RAW_DECL_FSTAT 1
| | #define HAVE_RAW_DECL_FSTATAT 1
| | #define HAVE_RAW_DECL_FUTIMENS 1
| | #define HAVE_RAW_DECL_LCHMOD 1
| | #define HAVE_RAW_DECL_LSTAT 1
| | #define HAVE_RAW_DECL_MKDIRAT 1
| | #define HAVE_RAW_DECL_MKFIFO 1
| | #define HAVE_RAW_DECL_MKFIFOAT 1
| | #define HAVE_RAW_DECL_MKNOD 1
| | #define HAVE_RAW_DECL_MKNODAT 1
| | #define HAVE_RAW_DECL_STAT 1
| | #define HAVE_RAW_DECL_UTIMENSAT 1
| | #define LSTAT_FOLLOWS_SLASHED_SYMLINK 1
| | #define HAVE_DECL_GETCWD 1
| | #define HAVE_DECL_GETDELIM 1
| | #define HAVE_DECL_GETLINE 1
| | #define HAVE_GETOPT_H 1
| | #define HAVE_GETOPT_LONG_ONLY 1
| | #define __GETOPT_PREFIX rpl_
| | #define HAVE_DECL_GETENV 1
| | #define HAVE_RAW_DECL_GETTIMEOFDAY 1
| | #define HAVE_UNSIGNED_LONG_LONG_INT 1
| | #define HAVE_LONG_LONG_INT 1
| | #define HAVE_RAW_DECL_IMAXABS 1
| | #define HAVE_RAW_DECL_IMAXDIV 1
| | #define HAVE_RAW_DECL_STRTOIMAX 1
| | #define HAVE_RAW_DECL_STRTOUMAX 1
| | #define HAVE_INTTYPES_H 1
| | #define HAVE_WINT_T 1
| | #define HAVE_TOWLOWER 1
| | #define HAVE_RAW_DECL_WCTYPE 1
| | #define HAVE_RAW_DECL_ISWCTYPE 1
| | #define HAVE_RAW_DECL_WCTRANS 1
| | #define HAVE_RAW_DECL_TOWCTRANS 1
| | #define HAVE_WCHAR_T 1
| | #define HAVE_STDLIB_H 1
| | #define MALLOC_0_IS_NONNULL 1
| | #define HAVE_MAP_ANONYMOUS 1
| | #define HAVE_DECL_MEMRCHR 1
| | #define HAVE_DECL_ALARM 1
| | #define PROMOTED_MODE_T mode_t
| | #define HAVE__BOOL 1
| | #define HAVE_COMPOUND_LITERALS 1
| | #define HAVE_TM_GMTOFF 1
| | #define HAVE_DECL_SETENV 1
| | #define HAVE_SEARCH_H 1
| | #define HAVE_TSEARCH 1
| | #define HAVE_SIGSET_T 1
| | #define HAVE_DECL_SNPRINTF 1
| | #define HAVE_DECL_STRDUP 1
| | #define HAVE_RAW_DECL_FFSL 1
| | #define HAVE_RAW_DECL_FFSLL 1
| | #define HAVE_RAW_DECL_MEMMEM 1
| | #define HAVE_RAW_DECL_MEMPCPY 1
| | #define HAVE_RAW_DECL_MEMRCHR 1
| | #define HAVE_RAW_DECL_RAWMEMCHR 1
| | #define HAVE_RAW_DECL_STPCPY 1
| | #define HAVE_RAW_DECL_STPNCPY 1
| | #define HAVE_RAW_DECL_STRCHRNUL 1
| | #define HAVE_RAW_DECL_STRDUP 1
| | #define HAVE_RAW_DECL_STRNCAT 1
| | #define HAVE_RAW_DECL_STRNDUP 1
| | #define HAVE_RAW_DECL_STRNLEN 1
| | #define HAVE_RAW_DECL_STRPBRK 1
| | #define HAVE_RAW_DECL_STRSEP 1
| | #define HAVE_RAW_DECL_STRCASESTR 1
| | #define HAVE_RAW_DECL_STRTOK_R 1
| | #define HAVE_RAW_DECL_STRERROR_R 1
| | #define HAVE_RAW_DECL_STRSIGNAL 1
| | #define HAVE_RAW_DECL_STRVERSCMP 1
| | #define HAVE_RAW_DECL_FFS 1
| | #define HAVE_RAW_DECL_STRCASECMP 1
| | #define HAVE_RAW_DECL_STRNCASECMP 1
| | #define HAVE_DECL_STRNDUP 1
| | #define HAVE_DECL_STRNLEN 1
| | #define HAVE_DECL_STRTOIMAX 1
| | #define HAVE_DECL_STRTOUMAX 1
| | #define HAVE_DECL_TTYNAME_R 1
| | #define HAVE_DECL_UNSETENV 1
| | #define HAVE_WORKING_UTIMES 1
| | #define HAVE_STRUCT_UTIMBUF 1
| | #define HAVE_INTTYPES_H_WITH_UINTMAX 1
| | #define HAVE_STDINT_H_WITH_UINTMAX 1
| | #define HAVE_INTMAX_T 1
| | #define DBL_EXPBIT0_WORD 1
| | #define DBL_EXPBIT0_BIT 20
| | #define HAVE_SNPRINTF 1
| | #define HAVE_STRNLEN 1
| | #define HAVE_WCSLEN 1
| | #define HAVE_WCSNLEN 1
| | #define HAVE_MBRTOWC 1
| | #define HAVE_WCRTOMB 1
| | #define HAVE_DECL__SNPRINTF 0
| | #define HAVE_SNPRINTF_RETVAL_C99 1
| | #define HAVE_DECL_VSNPRINTF 1
| | #define HAVE_ALLOCA 1
| | #define GNULIB_AREADLINKAT 1
| | #define HAVE_DECL_PROGRAM_INVOCATION_NAME 1
| | #define HAVE_DECL_PROGRAM_INVOCATION_SHORT_NAME 1
| | #define HAVE_PROGRAM_INVOCATION_NAME 1
| | #define HAVE_PROGRAM_INVOCATION_SHORT_NAME 1
| | #define GNULIB_TEST_BTOWC 1
| | #define GNULIB_CANONICALIZE_LGPL 1
| | #define GNULIB_TEST_CANONICALIZE_FILE_NAME 1
| | #define GNULIB_TEST_REALPATH 1
| | #define GNULIB_TEST_CHDIR 1
| | #define GNULIB_TEST_CHOWN 1
| | #define HAVE_CLOCK_GETTIME 1
| | #define HAVE_CLOCK_SETTIME 1
| | #define GNULIB_TEST_CLOEXEC 1
| | #define GNULIB_TEST_CLOSE 1
| | #define GNULIB_CLOSE_STREAM 1
| | #define HAVE_CLOSEDIR 1
| | #define GNULIB_TEST_CLOSEDIR 1
| | #define D_INO_IN_DIRENT 1
| | #define HAVE_RAW_DECL_ALPHASORT 1
| | #define HAVE_RAW_DECL_CLOSEDIR 1
| | #define HAVE_RAW_DECL_DIRFD 1
| | #define HAVE_RAW_DECL_FDOPENDIR 1
| | #define HAVE_RAW_DECL_OPENDIR 1
| | #define HAVE_RAW_DECL_READDIR 1
| | #define HAVE_RAW_DECL_REWINDDIR 1
| | #define HAVE_RAW_DECL_SCANDIR 1
| | #define GNULIB_DIRENT_SAFER 1
| | #define HAVE_DIRFD 1
| | #define HAVE_DECL_DIRFD 1
| | #define GNULIB_TEST_DIRFD 1
| | #define GNULIB_DIRNAME 1
| | #define GNULIB_TEST_DUP 1
| | #define HAVE_DUP2 1
| | #define GNULIB_TEST_DUP2 1
| | #define GNULIB_TEST_ENVIRON 1
| | #define HAVE_EUIDACCESS 1
| | #define GNULIB_TEST_EUIDACCESS 1
| | #define GNULIB_FACCESSAT 1
| | #define GNULIB_TEST_FACCESSAT 1
| | #define GNULIB_TEST_FCHDIR 1
| | #define GNULIB_FCHMODAT 1
| | #define GNULIB_TEST_FCHMODAT 1
| | #define GNULIB_FCHOWNAT 1
| | #define GNULIB_TEST_FCHOWNAT 1
| | #define GNULIB_TEST_FCNTL 1
| | #define HAVE_RAW_DECL_FCNTL 1
| | #define HAVE_RAW_DECL_OPENAT 1
| | #define HAVE_DECL_FDOPENDIR 1
| | #define GNULIB_TEST_FDOPENDIR 1
| | #define GNULIB_FDOPENDIR 1
| | #define GNULIB_FDUTIMENSAT 1
| | #define HAVE_STRUCT_STAT_ST_BLOCKS 1
| | #define HAVE_ST_BLOCKS 1
| | #define HAVE_DECL___FPENDING 1
| | #define GNULIB_TEST_FSEEK 1
| | #define GNULIB_TEST_FSEEKO 1
| | #define GNULIB_TEST_FSTAT 1
| | #define GNULIB_TEST_FSTATAT 1
| | #define GNULIB_TEST_FUTIMENS 1
| | #define HAVE_GETPAGESIZE 1
| | #define HAVE_MINIMALLY_WORKING_GETCWD 1
| | #define GNULIB_GETCWD 1
| | #define GNULIB_TEST_GETCWD 1
| | #define GNULIB_TEST_GETCWD 1
| | #define GNULIB_TEST_GETDELIM 1
| | #define GNULIB_TEST_GETDTABLESIZE 1
| | #define HAVE_GETGROUPS 1
| | #define GNULIB_TEST_GETGROUPS 1
| | #define GNULIB_TEST_GETLINE 1
| | #define GNULIB_TEST_GETOPT_GNU 1
| | #define __GETOPT_PREFIX rpl_
| | #define HAVE_GETPAGESIZE 1
| | #define GNULIB_TEST_GETPAGESIZE 1
| | #define GETTIMEOFDAY_TIMEZONE struct timezone
| | #define GNULIB_TEST_GETTIMEOFDAY 1
| | #define GNULIB_TEST_GROUP_MEMBER 1
| | #define GNULIB_TEST_ISATTY 1
| | #define HAVE_DECL_ISWBLANK 1
| | #define GNULIB_TEST_ISWBLANK 1
| | #define HAVE_RAW_DECL_NL_LANGINFO 1
| | #define HAVE_LCHOWN 1
| | #define GNULIB_TEST_LCHOWN 1
| | #define GNULIB_TEST_LINK 1
| | #define LINK_FOLLOWS_SYMLINKS 0
| | /* end confdefs.h.  */
| | 
| | #include <fcntl.h>
| | #include <unistd.h>
| | #ifdef __linux__
| | /* Linux added linkat in 2.6.16, but did not add AT_SYMLINK_FOLLOW
| |    until 2.6.18.  Always replace linkat to support older kernels.  */
| | choke me
| | #endif
| | 
| | int
| | main ()
| | {
| | return linkat (AT_FDCWD, "conftest.f1", AT_FDCWD, "conftest.f2",
| |                     AT_SYMLINK_FOLLOW);
| |   ;
| |   return 0;
| | }
| configure:22532: result: need runtime check
| configure:22534: checking whether linkat handles trailing slash correctly
| configure:22587: gcc -std=gnu99 -o conftest -g -O2   conftest.c  >&5
| configure:22587: $? = 0
| configure:22587: ./conftest
| configure:22587: $? = 0
| configure:22598: result: yes
| configure:22680: checking whether locale.h conforms to POSIX:2001
| configure:22698: gcc -std=gnu99 -c -g -O2  conftest.c >&5
| configure:22698: $? = 0
| configure:22705: result: yes
| configure:22711: checking whether locale.h defines locale_t
| configure:22728: gcc -std=gnu99 -c -g -O2  conftest.c >&5
| configure:22728: $? = 0
| configure:22736: result: yes
| configure:22749: checking whether struct lconv is properly defined
| configure:22768: gcc -std=gnu99 -c -g -O2  conftest.c >&5
| configure:22768: $? = 0
| configure:22776: result: yes
| configure:22857: checking whether setlocale is declared without a macro
| configure:22879: gcc -std=gnu99 -c -g -O2  conftest.c >&5
| configure:22879: $? = 0
| configure:22887: result: yes
| configure:22857: checking whether duplocale is declared without a macro
| configure:22879: gcc -std=gnu99 -c -g -O2  conftest.c >&5
| configure:22879: $? = 0
| configure:22887: result: yes
| configure:22953: checking whether lseek detects pipes
| configure:22986: gcc -std=gnu99 -o conftest -g -O2   conftest.c  >&5
| configure:22986: $? = 0
| configure:23021: result: yes
| configure:23109: checking for stdlib.h
| configure:23109: result: yes
| configure:23119: checking for GNU libc compatible malloc
| configure:23163: result: yes
| configure:23255: checking whether mbrtowc handles incomplete characters
| configure:23312: result: guessing yes
| configure:23318: checking whether mbrtowc works as well as mbtowc
| configure:23379: result: guessing yes
| configure:23430: checking whether mbrtowc handles a NULL pwc argument
| configure:23501: result: guessing yes
| configure:23507: checking whether mbrtowc handles a NULL string argument
| configure:23566: result: guessing yes
| configure:23574: checking whether mbrtowc has a correct return value
| configure:23704: result: guessing yes
| configure:23710: checking whether mbrtowc returns 0 when parsing a NUL character
| configure:23766: result: guessing yes
| configure:23864: checking whether mbrtowc handles incomplete characters
| configure:23921: result: guessing yes
| configure:23927: checking whether mbrtowc works as well as mbtowc
| configure:23988: result: guessing yes
| configure:24086: checking whether mbrtowc handles incomplete characters
| configure:24143: result: guessing yes
| configure:24149: checking whether mbrtowc works as well as mbtowc
| configure:24210: result: guessing yes
| configure:24264: checking whether mbsrtowcs works
| configure:24368: result: guessing yes
| configure:24509: checking for mempcpy
| configure:24509: result: yes
| configure:24563: checking for memrchr
| configure:24563: gcc -std=gnu99 -o conftest -g -O2   conftest.c  >&5
| configure:24563: $? = 0
| configure:24563: result: yes
| configure:24603: checking whether mkdir handles trailing slash
| configure:24632: gcc -std=gnu99 -o conftest -g -O2   conftest.c  >&5
| configure:24632: $? = 0
| configure:24632: ./conftest
| configure:24632: $? = 0
| configure:24645: result: yes
| configure:24654: checking whether mkdir handles trailing dot
| configure:24683: gcc -std=gnu99 -o conftest -g -O2   conftest.c  >&5
| configure:24683: $? = 0
| configure:24683: ./conftest
| configure:24683: $? = 0
| configure:24696: result: yes
| configure:24762: checking for mkdtemp
| configure:24762: gcc -std=gnu99 -o conftest -g -O2   conftest.c  >&5
| configure:24762: $? = 0
| configure:24762: result: yes
| configure:24811: checking whether mkfifo rejects trailing slashes
| configure:24849: gcc -std=gnu99 -o conftest -g -O2   conftest.c  >&5
| configure:24849: $? = 0
| configure:24849: ./conftest
| configure:24849: $? = 0
| configure:24860: result: yes
| configure:24973: checking whether mknod can create fifo without root privileges
| configure:25010: gcc -std=gnu99 -o conftest -g -O2   conftest.c  >&5
| configure:25010: $? = 0
| configure:25010: ./conftest
| configure:25010: $? = 99
| configure: program exited with status 99
| configure: failed program was:
| | /* confdefs.h */
| | #define PACKAGE_NAME "GNU tar"
| | #define PACKAGE_TARNAME "tar"
| | #define PACKAGE_VERSION "1.28"
| | #define PACKAGE_STRING "GNU tar 1.28"
| | #define PACKAGE_BUGREPORT "bug-tar@gnu.org"
| | #define PACKAGE_URL "http://www.gnu.org/software/tar/"
| | #define PACKAGE "tar"
| | #define VERSION "1.28"
| | #define STDC_HEADERS 1
| | #define HAVE_SYS_TYPES_H 1
| | #define HAVE_SYS_STAT_H 1
| | #define HAVE_STDLIB_H 1
| | #define HAVE_STRING_H 1
| | #define HAVE_MEMORY_H 1
| | #define HAVE_STRINGS_H 1
| | #define HAVE_INTTYPES_H 1
| | #define HAVE_STDINT_H 1
| | #define HAVE_UNISTD_H 1
| | #define __EXTENSIONS__ 1
| | #define _ALL_SOURCE 1
| | #define _DARWIN_C_SOURCE 1
| | #define _GNU_SOURCE 1
| | #define _POSIX_PTHREAD_SEMANTICS 1
| | #define _TANDEM_SOURCE 1
| | #define HAVE_FSEEKO 1
| | #define _DARWIN_USE_64_BIT_INODE 1
| | #define _DARWIN_USE_64_BIT_INODE 1
| | #define HAVE_FCNTL_H 1
| | #define HAVE_LINUX_FD_H 1
| | #define HAVE_MEMORY_H 1
| | #define HAVE_SGTTY_H 1
| | #define HAVE_STRING_H 1
| | #define HAVE_SYS_PARAM_H 1
| | #define HAVE_SYS_MTIO_H 1
| | #define HAVE_SYS_TIME_H 1
| | #define HAVE_UNISTD_H 1
| | #define HAVE_LOCALE_H 1
| | #define HAVE_FEATURES_H 1
| | #define HAVE_SYS_SOCKET_H 1
| | #define HAVE_DIRENT_H 1
| | #define HAVE_WCTYPE_H 1
| | #define HAVE_STDIO_EXT_H 1
| | #define HAVE_SYS_STAT_H 1
| | #define HAVE_GETOPT_H 1
| | #define HAVE_WCHAR_H 1
| | #define HAVE_STDINT_H 1
| | #define HAVE_INTTYPES_H 1
| | #define HAVE_LANGINFO_H 1
| | #define HAVE_XLOCALE_H 1
| | #define HAVE_SYS_MMAN_H 1
| | #define HAVE_MALLOC_H 1
| | #define HAVE_STRINGS_H 1
| | #define HAVE_SYSEXITS_H 1
| | #define HAVE_UTIME_H 1
| | #define HAVE_NETDB_H 1
| | #define HAVE_SYS_WAIT_H 1
| | #define HAVE_PWD_H 1
| | #define HAVE_GRP_H 1
| | #define major_t int
| | #define minor_t int
| | #define HAVE_ALLOCA_H 1
| | #define HAVE_ALLOCA 1
| | #define restrict __restrict
| | #define HAVE_DECL_CLEARERR_UNLOCKED 1
| | #define HAVE_DECL_FEOF_UNLOCKED 1
| | #define HAVE_DECL_FERROR_UNLOCKED 1
| | #define HAVE_DECL_FFLUSH_UNLOCKED 1
| | #define HAVE_DECL_FGETS_UNLOCKED 1
| | #define HAVE_DECL_FPUTC_UNLOCKED 1
| | #define HAVE_DECL_FPUTS_UNLOCKED 1
| | #define HAVE_DECL_FREAD_UNLOCKED 1
| | #define HAVE_DECL_FWRITE_UNLOCKED 1
| | #define HAVE_DECL_GETC_UNLOCKED 1
| | #define HAVE_DECL_GETCHAR_UNLOCKED 1
| | #define HAVE_DECL_PUTC_UNLOCKED 1
| | #define HAVE_DECL_PUTCHAR_UNLOCKED 1
| | #define HAVE_FLOCKFILE 1
| | #define HAVE_FUNLOCKFILE 1
| | #define HAVE_PATHCONF 1
| | #define HAVE_BTOWC 1
| | #define HAVE_CANONICALIZE_FILE_NAME 1
| | #define HAVE_GETCWD 1
| | #define HAVE_READLINK 1
| | #define HAVE_REALPATH 1
| | #define HAVE_READLINKAT 1
| | #define HAVE_CHOWN 1
| | #define HAVE_FCHOWN 1
| | #define HAVE_FCHDIR 1
| | #define HAVE_FDOPENDIR 1
| | #define HAVE_FACCESSAT 1
| | #define HAVE_FCHMODAT 1
| | #define HAVE_FCNTL 1
| | #define HAVE_SYMLINK 1
| | #define HAVE_MEMPCPY 1
| | #define HAVE_ISBLANK 1
| | #define HAVE_ISWCTYPE 1
| | #define HAVE_MBSRTOWCS 1
| | #define HAVE_WMEMCHR 1
| | #define HAVE_WMEMCPY 1
| | #define HAVE_WMEMPCPY 1
| | #define HAVE_FSTATAT 1
| | #define HAVE_FUTIMENS 1
| | #define HAVE_GETDELIM 1
| | #define HAVE_GETDTABLESIZE 1
| | #define HAVE_GETTIMEOFDAY 1
| | #define HAVE_ISWCNTRL 1
| | #define HAVE_ISWBLANK 1
| | #define HAVE_LINK 1
| | #define HAVE_OPENAT 1
| | #define HAVE_LINKAT 1
| | #define HAVE_LSTAT 1
| | #define HAVE_MBSINIT 1
| | #define HAVE_MBRTOWC 1
| | #define HAVE_MPROTECT 1
| | #define HAVE_MKDIRAT 1
| | #define HAVE_MKFIFO 1
| | #define HAVE_MKFIFOAT 1
| | #define HAVE_MKNODAT 1
| | #define HAVE_MKNOD 1
| | #define HAVE_NL_LANGINFO 1
| | #define HAVE_POSIX_OPENPT 1
| | #define HAVE_PTSNAME_R 1
| | #define HAVE_FCHMOD 1
| | #define HAVE_RENAMEAT 1
| | #define HAVE_SECURE_GETENV 1
| | #define HAVE_SETENV 1
| | #define HAVE_SLEEP 1
| | #define HAVE_SNPRINTF 1
| | #define HAVE_STRDUP 1
| | #define HAVE_TZSET 1
| | #define HAVE_STRNDUP 1
| | #define HAVE_STRTOIMAX 1
| | #define HAVE_STRTOUMAX 1
| | #define HAVE_SYMLINKAT 1
| | #define HAVE_LOCALTIME_R 1
| | #define HAVE_PIPE 1
| | #define HAVE_UNLINKAT 1
| | #define HAVE_FUTIMES 1
| | #define HAVE_FUTIMESAT 1
| | #define HAVE_UTIMENSAT 1
| | #define HAVE_LUTIMES 1
| | #define HAVE_WCRTOMB 1
| | #define HAVE_WCWIDTH 1
| | #define HAVE_SETLOCALE 1
| | #define HAVE_FSYNC 1
| | #define HAVE_GRANTPT 1
| | #define D_INO_IN_DIRENT 1
| | #define HAVE_LONG_FILE_NAMES 1
| | #define HAVE_LANGINFO_CODESET 1
| | #define FUNC_REALPATH_WORKS 1
| | #define HAVE_UNISTD_H 1
| | #define HAVE_CHOWN 1
| | #define HAVE_ENVIRON_DECL 1
| | #define HAVE_DECL_STRERROR_R 1
| | #define HAVE_STRERROR_R 1
| | #define STRERROR_R_CHAR_P 1
| | #define GETGROUPS_T gid_t
| | #define HAVE_DECL_FCHDIR 1
| | #define HAVE_WORKING_O_NOATIME 1
| | #define HAVE_WORKING_O_NOFOLLOW 1
| | #define HAVE_MBSTATE_T 1
| | #define HAVE_DECL_FSEEKO 1
| | #define HAVE_RAW_DECL_FCHMODAT 1
| | #define HAVE_RAW_DECL_FSTAT 1
| | #define HAVE_RAW_DECL_FSTATAT 1
| | #define HAVE_RAW_DECL_FUTIMENS 1
| | #define HAVE_RAW_DECL_LCHMOD 1
| | #define HAVE_RAW_DECL_LSTAT 1
| | #define HAVE_RAW_DECL_MKDIRAT 1
| | #define HAVE_RAW_DECL_MKFIFO 1
| | #define HAVE_RAW_DECL_MKFIFOAT 1
| | #define HAVE_RAW_DECL_MKNOD 1
| | #define HAVE_RAW_DECL_MKNODAT 1
| | #define HAVE_RAW_DECL_STAT 1
| | #define HAVE_RAW_DECL_UTIMENSAT 1
| | #define LSTAT_FOLLOWS_SLASHED_SYMLINK 1
| | #define HAVE_DECL_GETCWD 1
| | #define HAVE_DECL_GETDELIM 1
| | #define HAVE_DECL_GETLINE 1
| | #define HAVE_GETOPT_H 1
| | #define HAVE_GETOPT_LONG_ONLY 1
| | #define __GETOPT_PREFIX rpl_
| | #define HAVE_DECL_GETENV 1
| | #define HAVE_RAW_DECL_GETTIMEOFDAY 1
| | #define HAVE_UNSIGNED_LONG_LONG_INT 1
| | #define HAVE_LONG_LONG_INT 1
| | #define HAVE_RAW_DECL_IMAXABS 1
| | #define HAVE_RAW_DECL_IMAXDIV 1
| | #define HAVE_RAW_DECL_STRTOIMAX 1
| | #define HAVE_RAW_DECL_STRTOUMAX 1
| | #define HAVE_INTTYPES_H 1
| | #define HAVE_WINT_T 1
| | #define HAVE_TOWLOWER 1
| | #define HAVE_RAW_DECL_WCTYPE 1
| | #define HAVE_RAW_DECL_ISWCTYPE 1
| | #define HAVE_RAW_DECL_WCTRANS 1
| | #define HAVE_RAW_DECL_TOWCTRANS 1
| | #define HAVE_WCHAR_T 1
| | #define HAVE_STDLIB_H 1
| | #define MALLOC_0_IS_NONNULL 1
| | #define HAVE_MAP_ANONYMOUS 1
| | #define HAVE_DECL_MEMRCHR 1
| | #define HAVE_DECL_ALARM 1
| | #define PROMOTED_MODE_T mode_t
| | #define HAVE__BOOL 1
| | #define HAVE_COMPOUND_LITERALS 1
| | #define HAVE_TM_GMTOFF 1
| | #define HAVE_DECL_SETENV 1
| | #define HAVE_SEARCH_H 1
| | #define HAVE_TSEARCH 1
| | #define HAVE_SIGSET_T 1
| | #define HAVE_DECL_SNPRINTF 1
| | #define HAVE_DECL_STRDUP 1
| | #define HAVE_RAW_DECL_FFSL 1
| | #define HAVE_RAW_DECL_FFSLL 1
| | #define HAVE_RAW_DECL_MEMMEM 1
| | #define HAVE_RAW_DECL_MEMPCPY 1
| | #define HAVE_RAW_DECL_MEMRCHR 1
| | #define HAVE_RAW_DECL_RAWMEMCHR 1
| | #define HAVE_RAW_DECL_STPCPY 1
| | #define HAVE_RAW_DECL_STPNCPY 1
| | #define HAVE_RAW_DECL_STRCHRNUL 1
| | #define HAVE_RAW_DECL_STRDUP 1
| | #define HAVE_RAW_DECL_STRNCAT 1
| | #define HAVE_RAW_DECL_STRNDUP 1
| | #define HAVE_RAW_DECL_STRNLEN 1
| | #define HAVE_RAW_DECL_STRPBRK 1
| | #define HAVE_RAW_DECL_STRSEP 1
| | #define HAVE_RAW_DECL_STRCASESTR 1
| | #define HAVE_RAW_DECL_STRTOK_R 1
| | #define HAVE_RAW_DECL_STRERROR_R 1
| | #define HAVE_RAW_DECL_STRSIGNAL 1
| | #define HAVE_RAW_DECL_STRVERSCMP 1
| | #define HAVE_RAW_DECL_FFS 1
| | #define HAVE_RAW_DECL_STRCASECMP 1
| | #define HAVE_RAW_DECL_STRNCASECMP 1
| | #define HAVE_DECL_STRNDUP 1
| | #define HAVE_DECL_STRNLEN 1
| | #define HAVE_DECL_STRTOIMAX 1
| | #define HAVE_DECL_STRTOUMAX 1
| | #define HAVE_DECL_TTYNAME_R 1
| | #define HAVE_DECL_UNSETENV 1
| | #define HAVE_WORKING_UTIMES 1
| | #define HAVE_STRUCT_UTIMBUF 1
| | #define HAVE_INTTYPES_H_WITH_UINTMAX 1
| | #define HAVE_STDINT_H_WITH_UINTMAX 1
| | #define HAVE_INTMAX_T 1
| | #define DBL_EXPBIT0_WORD 1
| | #define DBL_EXPBIT0_BIT 20
| | #define HAVE_SNPRINTF 1
| | #define HAVE_STRNLEN 1
| | #define HAVE_WCSLEN 1
| | #define HAVE_WCSNLEN 1
| | #define HAVE_MBRTOWC 1
| | #define HAVE_WCRTOMB 1
| | #define HAVE_DECL__SNPRINTF 0
| | #define HAVE_SNPRINTF_RETVAL_C99 1
| | #define HAVE_DECL_VSNPRINTF 1
| | #define HAVE_ALLOCA 1
| | #define GNULIB_AREADLINKAT 1
| | #define HAVE_DECL_PROGRAM_INVOCATION_NAME 1
| | #define HAVE_DECL_PROGRAM_INVOCATION_SHORT_NAME 1
| | #define HAVE_PROGRAM_INVOCATION_NAME 1
| | #define HAVE_PROGRAM_INVOCATION_SHORT_NAME 1
| | #define GNULIB_TEST_BTOWC 1
| | #define GNULIB_CANONICALIZE_LGPL 1
| | #define GNULIB_TEST_CANONICALIZE_FILE_NAME 1
| | #define GNULIB_TEST_REALPATH 1
| | #define GNULIB_TEST_CHDIR 1
| | #define GNULIB_TEST_CHOWN 1
| | #define HAVE_CLOCK_GETTIME 1
| | #define HAVE_CLOCK_SETTIME 1
| | #define GNULIB_TEST_CLOEXEC 1
| | #define GNULIB_TEST_CLOSE 1
| | #define GNULIB_CLOSE_STREAM 1
| | #define HAVE_CLOSEDIR 1
| | #define GNULIB_TEST_CLOSEDIR 1
| | #define D_INO_IN_DIRENT 1
| | #define HAVE_RAW_DECL_ALPHASORT 1
| | #define HAVE_RAW_DECL_CLOSEDIR 1
| | #define HAVE_RAW_DECL_DIRFD 1
| | #define HAVE_RAW_DECL_FDOPENDIR 1
| | #define HAVE_RAW_DECL_OPENDIR 1
| | #define HAVE_RAW_DECL_READDIR 1
| | #define HAVE_RAW_DECL_REWINDDIR 1
| | #define HAVE_RAW_DECL_SCANDIR 1
| | #define GNULIB_DIRENT_SAFER 1
| | #define HAVE_DIRFD 1
| | #define HAVE_DECL_DIRFD 1
| | #define GNULIB_TEST_DIRFD 1
| | #define GNULIB_DIRNAME 1
| | #define GNULIB_TEST_DUP 1
| | #define HAVE_DUP2 1
| | #define GNULIB_TEST_DUP2 1
| | #define GNULIB_TEST_ENVIRON 1
| | #define HAVE_EUIDACCESS 1
| | #define GNULIB_TEST_EUIDACCESS 1
| | #define GNULIB_FACCESSAT 1
| | #define GNULIB_TEST_FACCESSAT 1
| | #define GNULIB_TEST_FCHDIR 1
| | #define GNULIB_FCHMODAT 1
| | #define GNULIB_TEST_FCHMODAT 1
| | #define GNULIB_FCHOWNAT 1
| | #define GNULIB_TEST_FCHOWNAT 1
| | #define GNULIB_TEST_FCNTL 1
| | #define HAVE_RAW_DECL_FCNTL 1
| | #define HAVE_RAW_DECL_OPENAT 1
| | #define HAVE_DECL_FDOPENDIR 1
| | #define GNULIB_TEST_FDOPENDIR 1
| | #define GNULIB_FDOPENDIR 1
| | #define GNULIB_FDUTIMENSAT 1
| | #define HAVE_STRUCT_STAT_ST_BLOCKS 1
| | #define HAVE_ST_BLOCKS 1
| | #define HAVE_DECL___FPENDING 1
| | #define GNULIB_TEST_FSEEK 1
| | #define GNULIB_TEST_FSEEKO 1
| | #define GNULIB_TEST_FSTAT 1
| | #define GNULIB_TEST_FSTATAT 1
| | #define GNULIB_TEST_FUTIMENS 1
| | #define HAVE_GETPAGESIZE 1
| | #define HAVE_MINIMALLY_WORKING_GETCWD 1
| | #define GNULIB_GETCWD 1
| | #define GNULIB_TEST_GETCWD 1
| | #define GNULIB_TEST_GETCWD 1
| | #define GNULIB_TEST_GETDELIM 1
| | #define GNULIB_TEST_GETDTABLESIZE 1
| | #define HAVE_GETGROUPS 1
| | #define GNULIB_TEST_GETGROUPS 1
| | #define GNULIB_TEST_GETLINE 1
| | #define GNULIB_TEST_GETOPT_GNU 1
| | #define __GETOPT_PREFIX rpl_
| | #define HAVE_GETPAGESIZE 1
| | #define GNULIB_TEST_GETPAGESIZE 1
| | #define GETTIMEOFDAY_TIMEZONE struct timezone
| | #define GNULIB_TEST_GETTIMEOFDAY 1
| | #define GNULIB_TEST_GROUP_MEMBER 1
| | #define GNULIB_TEST_ISATTY 1
| | #define HAVE_DECL_ISWBLANK 1
| | #define GNULIB_TEST_ISWBLANK 1
| | #define HAVE_RAW_DECL_NL_LANGINFO 1
| | #define HAVE_LCHOWN 1
| | #define GNULIB_TEST_LCHOWN 1
| | #define GNULIB_TEST_LINK 1
| | #define LINK_FOLLOWS_SYMLINKS 0
| | #define LINKAT_TRAILING_SLASH_BUG 0
| | #define GNULIB_TEST_LINKAT 1
| | #define HAVE_RAW_DECL_SETLOCALE 1
| | #define HAVE_RAW_DECL_DUPLOCALE 1
| | #define GNULIB_TEST_LOCALECONV 1
| | #define GNULIB_TEST_LSEEK 1
| | #define GNULIB_TEST_LSTAT 1
| | #define HAVE_STDLIB_H 1
| | #define HAVE_MALLOC_GNU 1
| | #define GNULIB_MALLOC_GNU 1
| | #define HAVE_MALLOC_POSIX 1
| | #define GNULIB_TEST_MALLOC_POSIX 1
| | #define GNULIB_TEST_MBRTOWC 1
| | #define GNULIB_TEST_MBSCASECMP 1
| | #define GNULIB_TEST_MBSINIT 1
| | #define GNULIB_TEST_MBSRTOWCS 1
| | #define GNULIB_TEST_MBTOWC 1
| | #define GNULIB_TEST_MEMCHR 1
| | #define HAVE_MEMPCPY 1
| | #define GNULIB_TEST_MEMPCPY 1
| | #define HAVE_MEMRCHR 1
| | #define GNULIB_TEST_MEMRCHR 1
| | #define GNULIB_TEST_MKDIRAT 1
| | #define HAVE_MKDTEMP 1
| | #define GNULIB_TEST_MKDTEMP 1
| | #define GNULIB_TEST_MKFIFO 1
| | #define GNULIB_TEST_MKFIFOAT 1
| | #define GNULIB_TEST_MKNODAT 1
| | /* end confdefs.h.  */
| | #include <sys/stat.h>
| |              #include <unistd.h>
| | 
| |              /* Copied from root-uid.h.  FIXME: Just use root-uid.h.  */
| |              #ifdef __TANDEM
| |              # define ROOT_UID 65535
| |              #else
| |              # define ROOT_UID 0
| |              #endif
| | 
| | int
| | main ()
| | {
| | /* Indeterminate for super-user, assume no.  Why are you running
| |          configure as root, anyway?  */
| |       if (geteuid () == ROOT_UID) return 99;
| |       if (mknod ("conftest.fifo", S_IFIFO | 0600, 0)) return 2;
| |   ;
| |   return 0;
| | }
| configure:25027: result: no
| configure:25082: checking for working mktime
| configure:25290: gcc -std=gnu99 -o conftest -g -O2   conftest.c  >&5
| configure:25290: $? = 0
| configure:25290: ./conftest
| configure:25290: $? = 0
| configure:25301: result: yes
| configure:25387: checking whether YESEXPR works
| configure:25415: gcc -std=gnu99 -o conftest -g -O2   conftest.c  >&5
| configure:25415: $? = 0
| configure:25415: ./conftest
| configure:25415: $? = 0
| configure:25426: result: yes
| configure:25489: checking for obstacks
| configure:25510: gcc -std=gnu99 -o conftest -g -O2   conftest.c  >&5
| configure:25510: $? = 0
| configure:25518: result: yes
| configure:25545: checking whether open recognizes a trailing slash
| configure:25584: gcc -std=gnu99 -o conftest -g -O2   conftest.c  >&5
| configure:25584: $? = 0
| configure:25584: ./conftest
| configure:25584: $? = 0
| configure:25596: result: yes
| configure:25715: checking for opendir
| configure:25715: gcc -std=gnu99 -o conftest -g -O2   conftest.c  >&5
| configure:25715: $? = 0
| configure:25715: result: yes
| configure:25775: checking for struct tm.tm_zone
| configure:25775: gcc -std=gnu99 -c -g -O2  conftest.c >&5
| configure:25775: $? = 0
| configure:25775: result: yes
| configure:25859: gcc -std=gnu99 -c -g -O2  conftest.c >&5
| configure:25859: $? = 0
| configure:25910: checking for getppriv
| configure:25910: gcc -std=gnu99 -o conftest -g -O2   conftest.c  >&5
| conftest.c:424: error: undefined reference to 'getppriv'
| collect2: error: ld returned 1 exit status
| configure:25910: $? = 1
| configure: failed program was:
| | /* confdefs.h */
| | #define PACKAGE_NAME "GNU tar"
| | #define PACKAGE_TARNAME "tar"
| | #define PACKAGE_VERSION "1.28"
| | #define PACKAGE_STRING "GNU tar 1.28"
| | #define PACKAGE_BUGREPORT "bug-tar@gnu.org"
| | #define PACKAGE_URL "http://www.gnu.org/software/tar/"
| | #define PACKAGE "tar"
| | #define VERSION "1.28"
| | #define STDC_HEADERS 1
| | #define HAVE_SYS_TYPES_H 1
| | #define HAVE_SYS_STAT_H 1
| | #define HAVE_STDLIB_H 1
| | #define HAVE_STRING_H 1
| | #define HAVE_MEMORY_H 1
| | #define HAVE_STRINGS_H 1
| | #define HAVE_INTTYPES_H 1
| | #define HAVE_STDINT_H 1
| | #define HAVE_UNISTD_H 1
| | #define __EXTENSIONS__ 1
| | #define _ALL_SOURCE 1
| | #define _DARWIN_C_SOURCE 1
| | #define _GNU_SOURCE 1
| | #define _POSIX_PTHREAD_SEMANTICS 1
| | #define _TANDEM_SOURCE 1
| | #define HAVE_FSEEKO 1
| | #define _DARWIN_USE_64_BIT_INODE 1
| | #define _DARWIN_USE_64_BIT_INODE 1
| | #define HAVE_FCNTL_H 1
| | #define HAVE_LINUX_FD_H 1
| | #define HAVE_MEMORY_H 1
| | #define HAVE_SGTTY_H 1
| | #define HAVE_STRING_H 1
| | #define HAVE_SYS_PARAM_H 1
| | #define HAVE_SYS_MTIO_H 1
| | #define HAVE_SYS_TIME_H 1
| | #define HAVE_UNISTD_H 1
| | #define HAVE_LOCALE_H 1
| | #define HAVE_FEATURES_H 1
| | #define HAVE_SYS_SOCKET_H 1
| | #define HAVE_DIRENT_H 1
| | #define HAVE_WCTYPE_H 1
| | #define HAVE_STDIO_EXT_H 1
| | #define HAVE_SYS_STAT_H 1
| | #define HAVE_GETOPT_H 1
| | #define HAVE_WCHAR_H 1
| | #define HAVE_STDINT_H 1
| | #define HAVE_INTTYPES_H 1
| | #define HAVE_LANGINFO_H 1
| | #define HAVE_XLOCALE_H 1
| | #define HAVE_SYS_MMAN_H 1
| | #define HAVE_MALLOC_H 1
| | #define HAVE_STRINGS_H 1
| | #define HAVE_SYSEXITS_H 1
| | #define HAVE_UTIME_H 1
| | #define HAVE_NETDB_H 1
| | #define HAVE_SYS_WAIT_H 1
| | #define HAVE_PWD_H 1
| | #define HAVE_GRP_H 1
| | #define major_t int
| | #define minor_t int
| | #define HAVE_ALLOCA_H 1
| | #define HAVE_ALLOCA 1
| | #define restrict __restrict
| | #define HAVE_DECL_CLEARERR_UNLOCKED 1
| | #define HAVE_DECL_FEOF_UNLOCKED 1
| | #define HAVE_DECL_FERROR_UNLOCKED 1
| | #define HAVE_DECL_FFLUSH_UNLOCKED 1
| | #define HAVE_DECL_FGETS_UNLOCKED 1
| | #define HAVE_DECL_FPUTC_UNLOCKED 1
| | #define HAVE_DECL_FPUTS_UNLOCKED 1
| | #define HAVE_DECL_FREAD_UNLOCKED 1
| | #define HAVE_DECL_FWRITE_UNLOCKED 1
| | #define HAVE_DECL_GETC_UNLOCKED 1
| | #define HAVE_DECL_GETCHAR_UNLOCKED 1
| | #define HAVE_DECL_PUTC_UNLOCKED 1
| | #define HAVE_DECL_PUTCHAR_UNLOCKED 1
| | #define HAVE_FLOCKFILE 1
| | #define HAVE_FUNLOCKFILE 1
| | #define HAVE_PATHCONF 1
| | #define HAVE_BTOWC 1
| | #define HAVE_CANONICALIZE_FILE_NAME 1
| | #define HAVE_GETCWD 1
| | #define HAVE_READLINK 1
| | #define HAVE_REALPATH 1
| | #define HAVE_READLINKAT 1
| | #define HAVE_CHOWN 1
| | #define HAVE_FCHOWN 1
| | #define HAVE_FCHDIR 1
| | #define HAVE_FDOPENDIR 1
| | #define HAVE_FACCESSAT 1
| | #define HAVE_FCHMODAT 1
| | #define HAVE_FCNTL 1
| | #define HAVE_SYMLINK 1
| | #define HAVE_MEMPCPY 1
| | #define HAVE_ISBLANK 1
| | #define HAVE_ISWCTYPE 1
| | #define HAVE_MBSRTOWCS 1
| | #define HAVE_WMEMCHR 1
| | #define HAVE_WMEMCPY 1
| | #define HAVE_WMEMPCPY 1
| | #define HAVE_FSTATAT 1
| | #define HAVE_FUTIMENS 1
| | #define HAVE_GETDELIM 1
| | #define HAVE_GETDTABLESIZE 1
| | #define HAVE_GETTIMEOFDAY 1
| | #define HAVE_ISWCNTRL 1
| | #define HAVE_ISWBLANK 1
| | #define HAVE_LINK 1
| | #define HAVE_OPENAT 1
| | #define HAVE_LINKAT 1
| | #define HAVE_LSTAT 1
| | #define HAVE_MBSINIT 1
| | #define HAVE_MBRTOWC 1
| | #define HAVE_MPROTECT 1
| | #define HAVE_MKDIRAT 1
| | #define HAVE_MKFIFO 1
| | #define HAVE_MKFIFOAT 1
| | #define HAVE_MKNODAT 1
| | #define HAVE_MKNOD 1
| | #define HAVE_NL_LANGINFO 1
| | #define HAVE_POSIX_OPENPT 1
| | #define HAVE_PTSNAME_R 1
| | #define HAVE_FCHMOD 1
| | #define HAVE_RENAMEAT 1
| | #define HAVE_SECURE_GETENV 1
| | #define HAVE_SETENV 1
| | #define HAVE_SLEEP 1
| | #define HAVE_SNPRINTF 1
| | #define HAVE_STRDUP 1
| | #define HAVE_TZSET 1
| | #define HAVE_STRNDUP 1
| | #define HAVE_STRTOIMAX 1
| | #define HAVE_STRTOUMAX 1
| | #define HAVE_SYMLINKAT 1
| | #define HAVE_LOCALTIME_R 1
| | #define HAVE_PIPE 1
| | #define HAVE_UNLINKAT 1
| | #define HAVE_FUTIMES 1
| | #define HAVE_FUTIMESAT 1
| | #define HAVE_UTIMENSAT 1
| | #define HAVE_LUTIMES 1
| | #define HAVE_WCRTOMB 1
| | #define HAVE_WCWIDTH 1
| | #define HAVE_SETLOCALE 1
| | #define HAVE_FSYNC 1
| | #define HAVE_GRANTPT 1
| | #define D_INO_IN_DIRENT 1
| | #define HAVE_LONG_FILE_NAMES 1
| | #define HAVE_LANGINFO_CODESET 1
| | #define FUNC_REALPATH_WORKS 1
| | #define HAVE_UNISTD_H 1
| | #define HAVE_CHOWN 1
| | #define HAVE_ENVIRON_DECL 1
| | #define HAVE_DECL_STRERROR_R 1
| | #define HAVE_STRERROR_R 1
| | #define STRERROR_R_CHAR_P 1
| | #define GETGROUPS_T gid_t
| | #define HAVE_DECL_FCHDIR 1
| | #define HAVE_WORKING_O_NOATIME 1
| | #define HAVE_WORKING_O_NOFOLLOW 1
| | #define HAVE_MBSTATE_T 1
| | #define HAVE_DECL_FSEEKO 1
| | #define HAVE_RAW_DECL_FCHMODAT 1
| | #define HAVE_RAW_DECL_FSTAT 1
| | #define HAVE_RAW_DECL_FSTATAT 1
| | #define HAVE_RAW_DECL_FUTIMENS 1
| | #define HAVE_RAW_DECL_LCHMOD 1
| | #define HAVE_RAW_DECL_LSTAT 1
| | #define HAVE_RAW_DECL_MKDIRAT 1
| | #define HAVE_RAW_DECL_MKFIFO 1
| | #define HAVE_RAW_DECL_MKFIFOAT 1
| | #define HAVE_RAW_DECL_MKNOD 1
| | #define HAVE_RAW_DECL_MKNODAT 1
| | #define HAVE_RAW_DECL_STAT 1
| | #define HAVE_RAW_DECL_UTIMENSAT 1
| | #define LSTAT_FOLLOWS_SLASHED_SYMLINK 1
| | #define HAVE_DECL_GETCWD 1
| | #define HAVE_DECL_GETDELIM 1
| | #define HAVE_DECL_GETLINE 1
| | #define HAVE_GETOPT_H 1
| | #define HAVE_GETOPT_LONG_ONLY 1
| | #define __GETOPT_PREFIX rpl_
| | #define HAVE_DECL_GETENV 1
| | #define HAVE_RAW_DECL_GETTIMEOFDAY 1
| | #define HAVE_UNSIGNED_LONG_LONG_INT 1
| | #define HAVE_LONG_LONG_INT 1
| | #define HAVE_RAW_DECL_IMAXABS 1
| | #define HAVE_RAW_DECL_IMAXDIV 1
| | #define HAVE_RAW_DECL_STRTOIMAX 1
| | #define HAVE_RAW_DECL_STRTOUMAX 1
| | #define HAVE_INTTYPES_H 1
| | #define HAVE_WINT_T 1
| | #define HAVE_TOWLOWER 1
| | #define HAVE_RAW_DECL_WCTYPE 1
| | #define HAVE_RAW_DECL_ISWCTYPE 1
| | #define HAVE_RAW_DECL_WCTRANS 1
| | #define HAVE_RAW_DECL_TOWCTRANS 1
| | #define HAVE_WCHAR_T 1
| | #define HAVE_STDLIB_H 1
| | #define MALLOC_0_IS_NONNULL 1
| | #define HAVE_MAP_ANONYMOUS 1
| | #define HAVE_DECL_MEMRCHR 1
| | #define HAVE_DECL_ALARM 1
| | #define PROMOTED_MODE_T mode_t
| | #define HAVE__BOOL 1
| | #define HAVE_COMPOUND_LITERALS 1
| | #define HAVE_TM_GMTOFF 1
| | #define HAVE_DECL_SETENV 1
| | #define HAVE_SEARCH_H 1
| | #define HAVE_TSEARCH 1
| | #define HAVE_SIGSET_T 1
| | #define HAVE_DECL_SNPRINTF 1
| | #define HAVE_DECL_STRDUP 1
| | #define HAVE_RAW_DECL_FFSL 1
| | #define HAVE_RAW_DECL_FFSLL 1
| | #define HAVE_RAW_DECL_MEMMEM 1
| | #define HAVE_RAW_DECL_MEMPCPY 1
| | #define HAVE_RAW_DECL_MEMRCHR 1
| | #define HAVE_RAW_DECL_RAWMEMCHR 1
| | #define HAVE_RAW_DECL_STPCPY 1
| | #define HAVE_RAW_DECL_STPNCPY 1
| | #define HAVE_RAW_DECL_STRCHRNUL 1
| | #define HAVE_RAW_DECL_STRDUP 1
| | #define HAVE_RAW_DECL_STRNCAT 1
| | #define HAVE_RAW_DECL_STRNDUP 1
| | #define HAVE_RAW_DECL_STRNLEN 1
| | #define HAVE_RAW_DECL_STRPBRK 1
| | #define HAVE_RAW_DECL_STRSEP 1
| | #define HAVE_RAW_DECL_STRCASESTR 1
| | #define HAVE_RAW_DECL_STRTOK_R 1
| | #define HAVE_RAW_DECL_STRERROR_R 1
| | #define HAVE_RAW_DECL_STRSIGNAL 1
| | #define HAVE_RAW_DECL_STRVERSCMP 1
| | #define HAVE_RAW_DECL_FFS 1
| | #define HAVE_RAW_DECL_STRCASECMP 1
| | #define HAVE_RAW_DECL_STRNCASECMP 1
| | #define HAVE_DECL_STRNDUP 1
| | #define HAVE_DECL_STRNLEN 1
| | #define HAVE_DECL_STRTOIMAX 1
| | #define HAVE_DECL_STRTOUMAX 1
| | #define HAVE_DECL_TTYNAME_R 1
| | #define HAVE_DECL_UNSETENV 1
| | #define HAVE_WORKING_UTIMES 1
| | #define HAVE_STRUCT_UTIMBUF 1
| | #define HAVE_INTTYPES_H_WITH_UINTMAX 1
| | #define HAVE_STDINT_H_WITH_UINTMAX 1
| | #define HAVE_INTMAX_T 1
| | #define DBL_EXPBIT0_WORD 1
| | #define DBL_EXPBIT0_BIT 20
| | #define HAVE_SNPRINTF 1
| | #define HAVE_STRNLEN 1
| | #define HAVE_WCSLEN 1
| | #define HAVE_WCSNLEN 1
| | #define HAVE_MBRTOWC 1
| | #define HAVE_WCRTOMB 1
| | #define HAVE_DECL__SNPRINTF 0
| | #define HAVE_SNPRINTF_RETVAL_C99 1
| | #define HAVE_DECL_VSNPRINTF 1
| | #define HAVE_ALLOCA 1
| | #define GNULIB_AREADLINKAT 1
| | #define HAVE_DECL_PROGRAM_INVOCATION_NAME 1
| | #define HAVE_DECL_PROGRAM_INVOCATION_SHORT_NAME 1
| | #define HAVE_PROGRAM_INVOCATION_NAME 1
| | #define HAVE_PROGRAM_INVOCATION_SHORT_NAME 1
| | #define GNULIB_TEST_BTOWC 1
| | #define GNULIB_CANONICALIZE_LGPL 1
| | #define GNULIB_TEST_CANONICALIZE_FILE_NAME 1
| | #define GNULIB_TEST_REALPATH 1
| | #define GNULIB_TEST_CHDIR 1
| | #define GNULIB_TEST_CHOWN 1
| | #define HAVE_CLOCK_GETTIME 1
| | #define HAVE_CLOCK_SETTIME 1
| | #define GNULIB_TEST_CLOEXEC 1
| | #define GNULIB_TEST_CLOSE 1
| | #define GNULIB_CLOSE_STREAM 1
| | #define HAVE_CLOSEDIR 1
| | #define GNULIB_TEST_CLOSEDIR 1
| | #define D_INO_IN_DIRENT 1
| | #define HAVE_RAW_DECL_ALPHASORT 1
| | #define HAVE_RAW_DECL_CLOSEDIR 1
| | #define HAVE_RAW_DECL_DIRFD 1
| | #define HAVE_RAW_DECL_FDOPENDIR 1
| | #define HAVE_RAW_DECL_OPENDIR 1
| | #define HAVE_RAW_DECL_READDIR 1
| | #define HAVE_RAW_DECL_REWINDDIR 1
| | #define HAVE_RAW_DECL_SCANDIR 1
| | #define GNULIB_DIRENT_SAFER 1
| | #define HAVE_DIRFD 1
| | #define HAVE_DECL_DIRFD 1
| | #define GNULIB_TEST_DIRFD 1
| | #define GNULIB_DIRNAME 1
| | #define GNULIB_TEST_DUP 1
| | #define HAVE_DUP2 1
| | #define GNULIB_TEST_DUP2 1
| | #define GNULIB_TEST_ENVIRON 1
| | #define HAVE_EUIDACCESS 1
| | #define GNULIB_TEST_EUIDACCESS 1
| | #define GNULIB_FACCESSAT 1
| | #define GNULIB_TEST_FACCESSAT 1
| | #define GNULIB_TEST_FCHDIR 1
| | #define GNULIB_FCHMODAT 1
| | #define GNULIB_TEST_FCHMODAT 1
| | #define GNULIB_FCHOWNAT 1
| | #define GNULIB_TEST_FCHOWNAT 1
| | #define GNULIB_TEST_FCNTL 1
| | #define HAVE_RAW_DECL_FCNTL 1
| | #define HAVE_RAW_DECL_OPENAT 1
| | #define HAVE_DECL_FDOPENDIR 1
| | #define GNULIB_TEST_FDOPENDIR 1
| | #define GNULIB_FDOPENDIR 1
| | #define GNULIB_FDUTIMENSAT 1
| | #define HAVE_STRUCT_STAT_ST_BLOCKS 1
| | #define HAVE_ST_BLOCKS 1
| | #define HAVE_DECL___FPENDING 1
| | #define GNULIB_TEST_FSEEK 1
| | #define GNULIB_TEST_FSEEKO 1
| | #define GNULIB_TEST_FSTAT 1
| | #define GNULIB_TEST_FSTATAT 1
| | #define GNULIB_TEST_FUTIMENS 1
| | #define HAVE_GETPAGESIZE 1
| | #define HAVE_MINIMALLY_WORKING_GETCWD 1
| | #define GNULIB_GETCWD 1
| | #define GNULIB_TEST_GETCWD 1
| | #define GNULIB_TEST_GETCWD 1
| | #define GNULIB_TEST_GETDELIM 1
| | #define GNULIB_TEST_GETDTABLESIZE 1
| | #define HAVE_GETGROUPS 1
| | #define GNULIB_TEST_GETGROUPS 1
| | #define GNULIB_TEST_GETLINE 1
| | #define GNULIB_TEST_GETOPT_GNU 1
| | #define __GETOPT_PREFIX rpl_
| | #define HAVE_GETPAGESIZE 1
| | #define GNULIB_TEST_GETPAGESIZE 1
| | #define GETTIMEOFDAY_TIMEZONE struct timezone
| | #define GNULIB_TEST_GETTIMEOFDAY 1
| | #define GNULIB_TEST_GROUP_MEMBER 1
| | #define GNULIB_TEST_ISATTY 1
| | #define HAVE_DECL_ISWBLANK 1
| | #define GNULIB_TEST_ISWBLANK 1
| | #define HAVE_RAW_DECL_NL_LANGINFO 1
| | #define HAVE_LCHOWN 1
| | #define GNULIB_TEST_LCHOWN 1
| | #define GNULIB_TEST_LINK 1
| | #define LINK_FOLLOWS_SYMLINKS 0
| | #define LINKAT_TRAILING_SLASH_BUG 0
| | #define GNULIB_TEST_LINKAT 1
| | #define HAVE_RAW_DECL_SETLOCALE 1
| | #define HAVE_RAW_DECL_DUPLOCALE 1
| | #define GNULIB_TEST_LOCALECONV 1
| | #define GNULIB_TEST_LSEEK 1
| | #define GNULIB_TEST_LSTAT 1
| | #define HAVE_STDLIB_H 1
| | #define HAVE_MALLOC_GNU 1
| | #define GNULIB_MALLOC_GNU 1
| | #define HAVE_MALLOC_POSIX 1
| | #define GNULIB_TEST_MALLOC_POSIX 1
| | #define GNULIB_TEST_MBRTOWC 1
| | #define GNULIB_TEST_MBSCASECMP 1
| | #define GNULIB_TEST_MBSINIT 1
| | #define GNULIB_TEST_MBSRTOWCS 1
| | #define GNULIB_TEST_MBTOWC 1
| | #define GNULIB_TEST_MEMCHR 1
| | #define HAVE_MEMPCPY 1
| | #define GNULIB_TEST_MEMPCPY 1
| | #define HAVE_MEMRCHR 1
| | #define GNULIB_TEST_MEMRCHR 1
| | #define GNULIB_TEST_MKDIRAT 1
| | #define HAVE_MKDTEMP 1
| | #define GNULIB_TEST_MKDTEMP 1
| | #define GNULIB_TEST_MKFIFO 1
| | #define GNULIB_TEST_MKFIFOAT 1
| | #define GNULIB_TEST_MKNODAT 1
| | #define MKNOD_FIFO_BUG 1
| | #define GNULIB_TEST_MKNOD 1
| | #define GNULIB_TEST_MKTIME 1
| | #define FUNC_NL_LANGINFO_YESEXPR_WORKS 1
| | #define GNULIB_TEST_NL_LANGINFO 1
| | #define HAVE_OBSTACK 1
| | #define GNULIB_TEST_OPEN 1
| | #define GNULIB_OPENAT 1
| | #define GNULIB_TEST_OPENAT 1
| | #define HAVE_OPENDIR 1
| | #define GNULIB_TEST_OPENDIR 1
| | #define HAVE_STRUCT_TM_TM_ZONE 1
| | #define HAVE_TM_ZONE 1
| | #define TIME_T_FITS_IN_LONG_INT 1
| | #define GNULIB_TEST_POSIX_OPENPT 1
| | /* end confdefs.h.  */
| | /* Define getppriv to an innocuous variant, in case <limits.h> declares getppriv.
| |    For example, HP-UX 11i <limits.h> declares gettimeofday.  */
| | #define getppriv innocuous_getppriv
| | 
| | /* System header to define __stub macros and hopefully few prototypes,
| |     which can conflict with char getppriv (); below.
| |     Prefer <limits.h> to <assert.h> if __STDC__ is defined, since
| |     <limits.h> exists even on freestanding compilers.  */
| | 
| | #ifdef __STDC__
| | # include <limits.h>
| | #else
| | # include <assert.h>
| | #endif
| | 
| | #undef getppriv
| | 
| | /* Override any GCC internal prototype to avoid an error.
| |    Use char because int might match the return type of a GCC
| |    builtin and then its argument prototype would still apply.  */
| | #ifdef __cplusplus
| | extern "C"
| | #endif
| | char getppriv ();
| | /* The GNU C library defines this for functions which it implements
| |     to always fail with ENOSYS.  Some functions are actually named
| |     something starting with __ and the normal name is an alias.  */
| | #if defined __stub_getppriv || defined __stub___getppriv
| | choke me
| | #endif
| | 
| | int
| | main ()
| | {
| | return getppriv ();
| |   ;
| |   return 0;
| | }
| configure:25910: result: no
| configure:25921: checking whether program_invocation_name is declared
| configure:25921: result: yes
| configure:25933: checking whether program_invocation_short_name is declared
| configure:25933: result: yes
| configure:25952: checking for ptsname
| configure:25952: gcc -std=gnu99 -o conftest -g -O2   conftest.c  >&5
| configure:25952: $? = 0
| configure:25952: result: yes
| configure:25964: checking whether ptsname sets errno on failure
| configure:25992: gcc -std=gnu99 -o conftest -g -O2   conftest.c  >&5
| conftest.c: In function 'main':
| conftest.c:399:7: warning: implicit declaration of function 'ptsname' [-Wimplicit-function-declaration]
| configure:25992: $? = 0
| configure:25992: ./conftest
| configure:25992: $? = 0
| configure:26002: result: yes
| configure:26048: checking whether ptsname_r has the same signature as in glibc
| configure:26076: gcc -std=gnu99 -c -g -O2  conftest.c >&5
| configure:26076: $? = 0
| configure:26084: result: yes
| configure:26191: checking for sys/acl.h
| configure:26191: result: no
| configure:26601: WARNING: libacl development library was not found or not usable.
| configure:26603: WARNING: GNU tar will be built without ACL support.
| configure:26628: checking for raise
| configure:26628: gcc -std=gnu99 -o conftest -g -O2   conftest.c  >&5
| configure:26628: $? = 0
| configure:26628: result: yes
| configure:26680: checking for rawmemchr
| configure:26680: gcc -std=gnu99 -o conftest -g -O2   conftest.c  >&5
| configure:26680: $? = 0
| configure:26680: result: yes
| configure:26762: checking for readdir
| configure:26762: gcc -std=gnu99 -o conftest -g -O2   conftest.c  >&5
| configure:26762: $? = 0
| configure:26762: result: yes
| configure:26808: checking whether readlink signature is correct
| configure:26826: gcc -std=gnu99 -c -g -O2  conftest.c >&5
| configure:26826: $? = 0
| configure:26833: result: yes
| configure:26835: checking whether readlink handles trailing slash correctly
| configure:26865: gcc -std=gnu99 -o conftest -g -O2   conftest.c  >&5
| configure:26865: $? = 0
| configure:26865: ./conftest
| configure:26865: $? = 0
| configure:26876: result: yes
| configure:27014: checking for working re_compile_pattern
| configure:27222: gcc -std=gnu99 -o conftest -g -O2   conftest.c  >&5
| configure:27222: $? = 0
| configure:27222: ./conftest
| ./configure: line 2563: 57974 Terminated              ./conftest$ac_exeext
| configure:27222: $? = 143
| configure: program exited with status 143
| configure: failed program was:
| | /* confdefs.h */
| | #define PACKAGE_NAME "GNU tar"
| | #define PACKAGE_TARNAME "tar"
| | #define PACKAGE_VERSION "1.28"
| | #define PACKAGE_STRING "GNU tar 1.28"
| | #define PACKAGE_BUGREPORT "bug-tar@gnu.org"
| | #define PACKAGE_URL "http://www.gnu.org/software/tar/"
| | #define PACKAGE "tar"
| | #define VERSION "1.28"
| | #define STDC_HEADERS 1
| | #define HAVE_SYS_TYPES_H 1
| | #define HAVE_SYS_STAT_H 1
| | #define HAVE_STDLIB_H 1
| | #define HAVE_STRING_H 1
| | #define HAVE_MEMORY_H 1
| | #define HAVE_STRINGS_H 1
| | #define HAVE_INTTYPES_H 1
| | #define HAVE_STDINT_H 1
| | #define HAVE_UNISTD_H 1
| | #define __EXTENSIONS__ 1
| | #define _ALL_SOURCE 1
| | #define _DARWIN_C_SOURCE 1
| | #define _GNU_SOURCE 1
| | #define _POSIX_PTHREAD_SEMANTICS 1
| | #define _TANDEM_SOURCE 1
| | #define HAVE_FSEEKO 1
| | #define _DARWIN_USE_64_BIT_INODE 1
| | #define _DARWIN_USE_64_BIT_INODE 1
| | #define HAVE_FCNTL_H 1
| | #define HAVE_LINUX_FD_H 1
| | #define HAVE_MEMORY_H 1
| | #define HAVE_SGTTY_H 1
| | #define HAVE_STRING_H 1
| | #define HAVE_SYS_PARAM_H 1
| | #define HAVE_SYS_MTIO_H 1
| | #define HAVE_SYS_TIME_H 1
| | #define HAVE_UNISTD_H 1
| | #define HAVE_LOCALE_H 1
| | #define HAVE_FEATURES_H 1
| | #define HAVE_SYS_SOCKET_H 1
| | #define HAVE_DIRENT_H 1
| | #define HAVE_WCTYPE_H 1
| | #define HAVE_STDIO_EXT_H 1
| | #define HAVE_SYS_STAT_H 1
| | #define HAVE_GETOPT_H 1
| | #define HAVE_WCHAR_H 1
| | #define HAVE_STDINT_H 1
| | #define HAVE_INTTYPES_H 1
| | #define HAVE_LANGINFO_H 1
| | #define HAVE_XLOCALE_H 1
| | #define HAVE_SYS_MMAN_H 1
| | #define HAVE_MALLOC_H 1
| | #define HAVE_STRINGS_H 1
| | #define HAVE_SYSEXITS_H 1
| | #define HAVE_UTIME_H 1
| | #define HAVE_NETDB_H 1
| | #define HAVE_SYS_WAIT_H 1
| | #define HAVE_PWD_H 1
| | #define HAVE_GRP_H 1
| | #define major_t int
| | #define minor_t int
| | #define HAVE_ALLOCA_H 1
| | #define HAVE_ALLOCA 1
| | #define restrict __restrict
| | #define HAVE_DECL_CLEARERR_UNLOCKED 1
| | #define HAVE_DECL_FEOF_UNLOCKED 1
| | #define HAVE_DECL_FERROR_UNLOCKED 1
| | #define HAVE_DECL_FFLUSH_UNLOCKED 1
| | #define HAVE_DECL_FGETS_UNLOCKED 1
| | #define HAVE_DECL_FPUTC_UNLOCKED 1
| | #define HAVE_DECL_FPUTS_UNLOCKED 1
| | #define HAVE_DECL_FREAD_UNLOCKED 1
| | #define HAVE_DECL_FWRITE_UNLOCKED 1
| | #define HAVE_DECL_GETC_UNLOCKED 1
| | #define HAVE_DECL_GETCHAR_UNLOCKED 1
| | #define HAVE_DECL_PUTC_UNLOCKED 1
| | #define HAVE_DECL_PUTCHAR_UNLOCKED 1
| | #define HAVE_FLOCKFILE 1
| | #define HAVE_FUNLOCKFILE 1
| | #define HAVE_PATHCONF 1
| | #define HAVE_BTOWC 1
| | #define HAVE_CANONICALIZE_FILE_NAME 1
| | #define HAVE_GETCWD 1
| | #define HAVE_READLINK 1
| | #define HAVE_REALPATH 1
| | #define HAVE_READLINKAT 1
| | #define HAVE_CHOWN 1
| | #define HAVE_FCHOWN 1
| | #define HAVE_FCHDIR 1
| | #define HAVE_FDOPENDIR 1
| | #define HAVE_FACCESSAT 1
| | #define HAVE_FCHMODAT 1
| | #define HAVE_FCNTL 1
| | #define HAVE_SYMLINK 1
| | #define HAVE_MEMPCPY 1
| | #define HAVE_ISBLANK 1
| | #define HAVE_ISWCTYPE 1
| | #define HAVE_MBSRTOWCS 1
| | #define HAVE_WMEMCHR 1
| | #define HAVE_WMEMCPY 1
| | #define HAVE_WMEMPCPY 1
| | #define HAVE_FSTATAT 1
| | #define HAVE_FUTIMENS 1
| | #define HAVE_GETDELIM 1
| | #define HAVE_GETDTABLESIZE 1
| | #define HAVE_GETTIMEOFDAY 1
| | #define HAVE_ISWCNTRL 1
| | #define HAVE_ISWBLANK 1
| | #define HAVE_LINK 1
| | #define HAVE_OPENAT 1
| | #define HAVE_LINKAT 1
| | #define HAVE_LSTAT 1
| | #define HAVE_MBSINIT 1
| | #define HAVE_MBRTOWC 1
| | #define HAVE_MPROTECT 1
| | #define HAVE_MKDIRAT 1
| | #define HAVE_MKFIFO 1
| | #define HAVE_MKFIFOAT 1
| | #define HAVE_MKNODAT 1
| | #define HAVE_MKNOD 1
| | #define HAVE_NL_LANGINFO 1
| | #define HAVE_POSIX_OPENPT 1
| | #define HAVE_PTSNAME_R 1
| | #define HAVE_FCHMOD 1
| | #define HAVE_RENAMEAT 1
| | #define HAVE_SECURE_GETENV 1
| | #define HAVE_SETENV 1
| | #define HAVE_SLEEP 1
| | #define HAVE_SNPRINTF 1
| | #define HAVE_STRDUP 1
| | #define HAVE_TZSET 1
| | #define HAVE_STRNDUP 1
| | #define HAVE_STRTOIMAX 1
| | #define HAVE_STRTOUMAX 1
| | #define HAVE_SYMLINKAT 1
| | #define HAVE_LOCALTIME_R 1
| | #define HAVE_PIPE 1
| | #define HAVE_UNLINKAT 1
| | #define HAVE_FUTIMES 1
| | #define HAVE_FUTIMESAT 1
| | #define HAVE_UTIMENSAT 1
| | #define HAVE_LUTIMES 1
| | #define HAVE_WCRTOMB 1
| | #define HAVE_WCWIDTH 1
| | #define HAVE_SETLOCALE 1
| | #define HAVE_FSYNC 1
| | #define HAVE_GRANTPT 1
| | #define D_INO_IN_DIRENT 1
| | #define HAVE_LONG_FILE_NAMES 1
| | #define HAVE_LANGINFO_CODESET 1
| | #define FUNC_REALPATH_WORKS 1
| | #define HAVE_UNISTD_H 1
| | #define HAVE_CHOWN 1
| | #define HAVE_ENVIRON_DECL 1
| | #define HAVE_DECL_STRERROR_R 1
| | #define HAVE_STRERROR_R 1
| | #define STRERROR_R_CHAR_P 1
| | #define GETGROUPS_T gid_t
| | #define HAVE_DECL_FCHDIR 1
| | #define HAVE_WORKING_O_NOATIME 1
| | #define HAVE_WORKING_O_NOFOLLOW 1
| | #define HAVE_MBSTATE_T 1
| | #define HAVE_DECL_FSEEKO 1
| | #define HAVE_RAW_DECL_FCHMODAT 1
| | #define HAVE_RAW_DECL_FSTAT 1
| | #define HAVE_RAW_DECL_FSTATAT 1
| | #define HAVE_RAW_DECL_FUTIMENS 1
| | #define HAVE_RAW_DECL_LCHMOD 1
| | #define HAVE_RAW_DECL_LSTAT 1
| | #define HAVE_RAW_DECL_MKDIRAT 1
| | #define HAVE_RAW_DECL_MKFIFO 1
| | #define HAVE_RAW_DECL_MKFIFOAT 1
| | #define HAVE_RAW_DECL_MKNOD 1
| | #define HAVE_RAW_DECL_MKNODAT 1
| | #define HAVE_RAW_DECL_STAT 1
| | #define HAVE_RAW_DECL_UTIMENSAT 1
| | #define LSTAT_FOLLOWS_SLASHED_SYMLINK 1
| | #define HAVE_DECL_GETCWD 1
| | #define HAVE_DECL_GETDELIM 1
| | #define HAVE_DECL_GETLINE 1
| | #define HAVE_GETOPT_H 1
| | #define HAVE_GETOPT_LONG_ONLY 1
| | #define __GETOPT_PREFIX rpl_
| | #define HAVE_DECL_GETENV 1
| | #define HAVE_RAW_DECL_GETTIMEOFDAY 1
| | #define HAVE_UNSIGNED_LONG_LONG_INT 1
| | #define HAVE_LONG_LONG_INT 1
| | #define HAVE_RAW_DECL_IMAXABS 1
| | #define HAVE_RAW_DECL_IMAXDIV 1
| | #define HAVE_RAW_DECL_STRTOIMAX 1
| | #define HAVE_RAW_DECL_STRTOUMAX 1
| | #define HAVE_INTTYPES_H 1
| | #define HAVE_WINT_T 1
| | #define HAVE_TOWLOWER 1
| | #define HAVE_RAW_DECL_WCTYPE 1
| | #define HAVE_RAW_DECL_ISWCTYPE 1
| | #define HAVE_RAW_DECL_WCTRANS 1
| | #define HAVE_RAW_DECL_TOWCTRANS 1
| | #define HAVE_WCHAR_T 1
| | #define HAVE_STDLIB_H 1
| | #define MALLOC_0_IS_NONNULL 1
| | #define HAVE_MAP_ANONYMOUS 1
| | #define HAVE_DECL_MEMRCHR 1
| | #define HAVE_DECL_ALARM 1
| | #define PROMOTED_MODE_T mode_t
| | #define HAVE__BOOL 1
| | #define HAVE_COMPOUND_LITERALS 1
| | #define HAVE_TM_GMTOFF 1
| | #define HAVE_DECL_SETENV 1
| | #define HAVE_SEARCH_H 1
| | #define HAVE_TSEARCH 1
| | #define HAVE_SIGSET_T 1
| | #define HAVE_DECL_SNPRINTF 1
| | #define HAVE_DECL_STRDUP 1
| | #define HAVE_RAW_DECL_FFSL 1
| | #define HAVE_RAW_DECL_FFSLL 1
| | #define HAVE_RAW_DECL_MEMMEM 1
| | #define HAVE_RAW_DECL_MEMPCPY 1
| | #define HAVE_RAW_DECL_MEMRCHR 1
| | #define HAVE_RAW_DECL_RAWMEMCHR 1
| | #define HAVE_RAW_DECL_STPCPY 1
| | #define HAVE_RAW_DECL_STPNCPY 1
| | #define HAVE_RAW_DECL_STRCHRNUL 1
| | #define HAVE_RAW_DECL_STRDUP 1
| | #define HAVE_RAW_DECL_STRNCAT 1
| | #define HAVE_RAW_DECL_STRNDUP 1
| | #define HAVE_RAW_DECL_STRNLEN 1
| | #define HAVE_RAW_DECL_STRPBRK 1
| | #define HAVE_RAW_DECL_STRSEP 1
| | #define HAVE_RAW_DECL_STRCASESTR 1
| | #define HAVE_RAW_DECL_STRTOK_R 1
| | #define HAVE_RAW_DECL_STRERROR_R 1
| | #define HAVE_RAW_DECL_STRSIGNAL 1
| | #define HAVE_RAW_DECL_STRVERSCMP 1
| | #define HAVE_RAW_DECL_FFS 1
| | #define HAVE_RAW_DECL_STRCASECMP 1
| | #define HAVE_RAW_DECL_STRNCASECMP 1
| | #define HAVE_DECL_STRNDUP 1
| | #define HAVE_DECL_STRNLEN 1
| | #define HAVE_DECL_STRTOIMAX 1
| | #define HAVE_DECL_STRTOUMAX 1
| | #define HAVE_DECL_TTYNAME_R 1
| | #define HAVE_DECL_UNSETENV 1
| | #define HAVE_WORKING_UTIMES 1
| | #define HAVE_STRUCT_UTIMBUF 1
| | #define HAVE_INTTYPES_H_WITH_UINTMAX 1
| | #define HAVE_STDINT_H_WITH_UINTMAX 1
| | #define HAVE_INTMAX_T 1
| | #define DBL_EXPBIT0_WORD 1
| | #define DBL_EXPBIT0_BIT 20
| | #define HAVE_SNPRINTF 1
| | #define HAVE_STRNLEN 1
| | #define HAVE_WCSLEN 1
| | #define HAVE_WCSNLEN 1
| | #define HAVE_MBRTOWC 1
| | #define HAVE_WCRTOMB 1
| | #define HAVE_DECL__SNPRINTF 0
| | #define HAVE_SNPRINTF_RETVAL_C99 1
| | #define HAVE_DECL_VSNPRINTF 1
| | #define HAVE_ALLOCA 1
| | #define GNULIB_AREADLINKAT 1
| | #define HAVE_DECL_PROGRAM_INVOCATION_NAME 1
| | #define HAVE_DECL_PROGRAM_INVOCATION_SHORT_NAME 1
| | #define HAVE_PROGRAM_INVOCATION_NAME 1
| | #define HAVE_PROGRAM_INVOCATION_SHORT_NAME 1
| | #define GNULIB_TEST_BTOWC 1
| | #define GNULIB_CANONICALIZE_LGPL 1
| | #define GNULIB_TEST_CANONICALIZE_FILE_NAME 1
| | #define GNULIB_TEST_REALPATH 1
| | #define GNULIB_TEST_CHDIR 1
| | #define GNULIB_TEST_CHOWN 1
| | #define HAVE_CLOCK_GETTIME 1
| | #define HAVE_CLOCK_SETTIME 1
| | #define GNULIB_TEST_CLOEXEC 1
| | #define GNULIB_TEST_CLOSE 1
| | #define GNULIB_CLOSE_STREAM 1
| | #define HAVE_CLOSEDIR 1
| | #define GNULIB_TEST_CLOSEDIR 1
| | #define D_INO_IN_DIRENT 1
| | #define HAVE_RAW_DECL_ALPHASORT 1
| | #define HAVE_RAW_DECL_CLOSEDIR 1
| | #define HAVE_RAW_DECL_DIRFD 1
| | #define HAVE_RAW_DECL_FDOPENDIR 1
| | #define HAVE_RAW_DECL_OPENDIR 1
| | #define HAVE_RAW_DECL_READDIR 1
| | #define HAVE_RAW_DECL_REWINDDIR 1
| | #define HAVE_RAW_DECL_SCANDIR 1
| | #define GNULIB_DIRENT_SAFER 1
| | #define HAVE_DIRFD 1
| | #define HAVE_DECL_DIRFD 1
| | #define GNULIB_TEST_DIRFD 1
| | #define GNULIB_DIRNAME 1
| | #define GNULIB_TEST_DUP 1
| | #define HAVE_DUP2 1
| | #define GNULIB_TEST_DUP2 1
| | #define GNULIB_TEST_ENVIRON 1
| | #define HAVE_EUIDACCESS 1
| | #define GNULIB_TEST_EUIDACCESS 1
| | #define GNULIB_FACCESSAT 1
| | #define GNULIB_TEST_FACCESSAT 1
| | #define GNULIB_TEST_FCHDIR 1
| | #define GNULIB_FCHMODAT 1
| | #define GNULIB_TEST_FCHMODAT 1
| | #define GNULIB_FCHOWNAT 1
| | #define GNULIB_TEST_FCHOWNAT 1
| | #define GNULIB_TEST_FCNTL 1
| | #define HAVE_RAW_DECL_FCNTL 1
| | #define HAVE_RAW_DECL_OPENAT 1
| | #define HAVE_DECL_FDOPENDIR 1
| | #define GNULIB_TEST_FDOPENDIR 1
| | #define GNULIB_FDOPENDIR 1
| | #define GNULIB_FDUTIMENSAT 1
| | #define HAVE_STRUCT_STAT_ST_BLOCKS 1
| | #define HAVE_ST_BLOCKS 1
| | #define HAVE_DECL___FPENDING 1
| | #define GNULIB_TEST_FSEEK 1
| | #define GNULIB_TEST_FSEEKO 1
| | #define GNULIB_TEST_FSTAT 1
| | #define GNULIB_TEST_FSTATAT 1
| | #define GNULIB_TEST_FUTIMENS 1
| | #define HAVE_GETPAGESIZE 1
| | #define HAVE_MINIMALLY_WORKING_GETCWD 1
| | #define GNULIB_GETCWD 1
| | #define GNULIB_TEST_GETCWD 1
| | #define GNULIB_TEST_GETCWD 1
| | #define GNULIB_TEST_GETDELIM 1
| | #define GNULIB_TEST_GETDTABLESIZE 1
| | #define HAVE_GETGROUPS 1
| | #define GNULIB_TEST_GETGROUPS 1
| | #define GNULIB_TEST_GETLINE 1
| | #define GNULIB_TEST_GETOPT_GNU 1
| | #define __GETOPT_PREFIX rpl_
| | #define HAVE_GETPAGESIZE 1
| | #define GNULIB_TEST_GETPAGESIZE 1
| | #define GETTIMEOFDAY_TIMEZONE struct timezone
| | #define GNULIB_TEST_GETTIMEOFDAY 1
| | #define GNULIB_TEST_GROUP_MEMBER 1
| | #define GNULIB_TEST_ISATTY 1
| | #define HAVE_DECL_ISWBLANK 1
| | #define GNULIB_TEST_ISWBLANK 1
| | #define HAVE_RAW_DECL_NL_LANGINFO 1
| | #define HAVE_LCHOWN 1
| | #define GNULIB_TEST_LCHOWN 1
| | #define GNULIB_TEST_LINK 1
| | #define LINK_FOLLOWS_SYMLINKS 0
| | #define LINKAT_TRAILING_SLASH_BUG 0
| | #define GNULIB_TEST_LINKAT 1
| | #define HAVE_RAW_DECL_SETLOCALE 1
| | #define HAVE_RAW_DECL_DUPLOCALE 1
| | #define GNULIB_TEST_LOCALECONV 1
| | #define GNULIB_TEST_LSEEK 1
| | #define GNULIB_TEST_LSTAT 1
| | #define HAVE_STDLIB_H 1
| | #define HAVE_MALLOC_GNU 1
| | #define GNULIB_MALLOC_GNU 1
| | #define HAVE_MALLOC_POSIX 1
| | #define GNULIB_TEST_MALLOC_POSIX 1
| | #define GNULIB_TEST_MBRTOWC 1
| | #define GNULIB_TEST_MBSCASECMP 1
| | #define GNULIB_TEST_MBSINIT 1
| | #define GNULIB_TEST_MBSRTOWCS 1
| | #define GNULIB_TEST_MBTOWC 1
| | #define GNULIB_TEST_MEMCHR 1
| | #define HAVE_MEMPCPY 1
| | #define GNULIB_TEST_MEMPCPY 1
| | #define HAVE_MEMRCHR 1
| | #define GNULIB_TEST_MEMRCHR 1
| | #define GNULIB_TEST_MKDIRAT 1
| | #define HAVE_MKDTEMP 1
| | #define GNULIB_TEST_MKDTEMP 1
| | #define GNULIB_TEST_MKFIFO 1
| | #define GNULIB_TEST_MKFIFOAT 1
| | #define GNULIB_TEST_MKNODAT 1
| | #define MKNOD_FIFO_BUG 1
| | #define GNULIB_TEST_MKNOD 1
| | #define GNULIB_TEST_MKTIME 1
| | #define FUNC_NL_LANGINFO_YESEXPR_WORKS 1
| | #define GNULIB_TEST_NL_LANGINFO 1
| | #define HAVE_OBSTACK 1
| | #define GNULIB_TEST_OPEN 1
| | #define GNULIB_OPENAT 1
| | #define GNULIB_TEST_OPENAT 1
| | #define HAVE_OPENDIR 1
| | #define GNULIB_TEST_OPENDIR 1
| | #define HAVE_STRUCT_TM_TM_ZONE 1
| | #define HAVE_TM_ZONE 1
| | #define TIME_T_FITS_IN_LONG_INT 1
| | #define GNULIB_TEST_POSIX_OPENPT 1
| | #define HAVE_DECL_PROGRAM_INVOCATION_NAME 1
| | #define HAVE_DECL_PROGRAM_INVOCATION_SHORT_NAME 1
| | #define HAVE_PTSNAME 1
| | #define GNULIB_TEST_PTSNAME 1
| | #define GNULIB_TEST_PTSNAME_R 1
| | #define USE_ACL 0
| | #define HAVE_RAISE 1
| | #define GNULIB_TEST_RAISE 1
| | #define HAVE_RAWMEMCHR 1
| | #define GNULIB_TEST_RAWMEMCHR 1
| | #define GNULIB_TEST_READ 1
| | #define HAVE_READDIR 1
| | #define GNULIB_TEST_READDIR 1
| | #define GNULIB_TEST_READLINK 1
| | #define GNULIB_TEST_READLINKAT 1
| | #define HAVE_REALLOC_POSIX 1
| | #define GNULIB_TEST_REALLOC_POSIX 1
| | /* end confdefs.h.  */
| | #include <regex.h>
| | 
| |             #include <locale.h>
| |             #include <limits.h>
| |             #include <string.h>
| | 
| |             #if defined M_CHECK_ACTION || HAVE_DECL_ALARM
| |             # include <signal.h>
| |             # include <unistd.h>
| |             #endif
| | 
| |             #if HAVE_MALLOC_H
| |             # include <malloc.h>
| |             #endif
| | 
| |             #ifdef M_CHECK_ACTION
| |             /* Exit with distinguishable exit code.  */
| |             static void sigabrt_no_core (int sig) { raise (SIGTERM); }
| |             #endif
| | 
| | int
| | main ()
| | {
| | int result = 0;
| |             static struct re_pattern_buffer regex;
| |             unsigned char folded_chars[UCHAR_MAX + 1];
| |             int i;
| |             const char *s;
| |             struct re_registers regs;
| | 
| |             /* Some builds of glibc go into an infinite loop on this
| |                test.  Use alarm to force death, and mallopt to avoid
| |                malloc recursion in diagnosing the corrupted heap. */
| | #if HAVE_DECL_ALARM
| |             signal (SIGALRM, SIG_DFL);
| |             alarm (2);
| | #endif
| | #ifdef M_CHECK_ACTION
| |             signal (SIGABRT, sigabrt_no_core);
| |             mallopt (M_CHECK_ACTION, 2);
| | #endif
| | 
| |             if (setlocale (LC_ALL, "en_US.UTF-8"))
| |               {
| |                 {
| |                   /* http://sourceware.org/ml/libc-hacker/2006-09/msg00008.html
| |                      This test needs valgrind to catch the bug on Debian
| |                      GNU/Linux 3.1 x86, but it might catch the bug better
| |                      on other platforms and it shouldn't hurt to try the
| |                      test here.  */
| |                   static char const pat[] = "insert into";
| |                   static char const data[] =
| |                     "\xFF\0\x12\xA2\xAA\xC4\xB1,K\x12\xC4\xB1*\xACK";
| |                   re_set_syntax (RE_SYNTAX_GREP | RE_HAT_LISTS_NOT_NEWLINE
| |                                  | RE_ICASE);
| |                   memset (&regex, 0, sizeof regex);
| |                   s = re_compile_pattern (pat, sizeof pat - 1, &regex);
| |                   if (s)
| |                     result |= 1;
| |                   else if (re_search (&regex, data, sizeof data - 1,
| |                                       0, sizeof data - 1, &regs)
| |                            != -1)
| |                     result |= 1;
| |                 }
| | 
| |                 {
| |                   /* This test is from glibc bug 15078.
| |                      The test case is from Andreas Schwab in
| |                      <http://www.sourceware.org/ml/libc-alpha/2013-01/msg00967.html>.
| |                      */
| |                   static char const pat[] = "[^x]x";
| |                   static char const data[] =
| |                     /* <U1000><U103B><U103D><U1014><U103A><U102F><U1015><U103A> */
| |                     "\xe1\x80\x80"
| |                     "\xe1\x80\xbb"
| |                     "\xe1\x80\xbd"
| |                     "\xe1\x80\x94"
| |                     "\xe1\x80\xba"
| |                     "\xe1\x80\xaf"
| |                     "\xe1\x80\x95"
| |                     "\xe1\x80\xba"
| |                     "x";
| |                   re_set_syntax (0);
| |                   memset (&regex, 0, sizeof regex);
| |                   s = re_compile_pattern (pat, sizeof pat - 1, &regex);
| |                   if (s)
| |                     result |= 1;
| |                   else
| |                     {
| |                       i = re_search (&regex, data, sizeof data - 1,
| |                                      0, sizeof data - 1, 0);
| |                       if (i != 0 && i != 21)
| |                         result |= 1;
| |                     }
| |                 }
| | 
| |                 if (! setlocale (LC_ALL, "C"))
| |                   return 1;
| |               }
| | 
| |             /* This test is from glibc bug 3957, reported by Andrew Mackey.  */
| |             re_set_syntax (RE_SYNTAX_EGREP | RE_HAT_LISTS_NOT_NEWLINE);
| |             memset (&regex, 0, sizeof regex);
| |             s = re_compile_pattern ("a[^x]b", 6, &regex);
| |             if (s)
| |               result |= 2;
| |             /* This should fail, but succeeds for glibc-2.5.  */
| |             else if (re_search (&regex, "a\nb", 3, 0, 3, &regs) != -1)
| |               result |= 2;
| | 
| |             /* This regular expression is from Spencer ere test number 75
| |                in grep-2.3.  */
| |             re_set_syntax (RE_SYNTAX_POSIX_EGREP);
| |             memset (&regex, 0, sizeof regex);
| |             for (i = 0; i <= UCHAR_MAX; i++)
| |               folded_chars[i] = i;
| |             regex.translate = folded_chars;
| |             s = re_compile_pattern ("a[[:]:]]b\n", 11, &regex);
| |             /* This should fail with _Invalid character class name_ error.  */
| |             if (!s)
| |               result |= 4;
| | 
| |             /* Ensure that [b-a] is diagnosed as invalid, when
| |                using RE_NO_EMPTY_RANGES. */
| |             re_set_syntax (RE_SYNTAX_POSIX_EGREP | RE_NO_EMPTY_RANGES);
| |             memset (&regex, 0, sizeof regex);
| |             s = re_compile_pattern ("a[b-a]", 6, &regex);
| |             if (s == 0)
| |               result |= 8;
| | 
| |             /* This should succeed, but does not for glibc-2.1.3.  */
| |             memset (&regex, 0, sizeof regex);
| |             s = re_compile_pattern ("{1", 2, &regex);
| |             if (s)
| |               result |= 8;
| | 
| |             /* The following example is derived from a problem report
| |                against gawk from Jorge Stolfi <stolfi@ic.unicamp.br>.  */
| |             memset (&regex, 0, sizeof regex);
| |             s = re_compile_pattern ("[an\371]*n", 7, &regex);
| |             if (s)
| |               result |= 8;
| |             /* This should match, but does not for glibc-2.2.1.  */
| |             else if (re_match (&regex, "an", 2, 0, &regs) != 2)
| |               result |= 8;
| | 
| |             memset (&regex, 0, sizeof regex);
| |             s = re_compile_pattern ("x", 1, &regex);
| |             if (s)
| |               result |= 8;
| |             /* glibc-2.2.93 does not work with a negative RANGE argument.  */
| |             else if (re_search (&regex, "wxy", 3, 2, -2, &regs) != 1)
| |               result |= 8;
| | 
| |             /* The version of regex.c in older versions of gnulib
| |                ignored RE_ICASE.  Detect that problem too.  */
| |             re_set_syntax (RE_SYNTAX_EMACS | RE_ICASE);
| |             memset (&regex, 0, sizeof regex);
| |             s = re_compile_pattern ("x", 1, &regex);
| |             if (s)
| |               result |= 16;
| |             else if (re_search (&regex, "WXY", 3, 0, 3, &regs) < 0)
| |               result |= 16;
| | 
| |             /* Catch a bug reported by Vin Shelton in
| |                http://lists.gnu.org/archive/html/bug-coreutils/2007-06/msg00089.html
| |                */
| |             re_set_syntax (RE_SYNTAX_POSIX_BASIC
| |                            & ~RE_CONTEXT_INVALID_DUP
| |                            & ~RE_NO_EMPTY_RANGES);
| |             memset (&regex, 0, sizeof regex);
| |             s = re_compile_pattern ("[[:alnum:]_-]\\+$", 16, &regex);
| |             if (s)
| |               result |= 32;
| | 
| |             /* REG_STARTEND was added to glibc on 2004-01-15.
| |                Reject older versions.  */
| |             if (! REG_STARTEND)
| |               result |= 64;
| | 
| | #if 0
| |             /* It would be nice to reject hosts whose regoff_t values are too
| |                narrow (including glibc on hosts with 64-bit ptrdiff_t and
| |                32-bit int), but we should wait until glibc implements this
| |                feature.  Otherwise, support for equivalence classes and
| |                multibyte collation symbols would always be broken except
| |                when compiling --without-included-regex.   */
| |             if (sizeof (regoff_t) < sizeof (ptrdiff_t)
| |                 || sizeof (regoff_t) < sizeof (ssize_t))
| |               result |= 64;
| | #endif
| | 
| |             return result;
| | 
| |   ;
| |   return 0;
| | }
| configure:27232: result: no
| configure:27317: checking libintl.h usability
| configure:27317: gcc -std=gnu99 -c -g -O2  conftest.c >&5
| configure:27317: $? = 0
| configure:27317: result: yes
| configure:27317: checking libintl.h presence
| configure:27317: gcc -std=gnu99 -E  conftest.c
| configure:27317: $? = 0
| configure:27317: result: yes
| configure:27317: checking for libintl.h
| configure:27317: result: yes
| configure:27328: checking whether isblank is declared
| configure:27328: gcc -std=gnu99 -c -g -O2  conftest.c >&5
| configure:27328: $? = 0
| configure:27328: result: yes
| configure:27347: checking whether rename honors trailing slash on destination
| configure:27392: gcc -std=gnu99 -o conftest -g -O2   conftest.c  >&5
| configure:27392: $? = 0
| configure:27392: ./conftest
| configure:27392: $? = 0
| configure:27404: result: yes
| configure:27416: checking whether rename honors trailing slash on source
| configure:27461: gcc -std=gnu99 -o conftest -g -O2   conftest.c  >&5
| configure:27461: $? = 0
| configure:27461: ./conftest
| configure:27461: $? = 0
| configure:27473: result: yes
| configure:27486: checking whether rename manages hard links correctly
| configure:27529: gcc -std=gnu99 -o conftest -g -O2   conftest.c  >&5
| configure:27529: $? = 0
| configure:27529: ./conftest
| configure:27529: $? = 0
| configure:27547: result: yes
| configure:27559: checking whether rename manages existing destinations correctly
| configure:27596: gcc -std=gnu99 -o conftest -g -O2   conftest.c  >&5
| configure:27596: $? = 0
| configure:27596: ./conftest
| configure:27596: $? = 0
| configure:27608: result: yes
| configure:27703: checking for rewinddir
| configure:27703: gcc -std=gnu99 -o conftest -g -O2   conftest.c  >&5
| configure:27703: $? = 0
| configure:27703: result: yes
| configure:27746: checking whether rmdir works
| configure:27788: gcc -std=gnu99 -o conftest -g -O2   conftest.c  >&5
| configure:27788: $? = 0
| configure:27788: ./conftest
| configure:27788: $? = 0
| configure:27799: result: yes
| configure:27841: checking for rpmatch
| configure:27841: gcc -std=gnu99 -o conftest -g -O2   conftest.c  >&5
| configure:27841: $? = 0
| configure:27841: result: yes
| configure:27993: checking selinux/flask.h usability
| configure:27993: gcc -std=gnu99 -c -g -O2  conftest.c >&5
| conftest.c:467:27: fatal error: selinux/flask.h: No such file or directory
| compilation terminated.
| configure:27993: $? = 1
| configure: failed program was:
| | /* confdefs.h */
| | #define PACKAGE_NAME "GNU tar"
| | #define PACKAGE_TARNAME "tar"
| | #define PACKAGE_VERSION "1.28"
| | #define PACKAGE_STRING "GNU tar 1.28"
| | #define PACKAGE_BUGREPORT "bug-tar@gnu.org"
| | #define PACKAGE_URL "http://www.gnu.org/software/tar/"
| | #define PACKAGE "tar"
| | #define VERSION "1.28"
| | #define STDC_HEADERS 1
| | #define HAVE_SYS_TYPES_H 1
| | #define HAVE_SYS_STAT_H 1
| | #define HAVE_STDLIB_H 1
| | #define HAVE_STRING_H 1
| | #define HAVE_MEMORY_H 1
| | #define HAVE_STRINGS_H 1
| | #define HAVE_INTTYPES_H 1
| | #define HAVE_STDINT_H 1
| | #define HAVE_UNISTD_H 1
| | #define __EXTENSIONS__ 1
| | #define _ALL_SOURCE 1
| | #define _DARWIN_C_SOURCE 1
| | #define _GNU_SOURCE 1
| | #define _POSIX_PTHREAD_SEMANTICS 1
| | #define _TANDEM_SOURCE 1
| | #define HAVE_FSEEKO 1
| | #define _DARWIN_USE_64_BIT_INODE 1
| | #define _DARWIN_USE_64_BIT_INODE 1
| | #define HAVE_FCNTL_H 1
| | #define HAVE_LINUX_FD_H 1
| | #define HAVE_MEMORY_H 1
| | #define HAVE_SGTTY_H 1
| | #define HAVE_STRING_H 1
| | #define HAVE_SYS_PARAM_H 1
| | #define HAVE_SYS_MTIO_H 1
| | #define HAVE_SYS_TIME_H 1
| | #define HAVE_UNISTD_H 1
| | #define HAVE_LOCALE_H 1
| | #define HAVE_FEATURES_H 1
| | #define HAVE_SYS_SOCKET_H 1
| | #define HAVE_DIRENT_H 1
| | #define HAVE_WCTYPE_H 1
| | #define HAVE_STDIO_EXT_H 1
| | #define HAVE_SYS_STAT_H 1
| | #define HAVE_GETOPT_H 1
| | #define HAVE_WCHAR_H 1
| | #define HAVE_STDINT_H 1
| | #define HAVE_INTTYPES_H 1
| | #define HAVE_LANGINFO_H 1
| | #define HAVE_XLOCALE_H 1
| | #define HAVE_SYS_MMAN_H 1
| | #define HAVE_MALLOC_H 1
| | #define HAVE_STRINGS_H 1
| | #define HAVE_SYSEXITS_H 1
| | #define HAVE_UTIME_H 1
| | #define HAVE_NETDB_H 1
| | #define HAVE_SYS_WAIT_H 1
| | #define HAVE_PWD_H 1
| | #define HAVE_GRP_H 1
| | #define major_t int
| | #define minor_t int
| | #define HAVE_ALLOCA_H 1
| | #define HAVE_ALLOCA 1
| | #define restrict __restrict
| | #define HAVE_DECL_CLEARERR_UNLOCKED 1
| | #define HAVE_DECL_FEOF_UNLOCKED 1
| | #define HAVE_DECL_FERROR_UNLOCKED 1
| | #define HAVE_DECL_FFLUSH_UNLOCKED 1
| | #define HAVE_DECL_FGETS_UNLOCKED 1
| | #define HAVE_DECL_FPUTC_UNLOCKED 1
| | #define HAVE_DECL_FPUTS_UNLOCKED 1
| | #define HAVE_DECL_FREAD_UNLOCKED 1
| | #define HAVE_DECL_FWRITE_UNLOCKED 1
| | #define HAVE_DECL_GETC_UNLOCKED 1
| | #define HAVE_DECL_GETCHAR_UNLOCKED 1
| | #define HAVE_DECL_PUTC_UNLOCKED 1
| | #define HAVE_DECL_PUTCHAR_UNLOCKED 1
| | #define HAVE_FLOCKFILE 1
| | #define HAVE_FUNLOCKFILE 1
| | #define HAVE_PATHCONF 1
| | #define HAVE_BTOWC 1
| | #define HAVE_CANONICALIZE_FILE_NAME 1
| | #define HAVE_GETCWD 1
| | #define HAVE_READLINK 1
| | #define HAVE_REALPATH 1
| | #define HAVE_READLINKAT 1
| | #define HAVE_CHOWN 1
| | #define HAVE_FCHOWN 1
| | #define HAVE_FCHDIR 1
| | #define HAVE_FDOPENDIR 1
| | #define HAVE_FACCESSAT 1
| | #define HAVE_FCHMODAT 1
| | #define HAVE_FCNTL 1
| | #define HAVE_SYMLINK 1
| | #define HAVE_MEMPCPY 1
| | #define HAVE_ISBLANK 1
| | #define HAVE_ISWCTYPE 1
| | #define HAVE_MBSRTOWCS 1
| | #define HAVE_WMEMCHR 1
| | #define HAVE_WMEMCPY 1
| | #define HAVE_WMEMPCPY 1
| | #define HAVE_FSTATAT 1
| | #define HAVE_FUTIMENS 1
| | #define HAVE_GETDELIM 1
| | #define HAVE_GETDTABLESIZE 1
| | #define HAVE_GETTIMEOFDAY 1
| | #define HAVE_ISWCNTRL 1
| | #define HAVE_ISWBLANK 1
| | #define HAVE_LINK 1
| | #define HAVE_OPENAT 1
| | #define HAVE_LINKAT 1
| | #define HAVE_LSTAT 1
| | #define HAVE_MBSINIT 1
| | #define HAVE_MBRTOWC 1
| | #define HAVE_MPROTECT 1
| | #define HAVE_MKDIRAT 1
| | #define HAVE_MKFIFO 1
| | #define HAVE_MKFIFOAT 1
| | #define HAVE_MKNODAT 1
| | #define HAVE_MKNOD 1
| | #define HAVE_NL_LANGINFO 1
| | #define HAVE_POSIX_OPENPT 1
| | #define HAVE_PTSNAME_R 1
| | #define HAVE_FCHMOD 1
| | #define HAVE_RENAMEAT 1
| | #define HAVE_SECURE_GETENV 1
| | #define HAVE_SETENV 1
| | #define HAVE_SLEEP 1
| | #define HAVE_SNPRINTF 1
| | #define HAVE_STRDUP 1
| | #define HAVE_TZSET 1
| | #define HAVE_STRNDUP 1
| | #define HAVE_STRTOIMAX 1
| | #define HAVE_STRTOUMAX 1
| | #define HAVE_SYMLINKAT 1
| | #define HAVE_LOCALTIME_R 1
| | #define HAVE_PIPE 1
| | #define HAVE_UNLINKAT 1
| | #define HAVE_FUTIMES 1
| | #define HAVE_FUTIMESAT 1
| | #define HAVE_UTIMENSAT 1
| | #define HAVE_LUTIMES 1
| | #define HAVE_WCRTOMB 1
| | #define HAVE_WCWIDTH 1
| | #define HAVE_SETLOCALE 1
| | #define HAVE_FSYNC 1
| | #define HAVE_GRANTPT 1
| | #define D_INO_IN_DIRENT 1
| | #define HAVE_LONG_FILE_NAMES 1
| | #define HAVE_LANGINFO_CODESET 1
| | #define FUNC_REALPATH_WORKS 1
| | #define HAVE_UNISTD_H 1
| | #define HAVE_CHOWN 1
| | #define HAVE_ENVIRON_DECL 1
| | #define HAVE_DECL_STRERROR_R 1
| | #define HAVE_STRERROR_R 1
| | #define STRERROR_R_CHAR_P 1
| | #define GETGROUPS_T gid_t
| | #define HAVE_DECL_FCHDIR 1
| | #define HAVE_WORKING_O_NOATIME 1
| | #define HAVE_WORKING_O_NOFOLLOW 1
| | #define HAVE_MBSTATE_T 1
| | #define HAVE_DECL_FSEEKO 1
| | #define HAVE_RAW_DECL_FCHMODAT 1
| | #define HAVE_RAW_DECL_FSTAT 1
| | #define HAVE_RAW_DECL_FSTATAT 1
| | #define HAVE_RAW_DECL_FUTIMENS 1
| | #define HAVE_RAW_DECL_LCHMOD 1
| | #define HAVE_RAW_DECL_LSTAT 1
| | #define HAVE_RAW_DECL_MKDIRAT 1
| | #define HAVE_RAW_DECL_MKFIFO 1
| | #define HAVE_RAW_DECL_MKFIFOAT 1
| | #define HAVE_RAW_DECL_MKNOD 1
| | #define HAVE_RAW_DECL_MKNODAT 1
| | #define HAVE_RAW_DECL_STAT 1
| | #define HAVE_RAW_DECL_UTIMENSAT 1
| | #define LSTAT_FOLLOWS_SLASHED_SYMLINK 1
| | #define HAVE_DECL_GETCWD 1
| | #define HAVE_DECL_GETDELIM 1
| | #define HAVE_DECL_GETLINE 1
| | #define HAVE_GETOPT_H 1
| | #define HAVE_GETOPT_LONG_ONLY 1
| | #define __GETOPT_PREFIX rpl_
| | #define HAVE_DECL_GETENV 1
| | #define HAVE_RAW_DECL_GETTIMEOFDAY 1
| | #define HAVE_UNSIGNED_LONG_LONG_INT 1
| | #define HAVE_LONG_LONG_INT 1
| | #define HAVE_RAW_DECL_IMAXABS 1
| | #define HAVE_RAW_DECL_IMAXDIV 1
| | #define HAVE_RAW_DECL_STRTOIMAX 1
| | #define HAVE_RAW_DECL_STRTOUMAX 1
| | #define HAVE_INTTYPES_H 1
| | #define HAVE_WINT_T 1
| | #define HAVE_TOWLOWER 1
| | #define HAVE_RAW_DECL_WCTYPE 1
| | #define HAVE_RAW_DECL_ISWCTYPE 1
| | #define HAVE_RAW_DECL_WCTRANS 1
| | #define HAVE_RAW_DECL_TOWCTRANS 1
| | #define HAVE_WCHAR_T 1
| | #define HAVE_STDLIB_H 1
| | #define MALLOC_0_IS_NONNULL 1
| | #define HAVE_MAP_ANONYMOUS 1
| | #define HAVE_DECL_MEMRCHR 1
| | #define HAVE_DECL_ALARM 1
| | #define PROMOTED_MODE_T mode_t
| | #define HAVE__BOOL 1
| | #define HAVE_COMPOUND_LITERALS 1
| | #define HAVE_TM_GMTOFF 1
| | #define HAVE_DECL_SETENV 1
| | #define HAVE_SEARCH_H 1
| | #define HAVE_TSEARCH 1
| | #define HAVE_SIGSET_T 1
| | #define HAVE_DECL_SNPRINTF 1
| | #define HAVE_DECL_STRDUP 1
| | #define HAVE_RAW_DECL_FFSL 1
| | #define HAVE_RAW_DECL_FFSLL 1
| | #define HAVE_RAW_DECL_MEMMEM 1
| | #define HAVE_RAW_DECL_MEMPCPY 1
| | #define HAVE_RAW_DECL_MEMRCHR 1
| | #define HAVE_RAW_DECL_RAWMEMCHR 1
| | #define HAVE_RAW_DECL_STPCPY 1
| | #define HAVE_RAW_DECL_STPNCPY 1
| | #define HAVE_RAW_DECL_STRCHRNUL 1
| | #define HAVE_RAW_DECL_STRDUP 1
| | #define HAVE_RAW_DECL_STRNCAT 1
| | #define HAVE_RAW_DECL_STRNDUP 1
| | #define HAVE_RAW_DECL_STRNLEN 1
| | #define HAVE_RAW_DECL_STRPBRK 1
| | #define HAVE_RAW_DECL_STRSEP 1
| | #define HAVE_RAW_DECL_STRCASESTR 1
| | #define HAVE_RAW_DECL_STRTOK_R 1
| | #define HAVE_RAW_DECL_STRERROR_R 1
| | #define HAVE_RAW_DECL_STRSIGNAL 1
| | #define HAVE_RAW_DECL_STRVERSCMP 1
| | #define HAVE_RAW_DECL_FFS 1
| | #define HAVE_RAW_DECL_STRCASECMP 1
| | #define HAVE_RAW_DECL_STRNCASECMP 1
| | #define HAVE_DECL_STRNDUP 1
| | #define HAVE_DECL_STRNLEN 1
| | #define HAVE_DECL_STRTOIMAX 1
| | #define HAVE_DECL_STRTOUMAX 1
| | #define HAVE_DECL_TTYNAME_R 1
| | #define HAVE_DECL_UNSETENV 1
| | #define HAVE_WORKING_UTIMES 1
| | #define HAVE_STRUCT_UTIMBUF 1
| | #define HAVE_INTTYPES_H_WITH_UINTMAX 1
| | #define HAVE_STDINT_H_WITH_UINTMAX 1
| | #define HAVE_INTMAX_T 1
| | #define DBL_EXPBIT0_WORD 1
| | #define DBL_EXPBIT0_BIT 20
| | #define HAVE_SNPRINTF 1
| | #define HAVE_STRNLEN 1
| | #define HAVE_WCSLEN 1
| | #define HAVE_WCSNLEN 1
| | #define HAVE_MBRTOWC 1
| | #define HAVE_WCRTOMB 1
| | #define HAVE_DECL__SNPRINTF 0
| | #define HAVE_SNPRINTF_RETVAL_C99 1
| | #define HAVE_DECL_VSNPRINTF 1
| | #define HAVE_ALLOCA 1
| | #define GNULIB_AREADLINKAT 1
| | #define HAVE_DECL_PROGRAM_INVOCATION_NAME 1
| | #define HAVE_DECL_PROGRAM_INVOCATION_SHORT_NAME 1
| | #define HAVE_PROGRAM_INVOCATION_NAME 1
| | #define HAVE_PROGRAM_INVOCATION_SHORT_NAME 1
| | #define GNULIB_TEST_BTOWC 1
| | #define GNULIB_CANONICALIZE_LGPL 1
| | #define GNULIB_TEST_CANONICALIZE_FILE_NAME 1
| | #define GNULIB_TEST_REALPATH 1
| | #define GNULIB_TEST_CHDIR 1
| | #define GNULIB_TEST_CHOWN 1
| | #define HAVE_CLOCK_GETTIME 1
| | #define HAVE_CLOCK_SETTIME 1
| | #define GNULIB_TEST_CLOEXEC 1
| | #define GNULIB_TEST_CLOSE 1
| | #define GNULIB_CLOSE_STREAM 1
| | #define HAVE_CLOSEDIR 1
| | #define GNULIB_TEST_CLOSEDIR 1
| | #define D_INO_IN_DIRENT 1
| | #define HAVE_RAW_DECL_ALPHASORT 1
| | #define HAVE_RAW_DECL_CLOSEDIR 1
| | #define HAVE_RAW_DECL_DIRFD 1
| | #define HAVE_RAW_DECL_FDOPENDIR 1
| | #define HAVE_RAW_DECL_OPENDIR 1
| | #define HAVE_RAW_DECL_READDIR 1
| | #define HAVE_RAW_DECL_REWINDDIR 1
| | #define HAVE_RAW_DECL_SCANDIR 1
| | #define GNULIB_DIRENT_SAFER 1
| | #define HAVE_DIRFD 1
| | #define HAVE_DECL_DIRFD 1
| | #define GNULIB_TEST_DIRFD 1
| | #define GNULIB_DIRNAME 1
| | #define GNULIB_TEST_DUP 1
| | #define HAVE_DUP2 1
| | #define GNULIB_TEST_DUP2 1
| | #define GNULIB_TEST_ENVIRON 1
| | #define HAVE_EUIDACCESS 1
| | #define GNULIB_TEST_EUIDACCESS 1
| | #define GNULIB_FACCESSAT 1
| | #define GNULIB_TEST_FACCESSAT 1
| | #define GNULIB_TEST_FCHDIR 1
| | #define GNULIB_FCHMODAT 1
| | #define GNULIB_TEST_FCHMODAT 1
| | #define GNULIB_FCHOWNAT 1
| | #define GNULIB_TEST_FCHOWNAT 1
| | #define GNULIB_TEST_FCNTL 1
| | #define HAVE_RAW_DECL_FCNTL 1
| | #define HAVE_RAW_DECL_OPENAT 1
| | #define HAVE_DECL_FDOPENDIR 1
| | #define GNULIB_TEST_FDOPENDIR 1
| | #define GNULIB_FDOPENDIR 1
| | #define GNULIB_FDUTIMENSAT 1
| | #define HAVE_STRUCT_STAT_ST_BLOCKS 1
| | #define HAVE_ST_BLOCKS 1
| | #define HAVE_DECL___FPENDING 1
| | #define GNULIB_TEST_FSEEK 1
| | #define GNULIB_TEST_FSEEKO 1
| | #define GNULIB_TEST_FSTAT 1
| | #define GNULIB_TEST_FSTATAT 1
| | #define GNULIB_TEST_FUTIMENS 1
| | #define HAVE_GETPAGESIZE 1
| | #define HAVE_MINIMALLY_WORKING_GETCWD 1
| | #define GNULIB_GETCWD 1
| | #define GNULIB_TEST_GETCWD 1
| | #define GNULIB_TEST_GETCWD 1
| | #define GNULIB_TEST_GETDELIM 1
| | #define GNULIB_TEST_GETDTABLESIZE 1
| | #define HAVE_GETGROUPS 1
| | #define GNULIB_TEST_GETGROUPS 1
| | #define GNULIB_TEST_GETLINE 1
| | #define GNULIB_TEST_GETOPT_GNU 1
| | #define __GETOPT_PREFIX rpl_
| | #define HAVE_GETPAGESIZE 1
| | #define GNULIB_TEST_GETPAGESIZE 1
| | #define GETTIMEOFDAY_TIMEZONE struct timezone
| | #define GNULIB_TEST_GETTIMEOFDAY 1
| | #define GNULIB_TEST_GROUP_MEMBER 1
| | #define GNULIB_TEST_ISATTY 1
| | #define HAVE_DECL_ISWBLANK 1
| | #define GNULIB_TEST_ISWBLANK 1
| | #define HAVE_RAW_DECL_NL_LANGINFO 1
| | #define HAVE_LCHOWN 1
| | #define GNULIB_TEST_LCHOWN 1
| | #define GNULIB_TEST_LINK 1
| | #define LINK_FOLLOWS_SYMLINKS 0
| | #define LINKAT_TRAILING_SLASH_BUG 0
| | #define GNULIB_TEST_LINKAT 1
| | #define HAVE_RAW_DECL_SETLOCALE 1
| | #define HAVE_RAW_DECL_DUPLOCALE 1
| | #define GNULIB_TEST_LOCALECONV 1
| | #define GNULIB_TEST_LSEEK 1
| | #define GNULIB_TEST_LSTAT 1
| | #define HAVE_STDLIB_H 1
| | #define HAVE_MALLOC_GNU 1
| | #define GNULIB_MALLOC_GNU 1
| | #define HAVE_MALLOC_POSIX 1
| | #define GNULIB_TEST_MALLOC_POSIX 1
| | #define GNULIB_TEST_MBRTOWC 1
| | #define GNULIB_TEST_MBSCASECMP 1
| | #define GNULIB_TEST_MBSINIT 1
| | #define GNULIB_TEST_MBSRTOWCS 1
| | #define GNULIB_TEST_MBTOWC 1
| | #define GNULIB_TEST_MEMCHR 1
| | #define HAVE_MEMPCPY 1
| | #define GNULIB_TEST_MEMPCPY 1
| | #define HAVE_MEMRCHR 1
| | #define GNULIB_TEST_MEMRCHR 1
| | #define GNULIB_TEST_MKDIRAT 1
| | #define HAVE_MKDTEMP 1
| | #define GNULIB_TEST_MKDTEMP 1
| | #define GNULIB_TEST_MKFIFO 1
| | #define GNULIB_TEST_MKFIFOAT 1
| | #define GNULIB_TEST_MKNODAT 1
| | #define MKNOD_FIFO_BUG 1
| | #define GNULIB_TEST_MKNOD 1
| | #define GNULIB_TEST_MKTIME 1
| | #define FUNC_NL_LANGINFO_YESEXPR_WORKS 1
| | #define GNULIB_TEST_NL_LANGINFO 1
| | #define HAVE_OBSTACK 1
| | #define GNULIB_TEST_OPEN 1
| | #define GNULIB_OPENAT 1
| | #define GNULIB_TEST_OPENAT 1
| | #define HAVE_OPENDIR 1
| | #define GNULIB_TEST_OPENDIR 1
| | #define HAVE_STRUCT_TM_TM_ZONE 1
| | #define HAVE_TM_ZONE 1
| | #define TIME_T_FITS_IN_LONG_INT 1
| | #define GNULIB_TEST_POSIX_OPENPT 1
| | #define HAVE_DECL_PROGRAM_INVOCATION_NAME 1
| | #define HAVE_DECL_PROGRAM_INVOCATION_SHORT_NAME 1
| | #define HAVE_PTSNAME 1
| | #define GNULIB_TEST_PTSNAME 1
| | #define GNULIB_TEST_PTSNAME_R 1
| | #define USE_ACL 0
| | #define HAVE_RAISE 1
| | #define GNULIB_TEST_RAISE 1
| | #define HAVE_RAWMEMCHR 1
| | #define GNULIB_TEST_RAWMEMCHR 1
| | #define GNULIB_TEST_READ 1
| | #define HAVE_READDIR 1
| | #define GNULIB_TEST_READDIR 1
| | #define GNULIB_TEST_READLINK 1
| | #define GNULIB_TEST_READLINKAT 1
| | #define HAVE_REALLOC_POSIX 1
| | #define GNULIB_TEST_REALLOC_POSIX 1
| | #define _REGEX_INCLUDE_LIMITS_H 1
| | #define _REGEX_LARGE_OFFSETS 1
| | #define re_syntax_options rpl_re_syntax_options
| | #define re_set_syntax rpl_re_set_syntax
| | #define re_compile_pattern rpl_re_compile_pattern
| | #define re_compile_fastmap rpl_re_compile_fastmap
| | #define re_search rpl_re_search
| | #define re_search_2 rpl_re_search_2
| | #define re_match rpl_re_match
| | #define re_match_2 rpl_re_match_2
| | #define re_set_registers rpl_re_set_registers
| | #define re_comp rpl_re_comp
| | #define re_exec rpl_re_exec
| | #define regcomp rpl_regcomp
| | #define regexec rpl_regexec
| | #define regerror rpl_regerror
| | #define regfree rpl_regfree
| | #define HAVE_LIBINTL_H 1
| | #define HAVE_DECL_ISBLANK 1
| | #define GNULIB_TEST_RENAME 1
| | #define GNULIB_TEST_RENAMEAT 1
| | #define HAVE_REWINDDIR 1
| | #define GNULIB_TEST_REWINDDIR 1
| | #define GNULIB_TEST_RMDIR 1
| | #define HAVE_RPMATCH 1
| | #define GNULIB_TEST_RPMATCH 1
| | #define GNULIB_TEST_SECURE_GETENV 1
| | /* end confdefs.h.  */
| | #include <stdio.h>
| | #ifdef HAVE_SYS_TYPES_H
| | # include <sys/types.h>
| | #endif
| | #ifdef HAVE_SYS_STAT_H
| | # include <sys/stat.h>
| | #endif
| | #ifdef STDC_HEADERS
| | # include <stdlib.h>
| | # include <stddef.h>
| | #else
| | # ifdef HAVE_STDLIB_H
| | #  include <stdlib.h>
| | # endif
| | #endif
| | #ifdef HAVE_STRING_H
| | # if !defined STDC_HEADERS && defined HAVE_MEMORY_H
| | #  include <memory.h>
| | # endif
| | # include <string.h>
| | #endif
| | #ifdef HAVE_STRINGS_H
| | # include <strings.h>
| | #endif
| | #ifdef HAVE_INTTYPES_H
| | # include <inttypes.h>
| | #endif
| | #ifdef HAVE_STDINT_H
| | # include <stdint.h>
| | #endif
| | #ifdef HAVE_UNISTD_H
| | # include <unistd.h>
| | #endif
| | #include <selinux/flask.h>
| configure:27993: result: no
| configure:27993: checking selinux/flask.h presence
| configure:27993: gcc -std=gnu99 -E  conftest.c
| conftest.c:434:27: fatal error: selinux/flask.h: No such file or directory
| compilation terminated.
| configure:27993: $? = 1
| configure: failed program was:
| | /* confdefs.h */
| | #define PACKAGE_NAME "GNU tar"
| | #define PACKAGE_TARNAME "tar"
| | #define PACKAGE_VERSION "1.28"
| | #define PACKAGE_STRING "GNU tar 1.28"
| | #define PACKAGE_BUGREPORT "bug-tar@gnu.org"
| | #define PACKAGE_URL "http://www.gnu.org/software/tar/"
| | #define PACKAGE "tar"
| | #define VERSION "1.28"
| | #define STDC_HEADERS 1
| | #define HAVE_SYS_TYPES_H 1
| | #define HAVE_SYS_STAT_H 1
| | #define HAVE_STDLIB_H 1
| | #define HAVE_STRING_H 1
| | #define HAVE_MEMORY_H 1
| | #define HAVE_STRINGS_H 1
| | #define HAVE_INTTYPES_H 1
| | #define HAVE_STDINT_H 1
| | #define HAVE_UNISTD_H 1
| | #define __EXTENSIONS__ 1
| | #define _ALL_SOURCE 1
| | #define _DARWIN_C_SOURCE 1
| | #define _GNU_SOURCE 1
| | #define _POSIX_PTHREAD_SEMANTICS 1
| | #define _TANDEM_SOURCE 1
| | #define HAVE_FSEEKO 1
| | #define _DARWIN_USE_64_BIT_INODE 1
| | #define _DARWIN_USE_64_BIT_INODE 1
| | #define HAVE_FCNTL_H 1
| | #define HAVE_LINUX_FD_H 1
| | #define HAVE_MEMORY_H 1
| | #define HAVE_SGTTY_H 1
| | #define HAVE_STRING_H 1
| | #define HAVE_SYS_PARAM_H 1
| | #define HAVE_SYS_MTIO_H 1
| | #define HAVE_SYS_TIME_H 1
| | #define HAVE_UNISTD_H 1
| | #define HAVE_LOCALE_H 1
| | #define HAVE_FEATURES_H 1
| | #define HAVE_SYS_SOCKET_H 1
| | #define HAVE_DIRENT_H 1
| | #define HAVE_WCTYPE_H 1
| | #define HAVE_STDIO_EXT_H 1
| | #define HAVE_SYS_STAT_H 1
| | #define HAVE_GETOPT_H 1
| | #define HAVE_WCHAR_H 1
| | #define HAVE_STDINT_H 1
| | #define HAVE_INTTYPES_H 1
| | #define HAVE_LANGINFO_H 1
| | #define HAVE_XLOCALE_H 1
| | #define HAVE_SYS_MMAN_H 1
| | #define HAVE_MALLOC_H 1
| | #define HAVE_STRINGS_H 1
| | #define HAVE_SYSEXITS_H 1
| | #define HAVE_UTIME_H 1
| | #define HAVE_NETDB_H 1
| | #define HAVE_SYS_WAIT_H 1
| | #define HAVE_PWD_H 1
| | #define HAVE_GRP_H 1
| | #define major_t int
| | #define minor_t int
| | #define HAVE_ALLOCA_H 1
| | #define HAVE_ALLOCA 1
| | #define restrict __restrict
| | #define HAVE_DECL_CLEARERR_UNLOCKED 1
| | #define HAVE_DECL_FEOF_UNLOCKED 1
| | #define HAVE_DECL_FERROR_UNLOCKED 1
| | #define HAVE_DECL_FFLUSH_UNLOCKED 1
| | #define HAVE_DECL_FGETS_UNLOCKED 1
| | #define HAVE_DECL_FPUTC_UNLOCKED 1
| | #define HAVE_DECL_FPUTS_UNLOCKED 1
| | #define HAVE_DECL_FREAD_UNLOCKED 1
| | #define HAVE_DECL_FWRITE_UNLOCKED 1
| | #define HAVE_DECL_GETC_UNLOCKED 1
| | #define HAVE_DECL_GETCHAR_UNLOCKED 1
| | #define HAVE_DECL_PUTC_UNLOCKED 1
| | #define HAVE_DECL_PUTCHAR_UNLOCKED 1
| | #define HAVE_FLOCKFILE 1
| | #define HAVE_FUNLOCKFILE 1
| | #define HAVE_PATHCONF 1
| | #define HAVE_BTOWC 1
| | #define HAVE_CANONICALIZE_FILE_NAME 1
| | #define HAVE_GETCWD 1
| | #define HAVE_READLINK 1
| | #define HAVE_REALPATH 1
| | #define HAVE_READLINKAT 1
| | #define HAVE_CHOWN 1
| | #define HAVE_FCHOWN 1
| | #define HAVE_FCHDIR 1
| | #define HAVE_FDOPENDIR 1
| | #define HAVE_FACCESSAT 1
| | #define HAVE_FCHMODAT 1
| | #define HAVE_FCNTL 1
| | #define HAVE_SYMLINK 1
| | #define HAVE_MEMPCPY 1
| | #define HAVE_ISBLANK 1
| | #define HAVE_ISWCTYPE 1
| | #define HAVE_MBSRTOWCS 1
| | #define HAVE_WMEMCHR 1
| | #define HAVE_WMEMCPY 1
| | #define HAVE_WMEMPCPY 1
| | #define HAVE_FSTATAT 1
| | #define HAVE_FUTIMENS 1
| | #define HAVE_GETDELIM 1
| | #define HAVE_GETDTABLESIZE 1
| | #define HAVE_GETTIMEOFDAY 1
| | #define HAVE_ISWCNTRL 1
| | #define HAVE_ISWBLANK 1
| | #define HAVE_LINK 1
| | #define HAVE_OPENAT 1
| | #define HAVE_LINKAT 1
| | #define HAVE_LSTAT 1
| | #define HAVE_MBSINIT 1
| | #define HAVE_MBRTOWC 1
| | #define HAVE_MPROTECT 1
| | #define HAVE_MKDIRAT 1
| | #define HAVE_MKFIFO 1
| | #define HAVE_MKFIFOAT 1
| | #define HAVE_MKNODAT 1
| | #define HAVE_MKNOD 1
| | #define HAVE_NL_LANGINFO 1
| | #define HAVE_POSIX_OPENPT 1
| | #define HAVE_PTSNAME_R 1
| | #define HAVE_FCHMOD 1
| | #define HAVE_RENAMEAT 1
| | #define HAVE_SECURE_GETENV 1
| | #define HAVE_SETENV 1
| | #define HAVE_SLEEP 1
| | #define HAVE_SNPRINTF 1
| | #define HAVE_STRDUP 1
| | #define HAVE_TZSET 1
| | #define HAVE_STRNDUP 1
| | #define HAVE_STRTOIMAX 1
| | #define HAVE_STRTOUMAX 1
| | #define HAVE_SYMLINKAT 1
| | #define HAVE_LOCALTIME_R 1
| | #define HAVE_PIPE 1
| | #define HAVE_UNLINKAT 1
| | #define HAVE_FUTIMES 1
| | #define HAVE_FUTIMESAT 1
| | #define HAVE_UTIMENSAT 1
| | #define HAVE_LUTIMES 1
| | #define HAVE_WCRTOMB 1
| | #define HAVE_WCWIDTH 1
| | #define HAVE_SETLOCALE 1
| | #define HAVE_FSYNC 1
| | #define HAVE_GRANTPT 1
| | #define D_INO_IN_DIRENT 1
| | #define HAVE_LONG_FILE_NAMES 1
| | #define HAVE_LANGINFO_CODESET 1
| | #define FUNC_REALPATH_WORKS 1
| | #define HAVE_UNISTD_H 1
| | #define HAVE_CHOWN 1
| | #define HAVE_ENVIRON_DECL 1
| | #define HAVE_DECL_STRERROR_R 1
| | #define HAVE_STRERROR_R 1
| | #define STRERROR_R_CHAR_P 1
| | #define GETGROUPS_T gid_t
| | #define HAVE_DECL_FCHDIR 1
| | #define HAVE_WORKING_O_NOATIME 1
| | #define HAVE_WORKING_O_NOFOLLOW 1
| | #define HAVE_MBSTATE_T 1
| | #define HAVE_DECL_FSEEKO 1
| | #define HAVE_RAW_DECL_FCHMODAT 1
| | #define HAVE_RAW_DECL_FSTAT 1
| | #define HAVE_RAW_DECL_FSTATAT 1
| | #define HAVE_RAW_DECL_FUTIMENS 1
| | #define HAVE_RAW_DECL_LCHMOD 1
| | #define HAVE_RAW_DECL_LSTAT 1
| | #define HAVE_RAW_DECL_MKDIRAT 1
| | #define HAVE_RAW_DECL_MKFIFO 1
| | #define HAVE_RAW_DECL_MKFIFOAT 1
| | #define HAVE_RAW_DECL_MKNOD 1
| | #define HAVE_RAW_DECL_MKNODAT 1
| | #define HAVE_RAW_DECL_STAT 1
| | #define HAVE_RAW_DECL_UTIMENSAT 1
| | #define LSTAT_FOLLOWS_SLASHED_SYMLINK 1
| | #define HAVE_DECL_GETCWD 1
| | #define HAVE_DECL_GETDELIM 1
| | #define HAVE_DECL_GETLINE 1
| | #define HAVE_GETOPT_H 1
| | #define HAVE_GETOPT_LONG_ONLY 1
| | #define __GETOPT_PREFIX rpl_
| | #define HAVE_DECL_GETENV 1
| | #define HAVE_RAW_DECL_GETTIMEOFDAY 1
| | #define HAVE_UNSIGNED_LONG_LONG_INT 1
| | #define HAVE_LONG_LONG_INT 1
| | #define HAVE_RAW_DECL_IMAXABS 1
| | #define HAVE_RAW_DECL_IMAXDIV 1
| | #define HAVE_RAW_DECL_STRTOIMAX 1
| | #define HAVE_RAW_DECL_STRTOUMAX 1
| | #define HAVE_INTTYPES_H 1
| | #define HAVE_WINT_T 1
| | #define HAVE_TOWLOWER 1
| | #define HAVE_RAW_DECL_WCTYPE 1
| | #define HAVE_RAW_DECL_ISWCTYPE 1
| | #define HAVE_RAW_DECL_WCTRANS 1
| | #define HAVE_RAW_DECL_TOWCTRANS 1
| | #define HAVE_WCHAR_T 1
| | #define HAVE_STDLIB_H 1
| | #define MALLOC_0_IS_NONNULL 1
| | #define HAVE_MAP_ANONYMOUS 1
| | #define HAVE_DECL_MEMRCHR 1
| | #define HAVE_DECL_ALARM 1
| | #define PROMOTED_MODE_T mode_t
| | #define HAVE__BOOL 1
| | #define HAVE_COMPOUND_LITERALS 1
| | #define HAVE_TM_GMTOFF 1
| | #define HAVE_DECL_SETENV 1
| | #define HAVE_SEARCH_H 1
| | #define HAVE_TSEARCH 1
| | #define HAVE_SIGSET_T 1
| | #define HAVE_DECL_SNPRINTF 1
| | #define HAVE_DECL_STRDUP 1
| | #define HAVE_RAW_DECL_FFSL 1
| | #define HAVE_RAW_DECL_FFSLL 1
| | #define HAVE_RAW_DECL_MEMMEM 1
| | #define HAVE_RAW_DECL_MEMPCPY 1
| | #define HAVE_RAW_DECL_MEMRCHR 1
| | #define HAVE_RAW_DECL_RAWMEMCHR 1
| | #define HAVE_RAW_DECL_STPCPY 1
| | #define HAVE_RAW_DECL_STPNCPY 1
| | #define HAVE_RAW_DECL_STRCHRNUL 1
| | #define HAVE_RAW_DECL_STRDUP 1
| | #define HAVE_RAW_DECL_STRNCAT 1
| | #define HAVE_RAW_DECL_STRNDUP 1
| | #define HAVE_RAW_DECL_STRNLEN 1
| | #define HAVE_RAW_DECL_STRPBRK 1
| | #define HAVE_RAW_DECL_STRSEP 1
| | #define HAVE_RAW_DECL_STRCASESTR 1
| | #define HAVE_RAW_DECL_STRTOK_R 1
| | #define HAVE_RAW_DECL_STRERROR_R 1
| | #define HAVE_RAW_DECL_STRSIGNAL 1
| | #define HAVE_RAW_DECL_STRVERSCMP 1
| | #define HAVE_RAW_DECL_FFS 1
| | #define HAVE_RAW_DECL_STRCASECMP 1
| | #define HAVE_RAW_DECL_STRNCASECMP 1
| | #define HAVE_DECL_STRNDUP 1
| | #define HAVE_DECL_STRNLEN 1
| | #define HAVE_DECL_STRTOIMAX 1
| | #define HAVE_DECL_STRTOUMAX 1
| | #define HAVE_DECL_TTYNAME_R 1
| | #define HAVE_DECL_UNSETENV 1
| | #define HAVE_WORKING_UTIMES 1
| | #define HAVE_STRUCT_UTIMBUF 1
| | #define HAVE_INTTYPES_H_WITH_UINTMAX 1
| | #define HAVE_STDINT_H_WITH_UINTMAX 1
| | #define HAVE_INTMAX_T 1
| | #define DBL_EXPBIT0_WORD 1
| | #define DBL_EXPBIT0_BIT 20
| | #define HAVE_SNPRINTF 1
| | #define HAVE_STRNLEN 1
| | #define HAVE_WCSLEN 1
| | #define HAVE_WCSNLEN 1
| | #define HAVE_MBRTOWC 1
| | #define HAVE_WCRTOMB 1
| | #define HAVE_DECL__SNPRINTF 0
| | #define HAVE_SNPRINTF_RETVAL_C99 1
| | #define HAVE_DECL_VSNPRINTF 1
| | #define HAVE_ALLOCA 1
| | #define GNULIB_AREADLINKAT 1
| | #define HAVE_DECL_PROGRAM_INVOCATION_NAME 1
| | #define HAVE_DECL_PROGRAM_INVOCATION_SHORT_NAME 1
| | #define HAVE_PROGRAM_INVOCATION_NAME 1
| | #define HAVE_PROGRAM_INVOCATION_SHORT_NAME 1
| | #define GNULIB_TEST_BTOWC 1
| | #define GNULIB_CANONICALIZE_LGPL 1
| | #define GNULIB_TEST_CANONICALIZE_FILE_NAME 1
| | #define GNULIB_TEST_REALPATH 1
| | #define GNULIB_TEST_CHDIR 1
| | #define GNULIB_TEST_CHOWN 1
| | #define HAVE_CLOCK_GETTIME 1
| | #define HAVE_CLOCK_SETTIME 1
| | #define GNULIB_TEST_CLOEXEC 1
| | #define GNULIB_TEST_CLOSE 1
| | #define GNULIB_CLOSE_STREAM 1
| | #define HAVE_CLOSEDIR 1
| | #define GNULIB_TEST_CLOSEDIR 1
| | #define D_INO_IN_DIRENT 1
| | #define HAVE_RAW_DECL_ALPHASORT 1
| | #define HAVE_RAW_DECL_CLOSEDIR 1
| | #define HAVE_RAW_DECL_DIRFD 1
| | #define HAVE_RAW_DECL_FDOPENDIR 1
| | #define HAVE_RAW_DECL_OPENDIR 1
| | #define HAVE_RAW_DECL_READDIR 1
| | #define HAVE_RAW_DECL_REWINDDIR 1
| | #define HAVE_RAW_DECL_SCANDIR 1
| | #define GNULIB_DIRENT_SAFER 1
| | #define HAVE_DIRFD 1
| | #define HAVE_DECL_DIRFD 1
| | #define GNULIB_TEST_DIRFD 1
| | #define GNULIB_DIRNAME 1
| | #define GNULIB_TEST_DUP 1
| | #define HAVE_DUP2 1
| | #define GNULIB_TEST_DUP2 1
| | #define GNULIB_TEST_ENVIRON 1
| | #define HAVE_EUIDACCESS 1
| | #define GNULIB_TEST_EUIDACCESS 1
| | #define GNULIB_FACCESSAT 1
| | #define GNULIB_TEST_FACCESSAT 1
| | #define GNULIB_TEST_FCHDIR 1
| | #define GNULIB_FCHMODAT 1
| | #define GNULIB_TEST_FCHMODAT 1
| | #define GNULIB_FCHOWNAT 1
| | #define GNULIB_TEST_FCHOWNAT 1
| | #define GNULIB_TEST_FCNTL 1
| | #define HAVE_RAW_DECL_FCNTL 1
| | #define HAVE_RAW_DECL_OPENAT 1
| | #define HAVE_DECL_FDOPENDIR 1
| | #define GNULIB_TEST_FDOPENDIR 1
| | #define GNULIB_FDOPENDIR 1
| | #define GNULIB_FDUTIMENSAT 1
| | #define HAVE_STRUCT_STAT_ST_BLOCKS 1
| | #define HAVE_ST_BLOCKS 1
| | #define HAVE_DECL___FPENDING 1
| | #define GNULIB_TEST_FSEEK 1
| | #define GNULIB_TEST_FSEEKO 1
| | #define GNULIB_TEST_FSTAT 1
| | #define GNULIB_TEST_FSTATAT 1
| | #define GNULIB_TEST_FUTIMENS 1
| | #define HAVE_GETPAGESIZE 1
| | #define HAVE_MINIMALLY_WORKING_GETCWD 1
| | #define GNULIB_GETCWD 1
| | #define GNULIB_TEST_GETCWD 1
| | #define GNULIB_TEST_GETCWD 1
| | #define GNULIB_TEST_GETDELIM 1
| | #define GNULIB_TEST_GETDTABLESIZE 1
| | #define HAVE_GETGROUPS 1
| | #define GNULIB_TEST_GETGROUPS 1
| | #define GNULIB_TEST_GETLINE 1
| | #define GNULIB_TEST_GETOPT_GNU 1
| | #define __GETOPT_PREFIX rpl_
| | #define HAVE_GETPAGESIZE 1
| | #define GNULIB_TEST_GETPAGESIZE 1
| | #define GETTIMEOFDAY_TIMEZONE struct timezone
| | #define GNULIB_TEST_GETTIMEOFDAY 1
| | #define GNULIB_TEST_GROUP_MEMBER 1
| | #define GNULIB_TEST_ISATTY 1
| | #define HAVE_DECL_ISWBLANK 1
| | #define GNULIB_TEST_ISWBLANK 1
| | #define HAVE_RAW_DECL_NL_LANGINFO 1
| | #define HAVE_LCHOWN 1
| | #define GNULIB_TEST_LCHOWN 1
| | #define GNULIB_TEST_LINK 1
| | #define LINK_FOLLOWS_SYMLINKS 0
| | #define LINKAT_TRAILING_SLASH_BUG 0
| | #define GNULIB_TEST_LINKAT 1
| | #define HAVE_RAW_DECL_SETLOCALE 1
| | #define HAVE_RAW_DECL_DUPLOCALE 1
| | #define GNULIB_TEST_LOCALECONV 1
| | #define GNULIB_TEST_LSEEK 1
| | #define GNULIB_TEST_LSTAT 1
| | #define HAVE_STDLIB_H 1
| | #define HAVE_MALLOC_GNU 1
| | #define GNULIB_MALLOC_GNU 1
| | #define HAVE_MALLOC_POSIX 1
| | #define GNULIB_TEST_MALLOC_POSIX 1
| | #define GNULIB_TEST_MBRTOWC 1
| | #define GNULIB_TEST_MBSCASECMP 1
| | #define GNULIB_TEST_MBSINIT 1
| | #define GNULIB_TEST_MBSRTOWCS 1
| | #define GNULIB_TEST_MBTOWC 1
| | #define GNULIB_TEST_MEMCHR 1
| | #define HAVE_MEMPCPY 1
| | #define GNULIB_TEST_MEMPCPY 1
| | #define HAVE_MEMRCHR 1
| | #define GNULIB_TEST_MEMRCHR 1
| | #define GNULIB_TEST_MKDIRAT 1
| | #define HAVE_MKDTEMP 1
| | #define GNULIB_TEST_MKDTEMP 1
| | #define GNULIB_TEST_MKFIFO 1
| | #define GNULIB_TEST_MKFIFOAT 1
| | #define GNULIB_TEST_MKNODAT 1
| | #define MKNOD_FIFO_BUG 1
| | #define GNULIB_TEST_MKNOD 1
| | #define GNULIB_TEST_MKTIME 1
| | #define FUNC_NL_LANGINFO_YESEXPR_WORKS 1
| | #define GNULIB_TEST_NL_LANGINFO 1
| | #define HAVE_OBSTACK 1
| | #define GNULIB_TEST_OPEN 1
| | #define GNULIB_OPENAT 1
| | #define GNULIB_TEST_OPENAT 1
| | #define HAVE_OPENDIR 1
| | #define GNULIB_TEST_OPENDIR 1
| | #define HAVE_STRUCT_TM_TM_ZONE 1
| | #define HAVE_TM_ZONE 1
| | #define TIME_T_FITS_IN_LONG_INT 1
| | #define GNULIB_TEST_POSIX_OPENPT 1
| | #define HAVE_DECL_PROGRAM_INVOCATION_NAME 1
| | #define HAVE_DECL_PROGRAM_INVOCATION_SHORT_NAME 1
| | #define HAVE_PTSNAME 1
| | #define GNULIB_TEST_PTSNAME 1
| | #define GNULIB_TEST_PTSNAME_R 1
| | #define USE_ACL 0
| | #define HAVE_RAISE 1
| | #define GNULIB_TEST_RAISE 1
| | #define HAVE_RAWMEMCHR 1
| | #define GNULIB_TEST_RAWMEMCHR 1
| | #define GNULIB_TEST_READ 1
| | #define HAVE_READDIR 1
| | #define GNULIB_TEST_READDIR 1
| | #define GNULIB_TEST_READLINK 1
| | #define GNULIB_TEST_READLINKAT 1
| | #define HAVE_REALLOC_POSIX 1
| | #define GNULIB_TEST_REALLOC_POSIX 1
| | #define _REGEX_INCLUDE_LIMITS_H 1
| | #define _REGEX_LARGE_OFFSETS 1
| | #define re_syntax_options rpl_re_syntax_options
| | #define re_set_syntax rpl_re_set_syntax
| | #define re_compile_pattern rpl_re_compile_pattern
| | #define re_compile_fastmap rpl_re_compile_fastmap
| | #define re_search rpl_re_search
| | #define re_search_2 rpl_re_search_2
| | #define re_match rpl_re_match
| | #define re_match_2 rpl_re_match_2
| | #define re_set_registers rpl_re_set_registers
| | #define re_comp rpl_re_comp
| | #define re_exec rpl_re_exec
| | #define regcomp rpl_regcomp
| | #define regexec rpl_regexec
| | #define regerror rpl_regerror
| | #define regfree rpl_regfree
| | #define HAVE_LIBINTL_H 1
| | #define HAVE_DECL_ISBLANK 1
| | #define GNULIB_TEST_RENAME 1
| | #define GNULIB_TEST_RENAMEAT 1
| | #define HAVE_REWINDDIR 1
| | #define GNULIB_TEST_REWINDDIR 1
| | #define GNULIB_TEST_RMDIR 1
| | #define HAVE_RPMATCH 1
| | #define GNULIB_TEST_RPMATCH 1
| | #define GNULIB_TEST_SECURE_GETENV 1
| | /* end confdefs.h.  */
| | #include <selinux/flask.h>
| configure:27993: result: no
| configure:27993: checking for selinux/flask.h
| configure:27993: result: no
| configure:28184: checking whether setenv validates arguments
| configure:28228: gcc -std=gnu99 -o conftest -g -O2   conftest.c  >&5
| configure:28228: $? = 0
| configure:28228: ./conftest
| configure:28228: $? = 0
| configure:28238: result: yes
| configure:28352: checking for volatile sig_atomic_t
| configure:28352: gcc -std=gnu99 -c -g -O2  conftest.c >&5
| configure:28352: $? = 0
| configure:28352: gcc -std=gnu99 -c -g -O2  conftest.c >&5
| conftest.c: In function 'main':
| conftest.c:443:36: error: expected expression before ')' token
| configure:28352: $? = 1
| configure: failed program was:
| | /* confdefs.h */
| | #define PACKAGE_NAME "GNU tar"
| | #define PACKAGE_TARNAME "tar"
| | #define PACKAGE_VERSION "1.28"
| | #define PACKAGE_STRING "GNU tar 1.28"
| | #define PACKAGE_BUGREPORT "bug-tar@gnu.org"
| | #define PACKAGE_URL "http://www.gnu.org/software/tar/"
| | #define PACKAGE "tar"
| | #define VERSION "1.28"
| | #define STDC_HEADERS 1
| | #define HAVE_SYS_TYPES_H 1
| | #define HAVE_SYS_STAT_H 1
| | #define HAVE_STDLIB_H 1
| | #define HAVE_STRING_H 1
| | #define HAVE_MEMORY_H 1
| | #define HAVE_STRINGS_H 1
| | #define HAVE_INTTYPES_H 1
| | #define HAVE_STDINT_H 1
| | #define HAVE_UNISTD_H 1
| | #define __EXTENSIONS__ 1
| | #define _ALL_SOURCE 1
| | #define _DARWIN_C_SOURCE 1
| | #define _GNU_SOURCE 1
| | #define _POSIX_PTHREAD_SEMANTICS 1
| | #define _TANDEM_SOURCE 1
| | #define HAVE_FSEEKO 1
| | #define _DARWIN_USE_64_BIT_INODE 1
| | #define _DARWIN_USE_64_BIT_INODE 1
| | #define HAVE_FCNTL_H 1
| | #define HAVE_LINUX_FD_H 1
| | #define HAVE_MEMORY_H 1
| | #define HAVE_SGTTY_H 1
| | #define HAVE_STRING_H 1
| | #define HAVE_SYS_PARAM_H 1
| | #define HAVE_SYS_MTIO_H 1
| | #define HAVE_SYS_TIME_H 1
| | #define HAVE_UNISTD_H 1
| | #define HAVE_LOCALE_H 1
| | #define HAVE_FEATURES_H 1
| | #define HAVE_SYS_SOCKET_H 1
| | #define HAVE_DIRENT_H 1
| | #define HAVE_WCTYPE_H 1
| | #define HAVE_STDIO_EXT_H 1
| | #define HAVE_SYS_STAT_H 1
| | #define HAVE_GETOPT_H 1
| | #define HAVE_WCHAR_H 1
| | #define HAVE_STDINT_H 1
| | #define HAVE_INTTYPES_H 1
| | #define HAVE_LANGINFO_H 1
| | #define HAVE_XLOCALE_H 1
| | #define HAVE_SYS_MMAN_H 1
| | #define HAVE_MALLOC_H 1
| | #define HAVE_STRINGS_H 1
| | #define HAVE_SYSEXITS_H 1
| | #define HAVE_UTIME_H 1
| | #define HAVE_NETDB_H 1
| | #define HAVE_SYS_WAIT_H 1
| | #define HAVE_PWD_H 1
| | #define HAVE_GRP_H 1
| | #define major_t int
| | #define minor_t int
| | #define HAVE_ALLOCA_H 1
| | #define HAVE_ALLOCA 1
| | #define restrict __restrict
| | #define HAVE_DECL_CLEARERR_UNLOCKED 1
| | #define HAVE_DECL_FEOF_UNLOCKED 1
| | #define HAVE_DECL_FERROR_UNLOCKED 1
| | #define HAVE_DECL_FFLUSH_UNLOCKED 1
| | #define HAVE_DECL_FGETS_UNLOCKED 1
| | #define HAVE_DECL_FPUTC_UNLOCKED 1
| | #define HAVE_DECL_FPUTS_UNLOCKED 1
| | #define HAVE_DECL_FREAD_UNLOCKED 1
| | #define HAVE_DECL_FWRITE_UNLOCKED 1
| | #define HAVE_DECL_GETC_UNLOCKED 1
| | #define HAVE_DECL_GETCHAR_UNLOCKED 1
| | #define HAVE_DECL_PUTC_UNLOCKED 1
| | #define HAVE_DECL_PUTCHAR_UNLOCKED 1
| | #define HAVE_FLOCKFILE 1
| | #define HAVE_FUNLOCKFILE 1
| | #define HAVE_PATHCONF 1
| | #define HAVE_BTOWC 1
| | #define HAVE_CANONICALIZE_FILE_NAME 1
| | #define HAVE_GETCWD 1
| | #define HAVE_READLINK 1
| | #define HAVE_REALPATH 1
| | #define HAVE_READLINKAT 1
| | #define HAVE_CHOWN 1
| | #define HAVE_FCHOWN 1
| | #define HAVE_FCHDIR 1
| | #define HAVE_FDOPENDIR 1
| | #define HAVE_FACCESSAT 1
| | #define HAVE_FCHMODAT 1
| | #define HAVE_FCNTL 1
| | #define HAVE_SYMLINK 1
| | #define HAVE_MEMPCPY 1
| | #define HAVE_ISBLANK 1
| | #define HAVE_ISWCTYPE 1
| | #define HAVE_MBSRTOWCS 1
| | #define HAVE_WMEMCHR 1
| | #define HAVE_WMEMCPY 1
| | #define HAVE_WMEMPCPY 1
| | #define HAVE_FSTATAT 1
| | #define HAVE_FUTIMENS 1
| | #define HAVE_GETDELIM 1
| | #define HAVE_GETDTABLESIZE 1
| | #define HAVE_GETTIMEOFDAY 1
| | #define HAVE_ISWCNTRL 1
| | #define HAVE_ISWBLANK 1
| | #define HAVE_LINK 1
| | #define HAVE_OPENAT 1
| | #define HAVE_LINKAT 1
| | #define HAVE_LSTAT 1
| | #define HAVE_MBSINIT 1
| | #define HAVE_MBRTOWC 1
| | #define HAVE_MPROTECT 1
| | #define HAVE_MKDIRAT 1
| | #define HAVE_MKFIFO 1
| | #define HAVE_MKFIFOAT 1
| | #define HAVE_MKNODAT 1
| | #define HAVE_MKNOD 1
| | #define HAVE_NL_LANGINFO 1
| | #define HAVE_POSIX_OPENPT 1
| | #define HAVE_PTSNAME_R 1
| | #define HAVE_FCHMOD 1
| | #define HAVE_RENAMEAT 1
| | #define HAVE_SECURE_GETENV 1
| | #define HAVE_SETENV 1
| | #define HAVE_SLEEP 1
| | #define HAVE_SNPRINTF 1
| | #define HAVE_STRDUP 1
| | #define HAVE_TZSET 1
| | #define HAVE_STRNDUP 1
| | #define HAVE_STRTOIMAX 1
| | #define HAVE_STRTOUMAX 1
| | #define HAVE_SYMLINKAT 1
| | #define HAVE_LOCALTIME_R 1
| | #define HAVE_PIPE 1
| | #define HAVE_UNLINKAT 1
| | #define HAVE_FUTIMES 1
| | #define HAVE_FUTIMESAT 1
| | #define HAVE_UTIMENSAT 1
| | #define HAVE_LUTIMES 1
| | #define HAVE_WCRTOMB 1
| | #define HAVE_WCWIDTH 1
| | #define HAVE_SETLOCALE 1
| | #define HAVE_FSYNC 1
| | #define HAVE_GRANTPT 1
| | #define D_INO_IN_DIRENT 1
| | #define HAVE_LONG_FILE_NAMES 1
| | #define HAVE_LANGINFO_CODESET 1
| | #define FUNC_REALPATH_WORKS 1
| | #define HAVE_UNISTD_H 1
| | #define HAVE_CHOWN 1
| | #define HAVE_ENVIRON_DECL 1
| | #define HAVE_DECL_STRERROR_R 1
| | #define HAVE_STRERROR_R 1
| | #define STRERROR_R_CHAR_P 1
| | #define GETGROUPS_T gid_t
| | #define HAVE_DECL_FCHDIR 1
| | #define HAVE_WORKING_O_NOATIME 1
| | #define HAVE_WORKING_O_NOFOLLOW 1
| | #define HAVE_MBSTATE_T 1
| | #define HAVE_DECL_FSEEKO 1
| | #define HAVE_RAW_DECL_FCHMODAT 1
| | #define HAVE_RAW_DECL_FSTAT 1
| | #define HAVE_RAW_DECL_FSTATAT 1
| | #define HAVE_RAW_DECL_FUTIMENS 1
| | #define HAVE_RAW_DECL_LCHMOD 1
| | #define HAVE_RAW_DECL_LSTAT 1
| | #define HAVE_RAW_DECL_MKDIRAT 1
| | #define HAVE_RAW_DECL_MKFIFO 1
| | #define HAVE_RAW_DECL_MKFIFOAT 1
| | #define HAVE_RAW_DECL_MKNOD 1
| | #define HAVE_RAW_DECL_MKNODAT 1
| | #define HAVE_RAW_DECL_STAT 1
| | #define HAVE_RAW_DECL_UTIMENSAT 1
| | #define LSTAT_FOLLOWS_SLASHED_SYMLINK 1
| | #define HAVE_DECL_GETCWD 1
| | #define HAVE_DECL_GETDELIM 1
| | #define HAVE_DECL_GETLINE 1
| | #define HAVE_GETOPT_H 1
| | #define HAVE_GETOPT_LONG_ONLY 1
| | #define __GETOPT_PREFIX rpl_
| | #define HAVE_DECL_GETENV 1
| | #define HAVE_RAW_DECL_GETTIMEOFDAY 1
| | #define HAVE_UNSIGNED_LONG_LONG_INT 1
| | #define HAVE_LONG_LONG_INT 1
| | #define HAVE_RAW_DECL_IMAXABS 1
| | #define HAVE_RAW_DECL_IMAXDIV 1
| | #define HAVE_RAW_DECL_STRTOIMAX 1
| | #define HAVE_RAW_DECL_STRTOUMAX 1
| | #define HAVE_INTTYPES_H 1
| | #define HAVE_WINT_T 1
| | #define HAVE_TOWLOWER 1
| | #define HAVE_RAW_DECL_WCTYPE 1
| | #define HAVE_RAW_DECL_ISWCTYPE 1
| | #define HAVE_RAW_DECL_WCTRANS 1
| | #define HAVE_RAW_DECL_TOWCTRANS 1
| | #define HAVE_WCHAR_T 1
| | #define HAVE_STDLIB_H 1
| | #define MALLOC_0_IS_NONNULL 1
| | #define HAVE_MAP_ANONYMOUS 1
| | #define HAVE_DECL_MEMRCHR 1
| | #define HAVE_DECL_ALARM 1
| | #define PROMOTED_MODE_T mode_t
| | #define HAVE__BOOL 1
| | #define HAVE_COMPOUND_LITERALS 1
| | #define HAVE_TM_GMTOFF 1
| | #define HAVE_DECL_SETENV 1
| | #define HAVE_SEARCH_H 1
| | #define HAVE_TSEARCH 1
| | #define HAVE_SIGSET_T 1
| | #define HAVE_DECL_SNPRINTF 1
| | #define HAVE_DECL_STRDUP 1
| | #define HAVE_RAW_DECL_FFSL 1
| | #define HAVE_RAW_DECL_FFSLL 1
| | #define HAVE_RAW_DECL_MEMMEM 1
| | #define HAVE_RAW_DECL_MEMPCPY 1
| | #define HAVE_RAW_DECL_MEMRCHR 1
| | #define HAVE_RAW_DECL_RAWMEMCHR 1
| | #define HAVE_RAW_DECL_STPCPY 1
| | #define HAVE_RAW_DECL_STPNCPY 1
| | #define HAVE_RAW_DECL_STRCHRNUL 1
| | #define HAVE_RAW_DECL_STRDUP 1
| | #define HAVE_RAW_DECL_STRNCAT 1
| | #define HAVE_RAW_DECL_STRNDUP 1
| | #define HAVE_RAW_DECL_STRNLEN 1
| | #define HAVE_RAW_DECL_STRPBRK 1
| | #define HAVE_RAW_DECL_STRSEP 1
| | #define HAVE_RAW_DECL_STRCASESTR 1
| | #define HAVE_RAW_DECL_STRTOK_R 1
| | #define HAVE_RAW_DECL_STRERROR_R 1
| | #define HAVE_RAW_DECL_STRSIGNAL 1
| | #define HAVE_RAW_DECL_STRVERSCMP 1
| | #define HAVE_RAW_DECL_FFS 1
| | #define HAVE_RAW_DECL_STRCASECMP 1
| | #define HAVE_RAW_DECL_STRNCASECMP 1
| | #define HAVE_DECL_STRNDUP 1
| | #define HAVE_DECL_STRNLEN 1
| | #define HAVE_DECL_STRTOIMAX 1
| | #define HAVE_DECL_STRTOUMAX 1
| | #define HAVE_DECL_TTYNAME_R 1
| | #define HAVE_DECL_UNSETENV 1
| | #define HAVE_WORKING_UTIMES 1
| | #define HAVE_STRUCT_UTIMBUF 1
| | #define HAVE_INTTYPES_H_WITH_UINTMAX 1
| | #define HAVE_STDINT_H_WITH_UINTMAX 1
| | #define HAVE_INTMAX_T 1
| | #define DBL_EXPBIT0_WORD 1
| | #define DBL_EXPBIT0_BIT 20
| | #define HAVE_SNPRINTF 1
| | #define HAVE_STRNLEN 1
| | #define HAVE_WCSLEN 1
| | #define HAVE_WCSNLEN 1
| | #define HAVE_MBRTOWC 1
| | #define HAVE_WCRTOMB 1
| | #define HAVE_DECL__SNPRINTF 0
| | #define HAVE_SNPRINTF_RETVAL_C99 1
| | #define HAVE_DECL_VSNPRINTF 1
| | #define HAVE_ALLOCA 1
| | #define GNULIB_AREADLINKAT 1
| | #define HAVE_DECL_PROGRAM_INVOCATION_NAME 1
| | #define HAVE_DECL_PROGRAM_INVOCATION_SHORT_NAME 1
| | #define HAVE_PROGRAM_INVOCATION_NAME 1
| | #define HAVE_PROGRAM_INVOCATION_SHORT_NAME 1
| | #define GNULIB_TEST_BTOWC 1
| | #define GNULIB_CANONICALIZE_LGPL 1
| | #define GNULIB_TEST_CANONICALIZE_FILE_NAME 1
| | #define GNULIB_TEST_REALPATH 1
| | #define GNULIB_TEST_CHDIR 1
| | #define GNULIB_TEST_CHOWN 1
| | #define HAVE_CLOCK_GETTIME 1
| | #define HAVE_CLOCK_SETTIME 1
| | #define GNULIB_TEST_CLOEXEC 1
| | #define GNULIB_TEST_CLOSE 1
| | #define GNULIB_CLOSE_STREAM 1
| | #define HAVE_CLOSEDIR 1
| | #define GNULIB_TEST_CLOSEDIR 1
| | #define D_INO_IN_DIRENT 1
| | #define HAVE_RAW_DECL_ALPHASORT 1
| | #define HAVE_RAW_DECL_CLOSEDIR 1
| | #define HAVE_RAW_DECL_DIRFD 1
| | #define HAVE_RAW_DECL_FDOPENDIR 1
| | #define HAVE_RAW_DECL_OPENDIR 1
| | #define HAVE_RAW_DECL_READDIR 1
| | #define HAVE_RAW_DECL_REWINDDIR 1
| | #define HAVE_RAW_DECL_SCANDIR 1
| | #define GNULIB_DIRENT_SAFER 1
| | #define HAVE_DIRFD 1
| | #define HAVE_DECL_DIRFD 1
| | #define GNULIB_TEST_DIRFD 1
| | #define GNULIB_DIRNAME 1
| | #define GNULIB_TEST_DUP 1
| | #define HAVE_DUP2 1
| | #define GNULIB_TEST_DUP2 1
| | #define GNULIB_TEST_ENVIRON 1
| | #define HAVE_EUIDACCESS 1
| | #define GNULIB_TEST_EUIDACCESS 1
| | #define GNULIB_FACCESSAT 1
| | #define GNULIB_TEST_FACCESSAT 1
| | #define GNULIB_TEST_FCHDIR 1
| | #define GNULIB_FCHMODAT 1
| | #define GNULIB_TEST_FCHMODAT 1
| | #define GNULIB_FCHOWNAT 1
| | #define GNULIB_TEST_FCHOWNAT 1
| | #define GNULIB_TEST_FCNTL 1
| | #define HAVE_RAW_DECL_FCNTL 1
| | #define HAVE_RAW_DECL_OPENAT 1
| | #define HAVE_DECL_FDOPENDIR 1
| | #define GNULIB_TEST_FDOPENDIR 1
| | #define GNULIB_FDOPENDIR 1
| | #define GNULIB_FDUTIMENSAT 1
| | #define HAVE_STRUCT_STAT_ST_BLOCKS 1
| | #define HAVE_ST_BLOCKS 1
| | #define HAVE_DECL___FPENDING 1
| | #define GNULIB_TEST_FSEEK 1
| | #define GNULIB_TEST_FSEEKO 1
| | #define GNULIB_TEST_FSTAT 1
| | #define GNULIB_TEST_FSTATAT 1
| | #define GNULIB_TEST_FUTIMENS 1
| | #define HAVE_GETPAGESIZE 1
| | #define HAVE_MINIMALLY_WORKING_GETCWD 1
| | #define GNULIB_GETCWD 1
| | #define GNULIB_TEST_GETCWD 1
| | #define GNULIB_TEST_GETCWD 1
| | #define GNULIB_TEST_GETDELIM 1
| | #define GNULIB_TEST_GETDTABLESIZE 1
| | #define HAVE_GETGROUPS 1
| | #define GNULIB_TEST_GETGROUPS 1
| | #define GNULIB_TEST_GETLINE 1
| | #define GNULIB_TEST_GETOPT_GNU 1
| | #define __GETOPT_PREFIX rpl_
| | #define HAVE_GETPAGESIZE 1
| | #define GNULIB_TEST_GETPAGESIZE 1
| | #define GETTIMEOFDAY_TIMEZONE struct timezone
| | #define GNULIB_TEST_GETTIMEOFDAY 1
| | #define GNULIB_TEST_GROUP_MEMBER 1
| | #define GNULIB_TEST_ISATTY 1
| | #define HAVE_DECL_ISWBLANK 1
| | #define GNULIB_TEST_ISWBLANK 1
| | #define HAVE_RAW_DECL_NL_LANGINFO 1
| | #define HAVE_LCHOWN 1
| | #define GNULIB_TEST_LCHOWN 1
| | #define GNULIB_TEST_LINK 1
| | #define LINK_FOLLOWS_SYMLINKS 0
| | #define LINKAT_TRAILING_SLASH_BUG 0
| | #define GNULIB_TEST_LINKAT 1
| | #define HAVE_RAW_DECL_SETLOCALE 1
| | #define HAVE_RAW_DECL_DUPLOCALE 1
| | #define GNULIB_TEST_LOCALECONV 1
| | #define GNULIB_TEST_LSEEK 1
| | #define GNULIB_TEST_LSTAT 1
| | #define HAVE_STDLIB_H 1
| | #define HAVE_MALLOC_GNU 1
| | #define GNULIB_MALLOC_GNU 1
| | #define HAVE_MALLOC_POSIX 1
| | #define GNULIB_TEST_MALLOC_POSIX 1
| | #define GNULIB_TEST_MBRTOWC 1
| | #define GNULIB_TEST_MBSCASECMP 1
| | #define GNULIB_TEST_MBSINIT 1
| | #define GNULIB_TEST_MBSRTOWCS 1
| | #define GNULIB_TEST_MBTOWC 1
| | #define GNULIB_TEST_MEMCHR 1
| | #define HAVE_MEMPCPY 1
| | #define GNULIB_TEST_MEMPCPY 1
| | #define HAVE_MEMRCHR 1
| | #define GNULIB_TEST_MEMRCHR 1
| | #define GNULIB_TEST_MKDIRAT 1
| | #define HAVE_MKDTEMP 1
| | #define GNULIB_TEST_MKDTEMP 1
| | #define GNULIB_TEST_MKFIFO 1
| | #define GNULIB_TEST_MKFIFOAT 1
| | #define GNULIB_TEST_MKNODAT 1
| | #define MKNOD_FIFO_BUG 1
| | #define GNULIB_TEST_MKNOD 1
| | #define GNULIB_TEST_MKTIME 1
| | #define FUNC_NL_LANGINFO_YESEXPR_WORKS 1
| | #define GNULIB_TEST_NL_LANGINFO 1
| | #define HAVE_OBSTACK 1
| | #define GNULIB_TEST_OPEN 1
| | #define GNULIB_OPENAT 1
| | #define GNULIB_TEST_OPENAT 1
| | #define HAVE_OPENDIR 1
| | #define GNULIB_TEST_OPENDIR 1
| | #define HAVE_STRUCT_TM_TM_ZONE 1
| | #define HAVE_TM_ZONE 1
| | #define TIME_T_FITS_IN_LONG_INT 1
| | #define GNULIB_TEST_POSIX_OPENPT 1
| | #define HAVE_DECL_PROGRAM_INVOCATION_NAME 1
| | #define HAVE_DECL_PROGRAM_INVOCATION_SHORT_NAME 1
| | #define HAVE_PTSNAME 1
| | #define GNULIB_TEST_PTSNAME 1
| | #define GNULIB_TEST_PTSNAME_R 1
| | #define USE_ACL 0
| | #define HAVE_RAISE 1
| | #define GNULIB_TEST_RAISE 1
| | #define HAVE_RAWMEMCHR 1
| | #define GNULIB_TEST_RAWMEMCHR 1
| | #define GNULIB_TEST_READ 1
| | #define HAVE_READDIR 1
| | #define GNULIB_TEST_READDIR 1
| | #define GNULIB_TEST_READLINK 1
| | #define GNULIB_TEST_READLINKAT 1
| | #define HAVE_REALLOC_POSIX 1
| | #define GNULIB_TEST_REALLOC_POSIX 1
| | #define _REGEX_INCLUDE_LIMITS_H 1
| | #define _REGEX_LARGE_OFFSETS 1
| | #define re_syntax_options rpl_re_syntax_options
| | #define re_set_syntax rpl_re_set_syntax
| | #define re_compile_pattern rpl_re_compile_pattern
| | #define re_compile_fastmap rpl_re_compile_fastmap
| | #define re_search rpl_re_search
| | #define re_search_2 rpl_re_search_2
| | #define re_match rpl_re_match
| | #define re_match_2 rpl_re_match_2
| | #define re_set_registers rpl_re_set_registers
| | #define re_comp rpl_re_comp
| | #define re_exec rpl_re_exec
| | #define regcomp rpl_regcomp
| | #define regexec rpl_regexec
| | #define regerror rpl_regerror
| | #define regfree rpl_regfree
| | #define HAVE_LIBINTL_H 1
| | #define HAVE_DECL_ISBLANK 1
| | #define GNULIB_TEST_RENAME 1
| | #define GNULIB_TEST_RENAMEAT 1
| | #define HAVE_REWINDDIR 1
| | #define GNULIB_TEST_REWINDDIR 1
| | #define GNULIB_TEST_RMDIR 1
| | #define HAVE_RPMATCH 1
| | #define GNULIB_TEST_RPMATCH 1
| | #define GNULIB_TEST_SECURE_GETENV 1
| | #define HAVE_SELINUX_SELINUX_H 0
| | #define GNULIB_TEST_SETENV 1
| | /* end confdefs.h.  */
| | 
| | #include <signal.h>
| | 
| | 
| | int
| | main ()
| | {
| | if (sizeof ((volatile sig_atomic_t)))
| | 	    return 0;
| |   ;
| |   return 0;
| | }
| configure:28352: result: yes
| configure:28368: checking for sighandler_t
| configure:28368: gcc -std=gnu99 -c -g -O2  conftest.c >&5
| configure:28368: $? = 0
| configure:28368: gcc -std=gnu99 -c -g -O2  conftest.c >&5
| conftest.c: In function 'main':
| conftest.c:443:27: error: expected expression before ')' token
| configure:28368: $? = 1
| configure: failed program was:
| | /* confdefs.h */
| | #define PACKAGE_NAME "GNU tar"
| | #define PACKAGE_TARNAME "tar"
| | #define PACKAGE_VERSION "1.28"
| | #define PACKAGE_STRING "GNU tar 1.28"
| | #define PACKAGE_BUGREPORT "bug-tar@gnu.org"
| | #define PACKAGE_URL "http://www.gnu.org/software/tar/"
| | #define PACKAGE "tar"
| | #define VERSION "1.28"
| | #define STDC_HEADERS 1
| | #define HAVE_SYS_TYPES_H 1
| | #define HAVE_SYS_STAT_H 1
| | #define HAVE_STDLIB_H 1
| | #define HAVE_STRING_H 1
| | #define HAVE_MEMORY_H 1
| | #define HAVE_STRINGS_H 1
| | #define HAVE_INTTYPES_H 1
| | #define HAVE_STDINT_H 1
| | #define HAVE_UNISTD_H 1
| | #define __EXTENSIONS__ 1
| | #define _ALL_SOURCE 1
| | #define _DARWIN_C_SOURCE 1
| | #define _GNU_SOURCE 1
| | #define _POSIX_PTHREAD_SEMANTICS 1
| | #define _TANDEM_SOURCE 1
| | #define HAVE_FSEEKO 1
| | #define _DARWIN_USE_64_BIT_INODE 1
| | #define _DARWIN_USE_64_BIT_INODE 1
| | #define HAVE_FCNTL_H 1
| | #define HAVE_LINUX_FD_H 1
| | #define HAVE_MEMORY_H 1
| | #define HAVE_SGTTY_H 1
| | #define HAVE_STRING_H 1
| | #define HAVE_SYS_PARAM_H 1
| | #define HAVE_SYS_MTIO_H 1
| | #define HAVE_SYS_TIME_H 1
| | #define HAVE_UNISTD_H 1
| | #define HAVE_LOCALE_H 1
| | #define HAVE_FEATURES_H 1
| | #define HAVE_SYS_SOCKET_H 1
| | #define HAVE_DIRENT_H 1
| | #define HAVE_WCTYPE_H 1
| | #define HAVE_STDIO_EXT_H 1
| | #define HAVE_SYS_STAT_H 1
| | #define HAVE_GETOPT_H 1
| | #define HAVE_WCHAR_H 1
| | #define HAVE_STDINT_H 1
| | #define HAVE_INTTYPES_H 1
| | #define HAVE_LANGINFO_H 1
| | #define HAVE_XLOCALE_H 1
| | #define HAVE_SYS_MMAN_H 1
| | #define HAVE_MALLOC_H 1
| | #define HAVE_STRINGS_H 1
| | #define HAVE_SYSEXITS_H 1
| | #define HAVE_UTIME_H 1
| | #define HAVE_NETDB_H 1
| | #define HAVE_SYS_WAIT_H 1
| | #define HAVE_PWD_H 1
| | #define HAVE_GRP_H 1
| | #define major_t int
| | #define minor_t int
| | #define HAVE_ALLOCA_H 1
| | #define HAVE_ALLOCA 1
| | #define restrict __restrict
| | #define HAVE_DECL_CLEARERR_UNLOCKED 1
| | #define HAVE_DECL_FEOF_UNLOCKED 1
| | #define HAVE_DECL_FERROR_UNLOCKED 1
| | #define HAVE_DECL_FFLUSH_UNLOCKED 1
| | #define HAVE_DECL_FGETS_UNLOCKED 1
| | #define HAVE_DECL_FPUTC_UNLOCKED 1
| | #define HAVE_DECL_FPUTS_UNLOCKED 1
| | #define HAVE_DECL_FREAD_UNLOCKED 1
| | #define HAVE_DECL_FWRITE_UNLOCKED 1
| | #define HAVE_DECL_GETC_UNLOCKED 1
| | #define HAVE_DECL_GETCHAR_UNLOCKED 1
| | #define HAVE_DECL_PUTC_UNLOCKED 1
| | #define HAVE_DECL_PUTCHAR_UNLOCKED 1
| | #define HAVE_FLOCKFILE 1
| | #define HAVE_FUNLOCKFILE 1
| | #define HAVE_PATHCONF 1
| | #define HAVE_BTOWC 1
| | #define HAVE_CANONICALIZE_FILE_NAME 1
| | #define HAVE_GETCWD 1
| | #define HAVE_READLINK 1
| | #define HAVE_REALPATH 1
| | #define HAVE_READLINKAT 1
| | #define HAVE_CHOWN 1
| | #define HAVE_FCHOWN 1
| | #define HAVE_FCHDIR 1
| | #define HAVE_FDOPENDIR 1
| | #define HAVE_FACCESSAT 1
| | #define HAVE_FCHMODAT 1
| | #define HAVE_FCNTL 1
| | #define HAVE_SYMLINK 1
| | #define HAVE_MEMPCPY 1
| | #define HAVE_ISBLANK 1
| | #define HAVE_ISWCTYPE 1
| | #define HAVE_MBSRTOWCS 1
| | #define HAVE_WMEMCHR 1
| | #define HAVE_WMEMCPY 1
| | #define HAVE_WMEMPCPY 1
| | #define HAVE_FSTATAT 1
| | #define HAVE_FUTIMENS 1
| | #define HAVE_GETDELIM 1
| | #define HAVE_GETDTABLESIZE 1
| | #define HAVE_GETTIMEOFDAY 1
| | #define HAVE_ISWCNTRL 1
| | #define HAVE_ISWBLANK 1
| | #define HAVE_LINK 1
| | #define HAVE_OPENAT 1
| | #define HAVE_LINKAT 1
| | #define HAVE_LSTAT 1
| | #define HAVE_MBSINIT 1
| | #define HAVE_MBRTOWC 1
| | #define HAVE_MPROTECT 1
| | #define HAVE_MKDIRAT 1
| | #define HAVE_MKFIFO 1
| | #define HAVE_MKFIFOAT 1
| | #define HAVE_MKNODAT 1
| | #define HAVE_MKNOD 1
| | #define HAVE_NL_LANGINFO 1
| | #define HAVE_POSIX_OPENPT 1
| | #define HAVE_PTSNAME_R 1
| | #define HAVE_FCHMOD 1
| | #define HAVE_RENAMEAT 1
| | #define HAVE_SECURE_GETENV 1
| | #define HAVE_SETENV 1
| | #define HAVE_SLEEP 1
| | #define HAVE_SNPRINTF 1
| | #define HAVE_STRDUP 1
| | #define HAVE_TZSET 1
| | #define HAVE_STRNDUP 1
| | #define HAVE_STRTOIMAX 1
| | #define HAVE_STRTOUMAX 1
| | #define HAVE_SYMLINKAT 1
| | #define HAVE_LOCALTIME_R 1
| | #define HAVE_PIPE 1
| | #define HAVE_UNLINKAT 1
| | #define HAVE_FUTIMES 1
| | #define HAVE_FUTIMESAT 1
| | #define HAVE_UTIMENSAT 1
| | #define HAVE_LUTIMES 1
| | #define HAVE_WCRTOMB 1
| | #define HAVE_WCWIDTH 1
| | #define HAVE_SETLOCALE 1
| | #define HAVE_FSYNC 1
| | #define HAVE_GRANTPT 1
| | #define D_INO_IN_DIRENT 1
| | #define HAVE_LONG_FILE_NAMES 1
| | #define HAVE_LANGINFO_CODESET 1
| | #define FUNC_REALPATH_WORKS 1
| | #define HAVE_UNISTD_H 1
| | #define HAVE_CHOWN 1
| | #define HAVE_ENVIRON_DECL 1
| | #define HAVE_DECL_STRERROR_R 1
| | #define HAVE_STRERROR_R 1
| | #define STRERROR_R_CHAR_P 1
| | #define GETGROUPS_T gid_t
| | #define HAVE_DECL_FCHDIR 1
| | #define HAVE_WORKING_O_NOATIME 1
| | #define HAVE_WORKING_O_NOFOLLOW 1
| | #define HAVE_MBSTATE_T 1
| | #define HAVE_DECL_FSEEKO 1
| | #define HAVE_RAW_DECL_FCHMODAT 1
| | #define HAVE_RAW_DECL_FSTAT 1
| | #define HAVE_RAW_DECL_FSTATAT 1
| | #define HAVE_RAW_DECL_FUTIMENS 1
| | #define HAVE_RAW_DECL_LCHMOD 1
| | #define HAVE_RAW_DECL_LSTAT 1
| | #define HAVE_RAW_DECL_MKDIRAT 1
| | #define HAVE_RAW_DECL_MKFIFO 1
| | #define HAVE_RAW_DECL_MKFIFOAT 1
| | #define HAVE_RAW_DECL_MKNOD 1
| | #define HAVE_RAW_DECL_MKNODAT 1
| | #define HAVE_RAW_DECL_STAT 1
| | #define HAVE_RAW_DECL_UTIMENSAT 1
| | #define LSTAT_FOLLOWS_SLASHED_SYMLINK 1
| | #define HAVE_DECL_GETCWD 1
| | #define HAVE_DECL_GETDELIM 1
| | #define HAVE_DECL_GETLINE 1
| | #define HAVE_GETOPT_H 1
| | #define HAVE_GETOPT_LONG_ONLY 1
| | #define __GETOPT_PREFIX rpl_
| | #define HAVE_DECL_GETENV 1
| | #define HAVE_RAW_DECL_GETTIMEOFDAY 1
| | #define HAVE_UNSIGNED_LONG_LONG_INT 1
| | #define HAVE_LONG_LONG_INT 1
| | #define HAVE_RAW_DECL_IMAXABS 1
| | #define HAVE_RAW_DECL_IMAXDIV 1
| | #define HAVE_RAW_DECL_STRTOIMAX 1
| | #define HAVE_RAW_DECL_STRTOUMAX 1
| | #define HAVE_INTTYPES_H 1
| | #define HAVE_WINT_T 1
| | #define HAVE_TOWLOWER 1
| | #define HAVE_RAW_DECL_WCTYPE 1
| | #define HAVE_RAW_DECL_ISWCTYPE 1
| | #define HAVE_RAW_DECL_WCTRANS 1
| | #define HAVE_RAW_DECL_TOWCTRANS 1
| | #define HAVE_WCHAR_T 1
| | #define HAVE_STDLIB_H 1
| | #define MALLOC_0_IS_NONNULL 1
| | #define HAVE_MAP_ANONYMOUS 1
| | #define HAVE_DECL_MEMRCHR 1
| | #define HAVE_DECL_ALARM 1
| | #define PROMOTED_MODE_T mode_t
| | #define HAVE__BOOL 1
| | #define HAVE_COMPOUND_LITERALS 1
| | #define HAVE_TM_GMTOFF 1
| | #define HAVE_DECL_SETENV 1
| | #define HAVE_SEARCH_H 1
| | #define HAVE_TSEARCH 1
| | #define HAVE_SIGSET_T 1
| | #define HAVE_DECL_SNPRINTF 1
| | #define HAVE_DECL_STRDUP 1
| | #define HAVE_RAW_DECL_FFSL 1
| | #define HAVE_RAW_DECL_FFSLL 1
| | #define HAVE_RAW_DECL_MEMMEM 1
| | #define HAVE_RAW_DECL_MEMPCPY 1
| | #define HAVE_RAW_DECL_MEMRCHR 1
| | #define HAVE_RAW_DECL_RAWMEMCHR 1
| | #define HAVE_RAW_DECL_STPCPY 1
| | #define HAVE_RAW_DECL_STPNCPY 1
| | #define HAVE_RAW_DECL_STRCHRNUL 1
| | #define HAVE_RAW_DECL_STRDUP 1
| | #define HAVE_RAW_DECL_STRNCAT 1
| | #define HAVE_RAW_DECL_STRNDUP 1
| | #define HAVE_RAW_DECL_STRNLEN 1
| | #define HAVE_RAW_DECL_STRPBRK 1
| | #define HAVE_RAW_DECL_STRSEP 1
| | #define HAVE_RAW_DECL_STRCASESTR 1
| | #define HAVE_RAW_DECL_STRTOK_R 1
| | #define HAVE_RAW_DECL_STRERROR_R 1
| | #define HAVE_RAW_DECL_STRSIGNAL 1
| | #define HAVE_RAW_DECL_STRVERSCMP 1
| | #define HAVE_RAW_DECL_FFS 1
| | #define HAVE_RAW_DECL_STRCASECMP 1
| | #define HAVE_RAW_DECL_STRNCASECMP 1
| | #define HAVE_DECL_STRNDUP 1
| | #define HAVE_DECL_STRNLEN 1
| | #define HAVE_DECL_STRTOIMAX 1
| | #define HAVE_DECL_STRTOUMAX 1
| | #define HAVE_DECL_TTYNAME_R 1
| | #define HAVE_DECL_UNSETENV 1
| | #define HAVE_WORKING_UTIMES 1
| | #define HAVE_STRUCT_UTIMBUF 1
| | #define HAVE_INTTYPES_H_WITH_UINTMAX 1
| | #define HAVE_STDINT_H_WITH_UINTMAX 1
| | #define HAVE_INTMAX_T 1
| | #define DBL_EXPBIT0_WORD 1
| | #define DBL_EXPBIT0_BIT 20
| | #define HAVE_SNPRINTF 1
| | #define HAVE_STRNLEN 1
| | #define HAVE_WCSLEN 1
| | #define HAVE_WCSNLEN 1
| | #define HAVE_MBRTOWC 1
| | #define HAVE_WCRTOMB 1
| | #define HAVE_DECL__SNPRINTF 0
| | #define HAVE_SNPRINTF_RETVAL_C99 1
| | #define HAVE_DECL_VSNPRINTF 1
| | #define HAVE_ALLOCA 1
| | #define GNULIB_AREADLINKAT 1
| | #define HAVE_DECL_PROGRAM_INVOCATION_NAME 1
| | #define HAVE_DECL_PROGRAM_INVOCATION_SHORT_NAME 1
| | #define HAVE_PROGRAM_INVOCATION_NAME 1
| | #define HAVE_PROGRAM_INVOCATION_SHORT_NAME 1
| | #define GNULIB_TEST_BTOWC 1
| | #define GNULIB_CANONICALIZE_LGPL 1
| | #define GNULIB_TEST_CANONICALIZE_FILE_NAME 1
| | #define GNULIB_TEST_REALPATH 1
| | #define GNULIB_TEST_CHDIR 1
| | #define GNULIB_TEST_CHOWN 1
| | #define HAVE_CLOCK_GETTIME 1
| | #define HAVE_CLOCK_SETTIME 1
| | #define GNULIB_TEST_CLOEXEC 1
| | #define GNULIB_TEST_CLOSE 1
| | #define GNULIB_CLOSE_STREAM 1
| | #define HAVE_CLOSEDIR 1
| | #define GNULIB_TEST_CLOSEDIR 1
| | #define D_INO_IN_DIRENT 1
| | #define HAVE_RAW_DECL_ALPHASORT 1
| | #define HAVE_RAW_DECL_CLOSEDIR 1
| | #define HAVE_RAW_DECL_DIRFD 1
| | #define HAVE_RAW_DECL_FDOPENDIR 1
| | #define HAVE_RAW_DECL_OPENDIR 1
| | #define HAVE_RAW_DECL_READDIR 1
| | #define HAVE_RAW_DECL_REWINDDIR 1
| | #define HAVE_RAW_DECL_SCANDIR 1
| | #define GNULIB_DIRENT_SAFER 1
| | #define HAVE_DIRFD 1
| | #define HAVE_DECL_DIRFD 1
| | #define GNULIB_TEST_DIRFD 1
| | #define GNULIB_DIRNAME 1
| | #define GNULIB_TEST_DUP 1
| | #define HAVE_DUP2 1
| | #define GNULIB_TEST_DUP2 1
| | #define GNULIB_TEST_ENVIRON 1
| | #define HAVE_EUIDACCESS 1
| | #define GNULIB_TEST_EUIDACCESS 1
| | #define GNULIB_FACCESSAT 1
| | #define GNULIB_TEST_FACCESSAT 1
| | #define GNULIB_TEST_FCHDIR 1
| | #define GNULIB_FCHMODAT 1
| | #define GNULIB_TEST_FCHMODAT 1
| | #define GNULIB_FCHOWNAT 1
| | #define GNULIB_TEST_FCHOWNAT 1
| | #define GNULIB_TEST_FCNTL 1
| | #define HAVE_RAW_DECL_FCNTL 1
| | #define HAVE_RAW_DECL_OPENAT 1
| | #define HAVE_DECL_FDOPENDIR 1
| | #define GNULIB_TEST_FDOPENDIR 1
| | #define GNULIB_FDOPENDIR 1
| | #define GNULIB_FDUTIMENSAT 1
| | #define HAVE_STRUCT_STAT_ST_BLOCKS 1
| | #define HAVE_ST_BLOCKS 1
| | #define HAVE_DECL___FPENDING 1
| | #define GNULIB_TEST_FSEEK 1
| | #define GNULIB_TEST_FSEEKO 1
| | #define GNULIB_TEST_FSTAT 1
| | #define GNULIB_TEST_FSTATAT 1
| | #define GNULIB_TEST_FUTIMENS 1
| | #define HAVE_GETPAGESIZE 1
| | #define HAVE_MINIMALLY_WORKING_GETCWD 1
| | #define GNULIB_GETCWD 1
| | #define GNULIB_TEST_GETCWD 1
| | #define GNULIB_TEST_GETCWD 1
| | #define GNULIB_TEST_GETDELIM 1
| | #define GNULIB_TEST_GETDTABLESIZE 1
| | #define HAVE_GETGROUPS 1
| | #define GNULIB_TEST_GETGROUPS 1
| | #define GNULIB_TEST_GETLINE 1
| | #define GNULIB_TEST_GETOPT_GNU 1
| | #define __GETOPT_PREFIX rpl_
| | #define HAVE_GETPAGESIZE 1
| | #define GNULIB_TEST_GETPAGESIZE 1
| | #define GETTIMEOFDAY_TIMEZONE struct timezone
| | #define GNULIB_TEST_GETTIMEOFDAY 1
| | #define GNULIB_TEST_GROUP_MEMBER 1
| | #define GNULIB_TEST_ISATTY 1
| | #define HAVE_DECL_ISWBLANK 1
| | #define GNULIB_TEST_ISWBLANK 1
| | #define HAVE_RAW_DECL_NL_LANGINFO 1
| | #define HAVE_LCHOWN 1
| | #define GNULIB_TEST_LCHOWN 1
| | #define GNULIB_TEST_LINK 1
| | #define LINK_FOLLOWS_SYMLINKS 0
| | #define LINKAT_TRAILING_SLASH_BUG 0
| | #define GNULIB_TEST_LINKAT 1
| | #define HAVE_RAW_DECL_SETLOCALE 1
| | #define HAVE_RAW_DECL_DUPLOCALE 1
| | #define GNULIB_TEST_LOCALECONV 1
| | #define GNULIB_TEST_LSEEK 1
| | #define GNULIB_TEST_LSTAT 1
| | #define HAVE_STDLIB_H 1
| | #define HAVE_MALLOC_GNU 1
| | #define GNULIB_MALLOC_GNU 1
| | #define HAVE_MALLOC_POSIX 1
| | #define GNULIB_TEST_MALLOC_POSIX 1
| | #define GNULIB_TEST_MBRTOWC 1
| | #define GNULIB_TEST_MBSCASECMP 1
| | #define GNULIB_TEST_MBSINIT 1
| | #define GNULIB_TEST_MBSRTOWCS 1
| | #define GNULIB_TEST_MBTOWC 1
| | #define GNULIB_TEST_MEMCHR 1
| | #define HAVE_MEMPCPY 1
| | #define GNULIB_TEST_MEMPCPY 1
| | #define HAVE_MEMRCHR 1
| | #define GNULIB_TEST_MEMRCHR 1
| | #define GNULIB_TEST_MKDIRAT 1
| | #define HAVE_MKDTEMP 1
| | #define GNULIB_TEST_MKDTEMP 1
| | #define GNULIB_TEST_MKFIFO 1
| | #define GNULIB_TEST_MKFIFOAT 1
| | #define GNULIB_TEST_MKNODAT 1
| | #define MKNOD_FIFO_BUG 1
| | #define GNULIB_TEST_MKNOD 1
| | #define GNULIB_TEST_MKTIME 1
| | #define FUNC_NL_LANGINFO_YESEXPR_WORKS 1
| | #define GNULIB_TEST_NL_LANGINFO 1
| | #define HAVE_OBSTACK 1
| | #define GNULIB_TEST_OPEN 1
| | #define GNULIB_OPENAT 1
| | #define GNULIB_TEST_OPENAT 1
| | #define HAVE_OPENDIR 1
| | #define GNULIB_TEST_OPENDIR 1
| | #define HAVE_STRUCT_TM_TM_ZONE 1
| | #define HAVE_TM_ZONE 1
| | #define TIME_T_FITS_IN_LONG_INT 1
| | #define GNULIB_TEST_POSIX_OPENPT 1
| | #define HAVE_DECL_PROGRAM_INVOCATION_NAME 1
| | #define HAVE_DECL_PROGRAM_INVOCATION_SHORT_NAME 1
| | #define HAVE_PTSNAME 1
| | #define GNULIB_TEST_PTSNAME 1
| | #define GNULIB_TEST_PTSNAME_R 1
| | #define USE_ACL 0
| | #define HAVE_RAISE 1
| | #define GNULIB_TEST_RAISE 1
| | #define HAVE_RAWMEMCHR 1
| | #define GNULIB_TEST_RAWMEMCHR 1
| | #define GNULIB_TEST_READ 1
| | #define HAVE_READDIR 1
| | #define GNULIB_TEST_READDIR 1
| | #define GNULIB_TEST_READLINK 1
| | #define GNULIB_TEST_READLINKAT 1
| | #define HAVE_REALLOC_POSIX 1
| | #define GNULIB_TEST_REALLOC_POSIX 1
| | #define _REGEX_INCLUDE_LIMITS_H 1
| | #define _REGEX_LARGE_OFFSETS 1
| | #define re_syntax_options rpl_re_syntax_options
| | #define re_set_syntax rpl_re_set_syntax
| | #define re_compile_pattern rpl_re_compile_pattern
| | #define re_compile_fastmap rpl_re_compile_fastmap
| | #define re_search rpl_re_search
| | #define re_search_2 rpl_re_search_2
| | #define re_match rpl_re_match
| | #define re_match_2 rpl_re_match_2
| | #define re_set_registers rpl_re_set_registers
| | #define re_comp rpl_re_comp
| | #define re_exec rpl_re_exec
| | #define regcomp rpl_regcomp
| | #define regexec rpl_regexec
| | #define regerror rpl_regerror
| | #define regfree rpl_regfree
| | #define HAVE_LIBINTL_H 1
| | #define HAVE_DECL_ISBLANK 1
| | #define GNULIB_TEST_RENAME 1
| | #define GNULIB_TEST_RENAMEAT 1
| | #define HAVE_REWINDDIR 1
| | #define GNULIB_TEST_REWINDDIR 1
| | #define GNULIB_TEST_RMDIR 1
| | #define HAVE_RPMATCH 1
| | #define GNULIB_TEST_RPMATCH 1
| | #define GNULIB_TEST_SECURE_GETENV 1
| | #define HAVE_SELINUX_SELINUX_H 0
| | #define GNULIB_TEST_SETENV 1
| | /* end confdefs.h.  */
| | 
| | #include <signal.h>
| | 
| | 
| | int
| | main ()
| | {
| | if (sizeof ((sighandler_t)))
| | 	    return 0;
| |   ;
| |   return 0;
| | }
| configure:28368: result: yes
| configure:28382: checking whether pthread_sigmask is declared without a macro
| configure:28400: gcc -std=gnu99 -c -g -O2  conftest.c >&5
| configure:28400: $? = 0
| configure:28408: result: yes
| configure:28382: checking whether sigaction is declared without a macro
| configure:28400: gcc -std=gnu99 -c -g -O2  conftest.c >&5
| configure:28400: $? = 0
| configure:28408: result: yes
| configure:28382: checking whether sigaddset is declared without a macro
| configure:28400: gcc -std=gnu99 -c -g -O2  conftest.c >&5
| configure:28400: $? = 0
| configure:28408: result: yes
| configure:28382: checking whether sigdelset is declared without a macro
| configure:28400: gcc -std=gnu99 -c -g -O2  conftest.c >&5
| configure:28400: $? = 0
| configure:28408: result: yes
| configure:28382: checking whether sigemptyset is declared without a macro
| configure:28400: gcc -std=gnu99 -c -g -O2  conftest.c >&5
| configure:28400: $? = 0
| configure:28408: result: yes
| configure:28382: checking whether sigfillset is declared without a macro
| configure:28400: gcc -std=gnu99 -c -g -O2  conftest.c >&5
| configure:28400: $? = 0
| configure:28408: result: yes
| configure:28382: checking whether sigismember is declared without a macro
| configure:28400: gcc -std=gnu99 -c -g -O2  conftest.c >&5
| configure:28400: $? = 0
| configure:28408: result: yes
| configure:28382: checking whether sigpending is declared without a macro
| configure:28400: gcc -std=gnu99 -c -g -O2  conftest.c >&5
| configure:28400: $? = 0
| configure:28408: result: yes
| configure:28382: checking whether sigprocmask is declared without a macro
| configure:28400: gcc -std=gnu99 -c -g -O2  conftest.c >&5
| configure:28400: $? = 0
| configure:28408: result: yes
| configure:28423: checking for stdint.h
| configure:28423: result: yes
| configure:28433: checking for SIZE_MAX
| configure:28504: result: yes
| configure:28517: checking whether sleep is declared
| configure:28517: gcc -std=gnu99 -c -g -O2  conftest.c >&5
| configure:28517: $? = 0
| configure:28517: result: yes
| configure:28533: checking for working sleep
| configure:28581: gcc -std=gnu99 -o conftest -g -O2   conftest.c  >&5
| configure:28581: $? = 0
| configure:28581: ./conftest
| configure:28581: $? = 0
| configure:28591: result: yes
| configure:28633: checking for snprintf
| configure:28633: result: yes
| configure:28646: checking whether snprintf respects a size of 1
| configure:28680: gcc -std=gnu99 -o conftest -g -O2   conftest.c  >&5
| configure:28680: $? = 0
| configure:28680: ./conftest
| configure:28680: $? = 0
| configure:28691: result: yes
| configure:28701: checking whether printf supports POSIX/XSI format strings with positions
| configure:28733: gcc -std=gnu99 -o conftest -g -O2   conftest.c  >&5
| configure:28733: $? = 0
| configure:28733: ./conftest
| configure:28733: $? = 0
| configure:28744: result: yes
| configure:28804: checking for ssize_t
| configure:28828: result: yes
| configure:28839: checking whether stat handles trailing slashes on directories
| configure:28862: gcc -std=gnu99 -o conftest -g -O2   conftest.c  >&5
| configure:28862: $? = 0
| configure:28862: ./conftest
| configure:28862: $? = 0
| configure:28872: result: yes
| configure:28874: checking whether stat handles trailing slashes on files
| configure:28914: gcc -std=gnu99 -o conftest -g -O2   conftest.c  >&5
| configure:28914: $? = 0
| configure:28914: ./conftest
| configure:28914: $? = 0
| configure:28925: result: yes
| configure:28972: checking for struct stat.st_atim.tv_nsec
| configure:28972: gcc -std=gnu99 -c -g -O2  conftest.c >&5
| configure:28972: $? = 0
| configure:28972: result: yes
| configure:28981: checking whether struct stat.st_atim is of type struct timespec
| configure:29008: gcc -std=gnu99 -c -g -O2  conftest.c >&5
| configure:29008: $? = 0
| configure:29015: result: yes
| configure:29067: checking for struct stat.st_birthtimespec.tv_nsec
| configure:29067: gcc -std=gnu99 -c -g -O2  conftest.c >&5
| conftest.c: In function 'main':
| conftest.c:461:12: error: 'struct stat' has no member named 'st_birthtimespec'
| configure:29067: $? = 1
| configure: failed program was:
| | /* confdefs.h */
| | #define PACKAGE_NAME "GNU tar"
| | #define PACKAGE_TARNAME "tar"
| | #define PACKAGE_VERSION "1.28"
| | #define PACKAGE_STRING "GNU tar 1.28"
| | #define PACKAGE_BUGREPORT "bug-tar@gnu.org"
| | #define PACKAGE_URL "http://www.gnu.org/software/tar/"
| | #define PACKAGE "tar"
| | #define VERSION "1.28"
| | #define STDC_HEADERS 1
| | #define HAVE_SYS_TYPES_H 1
| | #define HAVE_SYS_STAT_H 1
| | #define HAVE_STDLIB_H 1
| | #define HAVE_STRING_H 1
| | #define HAVE_MEMORY_H 1
| | #define HAVE_STRINGS_H 1
| | #define HAVE_INTTYPES_H 1
| | #define HAVE_STDINT_H 1
| | #define HAVE_UNISTD_H 1
| | #define __EXTENSIONS__ 1
| | #define _ALL_SOURCE 1
| | #define _DARWIN_C_SOURCE 1
| | #define _GNU_SOURCE 1
| | #define _POSIX_PTHREAD_SEMANTICS 1
| | #define _TANDEM_SOURCE 1
| | #define HAVE_FSEEKO 1
| | #define _DARWIN_USE_64_BIT_INODE 1
| | #define _DARWIN_USE_64_BIT_INODE 1
| | #define HAVE_FCNTL_H 1
| | #define HAVE_LINUX_FD_H 1
| | #define HAVE_MEMORY_H 1
| | #define HAVE_SGTTY_H 1
| | #define HAVE_STRING_H 1
| | #define HAVE_SYS_PARAM_H 1
| | #define HAVE_SYS_MTIO_H 1
| | #define HAVE_SYS_TIME_H 1
| | #define HAVE_UNISTD_H 1
| | #define HAVE_LOCALE_H 1
| | #define HAVE_FEATURES_H 1
| | #define HAVE_SYS_SOCKET_H 1
| | #define HAVE_DIRENT_H 1
| | #define HAVE_WCTYPE_H 1
| | #define HAVE_STDIO_EXT_H 1
| | #define HAVE_SYS_STAT_H 1
| | #define HAVE_GETOPT_H 1
| | #define HAVE_WCHAR_H 1
| | #define HAVE_STDINT_H 1
| | #define HAVE_INTTYPES_H 1
| | #define HAVE_LANGINFO_H 1
| | #define HAVE_XLOCALE_H 1
| | #define HAVE_SYS_MMAN_H 1
| | #define HAVE_MALLOC_H 1
| | #define HAVE_STRINGS_H 1
| | #define HAVE_SYSEXITS_H 1
| | #define HAVE_UTIME_H 1
| | #define HAVE_NETDB_H 1
| | #define HAVE_SYS_WAIT_H 1
| | #define HAVE_PWD_H 1
| | #define HAVE_GRP_H 1
| | #define major_t int
| | #define minor_t int
| | #define HAVE_ALLOCA_H 1
| | #define HAVE_ALLOCA 1
| | #define restrict __restrict
| | #define HAVE_DECL_CLEARERR_UNLOCKED 1
| | #define HAVE_DECL_FEOF_UNLOCKED 1
| | #define HAVE_DECL_FERROR_UNLOCKED 1
| | #define HAVE_DECL_FFLUSH_UNLOCKED 1
| | #define HAVE_DECL_FGETS_UNLOCKED 1
| | #define HAVE_DECL_FPUTC_UNLOCKED 1
| | #define HAVE_DECL_FPUTS_UNLOCKED 1
| | #define HAVE_DECL_FREAD_UNLOCKED 1
| | #define HAVE_DECL_FWRITE_UNLOCKED 1
| | #define HAVE_DECL_GETC_UNLOCKED 1
| | #define HAVE_DECL_GETCHAR_UNLOCKED 1
| | #define HAVE_DECL_PUTC_UNLOCKED 1
| | #define HAVE_DECL_PUTCHAR_UNLOCKED 1
| | #define HAVE_FLOCKFILE 1
| | #define HAVE_FUNLOCKFILE 1
| | #define HAVE_PATHCONF 1
| | #define HAVE_BTOWC 1
| | #define HAVE_CANONICALIZE_FILE_NAME 1
| | #define HAVE_GETCWD 1
| | #define HAVE_READLINK 1
| | #define HAVE_REALPATH 1
| | #define HAVE_READLINKAT 1
| | #define HAVE_CHOWN 1
| | #define HAVE_FCHOWN 1
| | #define HAVE_FCHDIR 1
| | #define HAVE_FDOPENDIR 1
| | #define HAVE_FACCESSAT 1
| | #define HAVE_FCHMODAT 1
| | #define HAVE_FCNTL 1
| | #define HAVE_SYMLINK 1
| | #define HAVE_MEMPCPY 1
| | #define HAVE_ISBLANK 1
| | #define HAVE_ISWCTYPE 1
| | #define HAVE_MBSRTOWCS 1
| | #define HAVE_WMEMCHR 1
| | #define HAVE_WMEMCPY 1
| | #define HAVE_WMEMPCPY 1
| | #define HAVE_FSTATAT 1
| | #define HAVE_FUTIMENS 1
| | #define HAVE_GETDELIM 1
| | #define HAVE_GETDTABLESIZE 1
| | #define HAVE_GETTIMEOFDAY 1
| | #define HAVE_ISWCNTRL 1
| | #define HAVE_ISWBLANK 1
| | #define HAVE_LINK 1
| | #define HAVE_OPENAT 1
| | #define HAVE_LINKAT 1
| | #define HAVE_LSTAT 1
| | #define HAVE_MBSINIT 1
| | #define HAVE_MBRTOWC 1
| | #define HAVE_MPROTECT 1
| | #define HAVE_MKDIRAT 1
| | #define HAVE_MKFIFO 1
| | #define HAVE_MKFIFOAT 1
| | #define HAVE_MKNODAT 1
| | #define HAVE_MKNOD 1
| | #define HAVE_NL_LANGINFO 1
| | #define HAVE_POSIX_OPENPT 1
| | #define HAVE_PTSNAME_R 1
| | #define HAVE_FCHMOD 1
| | #define HAVE_RENAMEAT 1
| | #define HAVE_SECURE_GETENV 1
| | #define HAVE_SETENV 1
| | #define HAVE_SLEEP 1
| | #define HAVE_SNPRINTF 1
| | #define HAVE_STRDUP 1
| | #define HAVE_TZSET 1
| | #define HAVE_STRNDUP 1
| | #define HAVE_STRTOIMAX 1
| | #define HAVE_STRTOUMAX 1
| | #define HAVE_SYMLINKAT 1
| | #define HAVE_LOCALTIME_R 1
| | #define HAVE_PIPE 1
| | #define HAVE_UNLINKAT 1
| | #define HAVE_FUTIMES 1
| | #define HAVE_FUTIMESAT 1
| | #define HAVE_UTIMENSAT 1
| | #define HAVE_LUTIMES 1
| | #define HAVE_WCRTOMB 1
| | #define HAVE_WCWIDTH 1
| | #define HAVE_SETLOCALE 1
| | #define HAVE_FSYNC 1
| | #define HAVE_GRANTPT 1
| | #define D_INO_IN_DIRENT 1
| | #define HAVE_LONG_FILE_NAMES 1
| | #define HAVE_LANGINFO_CODESET 1
| | #define FUNC_REALPATH_WORKS 1
| | #define HAVE_UNISTD_H 1
| | #define HAVE_CHOWN 1
| | #define HAVE_ENVIRON_DECL 1
| | #define HAVE_DECL_STRERROR_R 1
| | #define HAVE_STRERROR_R 1
| | #define STRERROR_R_CHAR_P 1
| | #define GETGROUPS_T gid_t
| | #define HAVE_DECL_FCHDIR 1
| | #define HAVE_WORKING_O_NOATIME 1
| | #define HAVE_WORKING_O_NOFOLLOW 1
| | #define HAVE_MBSTATE_T 1
| | #define HAVE_DECL_FSEEKO 1
| | #define HAVE_RAW_DECL_FCHMODAT 1
| | #define HAVE_RAW_DECL_FSTAT 1
| | #define HAVE_RAW_DECL_FSTATAT 1
| | #define HAVE_RAW_DECL_FUTIMENS 1
| | #define HAVE_RAW_DECL_LCHMOD 1
| | #define HAVE_RAW_DECL_LSTAT 1
| | #define HAVE_RAW_DECL_MKDIRAT 1
| | #define HAVE_RAW_DECL_MKFIFO 1
| | #define HAVE_RAW_DECL_MKFIFOAT 1
| | #define HAVE_RAW_DECL_MKNOD 1
| | #define HAVE_RAW_DECL_MKNODAT 1
| | #define HAVE_RAW_DECL_STAT 1
| | #define HAVE_RAW_DECL_UTIMENSAT 1
| | #define LSTAT_FOLLOWS_SLASHED_SYMLINK 1
| | #define HAVE_DECL_GETCWD 1
| | #define HAVE_DECL_GETDELIM 1
| | #define HAVE_DECL_GETLINE 1
| | #define HAVE_GETOPT_H 1
| | #define HAVE_GETOPT_LONG_ONLY 1
| | #define __GETOPT_PREFIX rpl_
| | #define HAVE_DECL_GETENV 1
| | #define HAVE_RAW_DECL_GETTIMEOFDAY 1
| | #define HAVE_UNSIGNED_LONG_LONG_INT 1
| | #define HAVE_LONG_LONG_INT 1
| | #define HAVE_RAW_DECL_IMAXABS 1
| | #define HAVE_RAW_DECL_IMAXDIV 1
| | #define HAVE_RAW_DECL_STRTOIMAX 1
| | #define HAVE_RAW_DECL_STRTOUMAX 1
| | #define HAVE_INTTYPES_H 1
| | #define HAVE_WINT_T 1
| | #define HAVE_TOWLOWER 1
| | #define HAVE_RAW_DECL_WCTYPE 1
| | #define HAVE_RAW_DECL_ISWCTYPE 1
| | #define HAVE_RAW_DECL_WCTRANS 1
| | #define HAVE_RAW_DECL_TOWCTRANS 1
| | #define HAVE_WCHAR_T 1
| | #define HAVE_STDLIB_H 1
| | #define MALLOC_0_IS_NONNULL 1
| | #define HAVE_MAP_ANONYMOUS 1
| | #define HAVE_DECL_MEMRCHR 1
| | #define HAVE_DECL_ALARM 1
| | #define PROMOTED_MODE_T mode_t
| | #define HAVE__BOOL 1
| | #define HAVE_COMPOUND_LITERALS 1
| | #define HAVE_TM_GMTOFF 1
| | #define HAVE_DECL_SETENV 1
| | #define HAVE_SEARCH_H 1
| | #define HAVE_TSEARCH 1
| | #define HAVE_SIGSET_T 1
| | #define HAVE_DECL_SNPRINTF 1
| | #define HAVE_DECL_STRDUP 1
| | #define HAVE_RAW_DECL_FFSL 1
| | #define HAVE_RAW_DECL_FFSLL 1
| | #define HAVE_RAW_DECL_MEMMEM 1
| | #define HAVE_RAW_DECL_MEMPCPY 1
| | #define HAVE_RAW_DECL_MEMRCHR 1
| | #define HAVE_RAW_DECL_RAWMEMCHR 1
| | #define HAVE_RAW_DECL_STPCPY 1
| | #define HAVE_RAW_DECL_STPNCPY 1
| | #define HAVE_RAW_DECL_STRCHRNUL 1
| | #define HAVE_RAW_DECL_STRDUP 1
| | #define HAVE_RAW_DECL_STRNCAT 1
| | #define HAVE_RAW_DECL_STRNDUP 1
| | #define HAVE_RAW_DECL_STRNLEN 1
| | #define HAVE_RAW_DECL_STRPBRK 1
| | #define HAVE_RAW_DECL_STRSEP 1
| | #define HAVE_RAW_DECL_STRCASESTR 1
| | #define HAVE_RAW_DECL_STRTOK_R 1
| | #define HAVE_RAW_DECL_STRERROR_R 1
| | #define HAVE_RAW_DECL_STRSIGNAL 1
| | #define HAVE_RAW_DECL_STRVERSCMP 1
| | #define HAVE_RAW_DECL_FFS 1
| | #define HAVE_RAW_DECL_STRCASECMP 1
| | #define HAVE_RAW_DECL_STRNCASECMP 1
| | #define HAVE_DECL_STRNDUP 1
| | #define HAVE_DECL_STRNLEN 1
| | #define HAVE_DECL_STRTOIMAX 1
| | #define HAVE_DECL_STRTOUMAX 1
| | #define HAVE_DECL_TTYNAME_R 1
| | #define HAVE_DECL_UNSETENV 1
| | #define HAVE_WORKING_UTIMES 1
| | #define HAVE_STRUCT_UTIMBUF 1
| | #define HAVE_INTTYPES_H_WITH_UINTMAX 1
| | #define HAVE_STDINT_H_WITH_UINTMAX 1
| | #define HAVE_INTMAX_T 1
| | #define DBL_EXPBIT0_WORD 1
| | #define DBL_EXPBIT0_BIT 20
| | #define HAVE_SNPRINTF 1
| | #define HAVE_STRNLEN 1
| | #define HAVE_WCSLEN 1
| | #define HAVE_WCSNLEN 1
| | #define HAVE_MBRTOWC 1
| | #define HAVE_WCRTOMB 1
| | #define HAVE_DECL__SNPRINTF 0
| | #define HAVE_SNPRINTF_RETVAL_C99 1
| | #define HAVE_DECL_VSNPRINTF 1
| | #define HAVE_ALLOCA 1
| | #define GNULIB_AREADLINKAT 1
| | #define HAVE_DECL_PROGRAM_INVOCATION_NAME 1
| | #define HAVE_DECL_PROGRAM_INVOCATION_SHORT_NAME 1
| | #define HAVE_PROGRAM_INVOCATION_NAME 1
| | #define HAVE_PROGRAM_INVOCATION_SHORT_NAME 1
| | #define GNULIB_TEST_BTOWC 1
| | #define GNULIB_CANONICALIZE_LGPL 1
| | #define GNULIB_TEST_CANONICALIZE_FILE_NAME 1
| | #define GNULIB_TEST_REALPATH 1
| | #define GNULIB_TEST_CHDIR 1
| | #define GNULIB_TEST_CHOWN 1
| | #define HAVE_CLOCK_GETTIME 1
| | #define HAVE_CLOCK_SETTIME 1
| | #define GNULIB_TEST_CLOEXEC 1
| | #define GNULIB_TEST_CLOSE 1
| | #define GNULIB_CLOSE_STREAM 1
| | #define HAVE_CLOSEDIR 1
| | #define GNULIB_TEST_CLOSEDIR 1
| | #define D_INO_IN_DIRENT 1
| | #define HAVE_RAW_DECL_ALPHASORT 1
| | #define HAVE_RAW_DECL_CLOSEDIR 1
| | #define HAVE_RAW_DECL_DIRFD 1
| | #define HAVE_RAW_DECL_FDOPENDIR 1
| | #define HAVE_RAW_DECL_OPENDIR 1
| | #define HAVE_RAW_DECL_READDIR 1
| | #define HAVE_RAW_DECL_REWINDDIR 1
| | #define HAVE_RAW_DECL_SCANDIR 1
| | #define GNULIB_DIRENT_SAFER 1
| | #define HAVE_DIRFD 1
| | #define HAVE_DECL_DIRFD 1
| | #define GNULIB_TEST_DIRFD 1
| | #define GNULIB_DIRNAME 1
| | #define GNULIB_TEST_DUP 1
| | #define HAVE_DUP2 1
| | #define GNULIB_TEST_DUP2 1
| | #define GNULIB_TEST_ENVIRON 1
| | #define HAVE_EUIDACCESS 1
| | #define GNULIB_TEST_EUIDACCESS 1
| | #define GNULIB_FACCESSAT 1
| | #define GNULIB_TEST_FACCESSAT 1
| | #define GNULIB_TEST_FCHDIR 1
| | #define GNULIB_FCHMODAT 1
| | #define GNULIB_TEST_FCHMODAT 1
| | #define GNULIB_FCHOWNAT 1
| | #define GNULIB_TEST_FCHOWNAT 1
| | #define GNULIB_TEST_FCNTL 1
| | #define HAVE_RAW_DECL_FCNTL 1
| | #define HAVE_RAW_DECL_OPENAT 1
| | #define HAVE_DECL_FDOPENDIR 1
| | #define GNULIB_TEST_FDOPENDIR 1
| | #define GNULIB_FDOPENDIR 1
| | #define GNULIB_FDUTIMENSAT 1
| | #define HAVE_STRUCT_STAT_ST_BLOCKS 1
| | #define HAVE_ST_BLOCKS 1
| | #define HAVE_DECL___FPENDING 1
| | #define GNULIB_TEST_FSEEK 1
| | #define GNULIB_TEST_FSEEKO 1
| | #define GNULIB_TEST_FSTAT 1
| | #define GNULIB_TEST_FSTATAT 1
| | #define GNULIB_TEST_FUTIMENS 1
| | #define HAVE_GETPAGESIZE 1
| | #define HAVE_MINIMALLY_WORKING_GETCWD 1
| | #define GNULIB_GETCWD 1
| | #define GNULIB_TEST_GETCWD 1
| | #define GNULIB_TEST_GETCWD 1
| | #define GNULIB_TEST_GETDELIM 1
| | #define GNULIB_TEST_GETDTABLESIZE 1
| | #define HAVE_GETGROUPS 1
| | #define GNULIB_TEST_GETGROUPS 1
| | #define GNULIB_TEST_GETLINE 1
| | #define GNULIB_TEST_GETOPT_GNU 1
| | #define __GETOPT_PREFIX rpl_
| | #define HAVE_GETPAGESIZE 1
| | #define GNULIB_TEST_GETPAGESIZE 1
| | #define GETTIMEOFDAY_TIMEZONE struct timezone
| | #define GNULIB_TEST_GETTIMEOFDAY 1
| | #define GNULIB_TEST_GROUP_MEMBER 1
| | #define GNULIB_TEST_ISATTY 1
| | #define HAVE_DECL_ISWBLANK 1
| | #define GNULIB_TEST_ISWBLANK 1
| | #define HAVE_RAW_DECL_NL_LANGINFO 1
| | #define HAVE_LCHOWN 1
| | #define GNULIB_TEST_LCHOWN 1
| | #define GNULIB_TEST_LINK 1
| | #define LINK_FOLLOWS_SYMLINKS 0
| | #define LINKAT_TRAILING_SLASH_BUG 0
| | #define GNULIB_TEST_LINKAT 1
| | #define HAVE_RAW_DECL_SETLOCALE 1
| | #define HAVE_RAW_DECL_DUPLOCALE 1
| | #define GNULIB_TEST_LOCALECONV 1
| | #define GNULIB_TEST_LSEEK 1
| | #define GNULIB_TEST_LSTAT 1
| | #define HAVE_STDLIB_H 1
| | #define HAVE_MALLOC_GNU 1
| | #define GNULIB_MALLOC_GNU 1
| | #define HAVE_MALLOC_POSIX 1
| | #define GNULIB_TEST_MALLOC_POSIX 1
| | #define GNULIB_TEST_MBRTOWC 1
| | #define GNULIB_TEST_MBSCASECMP 1
| | #define GNULIB_TEST_MBSINIT 1
| | #define GNULIB_TEST_MBSRTOWCS 1
| | #define GNULIB_TEST_MBTOWC 1
| | #define GNULIB_TEST_MEMCHR 1
| | #define HAVE_MEMPCPY 1
| | #define GNULIB_TEST_MEMPCPY 1
| | #define HAVE_MEMRCHR 1
| | #define GNULIB_TEST_MEMRCHR 1
| | #define GNULIB_TEST_MKDIRAT 1
| | #define HAVE_MKDTEMP 1
| | #define GNULIB_TEST_MKDTEMP 1
| | #define GNULIB_TEST_MKFIFO 1
| | #define GNULIB_TEST_MKFIFOAT 1
| | #define GNULIB_TEST_MKNODAT 1
| | #define MKNOD_FIFO_BUG 1
| | #define GNULIB_TEST_MKNOD 1
| | #define GNULIB_TEST_MKTIME 1
| | #define FUNC_NL_LANGINFO_YESEXPR_WORKS 1
| | #define GNULIB_TEST_NL_LANGINFO 1
| | #define HAVE_OBSTACK 1
| | #define GNULIB_TEST_OPEN 1
| | #define GNULIB_OPENAT 1
| | #define GNULIB_TEST_OPENAT 1
| | #define HAVE_OPENDIR 1
| | #define GNULIB_TEST_OPENDIR 1
| | #define HAVE_STRUCT_TM_TM_ZONE 1
| | #define HAVE_TM_ZONE 1
| | #define TIME_T_FITS_IN_LONG_INT 1
| | #define GNULIB_TEST_POSIX_OPENPT 1
| | #define HAVE_DECL_PROGRAM_INVOCATION_NAME 1
| | #define HAVE_DECL_PROGRAM_INVOCATION_SHORT_NAME 1
| | #define HAVE_PTSNAME 1
| | #define GNULIB_TEST_PTSNAME 1
| | #define GNULIB_TEST_PTSNAME_R 1
| | #define USE_ACL 0
| | #define HAVE_RAISE 1
| | #define GNULIB_TEST_RAISE 1
| | #define HAVE_RAWMEMCHR 1
| | #define GNULIB_TEST_RAWMEMCHR 1
| | #define GNULIB_TEST_READ 1
| | #define HAVE_READDIR 1
| | #define GNULIB_TEST_READDIR 1
| | #define GNULIB_TEST_READLINK 1
| | #define GNULIB_TEST_READLINKAT 1
| | #define HAVE_REALLOC_POSIX 1
| | #define GNULIB_TEST_REALLOC_POSIX 1
| | #define _REGEX_INCLUDE_LIMITS_H 1
| | #define _REGEX_LARGE_OFFSETS 1
| | #define re_syntax_options rpl_re_syntax_options
| | #define re_set_syntax rpl_re_set_syntax
| | #define re_compile_pattern rpl_re_compile_pattern
| | #define re_compile_fastmap rpl_re_compile_fastmap
| | #define re_search rpl_re_search
| | #define re_search_2 rpl_re_search_2
| | #define re_match rpl_re_match
| | #define re_match_2 rpl_re_match_2
| | #define re_set_registers rpl_re_set_registers
| | #define re_comp rpl_re_comp
| | #define re_exec rpl_re_exec
| | #define regcomp rpl_regcomp
| | #define regexec rpl_regexec
| | #define regerror rpl_regerror
| | #define regfree rpl_regfree
| | #define HAVE_LIBINTL_H 1
| | #define HAVE_DECL_ISBLANK 1
| | #define GNULIB_TEST_RENAME 1
| | #define GNULIB_TEST_RENAMEAT 1
| | #define HAVE_REWINDDIR 1
| | #define GNULIB_TEST_REWINDDIR 1
| | #define GNULIB_TEST_RMDIR 1
| | #define HAVE_RPMATCH 1
| | #define GNULIB_TEST_RPMATCH 1
| | #define GNULIB_TEST_SECURE_GETENV 1
| | #define HAVE_SELINUX_SELINUX_H 0
| | #define GNULIB_TEST_SETENV 1
| | #define HAVE_RAW_DECL_PTHREAD_SIGMASK 1
| | #define HAVE_RAW_DECL_SIGACTION 1
| | #define HAVE_RAW_DECL_SIGADDSET 1
| | #define HAVE_RAW_DECL_SIGDELSET 1
| | #define HAVE_RAW_DECL_SIGEMPTYSET 1
| | #define HAVE_RAW_DECL_SIGFILLSET 1
| | #define HAVE_RAW_DECL_SIGISMEMBER 1
| | #define HAVE_RAW_DECL_SIGPENDING 1
| | #define HAVE_RAW_DECL_SIGPROCMASK 1
| | #define HAVE_STDINT_H 1
| | #define HAVE_DECL_SLEEP 1
| | #define GNULIB_TEST_SLEEP 1
| | #define HAVE_SNPRINTF 1
| | #define GNULIB_TEST_SNPRINTF 1
| | #define GNULIB_SNPRINTF 1
| | #define GNULIB_TEST_STAT 1
| | #define HAVE_STRUCT_STAT_ST_ATIM_TV_NSEC 1
| | #define TYPEOF_STRUCT_STAT_ST_ATIM_IS_STRUCT_TIMESPEC 1
| | /* end confdefs.h.  */
| | #include <sys/types.h>
| |      #include <sys/stat.h>
| | 
| | int
| | main ()
| | {
| | static struct stat ac_aggr;
| | if (ac_aggr.st_birthtimespec.tv_nsec)
| | return 0;
| |   ;
| |   return 0;
| | }
| configure:29067: gcc -std=gnu99 -c -g -O2  conftest.c >&5
| conftest.c: In function 'main':
| conftest.c:461:19: error: 'struct stat' has no member named 'st_birthtimespec'
| configure:29067: $? = 1
| configure: failed program was:
| | /* confdefs.h */
| | #define PACKAGE_NAME "GNU tar"
| | #define PACKAGE_TARNAME "tar"
| | #define PACKAGE_VERSION "1.28"
| | #define PACKAGE_STRING "GNU tar 1.28"
| | #define PACKAGE_BUGREPORT "bug-tar@gnu.org"
| | #define PACKAGE_URL "http://www.gnu.org/software/tar/"
| | #define PACKAGE "tar"
| | #define VERSION "1.28"
| | #define STDC_HEADERS 1
| | #define HAVE_SYS_TYPES_H 1
| | #define HAVE_SYS_STAT_H 1
| | #define HAVE_STDLIB_H 1
| | #define HAVE_STRING_H 1
| | #define HAVE_MEMORY_H 1
| | #define HAVE_STRINGS_H 1
| | #define HAVE_INTTYPES_H 1
| | #define HAVE_STDINT_H 1
| | #define HAVE_UNISTD_H 1
| | #define __EXTENSIONS__ 1
| | #define _ALL_SOURCE 1
| | #define _DARWIN_C_SOURCE 1
| | #define _GNU_SOURCE 1
| | #define _POSIX_PTHREAD_SEMANTICS 1
| | #define _TANDEM_SOURCE 1
| | #define HAVE_FSEEKO 1
| | #define _DARWIN_USE_64_BIT_INODE 1
| | #define _DARWIN_USE_64_BIT_INODE 1
| | #define HAVE_FCNTL_H 1
| | #define HAVE_LINUX_FD_H 1
| | #define HAVE_MEMORY_H 1
| | #define HAVE_SGTTY_H 1
| | #define HAVE_STRING_H 1
| | #define HAVE_SYS_PARAM_H 1
| | #define HAVE_SYS_MTIO_H 1
| | #define HAVE_SYS_TIME_H 1
| | #define HAVE_UNISTD_H 1
| | #define HAVE_LOCALE_H 1
| | #define HAVE_FEATURES_H 1
| | #define HAVE_SYS_SOCKET_H 1
| | #define HAVE_DIRENT_H 1
| | #define HAVE_WCTYPE_H 1
| | #define HAVE_STDIO_EXT_H 1
| | #define HAVE_SYS_STAT_H 1
| | #define HAVE_GETOPT_H 1
| | #define HAVE_WCHAR_H 1
| | #define HAVE_STDINT_H 1
| | #define HAVE_INTTYPES_H 1
| | #define HAVE_LANGINFO_H 1
| | #define HAVE_XLOCALE_H 1
| | #define HAVE_SYS_MMAN_H 1
| | #define HAVE_MALLOC_H 1
| | #define HAVE_STRINGS_H 1
| | #define HAVE_SYSEXITS_H 1
| | #define HAVE_UTIME_H 1
| | #define HAVE_NETDB_H 1
| | #define HAVE_SYS_WAIT_H 1
| | #define HAVE_PWD_H 1
| | #define HAVE_GRP_H 1
| | #define major_t int
| | #define minor_t int
| | #define HAVE_ALLOCA_H 1
| | #define HAVE_ALLOCA 1
| | #define restrict __restrict
| | #define HAVE_DECL_CLEARERR_UNLOCKED 1
| | #define HAVE_DECL_FEOF_UNLOCKED 1
| | #define HAVE_DECL_FERROR_UNLOCKED 1
| | #define HAVE_DECL_FFLUSH_UNLOCKED 1
| | #define HAVE_DECL_FGETS_UNLOCKED 1
| | #define HAVE_DECL_FPUTC_UNLOCKED 1
| | #define HAVE_DECL_FPUTS_UNLOCKED 1
| | #define HAVE_DECL_FREAD_UNLOCKED 1
| | #define HAVE_DECL_FWRITE_UNLOCKED 1
| | #define HAVE_DECL_GETC_UNLOCKED 1
| | #define HAVE_DECL_GETCHAR_UNLOCKED 1
| | #define HAVE_DECL_PUTC_UNLOCKED 1
| | #define HAVE_DECL_PUTCHAR_UNLOCKED 1
| | #define HAVE_FLOCKFILE 1
| | #define HAVE_FUNLOCKFILE 1
| | #define HAVE_PATHCONF 1
| | #define HAVE_BTOWC 1
| | #define HAVE_CANONICALIZE_FILE_NAME 1
| | #define HAVE_GETCWD 1
| | #define HAVE_READLINK 1
| | #define HAVE_REALPATH 1
| | #define HAVE_READLINKAT 1
| | #define HAVE_CHOWN 1
| | #define HAVE_FCHOWN 1
| | #define HAVE_FCHDIR 1
| | #define HAVE_FDOPENDIR 1
| | #define HAVE_FACCESSAT 1
| | #define HAVE_FCHMODAT 1
| | #define HAVE_FCNTL 1
| | #define HAVE_SYMLINK 1
| | #define HAVE_MEMPCPY 1
| | #define HAVE_ISBLANK 1
| | #define HAVE_ISWCTYPE 1
| | #define HAVE_MBSRTOWCS 1
| | #define HAVE_WMEMCHR 1
| | #define HAVE_WMEMCPY 1
| | #define HAVE_WMEMPCPY 1
| | #define HAVE_FSTATAT 1
| | #define HAVE_FUTIMENS 1
| | #define HAVE_GETDELIM 1
| | #define HAVE_GETDTABLESIZE 1
| | #define HAVE_GETTIMEOFDAY 1
| | #define HAVE_ISWCNTRL 1
| | #define HAVE_ISWBLANK 1
| | #define HAVE_LINK 1
| | #define HAVE_OPENAT 1
| | #define HAVE_LINKAT 1
| | #define HAVE_LSTAT 1
| | #define HAVE_MBSINIT 1
| | #define HAVE_MBRTOWC 1
| | #define HAVE_MPROTECT 1
| | #define HAVE_MKDIRAT 1
| | #define HAVE_MKFIFO 1
| | #define HAVE_MKFIFOAT 1
| | #define HAVE_MKNODAT 1
| | #define HAVE_MKNOD 1
| | #define HAVE_NL_LANGINFO 1
| | #define HAVE_POSIX_OPENPT 1
| | #define HAVE_PTSNAME_R 1
| | #define HAVE_FCHMOD 1
| | #define HAVE_RENAMEAT 1
| | #define HAVE_SECURE_GETENV 1
| | #define HAVE_SETENV 1
| | #define HAVE_SLEEP 1
| | #define HAVE_SNPRINTF 1
| | #define HAVE_STRDUP 1
| | #define HAVE_TZSET 1
| | #define HAVE_STRNDUP 1
| | #define HAVE_STRTOIMAX 1
| | #define HAVE_STRTOUMAX 1
| | #define HAVE_SYMLINKAT 1
| | #define HAVE_LOCALTIME_R 1
| | #define HAVE_PIPE 1
| | #define HAVE_UNLINKAT 1
| | #define HAVE_FUTIMES 1
| | #define HAVE_FUTIMESAT 1
| | #define HAVE_UTIMENSAT 1
| | #define HAVE_LUTIMES 1
| | #define HAVE_WCRTOMB 1
| | #define HAVE_WCWIDTH 1
| | #define HAVE_SETLOCALE 1
| | #define HAVE_FSYNC 1
| | #define HAVE_GRANTPT 1
| | #define D_INO_IN_DIRENT 1
| | #define HAVE_LONG_FILE_NAMES 1
| | #define HAVE_LANGINFO_CODESET 1
| | #define FUNC_REALPATH_WORKS 1
| | #define HAVE_UNISTD_H 1
| | #define HAVE_CHOWN 1
| | #define HAVE_ENVIRON_DECL 1
| | #define HAVE_DECL_STRERROR_R 1
| | #define HAVE_STRERROR_R 1
| | #define STRERROR_R_CHAR_P 1
| | #define GETGROUPS_T gid_t
| | #define HAVE_DECL_FCHDIR 1
| | #define HAVE_WORKING_O_NOATIME 1
| | #define HAVE_WORKING_O_NOFOLLOW 1
| | #define HAVE_MBSTATE_T 1
| | #define HAVE_DECL_FSEEKO 1
| | #define HAVE_RAW_DECL_FCHMODAT 1
| | #define HAVE_RAW_DECL_FSTAT 1
| | #define HAVE_RAW_DECL_FSTATAT 1
| | #define HAVE_RAW_DECL_FUTIMENS 1
| | #define HAVE_RAW_DECL_LCHMOD 1
| | #define HAVE_RAW_DECL_LSTAT 1
| | #define HAVE_RAW_DECL_MKDIRAT 1
| | #define HAVE_RAW_DECL_MKFIFO 1
| | #define HAVE_RAW_DECL_MKFIFOAT 1
| | #define HAVE_RAW_DECL_MKNOD 1
| | #define HAVE_RAW_DECL_MKNODAT 1
| | #define HAVE_RAW_DECL_STAT 1
| | #define HAVE_RAW_DECL_UTIMENSAT 1
| | #define LSTAT_FOLLOWS_SLASHED_SYMLINK 1
| | #define HAVE_DECL_GETCWD 1
| | #define HAVE_DECL_GETDELIM 1
| | #define HAVE_DECL_GETLINE 1
| | #define HAVE_GETOPT_H 1
| | #define HAVE_GETOPT_LONG_ONLY 1
| | #define __GETOPT_PREFIX rpl_
| | #define HAVE_DECL_GETENV 1
| | #define HAVE_RAW_DECL_GETTIMEOFDAY 1
| | #define HAVE_UNSIGNED_LONG_LONG_INT 1
| | #define HAVE_LONG_LONG_INT 1
| | #define HAVE_RAW_DECL_IMAXABS 1
| | #define HAVE_RAW_DECL_IMAXDIV 1
| | #define HAVE_RAW_DECL_STRTOIMAX 1
| | #define HAVE_RAW_DECL_STRTOUMAX 1
| | #define HAVE_INTTYPES_H 1
| | #define HAVE_WINT_T 1
| | #define HAVE_TOWLOWER 1
| | #define HAVE_RAW_DECL_WCTYPE 1
| | #define HAVE_RAW_DECL_ISWCTYPE 1
| | #define HAVE_RAW_DECL_WCTRANS 1
| | #define HAVE_RAW_DECL_TOWCTRANS 1
| | #define HAVE_WCHAR_T 1
| | #define HAVE_STDLIB_H 1
| | #define MALLOC_0_IS_NONNULL 1
| | #define HAVE_MAP_ANONYMOUS 1
| | #define HAVE_DECL_MEMRCHR 1
| | #define HAVE_DECL_ALARM 1
| | #define PROMOTED_MODE_T mode_t
| | #define HAVE__BOOL 1
| | #define HAVE_COMPOUND_LITERALS 1
| | #define HAVE_TM_GMTOFF 1
| | #define HAVE_DECL_SETENV 1
| | #define HAVE_SEARCH_H 1
| | #define HAVE_TSEARCH 1
| | #define HAVE_SIGSET_T 1
| | #define HAVE_DECL_SNPRINTF 1
| | #define HAVE_DECL_STRDUP 1
| | #define HAVE_RAW_DECL_FFSL 1
| | #define HAVE_RAW_DECL_FFSLL 1
| | #define HAVE_RAW_DECL_MEMMEM 1
| | #define HAVE_RAW_DECL_MEMPCPY 1
| | #define HAVE_RAW_DECL_MEMRCHR 1
| | #define HAVE_RAW_DECL_RAWMEMCHR 1
| | #define HAVE_RAW_DECL_STPCPY 1
| | #define HAVE_RAW_DECL_STPNCPY 1
| | #define HAVE_RAW_DECL_STRCHRNUL 1
| | #define HAVE_RAW_DECL_STRDUP 1
| | #define HAVE_RAW_DECL_STRNCAT 1
| | #define HAVE_RAW_DECL_STRNDUP 1
| | #define HAVE_RAW_DECL_STRNLEN 1
| | #define HAVE_RAW_DECL_STRPBRK 1
| | #define HAVE_RAW_DECL_STRSEP 1
| | #define HAVE_RAW_DECL_STRCASESTR 1
| | #define HAVE_RAW_DECL_STRTOK_R 1
| | #define HAVE_RAW_DECL_STRERROR_R 1
| | #define HAVE_RAW_DECL_STRSIGNAL 1
| | #define HAVE_RAW_DECL_STRVERSCMP 1
| | #define HAVE_RAW_DECL_FFS 1
| | #define HAVE_RAW_DECL_STRCASECMP 1
| | #define HAVE_RAW_DECL_STRNCASECMP 1
| | #define HAVE_DECL_STRNDUP 1
| | #define HAVE_DECL_STRNLEN 1
| | #define HAVE_DECL_STRTOIMAX 1
| | #define HAVE_DECL_STRTOUMAX 1
| | #define HAVE_DECL_TTYNAME_R 1
| | #define HAVE_DECL_UNSETENV 1
| | #define HAVE_WORKING_UTIMES 1
| | #define HAVE_STRUCT_UTIMBUF 1
| | #define HAVE_INTTYPES_H_WITH_UINTMAX 1
| | #define HAVE_STDINT_H_WITH_UINTMAX 1
| | #define HAVE_INTMAX_T 1
| | #define DBL_EXPBIT0_WORD 1
| | #define DBL_EXPBIT0_BIT 20
| | #define HAVE_SNPRINTF 1
| | #define HAVE_STRNLEN 1
| | #define HAVE_WCSLEN 1
| | #define HAVE_WCSNLEN 1
| | #define HAVE_MBRTOWC 1
| | #define HAVE_WCRTOMB 1
| | #define HAVE_DECL__SNPRINTF 0
| | #define HAVE_SNPRINTF_RETVAL_C99 1
| | #define HAVE_DECL_VSNPRINTF 1
| | #define HAVE_ALLOCA 1
| | #define GNULIB_AREADLINKAT 1
| | #define HAVE_DECL_PROGRAM_INVOCATION_NAME 1
| | #define HAVE_DECL_PROGRAM_INVOCATION_SHORT_NAME 1
| | #define HAVE_PROGRAM_INVOCATION_NAME 1
| | #define HAVE_PROGRAM_INVOCATION_SHORT_NAME 1
| | #define GNULIB_TEST_BTOWC 1
| | #define GNULIB_CANONICALIZE_LGPL 1
| | #define GNULIB_TEST_CANONICALIZE_FILE_NAME 1
| | #define GNULIB_TEST_REALPATH 1
| | #define GNULIB_TEST_CHDIR 1
| | #define GNULIB_TEST_CHOWN 1
| | #define HAVE_CLOCK_GETTIME 1
| | #define HAVE_CLOCK_SETTIME 1
| | #define GNULIB_TEST_CLOEXEC 1
| | #define GNULIB_TEST_CLOSE 1
| | #define GNULIB_CLOSE_STREAM 1
| | #define HAVE_CLOSEDIR 1
| | #define GNULIB_TEST_CLOSEDIR 1
| | #define D_INO_IN_DIRENT 1
| | #define HAVE_RAW_DECL_ALPHASORT 1
| | #define HAVE_RAW_DECL_CLOSEDIR 1
| | #define HAVE_RAW_DECL_DIRFD 1
| | #define HAVE_RAW_DECL_FDOPENDIR 1
| | #define HAVE_RAW_DECL_OPENDIR 1
| | #define HAVE_RAW_DECL_READDIR 1
| | #define HAVE_RAW_DECL_REWINDDIR 1
| | #define HAVE_RAW_DECL_SCANDIR 1
| | #define GNULIB_DIRENT_SAFER 1
| | #define HAVE_DIRFD 1
| | #define HAVE_DECL_DIRFD 1
| | #define GNULIB_TEST_DIRFD 1
| | #define GNULIB_DIRNAME 1
| | #define GNULIB_TEST_DUP 1
| | #define HAVE_DUP2 1
| | #define GNULIB_TEST_DUP2 1
| | #define GNULIB_TEST_ENVIRON 1
| | #define HAVE_EUIDACCESS 1
| | #define GNULIB_TEST_EUIDACCESS 1
| | #define GNULIB_FACCESSAT 1
| | #define GNULIB_TEST_FACCESSAT 1
| | #define GNULIB_TEST_FCHDIR 1
| | #define GNULIB_FCHMODAT 1
| | #define GNULIB_TEST_FCHMODAT 1
| | #define GNULIB_FCHOWNAT 1
| | #define GNULIB_TEST_FCHOWNAT 1
| | #define GNULIB_TEST_FCNTL 1
| | #define HAVE_RAW_DECL_FCNTL 1
| | #define HAVE_RAW_DECL_OPENAT 1
| | #define HAVE_DECL_FDOPENDIR 1
| | #define GNULIB_TEST_FDOPENDIR 1
| | #define GNULIB_FDOPENDIR 1
| | #define GNULIB_FDUTIMENSAT 1
| | #define HAVE_STRUCT_STAT_ST_BLOCKS 1
| | #define HAVE_ST_BLOCKS 1
| | #define HAVE_DECL___FPENDING 1
| | #define GNULIB_TEST_FSEEK 1
| | #define GNULIB_TEST_FSEEKO 1
| | #define GNULIB_TEST_FSTAT 1
| | #define GNULIB_TEST_FSTATAT 1
| | #define GNULIB_TEST_FUTIMENS 1
| | #define HAVE_GETPAGESIZE 1
| | #define HAVE_MINIMALLY_WORKING_GETCWD 1
| | #define GNULIB_GETCWD 1
| | #define GNULIB_TEST_GETCWD 1
| | #define GNULIB_TEST_GETCWD 1
| | #define GNULIB_TEST_GETDELIM 1
| | #define GNULIB_TEST_GETDTABLESIZE 1
| | #define HAVE_GETGROUPS 1
| | #define GNULIB_TEST_GETGROUPS 1
| | #define GNULIB_TEST_GETLINE 1
| | #define GNULIB_TEST_GETOPT_GNU 1
| | #define __GETOPT_PREFIX rpl_
| | #define HAVE_GETPAGESIZE 1
| | #define GNULIB_TEST_GETPAGESIZE 1
| | #define GETTIMEOFDAY_TIMEZONE struct timezone
| | #define GNULIB_TEST_GETTIMEOFDAY 1
| | #define GNULIB_TEST_GROUP_MEMBER 1
| | #define GNULIB_TEST_ISATTY 1
| | #define HAVE_DECL_ISWBLANK 1
| | #define GNULIB_TEST_ISWBLANK 1
| | #define HAVE_RAW_DECL_NL_LANGINFO 1
| | #define HAVE_LCHOWN 1
| | #define GNULIB_TEST_LCHOWN 1
| | #define GNULIB_TEST_LINK 1
| | #define LINK_FOLLOWS_SYMLINKS 0
| | #define LINKAT_TRAILING_SLASH_BUG 0
| | #define GNULIB_TEST_LINKAT 1
| | #define HAVE_RAW_DECL_SETLOCALE 1
| | #define HAVE_RAW_DECL_DUPLOCALE 1
| | #define GNULIB_TEST_LOCALECONV 1
| | #define GNULIB_TEST_LSEEK 1
| | #define GNULIB_TEST_LSTAT 1
| | #define HAVE_STDLIB_H 1
| | #define HAVE_MALLOC_GNU 1
| | #define GNULIB_MALLOC_GNU 1
| | #define HAVE_MALLOC_POSIX 1
| | #define GNULIB_TEST_MALLOC_POSIX 1
| | #define GNULIB_TEST_MBRTOWC 1
| | #define GNULIB_TEST_MBSCASECMP 1
| | #define GNULIB_TEST_MBSINIT 1
| | #define GNULIB_TEST_MBSRTOWCS 1
| | #define GNULIB_TEST_MBTOWC 1
| | #define GNULIB_TEST_MEMCHR 1
| | #define HAVE_MEMPCPY 1
| | #define GNULIB_TEST_MEMPCPY 1
| | #define HAVE_MEMRCHR 1
| | #define GNULIB_TEST_MEMRCHR 1
| | #define GNULIB_TEST_MKDIRAT 1
| | #define HAVE_MKDTEMP 1
| | #define GNULIB_TEST_MKDTEMP 1
| | #define GNULIB_TEST_MKFIFO 1
| | #define GNULIB_TEST_MKFIFOAT 1
| | #define GNULIB_TEST_MKNODAT 1
| | #define MKNOD_FIFO_BUG 1
| | #define GNULIB_TEST_MKNOD 1
| | #define GNULIB_TEST_MKTIME 1
| | #define FUNC_NL_LANGINFO_YESEXPR_WORKS 1
| | #define GNULIB_TEST_NL_LANGINFO 1
| | #define HAVE_OBSTACK 1
| | #define GNULIB_TEST_OPEN 1
| | #define GNULIB_OPENAT 1
| | #define GNULIB_TEST_OPENAT 1
| | #define HAVE_OPENDIR 1
| | #define GNULIB_TEST_OPENDIR 1
| | #define HAVE_STRUCT_TM_TM_ZONE 1
| | #define HAVE_TM_ZONE 1
| | #define TIME_T_FITS_IN_LONG_INT 1
| | #define GNULIB_TEST_POSIX_OPENPT 1
| | #define HAVE_DECL_PROGRAM_INVOCATION_NAME 1
| | #define HAVE_DECL_PROGRAM_INVOCATION_SHORT_NAME 1
| | #define HAVE_PTSNAME 1
| | #define GNULIB_TEST_PTSNAME 1
| | #define GNULIB_TEST_PTSNAME_R 1
| | #define USE_ACL 0
| | #define HAVE_RAISE 1
| | #define GNULIB_TEST_RAISE 1
| | #define HAVE_RAWMEMCHR 1
| | #define GNULIB_TEST_RAWMEMCHR 1
| | #define GNULIB_TEST_READ 1
| | #define HAVE_READDIR 1
| | #define GNULIB_TEST_READDIR 1
| | #define GNULIB_TEST_READLINK 1
| | #define GNULIB_TEST_READLINKAT 1
| | #define HAVE_REALLOC_POSIX 1
| | #define GNULIB_TEST_REALLOC_POSIX 1
| | #define _REGEX_INCLUDE_LIMITS_H 1
| | #define _REGEX_LARGE_OFFSETS 1
| | #define re_syntax_options rpl_re_syntax_options
| | #define re_set_syntax rpl_re_set_syntax
| | #define re_compile_pattern rpl_re_compile_pattern
| | #define re_compile_fastmap rpl_re_compile_fastmap
| | #define re_search rpl_re_search
| | #define re_search_2 rpl_re_search_2
| | #define re_match rpl_re_match
| | #define re_match_2 rpl_re_match_2
| | #define re_set_registers rpl_re_set_registers
| | #define re_comp rpl_re_comp
| | #define re_exec rpl_re_exec
| | #define regcomp rpl_regcomp
| | #define regexec rpl_regexec
| | #define regerror rpl_regerror
| | #define regfree rpl_regfree
| | #define HAVE_LIBINTL_H 1
| | #define HAVE_DECL_ISBLANK 1
| | #define GNULIB_TEST_RENAME 1
| | #define GNULIB_TEST_RENAMEAT 1
| | #define HAVE_REWINDDIR 1
| | #define GNULIB_TEST_REWINDDIR 1
| | #define GNULIB_TEST_RMDIR 1
| | #define HAVE_RPMATCH 1
| | #define GNULIB_TEST_RPMATCH 1
| | #define GNULIB_TEST_SECURE_GETENV 1
| | #define HAVE_SELINUX_SELINUX_H 0
| | #define GNULIB_TEST_SETENV 1
| | #define HAVE_RAW_DECL_PTHREAD_SIGMASK 1
| | #define HAVE_RAW_DECL_SIGACTION 1
| | #define HAVE_RAW_DECL_SIGADDSET 1
| | #define HAVE_RAW_DECL_SIGDELSET 1
| | #define HAVE_RAW_DECL_SIGEMPTYSET 1
| | #define HAVE_RAW_DECL_SIGFILLSET 1
| | #define HAVE_RAW_DECL_SIGISMEMBER 1
| | #define HAVE_RAW_DECL_SIGPENDING 1
| | #define HAVE_RAW_DECL_SIGPROCMASK 1
| | #define HAVE_STDINT_H 1
| | #define HAVE_DECL_SLEEP 1
| | #define GNULIB_TEST_SLEEP 1
| | #define HAVE_SNPRINTF 1
| | #define GNULIB_TEST_SNPRINTF 1
| | #define GNULIB_SNPRINTF 1
| | #define GNULIB_TEST_STAT 1
| | #define HAVE_STRUCT_STAT_ST_ATIM_TV_NSEC 1
| | #define TYPEOF_STRUCT_STAT_ST_ATIM_IS_STRUCT_TIMESPEC 1
| | /* end confdefs.h.  */
| | #include <sys/types.h>
| |      #include <sys/stat.h>
| | 
| | int
| | main ()
| | {
| | static struct stat ac_aggr;
| | if (sizeof ac_aggr.st_birthtimespec.tv_nsec)
| | return 0;
| |   ;
| |   return 0;
| | }
| configure:29067: result: no
| configure:29078: checking for struct stat.st_birthtimensec
| configure:29078: gcc -std=gnu99 -c -g -O2  conftest.c >&5
| conftest.c: In function 'main':
| conftest.c:461:12: error: 'struct stat' has no member named 'st_birthtimensec'
| configure:29078: $? = 1
| configure: failed program was:
| | /* confdefs.h */
| | #define PACKAGE_NAME "GNU tar"
| | #define PACKAGE_TARNAME "tar"
| | #define PACKAGE_VERSION "1.28"
| | #define PACKAGE_STRING "GNU tar 1.28"
| | #define PACKAGE_BUGREPORT "bug-tar@gnu.org"
| | #define PACKAGE_URL "http://www.gnu.org/software/tar/"
| | #define PACKAGE "tar"
| | #define VERSION "1.28"
| | #define STDC_HEADERS 1
| | #define HAVE_SYS_TYPES_H 1
| | #define HAVE_SYS_STAT_H 1
| | #define HAVE_STDLIB_H 1
| | #define HAVE_STRING_H 1
| | #define HAVE_MEMORY_H 1
| | #define HAVE_STRINGS_H 1
| | #define HAVE_INTTYPES_H 1
| | #define HAVE_STDINT_H 1
| | #define HAVE_UNISTD_H 1
| | #define __EXTENSIONS__ 1
| | #define _ALL_SOURCE 1
| | #define _DARWIN_C_SOURCE 1
| | #define _GNU_SOURCE 1
| | #define _POSIX_PTHREAD_SEMANTICS 1
| | #define _TANDEM_SOURCE 1
| | #define HAVE_FSEEKO 1
| | #define _DARWIN_USE_64_BIT_INODE 1
| | #define _DARWIN_USE_64_BIT_INODE 1
| | #define HAVE_FCNTL_H 1
| | #define HAVE_LINUX_FD_H 1
| | #define HAVE_MEMORY_H 1
| | #define HAVE_SGTTY_H 1
| | #define HAVE_STRING_H 1
| | #define HAVE_SYS_PARAM_H 1
| | #define HAVE_SYS_MTIO_H 1
| | #define HAVE_SYS_TIME_H 1
| | #define HAVE_UNISTD_H 1
| | #define HAVE_LOCALE_H 1
| | #define HAVE_FEATURES_H 1
| | #define HAVE_SYS_SOCKET_H 1
| | #define HAVE_DIRENT_H 1
| | #define HAVE_WCTYPE_H 1
| | #define HAVE_STDIO_EXT_H 1
| | #define HAVE_SYS_STAT_H 1
| | #define HAVE_GETOPT_H 1
| | #define HAVE_WCHAR_H 1
| | #define HAVE_STDINT_H 1
| | #define HAVE_INTTYPES_H 1
| | #define HAVE_LANGINFO_H 1
| | #define HAVE_XLOCALE_H 1
| | #define HAVE_SYS_MMAN_H 1
| | #define HAVE_MALLOC_H 1
| | #define HAVE_STRINGS_H 1
| | #define HAVE_SYSEXITS_H 1
| | #define HAVE_UTIME_H 1
| | #define HAVE_NETDB_H 1
| | #define HAVE_SYS_WAIT_H 1
| | #define HAVE_PWD_H 1
| | #define HAVE_GRP_H 1
| | #define major_t int
| | #define minor_t int
| | #define HAVE_ALLOCA_H 1
| | #define HAVE_ALLOCA 1
| | #define restrict __restrict
| | #define HAVE_DECL_CLEARERR_UNLOCKED 1
| | #define HAVE_DECL_FEOF_UNLOCKED 1
| | #define HAVE_DECL_FERROR_UNLOCKED 1
| | #define HAVE_DECL_FFLUSH_UNLOCKED 1
| | #define HAVE_DECL_FGETS_UNLOCKED 1
| | #define HAVE_DECL_FPUTC_UNLOCKED 1
| | #define HAVE_DECL_FPUTS_UNLOCKED 1
| | #define HAVE_DECL_FREAD_UNLOCKED 1
| | #define HAVE_DECL_FWRITE_UNLOCKED 1
| | #define HAVE_DECL_GETC_UNLOCKED 1
| | #define HAVE_DECL_GETCHAR_UNLOCKED 1
| | #define HAVE_DECL_PUTC_UNLOCKED 1
| | #define HAVE_DECL_PUTCHAR_UNLOCKED 1
| | #define HAVE_FLOCKFILE 1
| | #define HAVE_FUNLOCKFILE 1
| | #define HAVE_PATHCONF 1
| | #define HAVE_BTOWC 1
| | #define HAVE_CANONICALIZE_FILE_NAME 1
| | #define HAVE_GETCWD 1
| | #define HAVE_READLINK 1
| | #define HAVE_REALPATH 1
| | #define HAVE_READLINKAT 1
| | #define HAVE_CHOWN 1
| | #define HAVE_FCHOWN 1
| | #define HAVE_FCHDIR 1
| | #define HAVE_FDOPENDIR 1
| | #define HAVE_FACCESSAT 1
| | #define HAVE_FCHMODAT 1
| | #define HAVE_FCNTL 1
| | #define HAVE_SYMLINK 1
| | #define HAVE_MEMPCPY 1
| | #define HAVE_ISBLANK 1
| | #define HAVE_ISWCTYPE 1
| | #define HAVE_MBSRTOWCS 1
| | #define HAVE_WMEMCHR 1
| | #define HAVE_WMEMCPY 1
| | #define HAVE_WMEMPCPY 1
| | #define HAVE_FSTATAT 1
| | #define HAVE_FUTIMENS 1
| | #define HAVE_GETDELIM 1
| | #define HAVE_GETDTABLESIZE 1
| | #define HAVE_GETTIMEOFDAY 1
| | #define HAVE_ISWCNTRL 1
| | #define HAVE_ISWBLANK 1
| | #define HAVE_LINK 1
| | #define HAVE_OPENAT 1
| | #define HAVE_LINKAT 1
| | #define HAVE_LSTAT 1
| | #define HAVE_MBSINIT 1
| | #define HAVE_MBRTOWC 1
| | #define HAVE_MPROTECT 1
| | #define HAVE_MKDIRAT 1
| | #define HAVE_MKFIFO 1
| | #define HAVE_MKFIFOAT 1
| | #define HAVE_MKNODAT 1
| | #define HAVE_MKNOD 1
| | #define HAVE_NL_LANGINFO 1
| | #define HAVE_POSIX_OPENPT 1
| | #define HAVE_PTSNAME_R 1
| | #define HAVE_FCHMOD 1
| | #define HAVE_RENAMEAT 1
| | #define HAVE_SECURE_GETENV 1
| | #define HAVE_SETENV 1
| | #define HAVE_SLEEP 1
| | #define HAVE_SNPRINTF 1
| | #define HAVE_STRDUP 1
| | #define HAVE_TZSET 1
| | #define HAVE_STRNDUP 1
| | #define HAVE_STRTOIMAX 1
| | #define HAVE_STRTOUMAX 1
| | #define HAVE_SYMLINKAT 1
| | #define HAVE_LOCALTIME_R 1
| | #define HAVE_PIPE 1
| | #define HAVE_UNLINKAT 1
| | #define HAVE_FUTIMES 1
| | #define HAVE_FUTIMESAT 1
| | #define HAVE_UTIMENSAT 1
| | #define HAVE_LUTIMES 1
| | #define HAVE_WCRTOMB 1
| | #define HAVE_WCWIDTH 1
| | #define HAVE_SETLOCALE 1
| | #define HAVE_FSYNC 1
| | #define HAVE_GRANTPT 1
| | #define D_INO_IN_DIRENT 1
| | #define HAVE_LONG_FILE_NAMES 1
| | #define HAVE_LANGINFO_CODESET 1
| | #define FUNC_REALPATH_WORKS 1
| | #define HAVE_UNISTD_H 1
| | #define HAVE_CHOWN 1
| | #define HAVE_ENVIRON_DECL 1
| | #define HAVE_DECL_STRERROR_R 1
| | #define HAVE_STRERROR_R 1
| | #define STRERROR_R_CHAR_P 1
| | #define GETGROUPS_T gid_t
| | #define HAVE_DECL_FCHDIR 1
| | #define HAVE_WORKING_O_NOATIME 1
| | #define HAVE_WORKING_O_NOFOLLOW 1
| | #define HAVE_MBSTATE_T 1
| | #define HAVE_DECL_FSEEKO 1
| | #define HAVE_RAW_DECL_FCHMODAT 1
| | #define HAVE_RAW_DECL_FSTAT 1
| | #define HAVE_RAW_DECL_FSTATAT 1
| | #define HAVE_RAW_DECL_FUTIMENS 1
| | #define HAVE_RAW_DECL_LCHMOD 1
| | #define HAVE_RAW_DECL_LSTAT 1
| | #define HAVE_RAW_DECL_MKDIRAT 1
| | #define HAVE_RAW_DECL_MKFIFO 1
| | #define HAVE_RAW_DECL_MKFIFOAT 1
| | #define HAVE_RAW_DECL_MKNOD 1
| | #define HAVE_RAW_DECL_MKNODAT 1
| | #define HAVE_RAW_DECL_STAT 1
| | #define HAVE_RAW_DECL_UTIMENSAT 1
| | #define LSTAT_FOLLOWS_SLASHED_SYMLINK 1
| | #define HAVE_DECL_GETCWD 1
| | #define HAVE_DECL_GETDELIM 1
| | #define HAVE_DECL_GETLINE 1
| | #define HAVE_GETOPT_H 1
| | #define HAVE_GETOPT_LONG_ONLY 1
| | #define __GETOPT_PREFIX rpl_
| | #define HAVE_DECL_GETENV 1
| | #define HAVE_RAW_DECL_GETTIMEOFDAY 1
| | #define HAVE_UNSIGNED_LONG_LONG_INT 1
| | #define HAVE_LONG_LONG_INT 1
| | #define HAVE_RAW_DECL_IMAXABS 1
| | #define HAVE_RAW_DECL_IMAXDIV 1
| | #define HAVE_RAW_DECL_STRTOIMAX 1
| | #define HAVE_RAW_DECL_STRTOUMAX 1
| | #define HAVE_INTTYPES_H 1
| | #define HAVE_WINT_T 1
| | #define HAVE_TOWLOWER 1
| | #define HAVE_RAW_DECL_WCTYPE 1
| | #define HAVE_RAW_DECL_ISWCTYPE 1
| | #define HAVE_RAW_DECL_WCTRANS 1
| | #define HAVE_RAW_DECL_TOWCTRANS 1
| | #define HAVE_WCHAR_T 1
| | #define HAVE_STDLIB_H 1
| | #define MALLOC_0_IS_NONNULL 1
| | #define HAVE_MAP_ANONYMOUS 1
| | #define HAVE_DECL_MEMRCHR 1
| | #define HAVE_DECL_ALARM 1
| | #define PROMOTED_MODE_T mode_t
| | #define HAVE__BOOL 1
| | #define HAVE_COMPOUND_LITERALS 1
| | #define HAVE_TM_GMTOFF 1
| | #define HAVE_DECL_SETENV 1
| | #define HAVE_SEARCH_H 1
| | #define HAVE_TSEARCH 1
| | #define HAVE_SIGSET_T 1
| | #define HAVE_DECL_SNPRINTF 1
| | #define HAVE_DECL_STRDUP 1
| | #define HAVE_RAW_DECL_FFSL 1
| | #define HAVE_RAW_DECL_FFSLL 1
| | #define HAVE_RAW_DECL_MEMMEM 1
| | #define HAVE_RAW_DECL_MEMPCPY 1
| | #define HAVE_RAW_DECL_MEMRCHR 1
| | #define HAVE_RAW_DECL_RAWMEMCHR 1
| | #define HAVE_RAW_DECL_STPCPY 1
| | #define HAVE_RAW_DECL_STPNCPY 1
| | #define HAVE_RAW_DECL_STRCHRNUL 1
| | #define HAVE_RAW_DECL_STRDUP 1
| | #define HAVE_RAW_DECL_STRNCAT 1
| | #define HAVE_RAW_DECL_STRNDUP 1
| | #define HAVE_RAW_DECL_STRNLEN 1
| | #define HAVE_RAW_DECL_STRPBRK 1
| | #define HAVE_RAW_DECL_STRSEP 1
| | #define HAVE_RAW_DECL_STRCASESTR 1
| | #define HAVE_RAW_DECL_STRTOK_R 1
| | #define HAVE_RAW_DECL_STRERROR_R 1
| | #define HAVE_RAW_DECL_STRSIGNAL 1
| | #define HAVE_RAW_DECL_STRVERSCMP 1
| | #define HAVE_RAW_DECL_FFS 1
| | #define HAVE_RAW_DECL_STRCASECMP 1
| | #define HAVE_RAW_DECL_STRNCASECMP 1
| | #define HAVE_DECL_STRNDUP 1
| | #define HAVE_DECL_STRNLEN 1
| | #define HAVE_DECL_STRTOIMAX 1
| | #define HAVE_DECL_STRTOUMAX 1
| | #define HAVE_DECL_TTYNAME_R 1
| | #define HAVE_DECL_UNSETENV 1
| | #define HAVE_WORKING_UTIMES 1
| | #define HAVE_STRUCT_UTIMBUF 1
| | #define HAVE_INTTYPES_H_WITH_UINTMAX 1
| | #define HAVE_STDINT_H_WITH_UINTMAX 1
| | #define HAVE_INTMAX_T 1
| | #define DBL_EXPBIT0_WORD 1
| | #define DBL_EXPBIT0_BIT 20
| | #define HAVE_SNPRINTF 1
| | #define HAVE_STRNLEN 1
| | #define HAVE_WCSLEN 1
| | #define HAVE_WCSNLEN 1
| | #define HAVE_MBRTOWC 1
| | #define HAVE_WCRTOMB 1
| | #define HAVE_DECL__SNPRINTF 0
| | #define HAVE_SNPRINTF_RETVAL_C99 1
| | #define HAVE_DECL_VSNPRINTF 1
| | #define HAVE_ALLOCA 1
| | #define GNULIB_AREADLINKAT 1
| | #define HAVE_DECL_PROGRAM_INVOCATION_NAME 1
| | #define HAVE_DECL_PROGRAM_INVOCATION_SHORT_NAME 1
| | #define HAVE_PROGRAM_INVOCATION_NAME 1
| | #define HAVE_PROGRAM_INVOCATION_SHORT_NAME 1
| | #define GNULIB_TEST_BTOWC 1
| | #define GNULIB_CANONICALIZE_LGPL 1
| | #define GNULIB_TEST_CANONICALIZE_FILE_NAME 1
| | #define GNULIB_TEST_REALPATH 1
| | #define GNULIB_TEST_CHDIR 1
| | #define GNULIB_TEST_CHOWN 1
| | #define HAVE_CLOCK_GETTIME 1
| | #define HAVE_CLOCK_SETTIME 1
| | #define GNULIB_TEST_CLOEXEC 1
| | #define GNULIB_TEST_CLOSE 1
| | #define GNULIB_CLOSE_STREAM 1
| | #define HAVE_CLOSEDIR 1
| | #define GNULIB_TEST_CLOSEDIR 1
| | #define D_INO_IN_DIRENT 1
| | #define HAVE_RAW_DECL_ALPHASORT 1
| | #define HAVE_RAW_DECL_CLOSEDIR 1
| | #define HAVE_RAW_DECL_DIRFD 1
| | #define HAVE_RAW_DECL_FDOPENDIR 1
| | #define HAVE_RAW_DECL_OPENDIR 1
| | #define HAVE_RAW_DECL_READDIR 1
| | #define HAVE_RAW_DECL_REWINDDIR 1
| | #define HAVE_RAW_DECL_SCANDIR 1
| | #define GNULIB_DIRENT_SAFER 1
| | #define HAVE_DIRFD 1
| | #define HAVE_DECL_DIRFD 1
| | #define GNULIB_TEST_DIRFD 1
| | #define GNULIB_DIRNAME 1
| | #define GNULIB_TEST_DUP 1
| | #define HAVE_DUP2 1
| | #define GNULIB_TEST_DUP2 1
| | #define GNULIB_TEST_ENVIRON 1
| | #define HAVE_EUIDACCESS 1
| | #define GNULIB_TEST_EUIDACCESS 1
| | #define GNULIB_FACCESSAT 1
| | #define GNULIB_TEST_FACCESSAT 1
| | #define GNULIB_TEST_FCHDIR 1
| | #define GNULIB_FCHMODAT 1
| | #define GNULIB_TEST_FCHMODAT 1
| | #define GNULIB_FCHOWNAT 1
| | #define GNULIB_TEST_FCHOWNAT 1
| | #define GNULIB_TEST_FCNTL 1
| | #define HAVE_RAW_DECL_FCNTL 1
| | #define HAVE_RAW_DECL_OPENAT 1
| | #define HAVE_DECL_FDOPENDIR 1
| | #define GNULIB_TEST_FDOPENDIR 1
| | #define GNULIB_FDOPENDIR 1
| | #define GNULIB_FDUTIMENSAT 1
| | #define HAVE_STRUCT_STAT_ST_BLOCKS 1
| | #define HAVE_ST_BLOCKS 1
| | #define HAVE_DECL___FPENDING 1
| | #define GNULIB_TEST_FSEEK 1
| | #define GNULIB_TEST_FSEEKO 1
| | #define GNULIB_TEST_FSTAT 1
| | #define GNULIB_TEST_FSTATAT 1
| | #define GNULIB_TEST_FUTIMENS 1
| | #define HAVE_GETPAGESIZE 1
| | #define HAVE_MINIMALLY_WORKING_GETCWD 1
| | #define GNULIB_GETCWD 1
| | #define GNULIB_TEST_GETCWD 1
| | #define GNULIB_TEST_GETCWD 1
| | #define GNULIB_TEST_GETDELIM 1
| | #define GNULIB_TEST_GETDTABLESIZE 1
| | #define HAVE_GETGROUPS 1
| | #define GNULIB_TEST_GETGROUPS 1
| | #define GNULIB_TEST_GETLINE 1
| | #define GNULIB_TEST_GETOPT_GNU 1
| | #define __GETOPT_PREFIX rpl_
| | #define HAVE_GETPAGESIZE 1
| | #define GNULIB_TEST_GETPAGESIZE 1
| | #define GETTIMEOFDAY_TIMEZONE struct timezone
| | #define GNULIB_TEST_GETTIMEOFDAY 1
| | #define GNULIB_TEST_GROUP_MEMBER 1
| | #define GNULIB_TEST_ISATTY 1
| | #define HAVE_DECL_ISWBLANK 1
| | #define GNULIB_TEST_ISWBLANK 1
| | #define HAVE_RAW_DECL_NL_LANGINFO 1
| | #define HAVE_LCHOWN 1
| | #define GNULIB_TEST_LCHOWN 1
| | #define GNULIB_TEST_LINK 1
| | #define LINK_FOLLOWS_SYMLINKS 0
| | #define LINKAT_TRAILING_SLASH_BUG 0
| | #define GNULIB_TEST_LINKAT 1
| | #define HAVE_RAW_DECL_SETLOCALE 1
| | #define HAVE_RAW_DECL_DUPLOCALE 1
| | #define GNULIB_TEST_LOCALECONV 1
| | #define GNULIB_TEST_LSEEK 1
| | #define GNULIB_TEST_LSTAT 1
| | #define HAVE_STDLIB_H 1
| | #define HAVE_MALLOC_GNU 1
| | #define GNULIB_MALLOC_GNU 1
| | #define HAVE_MALLOC_POSIX 1
| | #define GNULIB_TEST_MALLOC_POSIX 1
| | #define GNULIB_TEST_MBRTOWC 1
| | #define GNULIB_TEST_MBSCASECMP 1
| | #define GNULIB_TEST_MBSINIT 1
| | #define GNULIB_TEST_MBSRTOWCS 1
| | #define GNULIB_TEST_MBTOWC 1
| | #define GNULIB_TEST_MEMCHR 1
| | #define HAVE_MEMPCPY 1
| | #define GNULIB_TEST_MEMPCPY 1
| | #define HAVE_MEMRCHR 1
| | #define GNULIB_TEST_MEMRCHR 1
| | #define GNULIB_TEST_MKDIRAT 1
| | #define HAVE_MKDTEMP 1
| | #define GNULIB_TEST_MKDTEMP 1
| | #define GNULIB_TEST_MKFIFO 1
| | #define GNULIB_TEST_MKFIFOAT 1
| | #define GNULIB_TEST_MKNODAT 1
| | #define MKNOD_FIFO_BUG 1
| | #define GNULIB_TEST_MKNOD 1
| | #define GNULIB_TEST_MKTIME 1
| | #define FUNC_NL_LANGINFO_YESEXPR_WORKS 1
| | #define GNULIB_TEST_NL_LANGINFO 1
| | #define HAVE_OBSTACK 1
| | #define GNULIB_TEST_OPEN 1
| | #define GNULIB_OPENAT 1
| | #define GNULIB_TEST_OPENAT 1
| | #define HAVE_OPENDIR 1
| | #define GNULIB_TEST_OPENDIR 1
| | #define HAVE_STRUCT_TM_TM_ZONE 1
| | #define HAVE_TM_ZONE 1
| | #define TIME_T_FITS_IN_LONG_INT 1
| | #define GNULIB_TEST_POSIX_OPENPT 1
| | #define HAVE_DECL_PROGRAM_INVOCATION_NAME 1
| | #define HAVE_DECL_PROGRAM_INVOCATION_SHORT_NAME 1
| | #define HAVE_PTSNAME 1
| | #define GNULIB_TEST_PTSNAME 1
| | #define GNULIB_TEST_PTSNAME_R 1
| | #define USE_ACL 0
| | #define HAVE_RAISE 1
| | #define GNULIB_TEST_RAISE 1
| | #define HAVE_RAWMEMCHR 1
| | #define GNULIB_TEST_RAWMEMCHR 1
| | #define GNULIB_TEST_READ 1
| | #define HAVE_READDIR 1
| | #define GNULIB_TEST_READDIR 1
| | #define GNULIB_TEST_READLINK 1
| | #define GNULIB_TEST_READLINKAT 1
| | #define HAVE_REALLOC_POSIX 1
| | #define GNULIB_TEST_REALLOC_POSIX 1
| | #define _REGEX_INCLUDE_LIMITS_H 1
| | #define _REGEX_LARGE_OFFSETS 1
| | #define re_syntax_options rpl_re_syntax_options
| | #define re_set_syntax rpl_re_set_syntax
| | #define re_compile_pattern rpl_re_compile_pattern
| | #define re_compile_fastmap rpl_re_compile_fastmap
| | #define re_search rpl_re_search
| | #define re_search_2 rpl_re_search_2
| | #define re_match rpl_re_match
| | #define re_match_2 rpl_re_match_2
| | #define re_set_registers rpl_re_set_registers
| | #define re_comp rpl_re_comp
| | #define re_exec rpl_re_exec
| | #define regcomp rpl_regcomp
| | #define regexec rpl_regexec
| | #define regerror rpl_regerror
| | #define regfree rpl_regfree
| | #define HAVE_LIBINTL_H 1
| | #define HAVE_DECL_ISBLANK 1
| | #define GNULIB_TEST_RENAME 1
| | #define GNULIB_TEST_RENAMEAT 1
| | #define HAVE_REWINDDIR 1
| | #define GNULIB_TEST_REWINDDIR 1
| | #define GNULIB_TEST_RMDIR 1
| | #define HAVE_RPMATCH 1
| | #define GNULIB_TEST_RPMATCH 1
| | #define GNULIB_TEST_SECURE_GETENV 1
| | #define HAVE_SELINUX_SELINUX_H 0
| | #define GNULIB_TEST_SETENV 1
| | #define HAVE_RAW_DECL_PTHREAD_SIGMASK 1
| | #define HAVE_RAW_DECL_SIGACTION 1
| | #define HAVE_RAW_DECL_SIGADDSET 1
| | #define HAVE_RAW_DECL_SIGDELSET 1
| | #define HAVE_RAW_DECL_SIGEMPTYSET 1
| | #define HAVE_RAW_DECL_SIGFILLSET 1
| | #define HAVE_RAW_DECL_SIGISMEMBER 1
| | #define HAVE_RAW_DECL_SIGPENDING 1
| | #define HAVE_RAW_DECL_SIGPROCMASK 1
| | #define HAVE_STDINT_H 1
| | #define HAVE_DECL_SLEEP 1
| | #define GNULIB_TEST_SLEEP 1
| | #define HAVE_SNPRINTF 1
| | #define GNULIB_TEST_SNPRINTF 1
| | #define GNULIB_SNPRINTF 1
| | #define GNULIB_TEST_STAT 1
| | #define HAVE_STRUCT_STAT_ST_ATIM_TV_NSEC 1
| | #define TYPEOF_STRUCT_STAT_ST_ATIM_IS_STRUCT_TIMESPEC 1
| | /* end confdefs.h.  */
| | #include <sys/types.h>
| |         #include <sys/stat.h>
| | 
| | int
| | main ()
| | {
| | static struct stat ac_aggr;
| | if (ac_aggr.st_birthtimensec)
| | return 0;
| |   ;
| |   return 0;
| | }
| configure:29078: gcc -std=gnu99 -c -g -O2  conftest.c >&5
| conftest.c: In function 'main':
| conftest.c:461:19: error: 'struct stat' has no member named 'st_birthtimensec'
| configure:29078: $? = 1
| configure: failed program was:
| | /* confdefs.h */
| | #define PACKAGE_NAME "GNU tar"
| | #define PACKAGE_TARNAME "tar"
| | #define PACKAGE_VERSION "1.28"
| | #define PACKAGE_STRING "GNU tar 1.28"
| | #define PACKAGE_BUGREPORT "bug-tar@gnu.org"
| | #define PACKAGE_URL "http://www.gnu.org/software/tar/"
| | #define PACKAGE "tar"
| | #define VERSION "1.28"
| | #define STDC_HEADERS 1
| | #define HAVE_SYS_TYPES_H 1
| | #define HAVE_SYS_STAT_H 1
| | #define HAVE_STDLIB_H 1
| | #define HAVE_STRING_H 1
| | #define HAVE_MEMORY_H 1
| | #define HAVE_STRINGS_H 1
| | #define HAVE_INTTYPES_H 1
| | #define HAVE_STDINT_H 1
| | #define HAVE_UNISTD_H 1
| | #define __EXTENSIONS__ 1
| | #define _ALL_SOURCE 1
| | #define _DARWIN_C_SOURCE 1
| | #define _GNU_SOURCE 1
| | #define _POSIX_PTHREAD_SEMANTICS 1
| | #define _TANDEM_SOURCE 1
| | #define HAVE_FSEEKO 1
| | #define _DARWIN_USE_64_BIT_INODE 1
| | #define _DARWIN_USE_64_BIT_INODE 1
| | #define HAVE_FCNTL_H 1
| | #define HAVE_LINUX_FD_H 1
| | #define HAVE_MEMORY_H 1
| | #define HAVE_SGTTY_H 1
| | #define HAVE_STRING_H 1
| | #define HAVE_SYS_PARAM_H 1
| | #define HAVE_SYS_MTIO_H 1
| | #define HAVE_SYS_TIME_H 1
| | #define HAVE_UNISTD_H 1
| | #define HAVE_LOCALE_H 1
| | #define HAVE_FEATURES_H 1
| | #define HAVE_SYS_SOCKET_H 1
| | #define HAVE_DIRENT_H 1
| | #define HAVE_WCTYPE_H 1
| | #define HAVE_STDIO_EXT_H 1
| | #define HAVE_SYS_STAT_H 1
| | #define HAVE_GETOPT_H 1
| | #define HAVE_WCHAR_H 1
| | #define HAVE_STDINT_H 1
| | #define HAVE_INTTYPES_H 1
| | #define HAVE_LANGINFO_H 1
| | #define HAVE_XLOCALE_H 1
| | #define HAVE_SYS_MMAN_H 1
| | #define HAVE_MALLOC_H 1
| | #define HAVE_STRINGS_H 1
| | #define HAVE_SYSEXITS_H 1
| | #define HAVE_UTIME_H 1
| | #define HAVE_NETDB_H 1
| | #define HAVE_SYS_WAIT_H 1
| | #define HAVE_PWD_H 1
| | #define HAVE_GRP_H 1
| | #define major_t int
| | #define minor_t int
| | #define HAVE_ALLOCA_H 1
| | #define HAVE_ALLOCA 1
| | #define restrict __restrict
| | #define HAVE_DECL_CLEARERR_UNLOCKED 1
| | #define HAVE_DECL_FEOF_UNLOCKED 1
| | #define HAVE_DECL_FERROR_UNLOCKED 1
| | #define HAVE_DECL_FFLUSH_UNLOCKED 1
| | #define HAVE_DECL_FGETS_UNLOCKED 1
| | #define HAVE_DECL_FPUTC_UNLOCKED 1
| | #define HAVE_DECL_FPUTS_UNLOCKED 1
| | #define HAVE_DECL_FREAD_UNLOCKED 1
| | #define HAVE_DECL_FWRITE_UNLOCKED 1
| | #define HAVE_DECL_GETC_UNLOCKED 1
| | #define HAVE_DECL_GETCHAR_UNLOCKED 1
| | #define HAVE_DECL_PUTC_UNLOCKED 1
| | #define HAVE_DECL_PUTCHAR_UNLOCKED 1
| | #define HAVE_FLOCKFILE 1
| | #define HAVE_FUNLOCKFILE 1
| | #define HAVE_PATHCONF 1
| | #define HAVE_BTOWC 1
| | #define HAVE_CANONICALIZE_FILE_NAME 1
| | #define HAVE_GETCWD 1
| | #define HAVE_READLINK 1
| | #define HAVE_REALPATH 1
| | #define HAVE_READLINKAT 1
| | #define HAVE_CHOWN 1
| | #define HAVE_FCHOWN 1
| | #define HAVE_FCHDIR 1
| | #define HAVE_FDOPENDIR 1
| | #define HAVE_FACCESSAT 1
| | #define HAVE_FCHMODAT 1
| | #define HAVE_FCNTL 1
| | #define HAVE_SYMLINK 1
| | #define HAVE_MEMPCPY 1
| | #define HAVE_ISBLANK 1
| | #define HAVE_ISWCTYPE 1
| | #define HAVE_MBSRTOWCS 1
| | #define HAVE_WMEMCHR 1
| | #define HAVE_WMEMCPY 1
| | #define HAVE_WMEMPCPY 1
| | #define HAVE_FSTATAT 1
| | #define HAVE_FUTIMENS 1
| | #define HAVE_GETDELIM 1
| | #define HAVE_GETDTABLESIZE 1
| | #define HAVE_GETTIMEOFDAY 1
| | #define HAVE_ISWCNTRL 1
| | #define HAVE_ISWBLANK 1
| | #define HAVE_LINK 1
| | #define HAVE_OPENAT 1
| | #define HAVE_LINKAT 1
| | #define HAVE_LSTAT 1
| | #define HAVE_MBSINIT 1
| | #define HAVE_MBRTOWC 1
| | #define HAVE_MPROTECT 1
| | #define HAVE_MKDIRAT 1
| | #define HAVE_MKFIFO 1
| | #define HAVE_MKFIFOAT 1
| | #define HAVE_MKNODAT 1
| | #define HAVE_MKNOD 1
| | #define HAVE_NL_LANGINFO 1
| | #define HAVE_POSIX_OPENPT 1
| | #define HAVE_PTSNAME_R 1
| | #define HAVE_FCHMOD 1
| | #define HAVE_RENAMEAT 1
| | #define HAVE_SECURE_GETENV 1
| | #define HAVE_SETENV 1
| | #define HAVE_SLEEP 1
| | #define HAVE_SNPRINTF 1
| | #define HAVE_STRDUP 1
| | #define HAVE_TZSET 1
| | #define HAVE_STRNDUP 1
| | #define HAVE_STRTOIMAX 1
| | #define HAVE_STRTOUMAX 1
| | #define HAVE_SYMLINKAT 1
| | #define HAVE_LOCALTIME_R 1
| | #define HAVE_PIPE 1
| | #define HAVE_UNLINKAT 1
| | #define HAVE_FUTIMES 1
| | #define HAVE_FUTIMESAT 1
| | #define HAVE_UTIMENSAT 1
| | #define HAVE_LUTIMES 1
| | #define HAVE_WCRTOMB 1
| | #define HAVE_WCWIDTH 1
| | #define HAVE_SETLOCALE 1
| | #define HAVE_FSYNC 1
| | #define HAVE_GRANTPT 1
| | #define D_INO_IN_DIRENT 1
| | #define HAVE_LONG_FILE_NAMES 1
| | #define HAVE_LANGINFO_CODESET 1
| | #define FUNC_REALPATH_WORKS 1
| | #define HAVE_UNISTD_H 1
| | #define HAVE_CHOWN 1
| | #define HAVE_ENVIRON_DECL 1
| | #define HAVE_DECL_STRERROR_R 1
| | #define HAVE_STRERROR_R 1
| | #define STRERROR_R_CHAR_P 1
| | #define GETGROUPS_T gid_t
| | #define HAVE_DECL_FCHDIR 1
| | #define HAVE_WORKING_O_NOATIME 1
| | #define HAVE_WORKING_O_NOFOLLOW 1
| | #define HAVE_MBSTATE_T 1
| | #define HAVE_DECL_FSEEKO 1
| | #define HAVE_RAW_DECL_FCHMODAT 1
| | #define HAVE_RAW_DECL_FSTAT 1
| | #define HAVE_RAW_DECL_FSTATAT 1
| | #define HAVE_RAW_DECL_FUTIMENS 1
| | #define HAVE_RAW_DECL_LCHMOD 1
| | #define HAVE_RAW_DECL_LSTAT 1
| | #define HAVE_RAW_DECL_MKDIRAT 1
| | #define HAVE_RAW_DECL_MKFIFO 1
| | #define HAVE_RAW_DECL_MKFIFOAT 1
| | #define HAVE_RAW_DECL_MKNOD 1
| | #define HAVE_RAW_DECL_MKNODAT 1
| | #define HAVE_RAW_DECL_STAT 1
| | #define HAVE_RAW_DECL_UTIMENSAT 1
| | #define LSTAT_FOLLOWS_SLASHED_SYMLINK 1
| | #define HAVE_DECL_GETCWD 1
| | #define HAVE_DECL_GETDELIM 1
| | #define HAVE_DECL_GETLINE 1
| | #define HAVE_GETOPT_H 1
| | #define HAVE_GETOPT_LONG_ONLY 1
| | #define __GETOPT_PREFIX rpl_
| | #define HAVE_DECL_GETENV 1
| | #define HAVE_RAW_DECL_GETTIMEOFDAY 1
| | #define HAVE_UNSIGNED_LONG_LONG_INT 1
| | #define HAVE_LONG_LONG_INT 1
| | #define HAVE_RAW_DECL_IMAXABS 1
| | #define HAVE_RAW_DECL_IMAXDIV 1
| | #define HAVE_RAW_DECL_STRTOIMAX 1
| | #define HAVE_RAW_DECL_STRTOUMAX 1
| | #define HAVE_INTTYPES_H 1
| | #define HAVE_WINT_T 1
| | #define HAVE_TOWLOWER 1
| | #define HAVE_RAW_DECL_WCTYPE 1
| | #define HAVE_RAW_DECL_ISWCTYPE 1
| | #define HAVE_RAW_DECL_WCTRANS 1
| | #define HAVE_RAW_DECL_TOWCTRANS 1
| | #define HAVE_WCHAR_T 1
| | #define HAVE_STDLIB_H 1
| | #define MALLOC_0_IS_NONNULL 1
| | #define HAVE_MAP_ANONYMOUS 1
| | #define HAVE_DECL_MEMRCHR 1
| | #define HAVE_DECL_ALARM 1
| | #define PROMOTED_MODE_T mode_t
| | #define HAVE__BOOL 1
| | #define HAVE_COMPOUND_LITERALS 1
| | #define HAVE_TM_GMTOFF 1
| | #define HAVE_DECL_SETENV 1
| | #define HAVE_SEARCH_H 1
| | #define HAVE_TSEARCH 1
| | #define HAVE_SIGSET_T 1
| | #define HAVE_DECL_SNPRINTF 1
| | #define HAVE_DECL_STRDUP 1
| | #define HAVE_RAW_DECL_FFSL 1
| | #define HAVE_RAW_DECL_FFSLL 1
| | #define HAVE_RAW_DECL_MEMMEM 1
| | #define HAVE_RAW_DECL_MEMPCPY 1
| | #define HAVE_RAW_DECL_MEMRCHR 1
| | #define HAVE_RAW_DECL_RAWMEMCHR 1
| | #define HAVE_RAW_DECL_STPCPY 1
| | #define HAVE_RAW_DECL_STPNCPY 1
| | #define HAVE_RAW_DECL_STRCHRNUL 1
| | #define HAVE_RAW_DECL_STRDUP 1
| | #define HAVE_RAW_DECL_STRNCAT 1
| | #define HAVE_RAW_DECL_STRNDUP 1
| | #define HAVE_RAW_DECL_STRNLEN 1
| | #define HAVE_RAW_DECL_STRPBRK 1
| | #define HAVE_RAW_DECL_STRSEP 1
| | #define HAVE_RAW_DECL_STRCASESTR 1
| | #define HAVE_RAW_DECL_STRTOK_R 1
| | #define HAVE_RAW_DECL_STRERROR_R 1
| | #define HAVE_RAW_DECL_STRSIGNAL 1
| | #define HAVE_RAW_DECL_STRVERSCMP 1
| | #define HAVE_RAW_DECL_FFS 1
| | #define HAVE_RAW_DECL_STRCASECMP 1
| | #define HAVE_RAW_DECL_STRNCASECMP 1
| | #define HAVE_DECL_STRNDUP 1
| | #define HAVE_DECL_STRNLEN 1
| | #define HAVE_DECL_STRTOIMAX 1
| | #define HAVE_DECL_STRTOUMAX 1
| | #define HAVE_DECL_TTYNAME_R 1
| | #define HAVE_DECL_UNSETENV 1
| | #define HAVE_WORKING_UTIMES 1
| | #define HAVE_STRUCT_UTIMBUF 1
| | #define HAVE_INTTYPES_H_WITH_UINTMAX 1
| | #define HAVE_STDINT_H_WITH_UINTMAX 1
| | #define HAVE_INTMAX_T 1
| | #define DBL_EXPBIT0_WORD 1
| | #define DBL_EXPBIT0_BIT 20
| | #define HAVE_SNPRINTF 1
| | #define HAVE_STRNLEN 1
| | #define HAVE_WCSLEN 1
| | #define HAVE_WCSNLEN 1
| | #define HAVE_MBRTOWC 1
| | #define HAVE_WCRTOMB 1
| | #define HAVE_DECL__SNPRINTF 0
| | #define HAVE_SNPRINTF_RETVAL_C99 1
| | #define HAVE_DECL_VSNPRINTF 1
| | #define HAVE_ALLOCA 1
| | #define GNULIB_AREADLINKAT 1
| | #define HAVE_DECL_PROGRAM_INVOCATION_NAME 1
| | #define HAVE_DECL_PROGRAM_INVOCATION_SHORT_NAME 1
| | #define HAVE_PROGRAM_INVOCATION_NAME 1
| | #define HAVE_PROGRAM_INVOCATION_SHORT_NAME 1
| | #define GNULIB_TEST_BTOWC 1
| | #define GNULIB_CANONICALIZE_LGPL 1
| | #define GNULIB_TEST_CANONICALIZE_FILE_NAME 1
| | #define GNULIB_TEST_REALPATH 1
| | #define GNULIB_TEST_CHDIR 1
| | #define GNULIB_TEST_CHOWN 1
| | #define HAVE_CLOCK_GETTIME 1
| | #define HAVE_CLOCK_SETTIME 1
| | #define GNULIB_TEST_CLOEXEC 1
| | #define GNULIB_TEST_CLOSE 1
| | #define GNULIB_CLOSE_STREAM 1
| | #define HAVE_CLOSEDIR 1
| | #define GNULIB_TEST_CLOSEDIR 1
| | #define D_INO_IN_DIRENT 1
| | #define HAVE_RAW_DECL_ALPHASORT 1
| | #define HAVE_RAW_DECL_CLOSEDIR 1
| | #define HAVE_RAW_DECL_DIRFD 1
| | #define HAVE_RAW_DECL_FDOPENDIR 1
| | #define HAVE_RAW_DECL_OPENDIR 1
| | #define HAVE_RAW_DECL_READDIR 1
| | #define HAVE_RAW_DECL_REWINDDIR 1
| | #define HAVE_RAW_DECL_SCANDIR 1
| | #define GNULIB_DIRENT_SAFER 1
| | #define HAVE_DIRFD 1
| | #define HAVE_DECL_DIRFD 1
| | #define GNULIB_TEST_DIRFD 1
| | #define GNULIB_DIRNAME 1
| | #define GNULIB_TEST_DUP 1
| | #define HAVE_DUP2 1
| | #define GNULIB_TEST_DUP2 1
| | #define GNULIB_TEST_ENVIRON 1
| | #define HAVE_EUIDACCESS 1
| | #define GNULIB_TEST_EUIDACCESS 1
| | #define GNULIB_FACCESSAT 1
| | #define GNULIB_TEST_FACCESSAT 1
| | #define GNULIB_TEST_FCHDIR 1
| | #define GNULIB_FCHMODAT 1
| | #define GNULIB_TEST_FCHMODAT 1
| | #define GNULIB_FCHOWNAT 1
| | #define GNULIB_TEST_FCHOWNAT 1
| | #define GNULIB_TEST_FCNTL 1
| | #define HAVE_RAW_DECL_FCNTL 1
| | #define HAVE_RAW_DECL_OPENAT 1
| | #define HAVE_DECL_FDOPENDIR 1
| | #define GNULIB_TEST_FDOPENDIR 1
| | #define GNULIB_FDOPENDIR 1
| | #define GNULIB_FDUTIMENSAT 1
| | #define HAVE_STRUCT_STAT_ST_BLOCKS 1
| | #define HAVE_ST_BLOCKS 1
| | #define HAVE_DECL___FPENDING 1
| | #define GNULIB_TEST_FSEEK 1
| | #define GNULIB_TEST_FSEEKO 1
| | #define GNULIB_TEST_FSTAT 1
| | #define GNULIB_TEST_FSTATAT 1
| | #define GNULIB_TEST_FUTIMENS 1
| | #define HAVE_GETPAGESIZE 1
| | #define HAVE_MINIMALLY_WORKING_GETCWD 1
| | #define GNULIB_GETCWD 1
| | #define GNULIB_TEST_GETCWD 1
| | #define GNULIB_TEST_GETCWD 1
| | #define GNULIB_TEST_GETDELIM 1
| | #define GNULIB_TEST_GETDTABLESIZE 1
| | #define HAVE_GETGROUPS 1
| | #define GNULIB_TEST_GETGROUPS 1
| | #define GNULIB_TEST_GETLINE 1
| | #define GNULIB_TEST_GETOPT_GNU 1
| | #define __GETOPT_PREFIX rpl_
| | #define HAVE_GETPAGESIZE 1
| | #define GNULIB_TEST_GETPAGESIZE 1
| | #define GETTIMEOFDAY_TIMEZONE struct timezone
| | #define GNULIB_TEST_GETTIMEOFDAY 1
| | #define GNULIB_TEST_GROUP_MEMBER 1
| | #define GNULIB_TEST_ISATTY 1
| | #define HAVE_DECL_ISWBLANK 1
| | #define GNULIB_TEST_ISWBLANK 1
| | #define HAVE_RAW_DECL_NL_LANGINFO 1
| | #define HAVE_LCHOWN 1
| | #define GNULIB_TEST_LCHOWN 1
| | #define GNULIB_TEST_LINK 1
| | #define LINK_FOLLOWS_SYMLINKS 0
| | #define LINKAT_TRAILING_SLASH_BUG 0
| | #define GNULIB_TEST_LINKAT 1
| | #define HAVE_RAW_DECL_SETLOCALE 1
| | #define HAVE_RAW_DECL_DUPLOCALE 1
| | #define GNULIB_TEST_LOCALECONV 1
| | #define GNULIB_TEST_LSEEK 1
| | #define GNULIB_TEST_LSTAT 1
| | #define HAVE_STDLIB_H 1
| | #define HAVE_MALLOC_GNU 1
| | #define GNULIB_MALLOC_GNU 1
| | #define HAVE_MALLOC_POSIX 1
| | #define GNULIB_TEST_MALLOC_POSIX 1
| | #define GNULIB_TEST_MBRTOWC 1
| | #define GNULIB_TEST_MBSCASECMP 1
| | #define GNULIB_TEST_MBSINIT 1
| | #define GNULIB_TEST_MBSRTOWCS 1
| | #define GNULIB_TEST_MBTOWC 1
| | #define GNULIB_TEST_MEMCHR 1
| | #define HAVE_MEMPCPY 1
| | #define GNULIB_TEST_MEMPCPY 1
| | #define HAVE_MEMRCHR 1
| | #define GNULIB_TEST_MEMRCHR 1
| | #define GNULIB_TEST_MKDIRAT 1
| | #define HAVE_MKDTEMP 1
| | #define GNULIB_TEST_MKDTEMP 1
| | #define GNULIB_TEST_MKFIFO 1
| | #define GNULIB_TEST_MKFIFOAT 1
| | #define GNULIB_TEST_MKNODAT 1
| | #define MKNOD_FIFO_BUG 1
| | #define GNULIB_TEST_MKNOD 1
| | #define GNULIB_TEST_MKTIME 1
| | #define FUNC_NL_LANGINFO_YESEXPR_WORKS 1
| | #define GNULIB_TEST_NL_LANGINFO 1
| | #define HAVE_OBSTACK 1
| | #define GNULIB_TEST_OPEN 1
| | #define GNULIB_OPENAT 1
| | #define GNULIB_TEST_OPENAT 1
| | #define HAVE_OPENDIR 1
| | #define GNULIB_TEST_OPENDIR 1
| | #define HAVE_STRUCT_TM_TM_ZONE 1
| | #define HAVE_TM_ZONE 1
| | #define TIME_T_FITS_IN_LONG_INT 1
| | #define GNULIB_TEST_POSIX_OPENPT 1
| | #define HAVE_DECL_PROGRAM_INVOCATION_NAME 1
| | #define HAVE_DECL_PROGRAM_INVOCATION_SHORT_NAME 1
| | #define HAVE_PTSNAME 1
| | #define GNULIB_TEST_PTSNAME 1
| | #define GNULIB_TEST_PTSNAME_R 1
| | #define USE_ACL 0
| | #define HAVE_RAISE 1
| | #define GNULIB_TEST_RAISE 1
| | #define HAVE_RAWMEMCHR 1
| | #define GNULIB_TEST_RAWMEMCHR 1
| | #define GNULIB_TEST_READ 1
| | #define HAVE_READDIR 1
| | #define GNULIB_TEST_READDIR 1
| | #define GNULIB_TEST_READLINK 1
| | #define GNULIB_TEST_READLINKAT 1
| | #define HAVE_REALLOC_POSIX 1
| | #define GNULIB_TEST_REALLOC_POSIX 1
| | #define _REGEX_INCLUDE_LIMITS_H 1
| | #define _REGEX_LARGE_OFFSETS 1
| | #define re_syntax_options rpl_re_syntax_options
| | #define re_set_syntax rpl_re_set_syntax
| | #define re_compile_pattern rpl_re_compile_pattern
| | #define re_compile_fastmap rpl_re_compile_fastmap
| | #define re_search rpl_re_search
| | #define re_search_2 rpl_re_search_2
| | #define re_match rpl_re_match
| | #define re_match_2 rpl_re_match_2
| | #define re_set_registers rpl_re_set_registers
| | #define re_comp rpl_re_comp
| | #define re_exec rpl_re_exec
| | #define regcomp rpl_regcomp
| | #define regexec rpl_regexec
| | #define regerror rpl_regerror
| | #define regfree rpl_regfree
| | #define HAVE_LIBINTL_H 1
| | #define HAVE_DECL_ISBLANK 1
| | #define GNULIB_TEST_RENAME 1
| | #define GNULIB_TEST_RENAMEAT 1
| | #define HAVE_REWINDDIR 1
| | #define GNULIB_TEST_REWINDDIR 1
| | #define GNULIB_TEST_RMDIR 1
| | #define HAVE_RPMATCH 1
| | #define GNULIB_TEST_RPMATCH 1
| | #define GNULIB_TEST_SECURE_GETENV 1
| | #define HAVE_SELINUX_SELINUX_H 0
| | #define GNULIB_TEST_SETENV 1
| | #define HAVE_RAW_DECL_PTHREAD_SIGMASK 1
| | #define HAVE_RAW_DECL_SIGACTION 1
| | #define HAVE_RAW_DECL_SIGADDSET 1
| | #define HAVE_RAW_DECL_SIGDELSET 1
| | #define HAVE_RAW_DECL_SIGEMPTYSET 1
| | #define HAVE_RAW_DECL_SIGFILLSET 1
| | #define HAVE_RAW_DECL_SIGISMEMBER 1
| | #define HAVE_RAW_DECL_SIGPENDING 1
| | #define HAVE_RAW_DECL_SIGPROCMASK 1
| | #define HAVE_STDINT_H 1
| | #define HAVE_DECL_SLEEP 1
| | #define GNULIB_TEST_SLEEP 1
| | #define HAVE_SNPRINTF 1
| | #define GNULIB_TEST_SNPRINTF 1
| | #define GNULIB_SNPRINTF 1
| | #define GNULIB_TEST_STAT 1
| | #define HAVE_STRUCT_STAT_ST_ATIM_TV_NSEC 1
| | #define TYPEOF_STRUCT_STAT_ST_ATIM_IS_STRUCT_TIMESPEC 1
| | /* end confdefs.h.  */
| | #include <sys/types.h>
| |         #include <sys/stat.h>
| | 
| | int
| | main ()
| | {
| | static struct stat ac_aggr;
| | if (sizeof ac_aggr.st_birthtimensec)
| | return 0;
| |   ;
| |   return 0;
| | }
| configure:29078: result: no
| configure:29089: checking for struct stat.st_birthtim.tv_nsec
| configure:29089: gcc -std=gnu99 -c -g -O2  conftest.c >&5
| conftest.c: In function 'main':
| conftest.c:461:12: error: 'struct stat' has no member named 'st_birthtim'
| configure:29089: $? = 1
| configure: failed program was:
| | /* confdefs.h */
| | #define PACKAGE_NAME "GNU tar"
| | #define PACKAGE_TARNAME "tar"
| | #define PACKAGE_VERSION "1.28"
| | #define PACKAGE_STRING "GNU tar 1.28"
| | #define PACKAGE_BUGREPORT "bug-tar@gnu.org"
| | #define PACKAGE_URL "http://www.gnu.org/software/tar/"
| | #define PACKAGE "tar"
| | #define VERSION "1.28"
| | #define STDC_HEADERS 1
| | #define HAVE_SYS_TYPES_H 1
| | #define HAVE_SYS_STAT_H 1
| | #define HAVE_STDLIB_H 1
| | #define HAVE_STRING_H 1
| | #define HAVE_MEMORY_H 1
| | #define HAVE_STRINGS_H 1
| | #define HAVE_INTTYPES_H 1
| | #define HAVE_STDINT_H 1
| | #define HAVE_UNISTD_H 1
| | #define __EXTENSIONS__ 1
| | #define _ALL_SOURCE 1
| | #define _DARWIN_C_SOURCE 1
| | #define _GNU_SOURCE 1
| | #define _POSIX_PTHREAD_SEMANTICS 1
| | #define _TANDEM_SOURCE 1
| | #define HAVE_FSEEKO 1
| | #define _DARWIN_USE_64_BIT_INODE 1
| | #define _DARWIN_USE_64_BIT_INODE 1
| | #define HAVE_FCNTL_H 1
| | #define HAVE_LINUX_FD_H 1
| | #define HAVE_MEMORY_H 1
| | #define HAVE_SGTTY_H 1
| | #define HAVE_STRING_H 1
| | #define HAVE_SYS_PARAM_H 1
| | #define HAVE_SYS_MTIO_H 1
| | #define HAVE_SYS_TIME_H 1
| | #define HAVE_UNISTD_H 1
| | #define HAVE_LOCALE_H 1
| | #define HAVE_FEATURES_H 1
| | #define HAVE_SYS_SOCKET_H 1
| | #define HAVE_DIRENT_H 1
| | #define HAVE_WCTYPE_H 1
| | #define HAVE_STDIO_EXT_H 1
| | #define HAVE_SYS_STAT_H 1
| | #define HAVE_GETOPT_H 1
| | #define HAVE_WCHAR_H 1
| | #define HAVE_STDINT_H 1
| | #define HAVE_INTTYPES_H 1
| | #define HAVE_LANGINFO_H 1
| | #define HAVE_XLOCALE_H 1
| | #define HAVE_SYS_MMAN_H 1
| | #define HAVE_MALLOC_H 1
| | #define HAVE_STRINGS_H 1
| | #define HAVE_SYSEXITS_H 1
| | #define HAVE_UTIME_H 1
| | #define HAVE_NETDB_H 1
| | #define HAVE_SYS_WAIT_H 1
| | #define HAVE_PWD_H 1
| | #define HAVE_GRP_H 1
| | #define major_t int
| | #define minor_t int
| | #define HAVE_ALLOCA_H 1
| | #define HAVE_ALLOCA 1
| | #define restrict __restrict
| | #define HAVE_DECL_CLEARERR_UNLOCKED 1
| | #define HAVE_DECL_FEOF_UNLOCKED 1
| | #define HAVE_DECL_FERROR_UNLOCKED 1
| | #define HAVE_DECL_FFLUSH_UNLOCKED 1
| | #define HAVE_DECL_FGETS_UNLOCKED 1
| | #define HAVE_DECL_FPUTC_UNLOCKED 1
| | #define HAVE_DECL_FPUTS_UNLOCKED 1
| | #define HAVE_DECL_FREAD_UNLOCKED 1
| | #define HAVE_DECL_FWRITE_UNLOCKED 1
| | #define HAVE_DECL_GETC_UNLOCKED 1
| | #define HAVE_DECL_GETCHAR_UNLOCKED 1
| | #define HAVE_DECL_PUTC_UNLOCKED 1
| | #define HAVE_DECL_PUTCHAR_UNLOCKED 1
| | #define HAVE_FLOCKFILE 1
| | #define HAVE_FUNLOCKFILE 1
| | #define HAVE_PATHCONF 1
| | #define HAVE_BTOWC 1
| | #define HAVE_CANONICALIZE_FILE_NAME 1
| | #define HAVE_GETCWD 1
| | #define HAVE_READLINK 1
| | #define HAVE_REALPATH 1
| | #define HAVE_READLINKAT 1
| | #define HAVE_CHOWN 1
| | #define HAVE_FCHOWN 1
| | #define HAVE_FCHDIR 1
| | #define HAVE_FDOPENDIR 1
| | #define HAVE_FACCESSAT 1
| | #define HAVE_FCHMODAT 1
| | #define HAVE_FCNTL 1
| | #define HAVE_SYMLINK 1
| | #define HAVE_MEMPCPY 1
| | #define HAVE_ISBLANK 1
| | #define HAVE_ISWCTYPE 1
| | #define HAVE_MBSRTOWCS 1
| | #define HAVE_WMEMCHR 1
| | #define HAVE_WMEMCPY 1
| | #define HAVE_WMEMPCPY 1
| | #define HAVE_FSTATAT 1
| | #define HAVE_FUTIMENS 1
| | #define HAVE_GETDELIM 1
| | #define HAVE_GETDTABLESIZE 1
| | #define HAVE_GETTIMEOFDAY 1
| | #define HAVE_ISWCNTRL 1
| | #define HAVE_ISWBLANK 1
| | #define HAVE_LINK 1
| | #define HAVE_OPENAT 1
| | #define HAVE_LINKAT 1
| | #define HAVE_LSTAT 1
| | #define HAVE_MBSINIT 1
| | #define HAVE_MBRTOWC 1
| | #define HAVE_MPROTECT 1
| | #define HAVE_MKDIRAT 1
| | #define HAVE_MKFIFO 1
| | #define HAVE_MKFIFOAT 1
| | #define HAVE_MKNODAT 1
| | #define HAVE_MKNOD 1
| | #define HAVE_NL_LANGINFO 1
| | #define HAVE_POSIX_OPENPT 1
| | #define HAVE_PTSNAME_R 1
| | #define HAVE_FCHMOD 1
| | #define HAVE_RENAMEAT 1
| | #define HAVE_SECURE_GETENV 1
| | #define HAVE_SETENV 1
| | #define HAVE_SLEEP 1
| | #define HAVE_SNPRINTF 1
| | #define HAVE_STRDUP 1
| | #define HAVE_TZSET 1
| | #define HAVE_STRNDUP 1
| | #define HAVE_STRTOIMAX 1
| | #define HAVE_STRTOUMAX 1
| | #define HAVE_SYMLINKAT 1
| | #define HAVE_LOCALTIME_R 1
| | #define HAVE_PIPE 1
| | #define HAVE_UNLINKAT 1
| | #define HAVE_FUTIMES 1
| | #define HAVE_FUTIMESAT 1
| | #define HAVE_UTIMENSAT 1
| | #define HAVE_LUTIMES 1
| | #define HAVE_WCRTOMB 1
| | #define HAVE_WCWIDTH 1
| | #define HAVE_SETLOCALE 1
| | #define HAVE_FSYNC 1
| | #define HAVE_GRANTPT 1
| | #define D_INO_IN_DIRENT 1
| | #define HAVE_LONG_FILE_NAMES 1
| | #define HAVE_LANGINFO_CODESET 1
| | #define FUNC_REALPATH_WORKS 1
| | #define HAVE_UNISTD_H 1
| | #define HAVE_CHOWN 1
| | #define HAVE_ENVIRON_DECL 1
| | #define HAVE_DECL_STRERROR_R 1
| | #define HAVE_STRERROR_R 1
| | #define STRERROR_R_CHAR_P 1
| | #define GETGROUPS_T gid_t
| | #define HAVE_DECL_FCHDIR 1
| | #define HAVE_WORKING_O_NOATIME 1
| | #define HAVE_WORKING_O_NOFOLLOW 1
| | #define HAVE_MBSTATE_T 1
| | #define HAVE_DECL_FSEEKO 1
| | #define HAVE_RAW_DECL_FCHMODAT 1
| | #define HAVE_RAW_DECL_FSTAT 1
| | #define HAVE_RAW_DECL_FSTATAT 1
| | #define HAVE_RAW_DECL_FUTIMENS 1
| | #define HAVE_RAW_DECL_LCHMOD 1
| | #define HAVE_RAW_DECL_LSTAT 1
| | #define HAVE_RAW_DECL_MKDIRAT 1
| | #define HAVE_RAW_DECL_MKFIFO 1
| | #define HAVE_RAW_DECL_MKFIFOAT 1
| | #define HAVE_RAW_DECL_MKNOD 1
| | #define HAVE_RAW_DECL_MKNODAT 1
| | #define HAVE_RAW_DECL_STAT 1
| | #define HAVE_RAW_DECL_UTIMENSAT 1
| | #define LSTAT_FOLLOWS_SLASHED_SYMLINK 1
| | #define HAVE_DECL_GETCWD 1
| | #define HAVE_DECL_GETDELIM 1
| | #define HAVE_DECL_GETLINE 1
| | #define HAVE_GETOPT_H 1
| | #define HAVE_GETOPT_LONG_ONLY 1
| | #define __GETOPT_PREFIX rpl_
| | #define HAVE_DECL_GETENV 1
| | #define HAVE_RAW_DECL_GETTIMEOFDAY 1
| | #define HAVE_UNSIGNED_LONG_LONG_INT 1
| | #define HAVE_LONG_LONG_INT 1
| | #define HAVE_RAW_DECL_IMAXABS 1
| | #define HAVE_RAW_DECL_IMAXDIV 1
| | #define HAVE_RAW_DECL_STRTOIMAX 1
| | #define HAVE_RAW_DECL_STRTOUMAX 1
| | #define HAVE_INTTYPES_H 1
| | #define HAVE_WINT_T 1
| | #define HAVE_TOWLOWER 1
| | #define HAVE_RAW_DECL_WCTYPE 1
| | #define HAVE_RAW_DECL_ISWCTYPE 1
| | #define HAVE_RAW_DECL_WCTRANS 1
| | #define HAVE_RAW_DECL_TOWCTRANS 1
| | #define HAVE_WCHAR_T 1
| | #define HAVE_STDLIB_H 1
| | #define MALLOC_0_IS_NONNULL 1
| | #define HAVE_MAP_ANONYMOUS 1
| | #define HAVE_DECL_MEMRCHR 1
| | #define HAVE_DECL_ALARM 1
| | #define PROMOTED_MODE_T mode_t
| | #define HAVE__BOOL 1
| | #define HAVE_COMPOUND_LITERALS 1
| | #define HAVE_TM_GMTOFF 1
| | #define HAVE_DECL_SETENV 1
| | #define HAVE_SEARCH_H 1
| | #define HAVE_TSEARCH 1
| | #define HAVE_SIGSET_T 1
| | #define HAVE_DECL_SNPRINTF 1
| | #define HAVE_DECL_STRDUP 1
| | #define HAVE_RAW_DECL_FFSL 1
| | #define HAVE_RAW_DECL_FFSLL 1
| | #define HAVE_RAW_DECL_MEMMEM 1
| | #define HAVE_RAW_DECL_MEMPCPY 1
| | #define HAVE_RAW_DECL_MEMRCHR 1
| | #define HAVE_RAW_DECL_RAWMEMCHR 1
| | #define HAVE_RAW_DECL_STPCPY 1
| | #define HAVE_RAW_DECL_STPNCPY 1
| | #define HAVE_RAW_DECL_STRCHRNUL 1
| | #define HAVE_RAW_DECL_STRDUP 1
| | #define HAVE_RAW_DECL_STRNCAT 1
| | #define HAVE_RAW_DECL_STRNDUP 1
| | #define HAVE_RAW_DECL_STRNLEN 1
| | #define HAVE_RAW_DECL_STRPBRK 1
| | #define HAVE_RAW_DECL_STRSEP 1
| | #define HAVE_RAW_DECL_STRCASESTR 1
| | #define HAVE_RAW_DECL_STRTOK_R 1
| | #define HAVE_RAW_DECL_STRERROR_R 1
| | #define HAVE_RAW_DECL_STRSIGNAL 1
| | #define HAVE_RAW_DECL_STRVERSCMP 1
| | #define HAVE_RAW_DECL_FFS 1
| | #define HAVE_RAW_DECL_STRCASECMP 1
| | #define HAVE_RAW_DECL_STRNCASECMP 1
| | #define HAVE_DECL_STRNDUP 1
| | #define HAVE_DECL_STRNLEN 1
| | #define HAVE_DECL_STRTOIMAX 1
| | #define HAVE_DECL_STRTOUMAX 1
| | #define HAVE_DECL_TTYNAME_R 1
| | #define HAVE_DECL_UNSETENV 1
| | #define HAVE_WORKING_UTIMES 1
| | #define HAVE_STRUCT_UTIMBUF 1
| | #define HAVE_INTTYPES_H_WITH_UINTMAX 1
| | #define HAVE_STDINT_H_WITH_UINTMAX 1
| | #define HAVE_INTMAX_T 1
| | #define DBL_EXPBIT0_WORD 1
| | #define DBL_EXPBIT0_BIT 20
| | #define HAVE_SNPRINTF 1
| | #define HAVE_STRNLEN 1
| | #define HAVE_WCSLEN 1
| | #define HAVE_WCSNLEN 1
| | #define HAVE_MBRTOWC 1
| | #define HAVE_WCRTOMB 1
| | #define HAVE_DECL__SNPRINTF 0
| | #define HAVE_SNPRINTF_RETVAL_C99 1
| | #define HAVE_DECL_VSNPRINTF 1
| | #define HAVE_ALLOCA 1
| | #define GNULIB_AREADLINKAT 1
| | #define HAVE_DECL_PROGRAM_INVOCATION_NAME 1
| | #define HAVE_DECL_PROGRAM_INVOCATION_SHORT_NAME 1
| | #define HAVE_PROGRAM_INVOCATION_NAME 1
| | #define HAVE_PROGRAM_INVOCATION_SHORT_NAME 1
| | #define GNULIB_TEST_BTOWC 1
| | #define GNULIB_CANONICALIZE_LGPL 1
| | #define GNULIB_TEST_CANONICALIZE_FILE_NAME 1
| | #define GNULIB_TEST_REALPATH 1
| | #define GNULIB_TEST_CHDIR 1
| | #define GNULIB_TEST_CHOWN 1
| | #define HAVE_CLOCK_GETTIME 1
| | #define HAVE_CLOCK_SETTIME 1
| | #define GNULIB_TEST_CLOEXEC 1
| | #define GNULIB_TEST_CLOSE 1
| | #define GNULIB_CLOSE_STREAM 1
| | #define HAVE_CLOSEDIR 1
| | #define GNULIB_TEST_CLOSEDIR 1
| | #define D_INO_IN_DIRENT 1
| | #define HAVE_RAW_DECL_ALPHASORT 1
| | #define HAVE_RAW_DECL_CLOSEDIR 1
| | #define HAVE_RAW_DECL_DIRFD 1
| | #define HAVE_RAW_DECL_FDOPENDIR 1
| | #define HAVE_RAW_DECL_OPENDIR 1
| | #define HAVE_RAW_DECL_READDIR 1
| | #define HAVE_RAW_DECL_REWINDDIR 1
| | #define HAVE_RAW_DECL_SCANDIR 1
| | #define GNULIB_DIRENT_SAFER 1
| | #define HAVE_DIRFD 1
| | #define HAVE_DECL_DIRFD 1
| | #define GNULIB_TEST_DIRFD 1
| | #define GNULIB_DIRNAME 1
| | #define GNULIB_TEST_DUP 1
| | #define HAVE_DUP2 1
| | #define GNULIB_TEST_DUP2 1
| | #define GNULIB_TEST_ENVIRON 1
| | #define HAVE_EUIDACCESS 1
| | #define GNULIB_TEST_EUIDACCESS 1
| | #define GNULIB_FACCESSAT 1
| | #define GNULIB_TEST_FACCESSAT 1
| | #define GNULIB_TEST_FCHDIR 1
| | #define GNULIB_FCHMODAT 1
| | #define GNULIB_TEST_FCHMODAT 1
| | #define GNULIB_FCHOWNAT 1
| | #define GNULIB_TEST_FCHOWNAT 1
| | #define GNULIB_TEST_FCNTL 1
| | #define HAVE_RAW_DECL_FCNTL 1
| | #define HAVE_RAW_DECL_OPENAT 1
| | #define HAVE_DECL_FDOPENDIR 1
| | #define GNULIB_TEST_FDOPENDIR 1
| | #define GNULIB_FDOPENDIR 1
| | #define GNULIB_FDUTIMENSAT 1
| | #define HAVE_STRUCT_STAT_ST_BLOCKS 1
| | #define HAVE_ST_BLOCKS 1
| | #define HAVE_DECL___FPENDING 1
| | #define GNULIB_TEST_FSEEK 1
| | #define GNULIB_TEST_FSEEKO 1
| | #define GNULIB_TEST_FSTAT 1
| | #define GNULIB_TEST_FSTATAT 1
| | #define GNULIB_TEST_FUTIMENS 1
| | #define HAVE_GETPAGESIZE 1
| | #define HAVE_MINIMALLY_WORKING_GETCWD 1
| | #define GNULIB_GETCWD 1
| | #define GNULIB_TEST_GETCWD 1
| | #define GNULIB_TEST_GETCWD 1
| | #define GNULIB_TEST_GETDELIM 1
| | #define GNULIB_TEST_GETDTABLESIZE 1
| | #define HAVE_GETGROUPS 1
| | #define GNULIB_TEST_GETGROUPS 1
| | #define GNULIB_TEST_GETLINE 1
| | #define GNULIB_TEST_GETOPT_GNU 1
| | #define __GETOPT_PREFIX rpl_
| | #define HAVE_GETPAGESIZE 1
| | #define GNULIB_TEST_GETPAGESIZE 1
| | #define GETTIMEOFDAY_TIMEZONE struct timezone
| | #define GNULIB_TEST_GETTIMEOFDAY 1
| | #define GNULIB_TEST_GROUP_MEMBER 1
| | #define GNULIB_TEST_ISATTY 1
| | #define HAVE_DECL_ISWBLANK 1
| | #define GNULIB_TEST_ISWBLANK 1
| | #define HAVE_RAW_DECL_NL_LANGINFO 1
| | #define HAVE_LCHOWN 1
| | #define GNULIB_TEST_LCHOWN 1
| | #define GNULIB_TEST_LINK 1
| | #define LINK_FOLLOWS_SYMLINKS 0
| | #define LINKAT_TRAILING_SLASH_BUG 0
| | #define GNULIB_TEST_LINKAT 1
| | #define HAVE_RAW_DECL_SETLOCALE 1
| | #define HAVE_RAW_DECL_DUPLOCALE 1
| | #define GNULIB_TEST_LOCALECONV 1
| | #define GNULIB_TEST_LSEEK 1
| | #define GNULIB_TEST_LSTAT 1
| | #define HAVE_STDLIB_H 1
| | #define HAVE_MALLOC_GNU 1
| | #define GNULIB_MALLOC_GNU 1
| | #define HAVE_MALLOC_POSIX 1
| | #define GNULIB_TEST_MALLOC_POSIX 1
| | #define GNULIB_TEST_MBRTOWC 1
| | #define GNULIB_TEST_MBSCASECMP 1
| | #define GNULIB_TEST_MBSINIT 1
| | #define GNULIB_TEST_MBSRTOWCS 1
| | #define GNULIB_TEST_MBTOWC 1
| | #define GNULIB_TEST_MEMCHR 1
| | #define HAVE_MEMPCPY 1
| | #define GNULIB_TEST_MEMPCPY 1
| | #define HAVE_MEMRCHR 1
| | #define GNULIB_TEST_MEMRCHR 1
| | #define GNULIB_TEST_MKDIRAT 1
| | #define HAVE_MKDTEMP 1
| | #define GNULIB_TEST_MKDTEMP 1
| | #define GNULIB_TEST_MKFIFO 1
| | #define GNULIB_TEST_MKFIFOAT 1
| | #define GNULIB_TEST_MKNODAT 1
| | #define MKNOD_FIFO_BUG 1
| | #define GNULIB_TEST_MKNOD 1
| | #define GNULIB_TEST_MKTIME 1
| | #define FUNC_NL_LANGINFO_YESEXPR_WORKS 1
| | #define GNULIB_TEST_NL_LANGINFO 1
| | #define HAVE_OBSTACK 1
| | #define GNULIB_TEST_OPEN 1
| | #define GNULIB_OPENAT 1
| | #define GNULIB_TEST_OPENAT 1
| | #define HAVE_OPENDIR 1
| | #define GNULIB_TEST_OPENDIR 1
| | #define HAVE_STRUCT_TM_TM_ZONE 1
| | #define HAVE_TM_ZONE 1
| | #define TIME_T_FITS_IN_LONG_INT 1
| | #define GNULIB_TEST_POSIX_OPENPT 1
| | #define HAVE_DECL_PROGRAM_INVOCATION_NAME 1
| | #define HAVE_DECL_PROGRAM_INVOCATION_SHORT_NAME 1
| | #define HAVE_PTSNAME 1
| | #define GNULIB_TEST_PTSNAME 1
| | #define GNULIB_TEST_PTSNAME_R 1
| | #define USE_ACL 0
| | #define HAVE_RAISE 1
| | #define GNULIB_TEST_RAISE 1
| | #define HAVE_RAWMEMCHR 1
| | #define GNULIB_TEST_RAWMEMCHR 1
| | #define GNULIB_TEST_READ 1
| | #define HAVE_READDIR 1
| | #define GNULIB_TEST_READDIR 1
| | #define GNULIB_TEST_READLINK 1
| | #define GNULIB_TEST_READLINKAT 1
| | #define HAVE_REALLOC_POSIX 1
| | #define GNULIB_TEST_REALLOC_POSIX 1
| | #define _REGEX_INCLUDE_LIMITS_H 1
| | #define _REGEX_LARGE_OFFSETS 1
| | #define re_syntax_options rpl_re_syntax_options
| | #define re_set_syntax rpl_re_set_syntax
| | #define re_compile_pattern rpl_re_compile_pattern
| | #define re_compile_fastmap rpl_re_compile_fastmap
| | #define re_search rpl_re_search
| | #define re_search_2 rpl_re_search_2
| | #define re_match rpl_re_match
| | #define re_match_2 rpl_re_match_2
| | #define re_set_registers rpl_re_set_registers
| | #define re_comp rpl_re_comp
| | #define re_exec rpl_re_exec
| | #define regcomp rpl_regcomp
| | #define regexec rpl_regexec
| | #define regerror rpl_regerror
| | #define regfree rpl_regfree
| | #define HAVE_LIBINTL_H 1
| | #define HAVE_DECL_ISBLANK 1
| | #define GNULIB_TEST_RENAME 1
| | #define GNULIB_TEST_RENAMEAT 1
| | #define HAVE_REWINDDIR 1
| | #define GNULIB_TEST_REWINDDIR 1
| | #define GNULIB_TEST_RMDIR 1
| | #define HAVE_RPMATCH 1
| | #define GNULIB_TEST_RPMATCH 1
| | #define GNULIB_TEST_SECURE_GETENV 1
| | #define HAVE_SELINUX_SELINUX_H 0
| | #define GNULIB_TEST_SETENV 1
| | #define HAVE_RAW_DECL_PTHREAD_SIGMASK 1
| | #define HAVE_RAW_DECL_SIGACTION 1
| | #define HAVE_RAW_DECL_SIGADDSET 1
| | #define HAVE_RAW_DECL_SIGDELSET 1
| | #define HAVE_RAW_DECL_SIGEMPTYSET 1
| | #define HAVE_RAW_DECL_SIGFILLSET 1
| | #define HAVE_RAW_DECL_SIGISMEMBER 1
| | #define HAVE_RAW_DECL_SIGPENDING 1
| | #define HAVE_RAW_DECL_SIGPROCMASK 1
| | #define HAVE_STDINT_H 1
| | #define HAVE_DECL_SLEEP 1
| | #define GNULIB_TEST_SLEEP 1
| | #define HAVE_SNPRINTF 1
| | #define GNULIB_TEST_SNPRINTF 1
| | #define GNULIB_SNPRINTF 1
| | #define GNULIB_TEST_STAT 1
| | #define HAVE_STRUCT_STAT_ST_ATIM_TV_NSEC 1
| | #define TYPEOF_STRUCT_STAT_ST_ATIM_IS_STRUCT_TIMESPEC 1
| | /* end confdefs.h.  */
| | #include <sys/types.h>
| |           #include <sys/stat.h>
| | 
| | int
| | main ()
| | {
| | static struct stat ac_aggr;
| | if (ac_aggr.st_birthtim.tv_nsec)
| | return 0;
| |   ;
| |   return 0;
| | }
| configure:29089: gcc -std=gnu99 -c -g -O2  conftest.c >&5
| conftest.c: In function 'main':
| conftest.c:461:19: error: 'struct stat' has no member named 'st_birthtim'
| configure:29089: $? = 1
| configure: failed program was:
| | /* confdefs.h */
| | #define PACKAGE_NAME "GNU tar"
| | #define PACKAGE_TARNAME "tar"
| | #define PACKAGE_VERSION "1.28"
| | #define PACKAGE_STRING "GNU tar 1.28"
| | #define PACKAGE_BUGREPORT "bug-tar@gnu.org"
| | #define PACKAGE_URL "http://www.gnu.org/software/tar/"
| | #define PACKAGE "tar"
| | #define VERSION "1.28"
| | #define STDC_HEADERS 1
| | #define HAVE_SYS_TYPES_H 1
| | #define HAVE_SYS_STAT_H 1
| | #define HAVE_STDLIB_H 1
| | #define HAVE_STRING_H 1
| | #define HAVE_MEMORY_H 1
| | #define HAVE_STRINGS_H 1
| | #define HAVE_INTTYPES_H 1
| | #define HAVE_STDINT_H 1
| | #define HAVE_UNISTD_H 1
| | #define __EXTENSIONS__ 1
| | #define _ALL_SOURCE 1
| | #define _DARWIN_C_SOURCE 1
| | #define _GNU_SOURCE 1
| | #define _POSIX_PTHREAD_SEMANTICS 1
| | #define _TANDEM_SOURCE 1
| | #define HAVE_FSEEKO 1
| | #define _DARWIN_USE_64_BIT_INODE 1
| | #define _DARWIN_USE_64_BIT_INODE 1
| | #define HAVE_FCNTL_H 1
| | #define HAVE_LINUX_FD_H 1
| | #define HAVE_MEMORY_H 1
| | #define HAVE_SGTTY_H 1
| | #define HAVE_STRING_H 1
| | #define HAVE_SYS_PARAM_H 1
| | #define HAVE_SYS_MTIO_H 1
| | #define HAVE_SYS_TIME_H 1
| | #define HAVE_UNISTD_H 1
| | #define HAVE_LOCALE_H 1
| | #define HAVE_FEATURES_H 1
| | #define HAVE_SYS_SOCKET_H 1
| | #define HAVE_DIRENT_H 1
| | #define HAVE_WCTYPE_H 1
| | #define HAVE_STDIO_EXT_H 1
| | #define HAVE_SYS_STAT_H 1
| | #define HAVE_GETOPT_H 1
| | #define HAVE_WCHAR_H 1
| | #define HAVE_STDINT_H 1
| | #define HAVE_INTTYPES_H 1
| | #define HAVE_LANGINFO_H 1
| | #define HAVE_XLOCALE_H 1
| | #define HAVE_SYS_MMAN_H 1
| | #define HAVE_MALLOC_H 1
| | #define HAVE_STRINGS_H 1
| | #define HAVE_SYSEXITS_H 1
| | #define HAVE_UTIME_H 1
| | #define HAVE_NETDB_H 1
| | #define HAVE_SYS_WAIT_H 1
| | #define HAVE_PWD_H 1
| | #define HAVE_GRP_H 1
| | #define major_t int
| | #define minor_t int
| | #define HAVE_ALLOCA_H 1
| | #define HAVE_ALLOCA 1
| | #define restrict __restrict
| | #define HAVE_DECL_CLEARERR_UNLOCKED 1
| | #define HAVE_DECL_FEOF_UNLOCKED 1
| | #define HAVE_DECL_FERROR_UNLOCKED 1
| | #define HAVE_DECL_FFLUSH_UNLOCKED 1
| | #define HAVE_DECL_FGETS_UNLOCKED 1
| | #define HAVE_DECL_FPUTC_UNLOCKED 1
| | #define HAVE_DECL_FPUTS_UNLOCKED 1
| | #define HAVE_DECL_FREAD_UNLOCKED 1
| | #define HAVE_DECL_FWRITE_UNLOCKED 1
| | #define HAVE_DECL_GETC_UNLOCKED 1
| | #define HAVE_DECL_GETCHAR_UNLOCKED 1
| | #define HAVE_DECL_PUTC_UNLOCKED 1
| | #define HAVE_DECL_PUTCHAR_UNLOCKED 1
| | #define HAVE_FLOCKFILE 1
| | #define HAVE_FUNLOCKFILE 1
| | #define HAVE_PATHCONF 1
| | #define HAVE_BTOWC 1
| | #define HAVE_CANONICALIZE_FILE_NAME 1
| | #define HAVE_GETCWD 1
| | #define HAVE_READLINK 1
| | #define HAVE_REALPATH 1
| | #define HAVE_READLINKAT 1
| | #define HAVE_CHOWN 1
| | #define HAVE_FCHOWN 1
| | #define HAVE_FCHDIR 1
| | #define HAVE_FDOPENDIR 1
| | #define HAVE_FACCESSAT 1
| | #define HAVE_FCHMODAT 1
| | #define HAVE_FCNTL 1
| | #define HAVE_SYMLINK 1
| | #define HAVE_MEMPCPY 1
| | #define HAVE_ISBLANK 1
| | #define HAVE_ISWCTYPE 1
| | #define HAVE_MBSRTOWCS 1
| | #define HAVE_WMEMCHR 1
| | #define HAVE_WMEMCPY 1
| | #define HAVE_WMEMPCPY 1
| | #define HAVE_FSTATAT 1
| | #define HAVE_FUTIMENS 1
| | #define HAVE_GETDELIM 1
| | #define HAVE_GETDTABLESIZE 1
| | #define HAVE_GETTIMEOFDAY 1
| | #define HAVE_ISWCNTRL 1
| | #define HAVE_ISWBLANK 1
| | #define HAVE_LINK 1
| | #define HAVE_OPENAT 1
| | #define HAVE_LINKAT 1
| | #define HAVE_LSTAT 1
| | #define HAVE_MBSINIT 1
| | #define HAVE_MBRTOWC 1
| | #define HAVE_MPROTECT 1
| | #define HAVE_MKDIRAT 1
| | #define HAVE_MKFIFO 1
| | #define HAVE_MKFIFOAT 1
| | #define HAVE_MKNODAT 1
| | #define HAVE_MKNOD 1
| | #define HAVE_NL_LANGINFO 1
| | #define HAVE_POSIX_OPENPT 1
| | #define HAVE_PTSNAME_R 1
| | #define HAVE_FCHMOD 1
| | #define HAVE_RENAMEAT 1
| | #define HAVE_SECURE_GETENV 1
| | #define HAVE_SETENV 1
| | #define HAVE_SLEEP 1
| | #define HAVE_SNPRINTF 1
| | #define HAVE_STRDUP 1
| | #define HAVE_TZSET 1
| | #define HAVE_STRNDUP 1
| | #define HAVE_STRTOIMAX 1
| | #define HAVE_STRTOUMAX 1
| | #define HAVE_SYMLINKAT 1
| | #define HAVE_LOCALTIME_R 1
| | #define HAVE_PIPE 1
| | #define HAVE_UNLINKAT 1
| | #define HAVE_FUTIMES 1
| | #define HAVE_FUTIMESAT 1
| | #define HAVE_UTIMENSAT 1
| | #define HAVE_LUTIMES 1
| | #define HAVE_WCRTOMB 1
| | #define HAVE_WCWIDTH 1
| | #define HAVE_SETLOCALE 1
| | #define HAVE_FSYNC 1
| | #define HAVE_GRANTPT 1
| | #define D_INO_IN_DIRENT 1
| | #define HAVE_LONG_FILE_NAMES 1
| | #define HAVE_LANGINFO_CODESET 1
| | #define FUNC_REALPATH_WORKS 1
| | #define HAVE_UNISTD_H 1
| | #define HAVE_CHOWN 1
| | #define HAVE_ENVIRON_DECL 1
| | #define HAVE_DECL_STRERROR_R 1
| | #define HAVE_STRERROR_R 1
| | #define STRERROR_R_CHAR_P 1
| | #define GETGROUPS_T gid_t
| | #define HAVE_DECL_FCHDIR 1
| | #define HAVE_WORKING_O_NOATIME 1
| | #define HAVE_WORKING_O_NOFOLLOW 1
| | #define HAVE_MBSTATE_T 1
| | #define HAVE_DECL_FSEEKO 1
| | #define HAVE_RAW_DECL_FCHMODAT 1
| | #define HAVE_RAW_DECL_FSTAT 1
| | #define HAVE_RAW_DECL_FSTATAT 1
| | #define HAVE_RAW_DECL_FUTIMENS 1
| | #define HAVE_RAW_DECL_LCHMOD 1
| | #define HAVE_RAW_DECL_LSTAT 1
| | #define HAVE_RAW_DECL_MKDIRAT 1
| | #define HAVE_RAW_DECL_MKFIFO 1
| | #define HAVE_RAW_DECL_MKFIFOAT 1
| | #define HAVE_RAW_DECL_MKNOD 1
| | #define HAVE_RAW_DECL_MKNODAT 1
| | #define HAVE_RAW_DECL_STAT 1
| | #define HAVE_RAW_DECL_UTIMENSAT 1
| | #define LSTAT_FOLLOWS_SLASHED_SYMLINK 1
| | #define HAVE_DECL_GETCWD 1
| | #define HAVE_DECL_GETDELIM 1
| | #define HAVE_DECL_GETLINE 1
| | #define HAVE_GETOPT_H 1
| | #define HAVE_GETOPT_LONG_ONLY 1
| | #define __GETOPT_PREFIX rpl_
| | #define HAVE_DECL_GETENV 1
| | #define HAVE_RAW_DECL_GETTIMEOFDAY 1
| | #define HAVE_UNSIGNED_LONG_LONG_INT 1
| | #define HAVE_LONG_LONG_INT 1
| | #define HAVE_RAW_DECL_IMAXABS 1
| | #define HAVE_RAW_DECL_IMAXDIV 1
| | #define HAVE_RAW_DECL_STRTOIMAX 1
| | #define HAVE_RAW_DECL_STRTOUMAX 1
| | #define HAVE_INTTYPES_H 1
| | #define HAVE_WINT_T 1
| | #define HAVE_TOWLOWER 1
| | #define HAVE_RAW_DECL_WCTYPE 1
| | #define HAVE_RAW_DECL_ISWCTYPE 1
| | #define HAVE_RAW_DECL_WCTRANS 1
| | #define HAVE_RAW_DECL_TOWCTRANS 1
| | #define HAVE_WCHAR_T 1
| | #define HAVE_STDLIB_H 1
| | #define MALLOC_0_IS_NONNULL 1
| | #define HAVE_MAP_ANONYMOUS 1
| | #define HAVE_DECL_MEMRCHR 1
| | #define HAVE_DECL_ALARM 1
| | #define PROMOTED_MODE_T mode_t
| | #define HAVE__BOOL 1
| | #define HAVE_COMPOUND_LITERALS 1
| | #define HAVE_TM_GMTOFF 1
| | #define HAVE_DECL_SETENV 1
| | #define HAVE_SEARCH_H 1
| | #define HAVE_TSEARCH 1
| | #define HAVE_SIGSET_T 1
| | #define HAVE_DECL_SNPRINTF 1
| | #define HAVE_DECL_STRDUP 1
| | #define HAVE_RAW_DECL_FFSL 1
| | #define HAVE_RAW_DECL_FFSLL 1
| | #define HAVE_RAW_DECL_MEMMEM 1
| | #define HAVE_RAW_DECL_MEMPCPY 1
| | #define HAVE_RAW_DECL_MEMRCHR 1
| | #define HAVE_RAW_DECL_RAWMEMCHR 1
| | #define HAVE_RAW_DECL_STPCPY 1
| | #define HAVE_RAW_DECL_STPNCPY 1
| | #define HAVE_RAW_DECL_STRCHRNUL 1
| | #define HAVE_RAW_DECL_STRDUP 1
| | #define HAVE_RAW_DECL_STRNCAT 1
| | #define HAVE_RAW_DECL_STRNDUP 1
| | #define HAVE_RAW_DECL_STRNLEN 1
| | #define HAVE_RAW_DECL_STRPBRK 1
| | #define HAVE_RAW_DECL_STRSEP 1
| | #define HAVE_RAW_DECL_STRCASESTR 1
| | #define HAVE_RAW_DECL_STRTOK_R 1
| | #define HAVE_RAW_DECL_STRERROR_R 1
| | #define HAVE_RAW_DECL_STRSIGNAL 1
| | #define HAVE_RAW_DECL_STRVERSCMP 1
| | #define HAVE_RAW_DECL_FFS 1
| | #define HAVE_RAW_DECL_STRCASECMP 1
| | #define HAVE_RAW_DECL_STRNCASECMP 1
| | #define HAVE_DECL_STRNDUP 1
| | #define HAVE_DECL_STRNLEN 1
| | #define HAVE_DECL_STRTOIMAX 1
| | #define HAVE_DECL_STRTOUMAX 1
| | #define HAVE_DECL_TTYNAME_R 1
| | #define HAVE_DECL_UNSETENV 1
| | #define HAVE_WORKING_UTIMES 1
| | #define HAVE_STRUCT_UTIMBUF 1
| | #define HAVE_INTTYPES_H_WITH_UINTMAX 1
| | #define HAVE_STDINT_H_WITH_UINTMAX 1
| | #define HAVE_INTMAX_T 1
| | #define DBL_EXPBIT0_WORD 1
| | #define DBL_EXPBIT0_BIT 20
| | #define HAVE_SNPRINTF 1
| | #define HAVE_STRNLEN 1
| | #define HAVE_WCSLEN 1
| | #define HAVE_WCSNLEN 1
| | #define HAVE_MBRTOWC 1
| | #define HAVE_WCRTOMB 1
| | #define HAVE_DECL__SNPRINTF 0
| | #define HAVE_SNPRINTF_RETVAL_C99 1
| | #define HAVE_DECL_VSNPRINTF 1
| | #define HAVE_ALLOCA 1
| | #define GNULIB_AREADLINKAT 1
| | #define HAVE_DECL_PROGRAM_INVOCATION_NAME 1
| | #define HAVE_DECL_PROGRAM_INVOCATION_SHORT_NAME 1
| | #define HAVE_PROGRAM_INVOCATION_NAME 1
| | #define HAVE_PROGRAM_INVOCATION_SHORT_NAME 1
| | #define GNULIB_TEST_BTOWC 1
| | #define GNULIB_CANONICALIZE_LGPL 1
| | #define GNULIB_TEST_CANONICALIZE_FILE_NAME 1
| | #define GNULIB_TEST_REALPATH 1
| | #define GNULIB_TEST_CHDIR 1
| | #define GNULIB_TEST_CHOWN 1
| | #define HAVE_CLOCK_GETTIME 1
| | #define HAVE_CLOCK_SETTIME 1
| | #define GNULIB_TEST_CLOEXEC 1
| | #define GNULIB_TEST_CLOSE 1
| | #define GNULIB_CLOSE_STREAM 1
| | #define HAVE_CLOSEDIR 1
| | #define GNULIB_TEST_CLOSEDIR 1
| | #define D_INO_IN_DIRENT 1
| | #define HAVE_RAW_DECL_ALPHASORT 1
| | #define HAVE_RAW_DECL_CLOSEDIR 1
| | #define HAVE_RAW_DECL_DIRFD 1
| | #define HAVE_RAW_DECL_FDOPENDIR 1
| | #define HAVE_RAW_DECL_OPENDIR 1
| | #define HAVE_RAW_DECL_READDIR 1
| | #define HAVE_RAW_DECL_REWINDDIR 1
| | #define HAVE_RAW_DECL_SCANDIR 1
| | #define GNULIB_DIRENT_SAFER 1
| | #define HAVE_DIRFD 1
| | #define HAVE_DECL_DIRFD 1
| | #define GNULIB_TEST_DIRFD 1
| | #define GNULIB_DIRNAME 1
| | #define GNULIB_TEST_DUP 1
| | #define HAVE_DUP2 1
| | #define GNULIB_TEST_DUP2 1
| | #define GNULIB_TEST_ENVIRON 1
| | #define HAVE_EUIDACCESS 1
| | #define GNULIB_TEST_EUIDACCESS 1
| | #define GNULIB_FACCESSAT 1
| | #define GNULIB_TEST_FACCESSAT 1
| | #define GNULIB_TEST_FCHDIR 1
| | #define GNULIB_FCHMODAT 1
| | #define GNULIB_TEST_FCHMODAT 1
| | #define GNULIB_FCHOWNAT 1
| | #define GNULIB_TEST_FCHOWNAT 1
| | #define GNULIB_TEST_FCNTL 1
| | #define HAVE_RAW_DECL_FCNTL 1
| | #define HAVE_RAW_DECL_OPENAT 1
| | #define HAVE_DECL_FDOPENDIR 1
| | #define GNULIB_TEST_FDOPENDIR 1
| | #define GNULIB_FDOPENDIR 1
| | #define GNULIB_FDUTIMENSAT 1
| | #define HAVE_STRUCT_STAT_ST_BLOCKS 1
| | #define HAVE_ST_BLOCKS 1
| | #define HAVE_DECL___FPENDING 1
| | #define GNULIB_TEST_FSEEK 1
| | #define GNULIB_TEST_FSEEKO 1
| | #define GNULIB_TEST_FSTAT 1
| | #define GNULIB_TEST_FSTATAT 1
| | #define GNULIB_TEST_FUTIMENS 1
| | #define HAVE_GETPAGESIZE 1
| | #define HAVE_MINIMALLY_WORKING_GETCWD 1
| | #define GNULIB_GETCWD 1
| | #define GNULIB_TEST_GETCWD 1
| | #define GNULIB_TEST_GETCWD 1
| | #define GNULIB_TEST_GETDELIM 1
| | #define GNULIB_TEST_GETDTABLESIZE 1
| | #define HAVE_GETGROUPS 1
| | #define GNULIB_TEST_GETGROUPS 1
| | #define GNULIB_TEST_GETLINE 1
| | #define GNULIB_TEST_GETOPT_GNU 1
| | #define __GETOPT_PREFIX rpl_
| | #define HAVE_GETPAGESIZE 1
| | #define GNULIB_TEST_GETPAGESIZE 1
| | #define GETTIMEOFDAY_TIMEZONE struct timezone
| | #define GNULIB_TEST_GETTIMEOFDAY 1
| | #define GNULIB_TEST_GROUP_MEMBER 1
| | #define GNULIB_TEST_ISATTY 1
| | #define HAVE_DECL_ISWBLANK 1
| | #define GNULIB_TEST_ISWBLANK 1
| | #define HAVE_RAW_DECL_NL_LANGINFO 1
| | #define HAVE_LCHOWN 1
| | #define GNULIB_TEST_LCHOWN 1
| | #define GNULIB_TEST_LINK 1
| | #define LINK_FOLLOWS_SYMLINKS 0
| | #define LINKAT_TRAILING_SLASH_BUG 0
| | #define GNULIB_TEST_LINKAT 1
| | #define HAVE_RAW_DECL_SETLOCALE 1
| | #define HAVE_RAW_DECL_DUPLOCALE 1
| | #define GNULIB_TEST_LOCALECONV 1
| | #define GNULIB_TEST_LSEEK 1
| | #define GNULIB_TEST_LSTAT 1
| | #define HAVE_STDLIB_H 1
| | #define HAVE_MALLOC_GNU 1
| | #define GNULIB_MALLOC_GNU 1
| | #define HAVE_MALLOC_POSIX 1
| | #define GNULIB_TEST_MALLOC_POSIX 1
| | #define GNULIB_TEST_MBRTOWC 1
| | #define GNULIB_TEST_MBSCASECMP 1
| | #define GNULIB_TEST_MBSINIT 1
| | #define GNULIB_TEST_MBSRTOWCS 1
| | #define GNULIB_TEST_MBTOWC 1
| | #define GNULIB_TEST_MEMCHR 1
| | #define HAVE_MEMPCPY 1
| | #define GNULIB_TEST_MEMPCPY 1
| | #define HAVE_MEMRCHR 1
| | #define GNULIB_TEST_MEMRCHR 1
| | #define GNULIB_TEST_MKDIRAT 1
| | #define HAVE_MKDTEMP 1
| | #define GNULIB_TEST_MKDTEMP 1
| | #define GNULIB_TEST_MKFIFO 1
| | #define GNULIB_TEST_MKFIFOAT 1
| | #define GNULIB_TEST_MKNODAT 1
| | #define MKNOD_FIFO_BUG 1
| | #define GNULIB_TEST_MKNOD 1
| | #define GNULIB_TEST_MKTIME 1
| | #define FUNC_NL_LANGINFO_YESEXPR_WORKS 1
| | #define GNULIB_TEST_NL_LANGINFO 1
| | #define HAVE_OBSTACK 1
| | #define GNULIB_TEST_OPEN 1
| | #define GNULIB_OPENAT 1
| | #define GNULIB_TEST_OPENAT 1
| | #define HAVE_OPENDIR 1
| | #define GNULIB_TEST_OPENDIR 1
| | #define HAVE_STRUCT_TM_TM_ZONE 1
| | #define HAVE_TM_ZONE 1
| | #define TIME_T_FITS_IN_LONG_INT 1
| | #define GNULIB_TEST_POSIX_OPENPT 1
| | #define HAVE_DECL_PROGRAM_INVOCATION_NAME 1
| | #define HAVE_DECL_PROGRAM_INVOCATION_SHORT_NAME 1
| | #define HAVE_PTSNAME 1
| | #define GNULIB_TEST_PTSNAME 1
| | #define GNULIB_TEST_PTSNAME_R 1
| | #define USE_ACL 0
| | #define HAVE_RAISE 1
| | #define GNULIB_TEST_RAISE 1
| | #define HAVE_RAWMEMCHR 1
| | #define GNULIB_TEST_RAWMEMCHR 1
| | #define GNULIB_TEST_READ 1
| | #define HAVE_READDIR 1
| | #define GNULIB_TEST_READDIR 1
| | #define GNULIB_TEST_READLINK 1
| | #define GNULIB_TEST_READLINKAT 1
| | #define HAVE_REALLOC_POSIX 1
| | #define GNULIB_TEST_REALLOC_POSIX 1
| | #define _REGEX_INCLUDE_LIMITS_H 1
| | #define _REGEX_LARGE_OFFSETS 1
| | #define re_syntax_options rpl_re_syntax_options
| | #define re_set_syntax rpl_re_set_syntax
| | #define re_compile_pattern rpl_re_compile_pattern
| | #define re_compile_fastmap rpl_re_compile_fastmap
| | #define re_search rpl_re_search
| | #define re_search_2 rpl_re_search_2
| | #define re_match rpl_re_match
| | #define re_match_2 rpl_re_match_2
| | #define re_set_registers rpl_re_set_registers
| | #define re_comp rpl_re_comp
| | #define re_exec rpl_re_exec
| | #define regcomp rpl_regcomp
| | #define regexec rpl_regexec
| | #define regerror rpl_regerror
| | #define regfree rpl_regfree
| | #define HAVE_LIBINTL_H 1
| | #define HAVE_DECL_ISBLANK 1
| | #define GNULIB_TEST_RENAME 1
| | #define GNULIB_TEST_RENAMEAT 1
| | #define HAVE_REWINDDIR 1
| | #define GNULIB_TEST_REWINDDIR 1
| | #define GNULIB_TEST_RMDIR 1
| | #define HAVE_RPMATCH 1
| | #define GNULIB_TEST_RPMATCH 1
| | #define GNULIB_TEST_SECURE_GETENV 1
| | #define HAVE_SELINUX_SELINUX_H 0
| | #define GNULIB_TEST_SETENV 1
| | #define HAVE_RAW_DECL_PTHREAD_SIGMASK 1
| | #define HAVE_RAW_DECL_SIGACTION 1
| | #define HAVE_RAW_DECL_SIGADDSET 1
| | #define HAVE_RAW_DECL_SIGDELSET 1
| | #define HAVE_RAW_DECL_SIGEMPTYSET 1
| | #define HAVE_RAW_DECL_SIGFILLSET 1
| | #define HAVE_RAW_DECL_SIGISMEMBER 1
| | #define HAVE_RAW_DECL_SIGPENDING 1
| | #define HAVE_RAW_DECL_SIGPROCMASK 1
| | #define HAVE_STDINT_H 1
| | #define HAVE_DECL_SLEEP 1
| | #define GNULIB_TEST_SLEEP 1
| | #define HAVE_SNPRINTF 1
| | #define GNULIB_TEST_SNPRINTF 1
| | #define GNULIB_SNPRINTF 1
| | #define GNULIB_TEST_STAT 1
| | #define HAVE_STRUCT_STAT_ST_ATIM_TV_NSEC 1
| | #define TYPEOF_STRUCT_STAT_ST_ATIM_IS_STRUCT_TIMESPEC 1
| | /* end confdefs.h.  */
| | #include <sys/types.h>
| |           #include <sys/stat.h>
| | 
| | int
| | main ()
| | {
| | static struct stat ac_aggr;
| | if (sizeof ac_aggr.st_birthtim.tv_nsec)
| | return 0;
| |   ;
| |   return 0;
| | }
| configure:29089: result: no
| configure:29113: checking for working stdalign.h
| configure:29154: gcc -std=gnu99 -c -g -O2  conftest.c >&5
| configure:29154: $? = 0
| configure:29161: result: yes
| configure:29183: checking for va_copy
| configure:29204: gcc -std=gnu99 -c -g -O2  conftest.c >&5
| configure:29204: $? = 0
| configure:29212: result: yes
| configure:29398: checking whether NULL can be used in arbitrary expressions
| configure:29423: result: yes
| configure:29626: checking whether dprintf is declared without a macro
| configure:29644: gcc -std=gnu99 -c -g -O2  conftest.c >&5
| configure:29644: $? = 0
| configure:29652: result: yes
| configure:29626: checking whether fpurge is declared without a macro
| configure:29644: gcc -std=gnu99 -c -g -O2  conftest.c >&5
| conftest.c: In function 'main':
| conftest.c:464:10: error: 'fpurge' undeclared (first use in this function)
| conftest.c:464:10: note: each undeclared identifier is reported only once for each function it appears in
| configure:29644: $? = 1
| configure: failed program was:
| | /* confdefs.h */
| | #define PACKAGE_NAME "GNU tar"
| | #define PACKAGE_TARNAME "tar"
| | #define PACKAGE_VERSION "1.28"
| | #define PACKAGE_STRING "GNU tar 1.28"
| | #define PACKAGE_BUGREPORT "bug-tar@gnu.org"
| | #define PACKAGE_URL "http://www.gnu.org/software/tar/"
| | #define PACKAGE "tar"
| | #define VERSION "1.28"
| | #define STDC_HEADERS 1
| | #define HAVE_SYS_TYPES_H 1
| | #define HAVE_SYS_STAT_H 1
| | #define HAVE_STDLIB_H 1
| | #define HAVE_STRING_H 1
| | #define HAVE_MEMORY_H 1
| | #define HAVE_STRINGS_H 1
| | #define HAVE_INTTYPES_H 1
| | #define HAVE_STDINT_H 1
| | #define HAVE_UNISTD_H 1
| | #define __EXTENSIONS__ 1
| | #define _ALL_SOURCE 1
| | #define _DARWIN_C_SOURCE 1
| | #define _GNU_SOURCE 1
| | #define _POSIX_PTHREAD_SEMANTICS 1
| | #define _TANDEM_SOURCE 1
| | #define HAVE_FSEEKO 1
| | #define _DARWIN_USE_64_BIT_INODE 1
| | #define _DARWIN_USE_64_BIT_INODE 1
| | #define HAVE_FCNTL_H 1
| | #define HAVE_LINUX_FD_H 1
| | #define HAVE_MEMORY_H 1
| | #define HAVE_SGTTY_H 1
| | #define HAVE_STRING_H 1
| | #define HAVE_SYS_PARAM_H 1
| | #define HAVE_SYS_MTIO_H 1
| | #define HAVE_SYS_TIME_H 1
| | #define HAVE_UNISTD_H 1
| | #define HAVE_LOCALE_H 1
| | #define HAVE_FEATURES_H 1
| | #define HAVE_SYS_SOCKET_H 1
| | #define HAVE_DIRENT_H 1
| | #define HAVE_WCTYPE_H 1
| | #define HAVE_STDIO_EXT_H 1
| | #define HAVE_SYS_STAT_H 1
| | #define HAVE_GETOPT_H 1
| | #define HAVE_WCHAR_H 1
| | #define HAVE_STDINT_H 1
| | #define HAVE_INTTYPES_H 1
| | #define HAVE_LANGINFO_H 1
| | #define HAVE_XLOCALE_H 1
| | #define HAVE_SYS_MMAN_H 1
| | #define HAVE_MALLOC_H 1
| | #define HAVE_STRINGS_H 1
| | #define HAVE_SYSEXITS_H 1
| | #define HAVE_UTIME_H 1
| | #define HAVE_NETDB_H 1
| | #define HAVE_SYS_WAIT_H 1
| | #define HAVE_PWD_H 1
| | #define HAVE_GRP_H 1
| | #define major_t int
| | #define minor_t int
| | #define HAVE_ALLOCA_H 1
| | #define HAVE_ALLOCA 1
| | #define restrict __restrict
| | #define HAVE_DECL_CLEARERR_UNLOCKED 1
| | #define HAVE_DECL_FEOF_UNLOCKED 1
| | #define HAVE_DECL_FERROR_UNLOCKED 1
| | #define HAVE_DECL_FFLUSH_UNLOCKED 1
| | #define HAVE_DECL_FGETS_UNLOCKED 1
| | #define HAVE_DECL_FPUTC_UNLOCKED 1
| | #define HAVE_DECL_FPUTS_UNLOCKED 1
| | #define HAVE_DECL_FREAD_UNLOCKED 1
| | #define HAVE_DECL_FWRITE_UNLOCKED 1
| | #define HAVE_DECL_GETC_UNLOCKED 1
| | #define HAVE_DECL_GETCHAR_UNLOCKED 1
| | #define HAVE_DECL_PUTC_UNLOCKED 1
| | #define HAVE_DECL_PUTCHAR_UNLOCKED 1
| | #define HAVE_FLOCKFILE 1
| | #define HAVE_FUNLOCKFILE 1
| | #define HAVE_PATHCONF 1
| | #define HAVE_BTOWC 1
| | #define HAVE_CANONICALIZE_FILE_NAME 1
| | #define HAVE_GETCWD 1
| | #define HAVE_READLINK 1
| | #define HAVE_REALPATH 1
| | #define HAVE_READLINKAT 1
| | #define HAVE_CHOWN 1
| | #define HAVE_FCHOWN 1
| | #define HAVE_FCHDIR 1
| | #define HAVE_FDOPENDIR 1
| | #define HAVE_FACCESSAT 1
| | #define HAVE_FCHMODAT 1
| | #define HAVE_FCNTL 1
| | #define HAVE_SYMLINK 1
| | #define HAVE_MEMPCPY 1
| | #define HAVE_ISBLANK 1
| | #define HAVE_ISWCTYPE 1
| | #define HAVE_MBSRTOWCS 1
| | #define HAVE_WMEMCHR 1
| | #define HAVE_WMEMCPY 1
| | #define HAVE_WMEMPCPY 1
| | #define HAVE_FSTATAT 1
| | #define HAVE_FUTIMENS 1
| | #define HAVE_GETDELIM 1
| | #define HAVE_GETDTABLESIZE 1
| | #define HAVE_GETTIMEOFDAY 1
| | #define HAVE_ISWCNTRL 1
| | #define HAVE_ISWBLANK 1
| | #define HAVE_LINK 1
| | #define HAVE_OPENAT 1
| | #define HAVE_LINKAT 1
| | #define HAVE_LSTAT 1
| | #define HAVE_MBSINIT 1
| | #define HAVE_MBRTOWC 1
| | #define HAVE_MPROTECT 1
| | #define HAVE_MKDIRAT 1
| | #define HAVE_MKFIFO 1
| | #define HAVE_MKFIFOAT 1
| | #define HAVE_MKNODAT 1
| | #define HAVE_MKNOD 1
| | #define HAVE_NL_LANGINFO 1
| | #define HAVE_POSIX_OPENPT 1
| | #define HAVE_PTSNAME_R 1
| | #define HAVE_FCHMOD 1
| | #define HAVE_RENAMEAT 1
| | #define HAVE_SECURE_GETENV 1
| | #define HAVE_SETENV 1
| | #define HAVE_SLEEP 1
| | #define HAVE_SNPRINTF 1
| | #define HAVE_STRDUP 1
| | #define HAVE_TZSET 1
| | #define HAVE_STRNDUP 1
| | #define HAVE_STRTOIMAX 1
| | #define HAVE_STRTOUMAX 1
| | #define HAVE_SYMLINKAT 1
| | #define HAVE_LOCALTIME_R 1
| | #define HAVE_PIPE 1
| | #define HAVE_UNLINKAT 1
| | #define HAVE_FUTIMES 1
| | #define HAVE_FUTIMESAT 1
| | #define HAVE_UTIMENSAT 1
| | #define HAVE_LUTIMES 1
| | #define HAVE_WCRTOMB 1
| | #define HAVE_WCWIDTH 1
| | #define HAVE_SETLOCALE 1
| | #define HAVE_FSYNC 1
| | #define HAVE_GRANTPT 1
| | #define D_INO_IN_DIRENT 1
| | #define HAVE_LONG_FILE_NAMES 1
| | #define HAVE_LANGINFO_CODESET 1
| | #define FUNC_REALPATH_WORKS 1
| | #define HAVE_UNISTD_H 1
| | #define HAVE_CHOWN 1
| | #define HAVE_ENVIRON_DECL 1
| | #define HAVE_DECL_STRERROR_R 1
| | #define HAVE_STRERROR_R 1
| | #define STRERROR_R_CHAR_P 1
| | #define GETGROUPS_T gid_t
| | #define HAVE_DECL_FCHDIR 1
| | #define HAVE_WORKING_O_NOATIME 1
| | #define HAVE_WORKING_O_NOFOLLOW 1
| | #define HAVE_MBSTATE_T 1
| | #define HAVE_DECL_FSEEKO 1
| | #define HAVE_RAW_DECL_FCHMODAT 1
| | #define HAVE_RAW_DECL_FSTAT 1
| | #define HAVE_RAW_DECL_FSTATAT 1
| | #define HAVE_RAW_DECL_FUTIMENS 1
| | #define HAVE_RAW_DECL_LCHMOD 1
| | #define HAVE_RAW_DECL_LSTAT 1
| | #define HAVE_RAW_DECL_MKDIRAT 1
| | #define HAVE_RAW_DECL_MKFIFO 1
| | #define HAVE_RAW_DECL_MKFIFOAT 1
| | #define HAVE_RAW_DECL_MKNOD 1
| | #define HAVE_RAW_DECL_MKNODAT 1
| | #define HAVE_RAW_DECL_STAT 1
| | #define HAVE_RAW_DECL_UTIMENSAT 1
| | #define LSTAT_FOLLOWS_SLASHED_SYMLINK 1
| | #define HAVE_DECL_GETCWD 1
| | #define HAVE_DECL_GETDELIM 1
| | #define HAVE_DECL_GETLINE 1
| | #define HAVE_GETOPT_H 1
| | #define HAVE_GETOPT_LONG_ONLY 1
| | #define __GETOPT_PREFIX rpl_
| | #define HAVE_DECL_GETENV 1
| | #define HAVE_RAW_DECL_GETTIMEOFDAY 1
| | #define HAVE_UNSIGNED_LONG_LONG_INT 1
| | #define HAVE_LONG_LONG_INT 1
| | #define HAVE_RAW_DECL_IMAXABS 1
| | #define HAVE_RAW_DECL_IMAXDIV 1
| | #define HAVE_RAW_DECL_STRTOIMAX 1
| | #define HAVE_RAW_DECL_STRTOUMAX 1
| | #define HAVE_INTTYPES_H 1
| | #define HAVE_WINT_T 1
| | #define HAVE_TOWLOWER 1
| | #define HAVE_RAW_DECL_WCTYPE 1
| | #define HAVE_RAW_DECL_ISWCTYPE 1
| | #define HAVE_RAW_DECL_WCTRANS 1
| | #define HAVE_RAW_DECL_TOWCTRANS 1
| | #define HAVE_WCHAR_T 1
| | #define HAVE_STDLIB_H 1
| | #define MALLOC_0_IS_NONNULL 1
| | #define HAVE_MAP_ANONYMOUS 1
| | #define HAVE_DECL_MEMRCHR 1
| | #define HAVE_DECL_ALARM 1
| | #define PROMOTED_MODE_T mode_t
| | #define HAVE__BOOL 1
| | #define HAVE_COMPOUND_LITERALS 1
| | #define HAVE_TM_GMTOFF 1
| | #define HAVE_DECL_SETENV 1
| | #define HAVE_SEARCH_H 1
| | #define HAVE_TSEARCH 1
| | #define HAVE_SIGSET_T 1
| | #define HAVE_DECL_SNPRINTF 1
| | #define HAVE_DECL_STRDUP 1
| | #define HAVE_RAW_DECL_FFSL 1
| | #define HAVE_RAW_DECL_FFSLL 1
| | #define HAVE_RAW_DECL_MEMMEM 1
| | #define HAVE_RAW_DECL_MEMPCPY 1
| | #define HAVE_RAW_DECL_MEMRCHR 1
| | #define HAVE_RAW_DECL_RAWMEMCHR 1
| | #define HAVE_RAW_DECL_STPCPY 1
| | #define HAVE_RAW_DECL_STPNCPY 1
| | #define HAVE_RAW_DECL_STRCHRNUL 1
| | #define HAVE_RAW_DECL_STRDUP 1
| | #define HAVE_RAW_DECL_STRNCAT 1
| | #define HAVE_RAW_DECL_STRNDUP 1
| | #define HAVE_RAW_DECL_STRNLEN 1
| | #define HAVE_RAW_DECL_STRPBRK 1
| | #define HAVE_RAW_DECL_STRSEP 1
| | #define HAVE_RAW_DECL_STRCASESTR 1
| | #define HAVE_RAW_DECL_STRTOK_R 1
| | #define HAVE_RAW_DECL_STRERROR_R 1
| | #define HAVE_RAW_DECL_STRSIGNAL 1
| | #define HAVE_RAW_DECL_STRVERSCMP 1
| | #define HAVE_RAW_DECL_FFS 1
| | #define HAVE_RAW_DECL_STRCASECMP 1
| | #define HAVE_RAW_DECL_STRNCASECMP 1
| | #define HAVE_DECL_STRNDUP 1
| | #define HAVE_DECL_STRNLEN 1
| | #define HAVE_DECL_STRTOIMAX 1
| | #define HAVE_DECL_STRTOUMAX 1
| | #define HAVE_DECL_TTYNAME_R 1
| | #define HAVE_DECL_UNSETENV 1
| | #define HAVE_WORKING_UTIMES 1
| | #define HAVE_STRUCT_UTIMBUF 1
| | #define HAVE_INTTYPES_H_WITH_UINTMAX 1
| | #define HAVE_STDINT_H_WITH_UINTMAX 1
| | #define HAVE_INTMAX_T 1
| | #define DBL_EXPBIT0_WORD 1
| | #define DBL_EXPBIT0_BIT 20
| | #define HAVE_SNPRINTF 1
| | #define HAVE_STRNLEN 1
| | #define HAVE_WCSLEN 1
| | #define HAVE_WCSNLEN 1
| | #define HAVE_MBRTOWC 1
| | #define HAVE_WCRTOMB 1
| | #define HAVE_DECL__SNPRINTF 0
| | #define HAVE_SNPRINTF_RETVAL_C99 1
| | #define HAVE_DECL_VSNPRINTF 1
| | #define HAVE_ALLOCA 1
| | #define GNULIB_AREADLINKAT 1
| | #define HAVE_DECL_PROGRAM_INVOCATION_NAME 1
| | #define HAVE_DECL_PROGRAM_INVOCATION_SHORT_NAME 1
| | #define HAVE_PROGRAM_INVOCATION_NAME 1
| | #define HAVE_PROGRAM_INVOCATION_SHORT_NAME 1
| | #define GNULIB_TEST_BTOWC 1
| | #define GNULIB_CANONICALIZE_LGPL 1
| | #define GNULIB_TEST_CANONICALIZE_FILE_NAME 1
| | #define GNULIB_TEST_REALPATH 1
| | #define GNULIB_TEST_CHDIR 1
| | #define GNULIB_TEST_CHOWN 1
| | #define HAVE_CLOCK_GETTIME 1
| | #define HAVE_CLOCK_SETTIME 1
| | #define GNULIB_TEST_CLOEXEC 1
| | #define GNULIB_TEST_CLOSE 1
| | #define GNULIB_CLOSE_STREAM 1
| | #define HAVE_CLOSEDIR 1
| | #define GNULIB_TEST_CLOSEDIR 1
| | #define D_INO_IN_DIRENT 1
| | #define HAVE_RAW_DECL_ALPHASORT 1
| | #define HAVE_RAW_DECL_CLOSEDIR 1
| | #define HAVE_RAW_DECL_DIRFD 1
| | #define HAVE_RAW_DECL_FDOPENDIR 1
| | #define HAVE_RAW_DECL_OPENDIR 1
| | #define HAVE_RAW_DECL_READDIR 1
| | #define HAVE_RAW_DECL_REWINDDIR 1
| | #define HAVE_RAW_DECL_SCANDIR 1
| | #define GNULIB_DIRENT_SAFER 1
| | #define HAVE_DIRFD 1
| | #define HAVE_DECL_DIRFD 1
| | #define GNULIB_TEST_DIRFD 1
| | #define GNULIB_DIRNAME 1
| | #define GNULIB_TEST_DUP 1
| | #define HAVE_DUP2 1
| | #define GNULIB_TEST_DUP2 1
| | #define GNULIB_TEST_ENVIRON 1
| | #define HAVE_EUIDACCESS 1
| | #define GNULIB_TEST_EUIDACCESS 1
| | #define GNULIB_FACCESSAT 1
| | #define GNULIB_TEST_FACCESSAT 1
| | #define GNULIB_TEST_FCHDIR 1
| | #define GNULIB_FCHMODAT 1
| | #define GNULIB_TEST_FCHMODAT 1
| | #define GNULIB_FCHOWNAT 1
| | #define GNULIB_TEST_FCHOWNAT 1
| | #define GNULIB_TEST_FCNTL 1
| | #define HAVE_RAW_DECL_FCNTL 1
| | #define HAVE_RAW_DECL_OPENAT 1
| | #define HAVE_DECL_FDOPENDIR 1
| | #define GNULIB_TEST_FDOPENDIR 1
| | #define GNULIB_FDOPENDIR 1
| | #define GNULIB_FDUTIMENSAT 1
| | #define HAVE_STRUCT_STAT_ST_BLOCKS 1
| | #define HAVE_ST_BLOCKS 1
| | #define HAVE_DECL___FPENDING 1
| | #define GNULIB_TEST_FSEEK 1
| | #define GNULIB_TEST_FSEEKO 1
| | #define GNULIB_TEST_FSTAT 1
| | #define GNULIB_TEST_FSTATAT 1
| | #define GNULIB_TEST_FUTIMENS 1
| | #define HAVE_GETPAGESIZE 1
| | #define HAVE_MINIMALLY_WORKING_GETCWD 1
| | #define GNULIB_GETCWD 1
| | #define GNULIB_TEST_GETCWD 1
| | #define GNULIB_TEST_GETCWD 1
| | #define GNULIB_TEST_GETDELIM 1
| | #define GNULIB_TEST_GETDTABLESIZE 1
| | #define HAVE_GETGROUPS 1
| | #define GNULIB_TEST_GETGROUPS 1
| | #define GNULIB_TEST_GETLINE 1
| | #define GNULIB_TEST_GETOPT_GNU 1
| | #define __GETOPT_PREFIX rpl_
| | #define HAVE_GETPAGESIZE 1
| | #define GNULIB_TEST_GETPAGESIZE 1
| | #define GETTIMEOFDAY_TIMEZONE struct timezone
| | #define GNULIB_TEST_GETTIMEOFDAY 1
| | #define GNULIB_TEST_GROUP_MEMBER 1
| | #define GNULIB_TEST_ISATTY 1
| | #define HAVE_DECL_ISWBLANK 1
| | #define GNULIB_TEST_ISWBLANK 1
| | #define HAVE_RAW_DECL_NL_LANGINFO 1
| | #define HAVE_LCHOWN 1
| | #define GNULIB_TEST_LCHOWN 1
| | #define GNULIB_TEST_LINK 1
| | #define LINK_FOLLOWS_SYMLINKS 0
| | #define LINKAT_TRAILING_SLASH_BUG 0
| | #define GNULIB_TEST_LINKAT 1
| | #define HAVE_RAW_DECL_SETLOCALE 1
| | #define HAVE_RAW_DECL_DUPLOCALE 1
| | #define GNULIB_TEST_LOCALECONV 1
| | #define GNULIB_TEST_LSEEK 1
| | #define GNULIB_TEST_LSTAT 1
| | #define HAVE_STDLIB_H 1
| | #define HAVE_MALLOC_GNU 1
| | #define GNULIB_MALLOC_GNU 1
| | #define HAVE_MALLOC_POSIX 1
| | #define GNULIB_TEST_MALLOC_POSIX 1
| | #define GNULIB_TEST_MBRTOWC 1
| | #define GNULIB_TEST_MBSCASECMP 1
| | #define GNULIB_TEST_MBSINIT 1
| | #define GNULIB_TEST_MBSRTOWCS 1
| | #define GNULIB_TEST_MBTOWC 1
| | #define GNULIB_TEST_MEMCHR 1
| | #define HAVE_MEMPCPY 1
| | #define GNULIB_TEST_MEMPCPY 1
| | #define HAVE_MEMRCHR 1
| | #define GNULIB_TEST_MEMRCHR 1
| | #define GNULIB_TEST_MKDIRAT 1
| | #define HAVE_MKDTEMP 1
| | #define GNULIB_TEST_MKDTEMP 1
| | #define GNULIB_TEST_MKFIFO 1
| | #define GNULIB_TEST_MKFIFOAT 1
| | #define GNULIB_TEST_MKNODAT 1
| | #define MKNOD_FIFO_BUG 1
| | #define GNULIB_TEST_MKNOD 1
| | #define GNULIB_TEST_MKTIME 1
| | #define FUNC_NL_LANGINFO_YESEXPR_WORKS 1
| | #define GNULIB_TEST_NL_LANGINFO 1
| | #define HAVE_OBSTACK 1
| | #define GNULIB_TEST_OPEN 1
| | #define GNULIB_OPENAT 1
| | #define GNULIB_TEST_OPENAT 1
| | #define HAVE_OPENDIR 1
| | #define GNULIB_TEST_OPENDIR 1
| | #define HAVE_STRUCT_TM_TM_ZONE 1
| | #define HAVE_TM_ZONE 1
| | #define TIME_T_FITS_IN_LONG_INT 1
| | #define GNULIB_TEST_POSIX_OPENPT 1
| | #define HAVE_DECL_PROGRAM_INVOCATION_NAME 1
| | #define HAVE_DECL_PROGRAM_INVOCATION_SHORT_NAME 1
| | #define HAVE_PTSNAME 1
| | #define GNULIB_TEST_PTSNAME 1
| | #define GNULIB_TEST_PTSNAME_R 1
| | #define USE_ACL 0
| | #define HAVE_RAISE 1
| | #define GNULIB_TEST_RAISE 1
| | #define HAVE_RAWMEMCHR 1
| | #define GNULIB_TEST_RAWMEMCHR 1
| | #define GNULIB_TEST_READ 1
| | #define HAVE_READDIR 1
| | #define GNULIB_TEST_READDIR 1
| | #define GNULIB_TEST_READLINK 1
| | #define GNULIB_TEST_READLINKAT 1
| | #define HAVE_REALLOC_POSIX 1
| | #define GNULIB_TEST_REALLOC_POSIX 1
| | #define _REGEX_INCLUDE_LIMITS_H 1
| | #define _REGEX_LARGE_OFFSETS 1
| | #define re_syntax_options rpl_re_syntax_options
| | #define re_set_syntax rpl_re_set_syntax
| | #define re_compile_pattern rpl_re_compile_pattern
| | #define re_compile_fastmap rpl_re_compile_fastmap
| | #define re_search rpl_re_search
| | #define re_search_2 rpl_re_search_2
| | #define re_match rpl_re_match
| | #define re_match_2 rpl_re_match_2
| | #define re_set_registers rpl_re_set_registers
| | #define re_comp rpl_re_comp
| | #define re_exec rpl_re_exec
| | #define regcomp rpl_regcomp
| | #define regexec rpl_regexec
| | #define regerror rpl_regerror
| | #define regfree rpl_regfree
| | #define HAVE_LIBINTL_H 1
| | #define HAVE_DECL_ISBLANK 1
| | #define GNULIB_TEST_RENAME 1
| | #define GNULIB_TEST_RENAMEAT 1
| | #define HAVE_REWINDDIR 1
| | #define GNULIB_TEST_REWINDDIR 1
| | #define GNULIB_TEST_RMDIR 1
| | #define HAVE_RPMATCH 1
| | #define GNULIB_TEST_RPMATCH 1
| | #define GNULIB_TEST_SECURE_GETENV 1
| | #define HAVE_SELINUX_SELINUX_H 0
| | #define GNULIB_TEST_SETENV 1
| | #define HAVE_RAW_DECL_PTHREAD_SIGMASK 1
| | #define HAVE_RAW_DECL_SIGACTION 1
| | #define HAVE_RAW_DECL_SIGADDSET 1
| | #define HAVE_RAW_DECL_SIGDELSET 1
| | #define HAVE_RAW_DECL_SIGEMPTYSET 1
| | #define HAVE_RAW_DECL_SIGFILLSET 1
| | #define HAVE_RAW_DECL_SIGISMEMBER 1
| | #define HAVE_RAW_DECL_SIGPENDING 1
| | #define HAVE_RAW_DECL_SIGPROCMASK 1
| | #define HAVE_STDINT_H 1
| | #define HAVE_DECL_SLEEP 1
| | #define GNULIB_TEST_SLEEP 1
| | #define HAVE_SNPRINTF 1
| | #define GNULIB_TEST_SNPRINTF 1
| | #define GNULIB_SNPRINTF 1
| | #define GNULIB_TEST_STAT 1
| | #define HAVE_STRUCT_STAT_ST_ATIM_TV_NSEC 1
| | #define TYPEOF_STRUCT_STAT_ST_ATIM_IS_STRUCT_TIMESPEC 1
| | #define GNULIB_STATAT 1
| | #define GNULIB_FSCANF 1
| | #define GNULIB_SCANF 1
| | #define HAVE_RAW_DECL_DPRINTF 1
| | /* end confdefs.h.  */
| | #include <stdio.h>
| | 
| | int
| | main ()
| | {
| | #undef fpurge
| |   (void) fpurge;
| |   ;
| |   return 0;
| | }
| configure:29652: result: no
| configure:29626: checking whether fseeko is declared without a macro
| configure:29644: gcc -std=gnu99 -c -g -O2  conftest.c >&5
| configure:29644: $? = 0
| configure:29652: result: yes
| configure:29626: checking whether ftello is declared without a macro
| configure:29644: gcc -std=gnu99 -c -g -O2  conftest.c >&5
| configure:29644: $? = 0
| configure:29652: result: yes
| configure:29626: checking whether getdelim is declared without a macro
| configure:29644: gcc -std=gnu99 -c -g -O2  conftest.c >&5
| configure:29644: $? = 0
| configure:29652: result: yes
| configure:29626: checking whether getline is declared without a macro
| configure:29644: gcc -std=gnu99 -c -g -O2  conftest.c >&5
| configure:29644: $? = 0
| configure:29652: result: yes
| configure:29626: checking whether gets is declared without a macro
| configure:29644: gcc -std=gnu99 -c -g -O2  conftest.c >&5
| conftest.c: In function 'main':
| conftest.c:468:10: error: 'gets' undeclared (first use in this function)
| conftest.c:468:10: note: each undeclared identifier is reported only once for each function it appears in
| configure:29644: $? = 1
| configure: failed program was:
| | /* confdefs.h */
| | #define PACKAGE_NAME "GNU tar"
| | #define PACKAGE_TARNAME "tar"
| | #define PACKAGE_VERSION "1.28"
| | #define PACKAGE_STRING "GNU tar 1.28"
| | #define PACKAGE_BUGREPORT "bug-tar@gnu.org"
| | #define PACKAGE_URL "http://www.gnu.org/software/tar/"
| | #define PACKAGE "tar"
| | #define VERSION "1.28"
| | #define STDC_HEADERS 1
| | #define HAVE_SYS_TYPES_H 1
| | #define HAVE_SYS_STAT_H 1
| | #define HAVE_STDLIB_H 1
| | #define HAVE_STRING_H 1
| | #define HAVE_MEMORY_H 1
| | #define HAVE_STRINGS_H 1
| | #define HAVE_INTTYPES_H 1
| | #define HAVE_STDINT_H 1
| | #define HAVE_UNISTD_H 1
| | #define __EXTENSIONS__ 1
| | #define _ALL_SOURCE 1
| | #define _DARWIN_C_SOURCE 1
| | #define _GNU_SOURCE 1
| | #define _POSIX_PTHREAD_SEMANTICS 1
| | #define _TANDEM_SOURCE 1
| | #define HAVE_FSEEKO 1
| | #define _DARWIN_USE_64_BIT_INODE 1
| | #define _DARWIN_USE_64_BIT_INODE 1
| | #define HAVE_FCNTL_H 1
| | #define HAVE_LINUX_FD_H 1
| | #define HAVE_MEMORY_H 1
| | #define HAVE_SGTTY_H 1
| | #define HAVE_STRING_H 1
| | #define HAVE_SYS_PARAM_H 1
| | #define HAVE_SYS_MTIO_H 1
| | #define HAVE_SYS_TIME_H 1
| | #define HAVE_UNISTD_H 1
| | #define HAVE_LOCALE_H 1
| | #define HAVE_FEATURES_H 1
| | #define HAVE_SYS_SOCKET_H 1
| | #define HAVE_DIRENT_H 1
| | #define HAVE_WCTYPE_H 1
| | #define HAVE_STDIO_EXT_H 1
| | #define HAVE_SYS_STAT_H 1
| | #define HAVE_GETOPT_H 1
| | #define HAVE_WCHAR_H 1
| | #define HAVE_STDINT_H 1
| | #define HAVE_INTTYPES_H 1
| | #define HAVE_LANGINFO_H 1
| | #define HAVE_XLOCALE_H 1
| | #define HAVE_SYS_MMAN_H 1
| | #define HAVE_MALLOC_H 1
| | #define HAVE_STRINGS_H 1
| | #define HAVE_SYSEXITS_H 1
| | #define HAVE_UTIME_H 1
| | #define HAVE_NETDB_H 1
| | #define HAVE_SYS_WAIT_H 1
| | #define HAVE_PWD_H 1
| | #define HAVE_GRP_H 1
| | #define major_t int
| | #define minor_t int
| | #define HAVE_ALLOCA_H 1
| | #define HAVE_ALLOCA 1
| | #define restrict __restrict
| | #define HAVE_DECL_CLEARERR_UNLOCKED 1
| | #define HAVE_DECL_FEOF_UNLOCKED 1
| | #define HAVE_DECL_FERROR_UNLOCKED 1
| | #define HAVE_DECL_FFLUSH_UNLOCKED 1
| | #define HAVE_DECL_FGETS_UNLOCKED 1
| | #define HAVE_DECL_FPUTC_UNLOCKED 1
| | #define HAVE_DECL_FPUTS_UNLOCKED 1
| | #define HAVE_DECL_FREAD_UNLOCKED 1
| | #define HAVE_DECL_FWRITE_UNLOCKED 1
| | #define HAVE_DECL_GETC_UNLOCKED 1
| | #define HAVE_DECL_GETCHAR_UNLOCKED 1
| | #define HAVE_DECL_PUTC_UNLOCKED 1
| | #define HAVE_DECL_PUTCHAR_UNLOCKED 1
| | #define HAVE_FLOCKFILE 1
| | #define HAVE_FUNLOCKFILE 1
| | #define HAVE_PATHCONF 1
| | #define HAVE_BTOWC 1
| | #define HAVE_CANONICALIZE_FILE_NAME 1
| | #define HAVE_GETCWD 1
| | #define HAVE_READLINK 1
| | #define HAVE_REALPATH 1
| | #define HAVE_READLINKAT 1
| | #define HAVE_CHOWN 1
| | #define HAVE_FCHOWN 1
| | #define HAVE_FCHDIR 1
| | #define HAVE_FDOPENDIR 1
| | #define HAVE_FACCESSAT 1
| | #define HAVE_FCHMODAT 1
| | #define HAVE_FCNTL 1
| | #define HAVE_SYMLINK 1
| | #define HAVE_MEMPCPY 1
| | #define HAVE_ISBLANK 1
| | #define HAVE_ISWCTYPE 1
| | #define HAVE_MBSRTOWCS 1
| | #define HAVE_WMEMCHR 1
| | #define HAVE_WMEMCPY 1
| | #define HAVE_WMEMPCPY 1
| | #define HAVE_FSTATAT 1
| | #define HAVE_FUTIMENS 1
| | #define HAVE_GETDELIM 1
| | #define HAVE_GETDTABLESIZE 1
| | #define HAVE_GETTIMEOFDAY 1
| | #define HAVE_ISWCNTRL 1
| | #define HAVE_ISWBLANK 1
| | #define HAVE_LINK 1
| | #define HAVE_OPENAT 1
| | #define HAVE_LINKAT 1
| | #define HAVE_LSTAT 1
| | #define HAVE_MBSINIT 1
| | #define HAVE_MBRTOWC 1
| | #define HAVE_MPROTECT 1
| | #define HAVE_MKDIRAT 1
| | #define HAVE_MKFIFO 1
| | #define HAVE_MKFIFOAT 1
| | #define HAVE_MKNODAT 1
| | #define HAVE_MKNOD 1
| | #define HAVE_NL_LANGINFO 1
| | #define HAVE_POSIX_OPENPT 1
| | #define HAVE_PTSNAME_R 1
| | #define HAVE_FCHMOD 1
| | #define HAVE_RENAMEAT 1
| | #define HAVE_SECURE_GETENV 1
| | #define HAVE_SETENV 1
| | #define HAVE_SLEEP 1
| | #define HAVE_SNPRINTF 1
| | #define HAVE_STRDUP 1
| | #define HAVE_TZSET 1
| | #define HAVE_STRNDUP 1
| | #define HAVE_STRTOIMAX 1
| | #define HAVE_STRTOUMAX 1
| | #define HAVE_SYMLINKAT 1
| | #define HAVE_LOCALTIME_R 1
| | #define HAVE_PIPE 1
| | #define HAVE_UNLINKAT 1
| | #define HAVE_FUTIMES 1
| | #define HAVE_FUTIMESAT 1
| | #define HAVE_UTIMENSAT 1
| | #define HAVE_LUTIMES 1
| | #define HAVE_WCRTOMB 1
| | #define HAVE_WCWIDTH 1
| | #define HAVE_SETLOCALE 1
| | #define HAVE_FSYNC 1
| | #define HAVE_GRANTPT 1
| | #define D_INO_IN_DIRENT 1
| | #define HAVE_LONG_FILE_NAMES 1
| | #define HAVE_LANGINFO_CODESET 1
| | #define FUNC_REALPATH_WORKS 1
| | #define HAVE_UNISTD_H 1
| | #define HAVE_CHOWN 1
| | #define HAVE_ENVIRON_DECL 1
| | #define HAVE_DECL_STRERROR_R 1
| | #define HAVE_STRERROR_R 1
| | #define STRERROR_R_CHAR_P 1
| | #define GETGROUPS_T gid_t
| | #define HAVE_DECL_FCHDIR 1
| | #define HAVE_WORKING_O_NOATIME 1
| | #define HAVE_WORKING_O_NOFOLLOW 1
| | #define HAVE_MBSTATE_T 1
| | #define HAVE_DECL_FSEEKO 1
| | #define HAVE_RAW_DECL_FCHMODAT 1
| | #define HAVE_RAW_DECL_FSTAT 1
| | #define HAVE_RAW_DECL_FSTATAT 1
| | #define HAVE_RAW_DECL_FUTIMENS 1
| | #define HAVE_RAW_DECL_LCHMOD 1
| | #define HAVE_RAW_DECL_LSTAT 1
| | #define HAVE_RAW_DECL_MKDIRAT 1
| | #define HAVE_RAW_DECL_MKFIFO 1
| | #define HAVE_RAW_DECL_MKFIFOAT 1
| | #define HAVE_RAW_DECL_MKNOD 1
| | #define HAVE_RAW_DECL_MKNODAT 1
| | #define HAVE_RAW_DECL_STAT 1
| | #define HAVE_RAW_DECL_UTIMENSAT 1
| | #define LSTAT_FOLLOWS_SLASHED_SYMLINK 1
| | #define HAVE_DECL_GETCWD 1
| | #define HAVE_DECL_GETDELIM 1
| | #define HAVE_DECL_GETLINE 1
| | #define HAVE_GETOPT_H 1
| | #define HAVE_GETOPT_LONG_ONLY 1
| | #define __GETOPT_PREFIX rpl_
| | #define HAVE_DECL_GETENV 1
| | #define HAVE_RAW_DECL_GETTIMEOFDAY 1
| | #define HAVE_UNSIGNED_LONG_LONG_INT 1
| | #define HAVE_LONG_LONG_INT 1
| | #define HAVE_RAW_DECL_IMAXABS 1
| | #define HAVE_RAW_DECL_IMAXDIV 1
| | #define HAVE_RAW_DECL_STRTOIMAX 1
| | #define HAVE_RAW_DECL_STRTOUMAX 1
| | #define HAVE_INTTYPES_H 1
| | #define HAVE_WINT_T 1
| | #define HAVE_TOWLOWER 1
| | #define HAVE_RAW_DECL_WCTYPE 1
| | #define HAVE_RAW_DECL_ISWCTYPE 1
| | #define HAVE_RAW_DECL_WCTRANS 1
| | #define HAVE_RAW_DECL_TOWCTRANS 1
| | #define HAVE_WCHAR_T 1
| | #define HAVE_STDLIB_H 1
| | #define MALLOC_0_IS_NONNULL 1
| | #define HAVE_MAP_ANONYMOUS 1
| | #define HAVE_DECL_MEMRCHR 1
| | #define HAVE_DECL_ALARM 1
| | #define PROMOTED_MODE_T mode_t
| | #define HAVE__BOOL 1
| | #define HAVE_COMPOUND_LITERALS 1
| | #define HAVE_TM_GMTOFF 1
| | #define HAVE_DECL_SETENV 1
| | #define HAVE_SEARCH_H 1
| | #define HAVE_TSEARCH 1
| | #define HAVE_SIGSET_T 1
| | #define HAVE_DECL_SNPRINTF 1
| | #define HAVE_DECL_STRDUP 1
| | #define HAVE_RAW_DECL_FFSL 1
| | #define HAVE_RAW_DECL_FFSLL 1
| | #define HAVE_RAW_DECL_MEMMEM 1
| | #define HAVE_RAW_DECL_MEMPCPY 1
| | #define HAVE_RAW_DECL_MEMRCHR 1
| | #define HAVE_RAW_DECL_RAWMEMCHR 1
| | #define HAVE_RAW_DECL_STPCPY 1
| | #define HAVE_RAW_DECL_STPNCPY 1
| | #define HAVE_RAW_DECL_STRCHRNUL 1
| | #define HAVE_RAW_DECL_STRDUP 1
| | #define HAVE_RAW_DECL_STRNCAT 1
| | #define HAVE_RAW_DECL_STRNDUP 1
| | #define HAVE_RAW_DECL_STRNLEN 1
| | #define HAVE_RAW_DECL_STRPBRK 1
| | #define HAVE_RAW_DECL_STRSEP 1
| | #define HAVE_RAW_DECL_STRCASESTR 1
| | #define HAVE_RAW_DECL_STRTOK_R 1
| | #define HAVE_RAW_DECL_STRERROR_R 1
| | #define HAVE_RAW_DECL_STRSIGNAL 1
| | #define HAVE_RAW_DECL_STRVERSCMP 1
| | #define HAVE_RAW_DECL_FFS 1
| | #define HAVE_RAW_DECL_STRCASECMP 1
| | #define HAVE_RAW_DECL_STRNCASECMP 1
| | #define HAVE_DECL_STRNDUP 1
| | #define HAVE_DECL_STRNLEN 1
| | #define HAVE_DECL_STRTOIMAX 1
| | #define HAVE_DECL_STRTOUMAX 1
| | #define HAVE_DECL_TTYNAME_R 1
| | #define HAVE_DECL_UNSETENV 1
| | #define HAVE_WORKING_UTIMES 1
| | #define HAVE_STRUCT_UTIMBUF 1
| | #define HAVE_INTTYPES_H_WITH_UINTMAX 1
| | #define HAVE_STDINT_H_WITH_UINTMAX 1
| | #define HAVE_INTMAX_T 1
| | #define DBL_EXPBIT0_WORD 1
| | #define DBL_EXPBIT0_BIT 20
| | #define HAVE_SNPRINTF 1
| | #define HAVE_STRNLEN 1
| | #define HAVE_WCSLEN 1
| | #define HAVE_WCSNLEN 1
| | #define HAVE_MBRTOWC 1
| | #define HAVE_WCRTOMB 1
| | #define HAVE_DECL__SNPRINTF 0
| | #define HAVE_SNPRINTF_RETVAL_C99 1
| | #define HAVE_DECL_VSNPRINTF 1
| | #define HAVE_ALLOCA 1
| | #define GNULIB_AREADLINKAT 1
| | #define HAVE_DECL_PROGRAM_INVOCATION_NAME 1
| | #define HAVE_DECL_PROGRAM_INVOCATION_SHORT_NAME 1
| | #define HAVE_PROGRAM_INVOCATION_NAME 1
| | #define HAVE_PROGRAM_INVOCATION_SHORT_NAME 1
| | #define GNULIB_TEST_BTOWC 1
| | #define GNULIB_CANONICALIZE_LGPL 1
| | #define GNULIB_TEST_CANONICALIZE_FILE_NAME 1
| | #define GNULIB_TEST_REALPATH 1
| | #define GNULIB_TEST_CHDIR 1
| | #define GNULIB_TEST_CHOWN 1
| | #define HAVE_CLOCK_GETTIME 1
| | #define HAVE_CLOCK_SETTIME 1
| | #define GNULIB_TEST_CLOEXEC 1
| | #define GNULIB_TEST_CLOSE 1
| | #define GNULIB_CLOSE_STREAM 1
| | #define HAVE_CLOSEDIR 1
| | #define GNULIB_TEST_CLOSEDIR 1
| | #define D_INO_IN_DIRENT 1
| | #define HAVE_RAW_DECL_ALPHASORT 1
| | #define HAVE_RAW_DECL_CLOSEDIR 1
| | #define HAVE_RAW_DECL_DIRFD 1
| | #define HAVE_RAW_DECL_FDOPENDIR 1
| | #define HAVE_RAW_DECL_OPENDIR 1
| | #define HAVE_RAW_DECL_READDIR 1
| | #define HAVE_RAW_DECL_REWINDDIR 1
| | #define HAVE_RAW_DECL_SCANDIR 1
| | #define GNULIB_DIRENT_SAFER 1
| | #define HAVE_DIRFD 1
| | #define HAVE_DECL_DIRFD 1
| | #define GNULIB_TEST_DIRFD 1
| | #define GNULIB_DIRNAME 1
| | #define GNULIB_TEST_DUP 1
| | #define HAVE_DUP2 1
| | #define GNULIB_TEST_DUP2 1
| | #define GNULIB_TEST_ENVIRON 1
| | #define HAVE_EUIDACCESS 1
| | #define GNULIB_TEST_EUIDACCESS 1
| | #define GNULIB_FACCESSAT 1
| | #define GNULIB_TEST_FACCESSAT 1
| | #define GNULIB_TEST_FCHDIR 1
| | #define GNULIB_FCHMODAT 1
| | #define GNULIB_TEST_FCHMODAT 1
| | #define GNULIB_FCHOWNAT 1
| | #define GNULIB_TEST_FCHOWNAT 1
| | #define GNULIB_TEST_FCNTL 1
| | #define HAVE_RAW_DECL_FCNTL 1
| | #define HAVE_RAW_DECL_OPENAT 1
| | #define HAVE_DECL_FDOPENDIR 1
| | #define GNULIB_TEST_FDOPENDIR 1
| | #define GNULIB_FDOPENDIR 1
| | #define GNULIB_FDUTIMENSAT 1
| | #define HAVE_STRUCT_STAT_ST_BLOCKS 1
| | #define HAVE_ST_BLOCKS 1
| | #define HAVE_DECL___FPENDING 1
| | #define GNULIB_TEST_FSEEK 1
| | #define GNULIB_TEST_FSEEKO 1
| | #define GNULIB_TEST_FSTAT 1
| | #define GNULIB_TEST_FSTATAT 1
| | #define GNULIB_TEST_FUTIMENS 1
| | #define HAVE_GETPAGESIZE 1
| | #define HAVE_MINIMALLY_WORKING_GETCWD 1
| | #define GNULIB_GETCWD 1
| | #define GNULIB_TEST_GETCWD 1
| | #define GNULIB_TEST_GETCWD 1
| | #define GNULIB_TEST_GETDELIM 1
| | #define GNULIB_TEST_GETDTABLESIZE 1
| | #define HAVE_GETGROUPS 1
| | #define GNULIB_TEST_GETGROUPS 1
| | #define GNULIB_TEST_GETLINE 1
| | #define GNULIB_TEST_GETOPT_GNU 1
| | #define __GETOPT_PREFIX rpl_
| | #define HAVE_GETPAGESIZE 1
| | #define GNULIB_TEST_GETPAGESIZE 1
| | #define GETTIMEOFDAY_TIMEZONE struct timezone
| | #define GNULIB_TEST_GETTIMEOFDAY 1
| | #define GNULIB_TEST_GROUP_MEMBER 1
| | #define GNULIB_TEST_ISATTY 1
| | #define HAVE_DECL_ISWBLANK 1
| | #define GNULIB_TEST_ISWBLANK 1
| | #define HAVE_RAW_DECL_NL_LANGINFO 1
| | #define HAVE_LCHOWN 1
| | #define GNULIB_TEST_LCHOWN 1
| | #define GNULIB_TEST_LINK 1
| | #define LINK_FOLLOWS_SYMLINKS 0
| | #define LINKAT_TRAILING_SLASH_BUG 0
| | #define GNULIB_TEST_LINKAT 1
| | #define HAVE_RAW_DECL_SETLOCALE 1
| | #define HAVE_RAW_DECL_DUPLOCALE 1
| | #define GNULIB_TEST_LOCALECONV 1
| | #define GNULIB_TEST_LSEEK 1
| | #define GNULIB_TEST_LSTAT 1
| | #define HAVE_STDLIB_H 1
| | #define HAVE_MALLOC_GNU 1
| | #define GNULIB_MALLOC_GNU 1
| | #define HAVE_MALLOC_POSIX 1
| | #define GNULIB_TEST_MALLOC_POSIX 1
| | #define GNULIB_TEST_MBRTOWC 1
| | #define GNULIB_TEST_MBSCASECMP 1
| | #define GNULIB_TEST_MBSINIT 1
| | #define GNULIB_TEST_MBSRTOWCS 1
| | #define GNULIB_TEST_MBTOWC 1
| | #define GNULIB_TEST_MEMCHR 1
| | #define HAVE_MEMPCPY 1
| | #define GNULIB_TEST_MEMPCPY 1
| | #define HAVE_MEMRCHR 1
| | #define GNULIB_TEST_MEMRCHR 1
| | #define GNULIB_TEST_MKDIRAT 1
| | #define HAVE_MKDTEMP 1
| | #define GNULIB_TEST_MKDTEMP 1
| | #define GNULIB_TEST_MKFIFO 1
| | #define GNULIB_TEST_MKFIFOAT 1
| | #define GNULIB_TEST_MKNODAT 1
| | #define MKNOD_FIFO_BUG 1
| | #define GNULIB_TEST_MKNOD 1
| | #define GNULIB_TEST_MKTIME 1
| | #define FUNC_NL_LANGINFO_YESEXPR_WORKS 1
| | #define GNULIB_TEST_NL_LANGINFO 1
| | #define HAVE_OBSTACK 1
| | #define GNULIB_TEST_OPEN 1
| | #define GNULIB_OPENAT 1
| | #define GNULIB_TEST_OPENAT 1
| | #define HAVE_OPENDIR 1
| | #define GNULIB_TEST_OPENDIR 1
| | #define HAVE_STRUCT_TM_TM_ZONE 1
| | #define HAVE_TM_ZONE 1
| | #define TIME_T_FITS_IN_LONG_INT 1
| | #define GNULIB_TEST_POSIX_OPENPT 1
| | #define HAVE_DECL_PROGRAM_INVOCATION_NAME 1
| | #define HAVE_DECL_PROGRAM_INVOCATION_SHORT_NAME 1
| | #define HAVE_PTSNAME 1
| | #define GNULIB_TEST_PTSNAME 1
| | #define GNULIB_TEST_PTSNAME_R 1
| | #define USE_ACL 0
| | #define HAVE_RAISE 1
| | #define GNULIB_TEST_RAISE 1
| | #define HAVE_RAWMEMCHR 1
| | #define GNULIB_TEST_RAWMEMCHR 1
| | #define GNULIB_TEST_READ 1
| | #define HAVE_READDIR 1
| | #define GNULIB_TEST_READDIR 1
| | #define GNULIB_TEST_READLINK 1
| | #define GNULIB_TEST_READLINKAT 1
| | #define HAVE_REALLOC_POSIX 1
| | #define GNULIB_TEST_REALLOC_POSIX 1
| | #define _REGEX_INCLUDE_LIMITS_H 1
| | #define _REGEX_LARGE_OFFSETS 1
| | #define re_syntax_options rpl_re_syntax_options
| | #define re_set_syntax rpl_re_set_syntax
| | #define re_compile_pattern rpl_re_compile_pattern
| | #define re_compile_fastmap rpl_re_compile_fastmap
| | #define re_search rpl_re_search
| | #define re_search_2 rpl_re_search_2
| | #define re_match rpl_re_match
| | #define re_match_2 rpl_re_match_2
| | #define re_set_registers rpl_re_set_registers
| | #define re_comp rpl_re_comp
| | #define re_exec rpl_re_exec
| | #define regcomp rpl_regcomp
| | #define regexec rpl_regexec
| | #define regerror rpl_regerror
| | #define regfree rpl_regfree
| | #define HAVE_LIBINTL_H 1
| | #define HAVE_DECL_ISBLANK 1
| | #define GNULIB_TEST_RENAME 1
| | #define GNULIB_TEST_RENAMEAT 1
| | #define HAVE_REWINDDIR 1
| | #define GNULIB_TEST_REWINDDIR 1
| | #define GNULIB_TEST_RMDIR 1
| | #define HAVE_RPMATCH 1
| | #define GNULIB_TEST_RPMATCH 1
| | #define GNULIB_TEST_SECURE_GETENV 1
| | #define HAVE_SELINUX_SELINUX_H 0
| | #define GNULIB_TEST_SETENV 1
| | #define HAVE_RAW_DECL_PTHREAD_SIGMASK 1
| | #define HAVE_RAW_DECL_SIGACTION 1
| | #define HAVE_RAW_DECL_SIGADDSET 1
| | #define HAVE_RAW_DECL_SIGDELSET 1
| | #define HAVE_RAW_DECL_SIGEMPTYSET 1
| | #define HAVE_RAW_DECL_SIGFILLSET 1
| | #define HAVE_RAW_DECL_SIGISMEMBER 1
| | #define HAVE_RAW_DECL_SIGPENDING 1
| | #define HAVE_RAW_DECL_SIGPROCMASK 1
| | #define HAVE_STDINT_H 1
| | #define HAVE_DECL_SLEEP 1
| | #define GNULIB_TEST_SLEEP 1
| | #define HAVE_SNPRINTF 1
| | #define GNULIB_TEST_SNPRINTF 1
| | #define GNULIB_SNPRINTF 1
| | #define GNULIB_TEST_STAT 1
| | #define HAVE_STRUCT_STAT_ST_ATIM_TV_NSEC 1
| | #define TYPEOF_STRUCT_STAT_ST_ATIM_IS_STRUCT_TIMESPEC 1
| | #define GNULIB_STATAT 1
| | #define GNULIB_FSCANF 1
| | #define GNULIB_SCANF 1
| | #define HAVE_RAW_DECL_DPRINTF 1
| | #define HAVE_RAW_DECL_FSEEKO 1
| | #define HAVE_RAW_DECL_FTELLO 1
| | #define HAVE_RAW_DECL_GETDELIM 1
| | #define HAVE_RAW_DECL_GETLINE 1
| | /* end confdefs.h.  */
| | #include <stdio.h>
| | 
| | int
| | main ()
| | {
| | #undef gets
| |   (void) gets;
| |   ;
| |   return 0;
| | }
| configure:29652: result: no
| configure:29626: checking whether pclose is declared without a macro
| configure:29644: gcc -std=gnu99 -c -g -O2  conftest.c >&5
| configure:29644: $? = 0
| configure:29652: result: yes
| configure:29626: checking whether popen is declared without a macro
| configure:29644: gcc -std=gnu99 -c -g -O2  conftest.c >&5
| configure:29644: $? = 0
| configure:29652: result: yes
| configure:29626: checking whether renameat is declared without a macro
| configure:29644: gcc -std=gnu99 -c -g -O2  conftest.c >&5
| configure:29644: $? = 0
| configure:29652: result: yes
| configure:29626: checking whether snprintf is declared without a macro
| configure:29644: gcc -std=gnu99 -c -g -O2  conftest.c >&5
| configure:29644: $? = 0
| configure:29652: result: yes
| configure:29626: checking whether tmpfile is declared without a macro
| configure:29644: gcc -std=gnu99 -c -g -O2  conftest.c >&5
| configure:29644: $? = 0
| configure:29652: result: yes
| configure:29626: checking whether vdprintf is declared without a macro
| configure:29644: gcc -std=gnu99 -c -g -O2  conftest.c >&5
| configure:29644: $? = 0
| configure:29652: result: yes
| configure:29626: checking whether vsnprintf is declared without a macro
| configure:29644: gcc -std=gnu99 -c -g -O2  conftest.c >&5
| configure:29644: $? = 0
| configure:29652: result: yes
| configure:29741: checking whether _Exit is declared without a macro
| configure:29765: gcc -std=gnu99 -c -g -O2  conftest.c >&5
| configure:29765: $? = 0
| configure:29773: result: yes
| configure:29741: checking whether atoll is declared without a macro
| configure:29765: gcc -std=gnu99 -c -g -O2  conftest.c >&5
| configure:29765: $? = 0
| configure:29773: result: yes
| configure:29741: checking whether canonicalize_file_name is declared without a macro
| configure:29765: gcc -std=gnu99 -c -g -O2  conftest.c >&5
| configure:29765: $? = 0
| configure:29773: result: yes
| configure:29741: checking whether getloadavg is declared without a macro
| configure:29765: gcc -std=gnu99 -c -g -O2  conftest.c >&5
| configure:29765: $? = 0
| configure:29773: result: yes
| configure:29741: checking whether getsubopt is declared without a macro
| configure:29765: gcc -std=gnu99 -c -g -O2  conftest.c >&5
| configure:29765: $? = 0
| configure:29773: result: yes
| configure:29741: checking whether grantpt is declared without a macro
| configure:29765: gcc -std=gnu99 -c -g -O2  conftest.c >&5
| configure:29765: $? = 0
| configure:29773: result: yes
| configure:29741: checking whether initstate is declared without a macro
| configure:29765: gcc -std=gnu99 -c -g -O2  conftest.c >&5
| configure:29765: $? = 0
| configure:29773: result: yes
| configure:29741: checking whether initstate_r is declared without a macro
| configure:29765: gcc -std=gnu99 -c -g -O2  conftest.c >&5
| configure:29765: $? = 0
| configure:29773: result: yes
| configure:29741: checking whether mkdtemp is declared without a macro
| configure:29765: gcc -std=gnu99 -c -g -O2  conftest.c >&5
| configure:29765: $? = 0
| configure:29773: result: yes
| configure:29741: checking whether mkostemp is declared without a macro
| configure:29765: gcc -std=gnu99 -c -g -O2  conftest.c >&5
| configure:29765: $? = 0
| configure:29773: result: yes
| configure:29741: checking whether mkostemps is declared without a macro
| configure:29765: gcc -std=gnu99 -c -g -O2  conftest.c >&5
| configure:29765: $? = 0
| configure:29773: result: yes
| configure:29741: checking whether mkstemp is declared without a macro
| configure:29765: gcc -std=gnu99 -c -g -O2  conftest.c >&5
| configure:29765: $? = 0
| configure:29773: result: yes
| configure:29741: checking whether mkstemps is declared without a macro
| configure:29765: gcc -std=gnu99 -c -g -O2  conftest.c >&5
| configure:29765: $? = 0
| configure:29773: result: yes
| configure:29741: checking whether posix_openpt is declared without a macro
| configure:29765: gcc -std=gnu99 -c -g -O2  conftest.c >&5
| configure:29765: $? = 0
| configure:29773: result: yes
| configure:29741: checking whether ptsname is declared without a macro
| configure:29765: gcc -std=gnu99 -c -g -O2  conftest.c >&5
| configure:29765: $? = 0
| configure:29773: result: yes
| configure:29741: checking whether ptsname_r is declared without a macro
| configure:29765: gcc -std=gnu99 -c -g -O2  conftest.c >&5
| configure:29765: $? = 0
| configure:29773: result: yes
| configure:29741: checking whether random is declared without a macro
| configure:29765: gcc -std=gnu99 -c -g -O2  conftest.c >&5
| configure:29765: $? = 0
| configure:29773: result: yes
| configure:29741: checking whether random_r is declared without a macro
| configure:29765: gcc -std=gnu99 -c -g -O2  conftest.c >&5
| configure:29765: $? = 0
| configure:29773: result: yes
| configure:29741: checking whether realpath is declared without a macro
| configure:29765: gcc -std=gnu99 -c -g -O2  conftest.c >&5
| configure:29765: $? = 0
| configure:29773: result: yes
| configure:29741: checking whether rpmatch is declared without a macro
| configure:29765: gcc -std=gnu99 -c -g -O2  conftest.c >&5
| configure:29765: $? = 0
| configure:29773: result: yes
| configure:29741: checking whether secure_getenv is declared without a macro
| configure:29765: gcc -std=gnu99 -c -g -O2  conftest.c >&5
| configure:29765: $? = 0
| configure:29773: result: yes
| configure:29741: checking whether setenv is declared without a macro
| configure:29765: gcc -std=gnu99 -c -g -O2  conftest.c >&5
| configure:29765: $? = 0
| configure:29773: result: yes
| configure:29741: checking whether setstate is declared without a macro
| configure:29765: gcc -std=gnu99 -c -g -O2  conftest.c >&5
| configure:29765: $? = 0
| configure:29773: result: yes
| configure:29741: checking whether setstate_r is declared without a macro
| configure:29765: gcc -std=gnu99 -c -g -O2  conftest.c >&5
| configure:29765: $? = 0
| configure:29773: result: yes
| configure:29741: checking whether srandom is declared without a macro
| configure:29765: gcc -std=gnu99 -c -g -O2  conftest.c >&5
| configure:29765: $? = 0
| configure:29773: result: yes
| configure:29741: checking whether srandom_r is declared without a macro
| configure:29765: gcc -std=gnu99 -c -g -O2  conftest.c >&5
| configure:29765: $? = 0
| configure:29773: result: yes
| configure:29741: checking whether strtod is declared without a macro
| configure:29765: gcc -std=gnu99 -c -g -O2  conftest.c >&5
| configure:29765: $? = 0
| configure:29773: result: yes
| configure:29741: checking whether strtoll is declared without a macro
| configure:29765: gcc -std=gnu99 -c -g -O2  conftest.c >&5
| configure:29765: $? = 0
| configure:29773: result: yes
| configure:29741: checking whether strtoull is declared without a macro
| configure:29765: gcc -std=gnu99 -c -g -O2  conftest.c >&5
| configure:29765: $? = 0
| configure:29773: result: yes
| configure:29741: checking whether unlockpt is declared without a macro
| configure:29765: gcc -std=gnu99 -c -g -O2  conftest.c >&5
| configure:29765: $? = 0
| configure:29773: result: yes
| configure:29741: checking whether unsetenv is declared without a macro
| configure:29765: gcc -std=gnu99 -c -g -O2  conftest.c >&5
| configure:29765: $? = 0
| configure:29773: result: yes
| configure:29793: checking for stpcpy
| configure:29793: gcc -std=gnu99 -o conftest -g -O2   conftest.c  >&5
| conftest.c:523:6: warning: conflicting types for built-in function 'stpcpy' [enabled by default]
| configure:29793: $? = 0
| configure:29793: result: yes
| configure:29841: checking for strcasecmp
| configure:29841: gcc -std=gnu99 -o conftest -g -O2   conftest.c  >&5
| conftest.c:525:6: warning: conflicting types for built-in function 'strcasecmp' [enabled by default]
| configure:29841: $? = 0
| configure:29841: result: yes
| configure:29858: checking for strncasecmp
| configure:29858: gcc -std=gnu99 -o conftest -g -O2   conftest.c  >&5
| conftest.c:526:6: warning: conflicting types for built-in function 'strncasecmp' [enabled by default]
| configure:29858: $? = 0
| configure:29858: result: yes
| configure:29872: checking whether strncasecmp is declared
| configure:29872: result: yes
| configure:29924: checking for strchrnul
| configure:29924: gcc -std=gnu99 -o conftest -g -O2   conftest.c  >&5
| configure:29924: $? = 0
| configure:29924: result: yes
| configure:29936: checking whether strchrnul works
| configure:29980: gcc -std=gnu99 -o conftest -g -O2   conftest.c  >&5
| configure:29980: $? = 0
| configure:29980: ./conftest
| configure:29980: $? = 0
| configure:29991: result: yes
| configure:30075: checking for working strerror function
| configure:30101: gcc -std=gnu99 -o conftest -g -O2   conftest.c  >&5
| configure:30101: $? = 0
| configure:30101: ./conftest
| configure:30101: $? = 0
| configure:30112: result: yes
| configure:30233: checking for working strndup
| configure:30271: gcc -std=gnu99 -o conftest -g -O2   conftest.c  >&5
| configure:30271: $? = 0
| configure:30271: ./conftest
| configure:30271: $? = 0
| configure:30281: result: yes
| configure:30327: checking for working strnlen
| configure:30365: gcc -std=gnu99 -o conftest -g -O2   conftest.c  >&5
| configure:30365: $? = 0
| configure:30365: ./conftest
| configure:30365: $? = 0
| configure:30375: result: yes
| configure:30424: checking whether strtoimax works
| configure:30478: gcc -std=gnu99 -o conftest -g -O2   conftest.c  >&5
| configure:30478: $? = 0
| configure:30478: ./conftest
| configure:30478: $? = 0
| configure:30489: result: yes
| configure:30541: checking for strtol
| configure:30541: gcc -std=gnu99 -o conftest -g -O2   conftest.c  >&5
| configure:30541: $? = 0
| configure:30541: result: yes
| configure:30569: checking for strtoll
| configure:30569: gcc -std=gnu99 -o conftest -g -O2   conftest.c  >&5
| configure:30569: $? = 0
| configure:30569: result: yes
| configure:30616: checking for strtoul
| configure:30616: gcc -std=gnu99 -o conftest -g -O2   conftest.c  >&5
| configure:30616: $? = 0
| configure:30616: result: yes
| configure:30644: checking for strtoull
| configure:30644: gcc -std=gnu99 -o conftest -g -O2   conftest.c  >&5
| configure:30644: $? = 0
| configure:30644: result: yes
| configure:30744: checking whether symlink handles trailing slash correctly
| configure:30778: gcc -std=gnu99 -o conftest -g -O2   conftest.c  >&5
| configure:30778: $? = 0
| configure:30778: ./conftest
| configure:30778: $? = 0
| configure:30789: result: yes
| configure:30958: checking for nlink_t
| configure:30958: result: yes
| configure:30973: checking whether fchmodat is declared without a macro
| configure:30999: result: yes
| configure:30973: checking whether fstat is declared without a macro
| configure:30999: result: yes
| configure:30973: checking whether fstatat is declared without a macro
| configure:30999: result: yes
| configure:30973: checking whether futimens is declared without a macro
| configure:30999: result: yes
| configure:30973: checking whether lchmod is declared without a macro
| configure:30999: result: yes
| configure:30973: checking whether lstat is declared without a macro
| configure:30999: result: yes
| configure:30973: checking whether mkdirat is declared without a macro
| configure:30999: result: yes
| configure:30973: checking whether mkfifo is declared without a macro
| configure:30999: result: yes
| configure:30973: checking whether mkfifoat is declared without a macro
| configure:30999: result: yes
| configure:30973: checking whether mknod is declared without a macro
| configure:30999: result: yes
| configure:30973: checking whether mknodat is declared without a macro
| configure:30999: result: yes
| configure:30973: checking whether stat is declared without a macro
| configure:30999: result: yes
| configure:30973: checking whether utimensat is declared without a macro
| configure:30999: result: yes
| configure:31131: gcc -std=gnu99 -c -g -O2  conftest.c >&5
| configure:31131: $? = 0
| configure:31166: checking whether localtime_r is declared
| configure:31166: gcc -std=gnu99 -c -g -O2  conftest.c >&5
| configure:31166: $? = 0
| configure:31166: result: yes
| configure:31185: checking whether localtime_r is compatible with its POSIX signature
| configure:31209: gcc -std=gnu99 -c -g -O2  conftest.c >&5
| configure:31209: $? = 0
| configure:31217: result: yes
| configure:31271: checking for ttyname_r
| configure:31271: gcc -std=gnu99 -o conftest -g -O2   conftest.c  >&5
| configure:31271: $? = 0
| configure:31271: result: yes
| configure:31284: checking whether ttyname_r is compatible with its POSIX signature
| configure:31302: gcc -std=gnu99 -c -g -O2  conftest.c >&5
| conftest.c: In function 'main':
| conftest.c:542:1: error: invalid type argument of unary '*' (have 'int')
| configure:31302: $? = 1
| configure: failed program was:
| | /* confdefs.h */
| | #define PACKAGE_NAME "GNU tar"
| | #define PACKAGE_TARNAME "tar"
| | #define PACKAGE_VERSION "1.28"
| | #define PACKAGE_STRING "GNU tar 1.28"
| | #define PACKAGE_BUGREPORT "bug-tar@gnu.org"
| | #define PACKAGE_URL "http://www.gnu.org/software/tar/"
| | #define PACKAGE "tar"
| | #define VERSION "1.28"
| | #define STDC_HEADERS 1
| | #define HAVE_SYS_TYPES_H 1
| | #define HAVE_SYS_STAT_H 1
| | #define HAVE_STDLIB_H 1
| | #define HAVE_STRING_H 1
| | #define HAVE_MEMORY_H 1
| | #define HAVE_STRINGS_H 1
| | #define HAVE_INTTYPES_H 1
| | #define HAVE_STDINT_H 1
| | #define HAVE_UNISTD_H 1
| | #define __EXTENSIONS__ 1
| | #define _ALL_SOURCE 1
| | #define _DARWIN_C_SOURCE 1
| | #define _GNU_SOURCE 1
| | #define _POSIX_PTHREAD_SEMANTICS 1
| | #define _TANDEM_SOURCE 1
| | #define HAVE_FSEEKO 1
| | #define _DARWIN_USE_64_BIT_INODE 1
| | #define _DARWIN_USE_64_BIT_INODE 1
| | #define HAVE_FCNTL_H 1
| | #define HAVE_LINUX_FD_H 1
| | #define HAVE_MEMORY_H 1
| | #define HAVE_SGTTY_H 1
| | #define HAVE_STRING_H 1
| | #define HAVE_SYS_PARAM_H 1
| | #define HAVE_SYS_MTIO_H 1
| | #define HAVE_SYS_TIME_H 1
| | #define HAVE_UNISTD_H 1
| | #define HAVE_LOCALE_H 1
| | #define HAVE_FEATURES_H 1
| | #define HAVE_SYS_SOCKET_H 1
| | #define HAVE_DIRENT_H 1
| | #define HAVE_WCTYPE_H 1
| | #define HAVE_STDIO_EXT_H 1
| | #define HAVE_SYS_STAT_H 1
| | #define HAVE_GETOPT_H 1
| | #define HAVE_WCHAR_H 1
| | #define HAVE_STDINT_H 1
| | #define HAVE_INTTYPES_H 1
| | #define HAVE_LANGINFO_H 1
| | #define HAVE_XLOCALE_H 1
| | #define HAVE_SYS_MMAN_H 1
| | #define HAVE_MALLOC_H 1
| | #define HAVE_STRINGS_H 1
| | #define HAVE_SYSEXITS_H 1
| | #define HAVE_UTIME_H 1
| | #define HAVE_NETDB_H 1
| | #define HAVE_SYS_WAIT_H 1
| | #define HAVE_PWD_H 1
| | #define HAVE_GRP_H 1
| | #define major_t int
| | #define minor_t int
| | #define HAVE_ALLOCA_H 1
| | #define HAVE_ALLOCA 1
| | #define restrict __restrict
| | #define HAVE_DECL_CLEARERR_UNLOCKED 1
| | #define HAVE_DECL_FEOF_UNLOCKED 1
| | #define HAVE_DECL_FERROR_UNLOCKED 1
| | #define HAVE_DECL_FFLUSH_UNLOCKED 1
| | #define HAVE_DECL_FGETS_UNLOCKED 1
| | #define HAVE_DECL_FPUTC_UNLOCKED 1
| | #define HAVE_DECL_FPUTS_UNLOCKED 1
| | #define HAVE_DECL_FREAD_UNLOCKED 1
| | #define HAVE_DECL_FWRITE_UNLOCKED 1
| | #define HAVE_DECL_GETC_UNLOCKED 1
| | #define HAVE_DECL_GETCHAR_UNLOCKED 1
| | #define HAVE_DECL_PUTC_UNLOCKED 1
| | #define HAVE_DECL_PUTCHAR_UNLOCKED 1
| | #define HAVE_FLOCKFILE 1
| | #define HAVE_FUNLOCKFILE 1
| | #define HAVE_PATHCONF 1
| | #define HAVE_BTOWC 1
| | #define HAVE_CANONICALIZE_FILE_NAME 1
| | #define HAVE_GETCWD 1
| | #define HAVE_READLINK 1
| | #define HAVE_REALPATH 1
| | #define HAVE_READLINKAT 1
| | #define HAVE_CHOWN 1
| | #define HAVE_FCHOWN 1
| | #define HAVE_FCHDIR 1
| | #define HAVE_FDOPENDIR 1
| | #define HAVE_FACCESSAT 1
| | #define HAVE_FCHMODAT 1
| | #define HAVE_FCNTL 1
| | #define HAVE_SYMLINK 1
| | #define HAVE_MEMPCPY 1
| | #define HAVE_ISBLANK 1
| | #define HAVE_ISWCTYPE 1
| | #define HAVE_MBSRTOWCS 1
| | #define HAVE_WMEMCHR 1
| | #define HAVE_WMEMCPY 1
| | #define HAVE_WMEMPCPY 1
| | #define HAVE_FSTATAT 1
| | #define HAVE_FUTIMENS 1
| | #define HAVE_GETDELIM 1
| | #define HAVE_GETDTABLESIZE 1
| | #define HAVE_GETTIMEOFDAY 1
| | #define HAVE_ISWCNTRL 1
| | #define HAVE_ISWBLANK 1
| | #define HAVE_LINK 1
| | #define HAVE_OPENAT 1
| | #define HAVE_LINKAT 1
| | #define HAVE_LSTAT 1
| | #define HAVE_MBSINIT 1
| | #define HAVE_MBRTOWC 1
| | #define HAVE_MPROTECT 1
| | #define HAVE_MKDIRAT 1
| | #define HAVE_MKFIFO 1
| | #define HAVE_MKFIFOAT 1
| | #define HAVE_MKNODAT 1
| | #define HAVE_MKNOD 1
| | #define HAVE_NL_LANGINFO 1
| | #define HAVE_POSIX_OPENPT 1
| | #define HAVE_PTSNAME_R 1
| | #define HAVE_FCHMOD 1
| | #define HAVE_RENAMEAT 1
| | #define HAVE_SECURE_GETENV 1
| | #define HAVE_SETENV 1
| | #define HAVE_SLEEP 1
| | #define HAVE_SNPRINTF 1
| | #define HAVE_STRDUP 1
| | #define HAVE_TZSET 1
| | #define HAVE_STRNDUP 1
| | #define HAVE_STRTOIMAX 1
| | #define HAVE_STRTOUMAX 1
| | #define HAVE_SYMLINKAT 1
| | #define HAVE_LOCALTIME_R 1
| | #define HAVE_PIPE 1
| | #define HAVE_UNLINKAT 1
| | #define HAVE_FUTIMES 1
| | #define HAVE_FUTIMESAT 1
| | #define HAVE_UTIMENSAT 1
| | #define HAVE_LUTIMES 1
| | #define HAVE_WCRTOMB 1
| | #define HAVE_WCWIDTH 1
| | #define HAVE_SETLOCALE 1
| | #define HAVE_FSYNC 1
| | #define HAVE_GRANTPT 1
| | #define D_INO_IN_DIRENT 1
| | #define HAVE_LONG_FILE_NAMES 1
| | #define HAVE_LANGINFO_CODESET 1
| | #define FUNC_REALPATH_WORKS 1
| | #define HAVE_UNISTD_H 1
| | #define HAVE_CHOWN 1
| | #define HAVE_ENVIRON_DECL 1
| | #define HAVE_DECL_STRERROR_R 1
| | #define HAVE_STRERROR_R 1
| | #define STRERROR_R_CHAR_P 1
| | #define GETGROUPS_T gid_t
| | #define HAVE_DECL_FCHDIR 1
| | #define HAVE_WORKING_O_NOATIME 1
| | #define HAVE_WORKING_O_NOFOLLOW 1
| | #define HAVE_MBSTATE_T 1
| | #define HAVE_DECL_FSEEKO 1
| | #define HAVE_RAW_DECL_FCHMODAT 1
| | #define HAVE_RAW_DECL_FSTAT 1
| | #define HAVE_RAW_DECL_FSTATAT 1
| | #define HAVE_RAW_DECL_FUTIMENS 1
| | #define HAVE_RAW_DECL_LCHMOD 1
| | #define HAVE_RAW_DECL_LSTAT 1
| | #define HAVE_RAW_DECL_MKDIRAT 1
| | #define HAVE_RAW_DECL_MKFIFO 1
| | #define HAVE_RAW_DECL_MKFIFOAT 1
| | #define HAVE_RAW_DECL_MKNOD 1
| | #define HAVE_RAW_DECL_MKNODAT 1
| | #define HAVE_RAW_DECL_STAT 1
| | #define HAVE_RAW_DECL_UTIMENSAT 1
| | #define LSTAT_FOLLOWS_SLASHED_SYMLINK 1
| | #define HAVE_DECL_GETCWD 1
| | #define HAVE_DECL_GETDELIM 1
| | #define HAVE_DECL_GETLINE 1
| | #define HAVE_GETOPT_H 1
| | #define HAVE_GETOPT_LONG_ONLY 1
| | #define __GETOPT_PREFIX rpl_
| | #define HAVE_DECL_GETENV 1
| | #define HAVE_RAW_DECL_GETTIMEOFDAY 1
| | #define HAVE_UNSIGNED_LONG_LONG_INT 1
| | #define HAVE_LONG_LONG_INT 1
| | #define HAVE_RAW_DECL_IMAXABS 1
| | #define HAVE_RAW_DECL_IMAXDIV 1
| | #define HAVE_RAW_DECL_STRTOIMAX 1
| | #define HAVE_RAW_DECL_STRTOUMAX 1
| | #define HAVE_INTTYPES_H 1
| | #define HAVE_WINT_T 1
| | #define HAVE_TOWLOWER 1
| | #define HAVE_RAW_DECL_WCTYPE 1
| | #define HAVE_RAW_DECL_ISWCTYPE 1
| | #define HAVE_RAW_DECL_WCTRANS 1
| | #define HAVE_RAW_DECL_TOWCTRANS 1
| | #define HAVE_WCHAR_T 1
| | #define HAVE_STDLIB_H 1
| | #define MALLOC_0_IS_NONNULL 1
| | #define HAVE_MAP_ANONYMOUS 1
| | #define HAVE_DECL_MEMRCHR 1
| | #define HAVE_DECL_ALARM 1
| | #define PROMOTED_MODE_T mode_t
| | #define HAVE__BOOL 1
| | #define HAVE_COMPOUND_LITERALS 1
| | #define HAVE_TM_GMTOFF 1
| | #define HAVE_DECL_SETENV 1
| | #define HAVE_SEARCH_H 1
| | #define HAVE_TSEARCH 1
| | #define HAVE_SIGSET_T 1
| | #define HAVE_DECL_SNPRINTF 1
| | #define HAVE_DECL_STRDUP 1
| | #define HAVE_RAW_DECL_FFSL 1
| | #define HAVE_RAW_DECL_FFSLL 1
| | #define HAVE_RAW_DECL_MEMMEM 1
| | #define HAVE_RAW_DECL_MEMPCPY 1
| | #define HAVE_RAW_DECL_MEMRCHR 1
| | #define HAVE_RAW_DECL_RAWMEMCHR 1
| | #define HAVE_RAW_DECL_STPCPY 1
| | #define HAVE_RAW_DECL_STPNCPY 1
| | #define HAVE_RAW_DECL_STRCHRNUL 1
| | #define HAVE_RAW_DECL_STRDUP 1
| | #define HAVE_RAW_DECL_STRNCAT 1
| | #define HAVE_RAW_DECL_STRNDUP 1
| | #define HAVE_RAW_DECL_STRNLEN 1
| | #define HAVE_RAW_DECL_STRPBRK 1
| | #define HAVE_RAW_DECL_STRSEP 1
| | #define HAVE_RAW_DECL_STRCASESTR 1
| | #define HAVE_RAW_DECL_STRTOK_R 1
| | #define HAVE_RAW_DECL_STRERROR_R 1
| | #define HAVE_RAW_DECL_STRSIGNAL 1
| | #define HAVE_RAW_DECL_STRVERSCMP 1
| | #define HAVE_RAW_DECL_FFS 1
| | #define HAVE_RAW_DECL_STRCASECMP 1
| | #define HAVE_RAW_DECL_STRNCASECMP 1
| | #define HAVE_DECL_STRNDUP 1
| | #define HAVE_DECL_STRNLEN 1
| | #define HAVE_DECL_STRTOIMAX 1
| | #define HAVE_DECL_STRTOUMAX 1
| | #define HAVE_DECL_TTYNAME_R 1
| | #define HAVE_DECL_UNSETENV 1
| | #define HAVE_WORKING_UTIMES 1
| | #define HAVE_STRUCT_UTIMBUF 1
| | #define HAVE_INTTYPES_H_WITH_UINTMAX 1
| | #define HAVE_STDINT_H_WITH_UINTMAX 1
| | #define HAVE_INTMAX_T 1
| | #define DBL_EXPBIT0_WORD 1
| | #define DBL_EXPBIT0_BIT 20
| | #define HAVE_SNPRINTF 1
| | #define HAVE_STRNLEN 1
| | #define HAVE_WCSLEN 1
| | #define HAVE_WCSNLEN 1
| | #define HAVE_MBRTOWC 1
| | #define HAVE_WCRTOMB 1
| | #define HAVE_DECL__SNPRINTF 0
| | #define HAVE_SNPRINTF_RETVAL_C99 1
| | #define HAVE_DECL_VSNPRINTF 1
| | #define HAVE_ALLOCA 1
| | #define GNULIB_AREADLINKAT 1
| | #define HAVE_DECL_PROGRAM_INVOCATION_NAME 1
| | #define HAVE_DECL_PROGRAM_INVOCATION_SHORT_NAME 1
| | #define HAVE_PROGRAM_INVOCATION_NAME 1
| | #define HAVE_PROGRAM_INVOCATION_SHORT_NAME 1
| | #define GNULIB_TEST_BTOWC 1
| | #define GNULIB_CANONICALIZE_LGPL 1
| | #define GNULIB_TEST_CANONICALIZE_FILE_NAME 1
| | #define GNULIB_TEST_REALPATH 1
| | #define GNULIB_TEST_CHDIR 1
| | #define GNULIB_TEST_CHOWN 1
| | #define HAVE_CLOCK_GETTIME 1
| | #define HAVE_CLOCK_SETTIME 1
| | #define GNULIB_TEST_CLOEXEC 1
| | #define GNULIB_TEST_CLOSE 1
| | #define GNULIB_CLOSE_STREAM 1
| | #define HAVE_CLOSEDIR 1
| | #define GNULIB_TEST_CLOSEDIR 1
| | #define D_INO_IN_DIRENT 1
| | #define HAVE_RAW_DECL_ALPHASORT 1
| | #define HAVE_RAW_DECL_CLOSEDIR 1
| | #define HAVE_RAW_DECL_DIRFD 1
| | #define HAVE_RAW_DECL_FDOPENDIR 1
| | #define HAVE_RAW_DECL_OPENDIR 1
| | #define HAVE_RAW_DECL_READDIR 1
| | #define HAVE_RAW_DECL_REWINDDIR 1
| | #define HAVE_RAW_DECL_SCANDIR 1
| | #define GNULIB_DIRENT_SAFER 1
| | #define HAVE_DIRFD 1
| | #define HAVE_DECL_DIRFD 1
| | #define GNULIB_TEST_DIRFD 1
| | #define GNULIB_DIRNAME 1
| | #define GNULIB_TEST_DUP 1
| | #define HAVE_DUP2 1
| | #define GNULIB_TEST_DUP2 1
| | #define GNULIB_TEST_ENVIRON 1
| | #define HAVE_EUIDACCESS 1
| | #define GNULIB_TEST_EUIDACCESS 1
| | #define GNULIB_FACCESSAT 1
| | #define GNULIB_TEST_FACCESSAT 1
| | #define GNULIB_TEST_FCHDIR 1
| | #define GNULIB_FCHMODAT 1
| | #define GNULIB_TEST_FCHMODAT 1
| | #define GNULIB_FCHOWNAT 1
| | #define GNULIB_TEST_FCHOWNAT 1
| | #define GNULIB_TEST_FCNTL 1
| | #define HAVE_RAW_DECL_FCNTL 1
| | #define HAVE_RAW_DECL_OPENAT 1
| | #define HAVE_DECL_FDOPENDIR 1
| | #define GNULIB_TEST_FDOPENDIR 1
| | #define GNULIB_FDOPENDIR 1
| | #define GNULIB_FDUTIMENSAT 1
| | #define HAVE_STRUCT_STAT_ST_BLOCKS 1
| | #define HAVE_ST_BLOCKS 1
| | #define HAVE_DECL___FPENDING 1
| | #define GNULIB_TEST_FSEEK 1
| | #define GNULIB_TEST_FSEEKO 1
| | #define GNULIB_TEST_FSTAT 1
| | #define GNULIB_TEST_FSTATAT 1
| | #define GNULIB_TEST_FUTIMENS 1
| | #define HAVE_GETPAGESIZE 1
| | #define HAVE_MINIMALLY_WORKING_GETCWD 1
| | #define GNULIB_GETCWD 1
| | #define GNULIB_TEST_GETCWD 1
| | #define GNULIB_TEST_GETCWD 1
| | #define GNULIB_TEST_GETDELIM 1
| | #define GNULIB_TEST_GETDTABLESIZE 1
| | #define HAVE_GETGROUPS 1
| | #define GNULIB_TEST_GETGROUPS 1
| | #define GNULIB_TEST_GETLINE 1
| | #define GNULIB_TEST_GETOPT_GNU 1
| | #define __GETOPT_PREFIX rpl_
| | #define HAVE_GETPAGESIZE 1
| | #define GNULIB_TEST_GETPAGESIZE 1
| | #define GETTIMEOFDAY_TIMEZONE struct timezone
| | #define GNULIB_TEST_GETTIMEOFDAY 1
| | #define GNULIB_TEST_GROUP_MEMBER 1
| | #define GNULIB_TEST_ISATTY 1
| | #define HAVE_DECL_ISWBLANK 1
| | #define GNULIB_TEST_ISWBLANK 1
| | #define HAVE_RAW_DECL_NL_LANGINFO 1
| | #define HAVE_LCHOWN 1
| | #define GNULIB_TEST_LCHOWN 1
| | #define GNULIB_TEST_LINK 1
| | #define LINK_FOLLOWS_SYMLINKS 0
| | #define LINKAT_TRAILING_SLASH_BUG 0
| | #define GNULIB_TEST_LINKAT 1
| | #define HAVE_RAW_DECL_SETLOCALE 1
| | #define HAVE_RAW_DECL_DUPLOCALE 1
| | #define GNULIB_TEST_LOCALECONV 1
| | #define GNULIB_TEST_LSEEK 1
| | #define GNULIB_TEST_LSTAT 1
| | #define HAVE_STDLIB_H 1
| | #define HAVE_MALLOC_GNU 1
| | #define GNULIB_MALLOC_GNU 1
| | #define HAVE_MALLOC_POSIX 1
| | #define GNULIB_TEST_MALLOC_POSIX 1
| | #define GNULIB_TEST_MBRTOWC 1
| | #define GNULIB_TEST_MBSCASECMP 1
| | #define GNULIB_TEST_MBSINIT 1
| | #define GNULIB_TEST_MBSRTOWCS 1
| | #define GNULIB_TEST_MBTOWC 1
| | #define GNULIB_TEST_MEMCHR 1
| | #define HAVE_MEMPCPY 1
| | #define GNULIB_TEST_MEMPCPY 1
| | #define HAVE_MEMRCHR 1
| | #define GNULIB_TEST_MEMRCHR 1
| | #define GNULIB_TEST_MKDIRAT 1
| | #define HAVE_MKDTEMP 1
| | #define GNULIB_TEST_MKDTEMP 1
| | #define GNULIB_TEST_MKFIFO 1
| | #define GNULIB_TEST_MKFIFOAT 1
| | #define GNULIB_TEST_MKNODAT 1
| | #define MKNOD_FIFO_BUG 1
| | #define GNULIB_TEST_MKNOD 1
| | #define GNULIB_TEST_MKTIME 1
| | #define FUNC_NL_LANGINFO_YESEXPR_WORKS 1
| | #define GNULIB_TEST_NL_LANGINFO 1
| | #define HAVE_OBSTACK 1
| | #define GNULIB_TEST_OPEN 1
| | #define GNULIB_OPENAT 1
| | #define GNULIB_TEST_OPENAT 1
| | #define HAVE_OPENDIR 1
| | #define GNULIB_TEST_OPENDIR 1
| | #define HAVE_STRUCT_TM_TM_ZONE 1
| | #define HAVE_TM_ZONE 1
| | #define TIME_T_FITS_IN_LONG_INT 1
| | #define GNULIB_TEST_POSIX_OPENPT 1
| | #define HAVE_DECL_PROGRAM_INVOCATION_NAME 1
| | #define HAVE_DECL_PROGRAM_INVOCATION_SHORT_NAME 1
| | #define HAVE_PTSNAME 1
| | #define GNULIB_TEST_PTSNAME 1
| | #define GNULIB_TEST_PTSNAME_R 1
| | #define USE_ACL 0
| | #define HAVE_RAISE 1
| | #define GNULIB_TEST_RAISE 1
| | #define HAVE_RAWMEMCHR 1
| | #define GNULIB_TEST_RAWMEMCHR 1
| | #define GNULIB_TEST_READ 1
| | #define HAVE_READDIR 1
| | #define GNULIB_TEST_READDIR 1
| | #define GNULIB_TEST_READLINK 1
| | #define GNULIB_TEST_READLINKAT 1
| | #define HAVE_REALLOC_POSIX 1
| | #define GNULIB_TEST_REALLOC_POSIX 1
| | #define _REGEX_INCLUDE_LIMITS_H 1
| | #define _REGEX_LARGE_OFFSETS 1
| | #define re_syntax_options rpl_re_syntax_options
| | #define re_set_syntax rpl_re_set_syntax
| | #define re_compile_pattern rpl_re_compile_pattern
| | #define re_compile_fastmap rpl_re_compile_fastmap
| | #define re_search rpl_re_search
| | #define re_search_2 rpl_re_search_2
| | #define re_match rpl_re_match
| | #define re_match_2 rpl_re_match_2
| | #define re_set_registers rpl_re_set_registers
| | #define re_comp rpl_re_comp
| | #define re_exec rpl_re_exec
| | #define regcomp rpl_regcomp
| | #define regexec rpl_regexec
| | #define regerror rpl_regerror
| | #define regfree rpl_regfree
| | #define HAVE_LIBINTL_H 1
| | #define HAVE_DECL_ISBLANK 1
| | #define GNULIB_TEST_RENAME 1
| | #define GNULIB_TEST_RENAMEAT 1
| | #define HAVE_REWINDDIR 1
| | #define GNULIB_TEST_REWINDDIR 1
| | #define GNULIB_TEST_RMDIR 1
| | #define HAVE_RPMATCH 1
| | #define GNULIB_TEST_RPMATCH 1
| | #define GNULIB_TEST_SECURE_GETENV 1
| | #define HAVE_SELINUX_SELINUX_H 0
| | #define GNULIB_TEST_SETENV 1
| | #define HAVE_RAW_DECL_PTHREAD_SIGMASK 1
| | #define HAVE_RAW_DECL_SIGACTION 1
| | #define HAVE_RAW_DECL_SIGADDSET 1
| | #define HAVE_RAW_DECL_SIGDELSET 1
| | #define HAVE_RAW_DECL_SIGEMPTYSET 1
| | #define HAVE_RAW_DECL_SIGFILLSET 1
| | #define HAVE_RAW_DECL_SIGISMEMBER 1
| | #define HAVE_RAW_DECL_SIGPENDING 1
| | #define HAVE_RAW_DECL_SIGPROCMASK 1
| | #define HAVE_STDINT_H 1
| | #define HAVE_DECL_SLEEP 1
| | #define GNULIB_TEST_SLEEP 1
| | #define HAVE_SNPRINTF 1
| | #define GNULIB_TEST_SNPRINTF 1
| | #define GNULIB_SNPRINTF 1
| | #define GNULIB_TEST_STAT 1
| | #define HAVE_STRUCT_STAT_ST_ATIM_TV_NSEC 1
| | #define TYPEOF_STRUCT_STAT_ST_ATIM_IS_STRUCT_TIMESPEC 1
| | #define GNULIB_STATAT 1
| | #define GNULIB_FSCANF 1
| | #define GNULIB_SCANF 1
| | #define HAVE_RAW_DECL_DPRINTF 1
| | #define HAVE_RAW_DECL_FSEEKO 1
| | #define HAVE_RAW_DECL_FTELLO 1
| | #define HAVE_RAW_DECL_GETDELIM 1
| | #define HAVE_RAW_DECL_GETLINE 1
| | #define HAVE_RAW_DECL_PCLOSE 1
| | #define HAVE_RAW_DECL_POPEN 1
| | #define HAVE_RAW_DECL_RENAMEAT 1
| | #define HAVE_RAW_DECL_SNPRINTF 1
| | #define HAVE_RAW_DECL_TMPFILE 1
| | #define HAVE_RAW_DECL_VDPRINTF 1
| | #define HAVE_RAW_DECL_VSNPRINTF 1
| | #define HAVE_RAW_DECL__EXIT 1
| | #define HAVE_RAW_DECL_ATOLL 1
| | #define HAVE_RAW_DECL_CANONICALIZE_FILE_NAME 1
| | #define HAVE_RAW_DECL_GETLOADAVG 1
| | #define HAVE_RAW_DECL_GETSUBOPT 1
| | #define HAVE_RAW_DECL_GRANTPT 1
| | #define HAVE_RAW_DECL_INITSTATE 1
| | #define HAVE_RAW_DECL_INITSTATE_R 1
| | #define HAVE_RAW_DECL_MKDTEMP 1
| | #define HAVE_RAW_DECL_MKOSTEMP 1
| | #define HAVE_RAW_DECL_MKOSTEMPS 1
| | #define HAVE_RAW_DECL_MKSTEMP 1
| | #define HAVE_RAW_DECL_MKSTEMPS 1
| | #define HAVE_RAW_DECL_POSIX_OPENPT 1
| | #define HAVE_RAW_DECL_PTSNAME 1
| | #define HAVE_RAW_DECL_PTSNAME_R 1
| | #define HAVE_RAW_DECL_RANDOM 1
| | #define HAVE_RAW_DECL_RANDOM_R 1
| | #define HAVE_RAW_DECL_REALPATH 1
| | #define HAVE_RAW_DECL_RPMATCH 1
| | #define HAVE_RAW_DECL_SECURE_GETENV 1
| | #define HAVE_RAW_DECL_SETENV 1
| | #define HAVE_RAW_DECL_SETSTATE 1
| | #define HAVE_RAW_DECL_SETSTATE_R 1
| | #define HAVE_RAW_DECL_SRANDOM 1
| | #define HAVE_RAW_DECL_SRANDOM_R 1
| | #define HAVE_RAW_DECL_STRTOD 1
| | #define HAVE_RAW_DECL_STRTOLL 1
| | #define HAVE_RAW_DECL_STRTOULL 1
| | #define HAVE_RAW_DECL_UNLOCKPT 1
| | #define HAVE_RAW_DECL_UNSETENV 1
| | #define HAVE_STPCPY 1
| | #define GNULIB_TEST_STPCPY 1
| | #define HAVE_STRCASECMP 1
| | #define HAVE_STRNCASECMP 1
| | #define HAVE_DECL_STRNCASECMP 1
| | #define HAVE_STRCHRNUL 1
| | #define GNULIB_TEST_STRCHRNUL 1
| | #define GNULIB_TEST_STRDUP 1
| | #define GNULIB_STRERROR 1
| | #define GNULIB_TEST_STRERROR 1
| | #define my_strftime nstrftime
| | #define GNULIB_TEST_STRNDUP 1
| | #define GNULIB_TEST_STRNLEN 1
| | #define HAVE_STRTOL 1
| | #define HAVE_STRTOLL 1
| | #define GNULIB_TEST_STRTOLL 1
| | #define HAVE_STRTOUL 1
| | #define HAVE_STRTOULL 1
| | #define GNULIB_TEST_STRTOULL 1
| | #define GNULIB_TEST_SYMLINK 1
| | #define GNULIB_TEST_SYMLINKAT 1
| | #define HAVE_RAW_DECL_FCHMODAT 1
| | #define HAVE_RAW_DECL_FSTAT 1
| | #define HAVE_RAW_DECL_FSTATAT 1
| | #define HAVE_RAW_DECL_FUTIMENS 1
| | #define HAVE_RAW_DECL_LCHMOD 1
| | #define HAVE_RAW_DECL_LSTAT 1
| | #define HAVE_RAW_DECL_MKDIRAT 1
| | #define HAVE_RAW_DECL_MKFIFO 1
| | #define HAVE_RAW_DECL_MKFIFOAT 1
| | #define HAVE_RAW_DECL_MKNOD 1
| | #define HAVE_RAW_DECL_MKNODAT 1
| | #define HAVE_RAW_DECL_STAT 1
| | #define HAVE_RAW_DECL_UTIMENSAT 1
| | #define HAVE_DECL_LOCALTIME_R 1
| | #define GNULIB_TEST_TIME_R 1
| | #define HAVE_TTYNAME_R 1
| | /* end confdefs.h.  */
| | #include <stddef.h>
| |               #include <unistd.h>
| | int
| | main ()
| | {
| | *ttyname_r (0, NULL, 0);
| |   ;
| |   return 0;
| | }
| | 
| configure:31310: result: yes
| configure:31319: checking whether ttyname_r works with small buffers
| configure:31358: gcc -std=gnu99 -o conftest -g -O2   conftest.c  >&5
| configure:31358: $? = 0
| configure:31358: ./conftest
| configure:31358: $? = 0
| configure:31371: result: yes
| configure:31515: checking whether chdir is declared without a macro
| configure:31545: gcc -std=gnu99 -c -g -O2  conftest.c >&5
| configure:31545: $? = 0
| configure:31553: result: yes
| configure:31515: checking whether chown is declared without a macro
| configure:31545: gcc -std=gnu99 -c -g -O2  conftest.c >&5
| configure:31545: $? = 0
| configure:31553: result: yes
| configure:31515: checking whether dup is declared without a macro
| configure:31545: gcc -std=gnu99 -c -g -O2  conftest.c >&5
| configure:31545: $? = 0
| configure:31553: result: yes
| configure:31515: checking whether dup2 is declared without a macro
| configure:31545: gcc -std=gnu99 -c -g -O2  conftest.c >&5
| configure:31545: $? = 0
| configure:31553: result: yes
| configure:31515: checking whether dup3 is declared without a macro
| configure:31545: gcc -std=gnu99 -c -g -O2  conftest.c >&5
| configure:31545: $? = 0
| configure:31553: result: yes
| configure:31515: checking whether environ is declared without a macro
| configure:31545: gcc -std=gnu99 -c -g -O2  conftest.c >&5
| configure:31545: $? = 0
| configure:31553: result: yes
| configure:31515: checking whether euidaccess is declared without a macro
| configure:31545: gcc -std=gnu99 -c -g -O2  conftest.c >&5
| configure:31545: $? = 0
| configure:31553: result: yes
| configure:31515: checking whether faccessat is declared without a macro
| configure:31545: gcc -std=gnu99 -c -g -O2  conftest.c >&5
| configure:31545: $? = 0
| configure:31553: result: yes
| configure:31515: checking whether fchdir is declared without a macro
| configure:31545: gcc -std=gnu99 -c -g -O2  conftest.c >&5
| configure:31545: $? = 0
| configure:31553: result: yes
| configure:31515: checking whether fchownat is declared without a macro
| configure:31545: gcc -std=gnu99 -c -g -O2  conftest.c >&5
| configure:31545: $? = 0
| configure:31553: result: yes
| configure:31515: checking whether fdatasync is declared without a macro
| configure:31545: gcc -std=gnu99 -c -g -O2  conftest.c >&5
| configure:31545: $? = 0
| configure:31553: result: yes
| configure:31515: checking whether fsync is declared without a macro
| configure:31545: gcc -std=gnu99 -c -g -O2  conftest.c >&5
| configure:31545: $? = 0
| configure:31553: result: yes
| configure:31515: checking whether ftruncate is declared without a macro
| configure:31545: gcc -std=gnu99 -c -g -O2  conftest.c >&5
| configure:31545: $? = 0
| configure:31553: result: yes
| configure:31515: checking whether getcwd is declared without a macro
| configure:31545: gcc -std=gnu99 -c -g -O2  conftest.c >&5
| configure:31545: $? = 0
| configure:31553: result: yes
| configure:31515: checking whether getdomainname is declared without a macro
| configure:31545: gcc -std=gnu99 -c -g -O2  conftest.c >&5
| configure:31545: $? = 0
| configure:31553: result: yes
| configure:31515: checking whether getdtablesize is declared without a macro
| configure:31545: gcc -std=gnu99 -c -g -O2  conftest.c >&5
| configure:31545: $? = 0
| configure:31553: result: yes
| configure:31515: checking whether getgroups is declared without a macro
| configure:31545: gcc -std=gnu99 -c -g -O2  conftest.c >&5
| configure:31545: $? = 0
| configure:31553: result: yes
| configure:31515: checking whether gethostname is declared without a macro
| configure:31545: gcc -std=gnu99 -c -g -O2  conftest.c >&5
| configure:31545: $? = 0
| configure:31553: result: yes
| configure:31515: checking whether getlogin is declared without a macro
| configure:31545: gcc -std=gnu99 -c -g -O2  conftest.c >&5
| configure:31545: $? = 0
| configure:31553: result: yes
| configure:31515: checking whether getlogin_r is declared without a macro
| configure:31545: gcc -std=gnu99 -c -g -O2  conftest.c >&5
| configure:31545: $? = 0
| configure:31553: result: yes
| configure:31515: checking whether getpagesize is declared without a macro
| configure:31545: gcc -std=gnu99 -c -g -O2  conftest.c >&5
| configure:31545: $? = 0
| configure:31553: result: yes
| configure:31515: checking whether getusershell is declared without a macro
| configure:31545: gcc -std=gnu99 -c -g -O2  conftest.c >&5
| configure:31545: $? = 0
| configure:31553: result: yes
| configure:31515: checking whether setusershell is declared without a macro
| configure:31545: gcc -std=gnu99 -c -g -O2  conftest.c >&5
| configure:31545: $? = 0
| configure:31553: result: yes
| configure:31515: checking whether endusershell is declared without a macro
| configure:31545: gcc -std=gnu99 -c -g -O2  conftest.c >&5
| configure:31545: $? = 0
| configure:31553: result: yes
| configure:31515: checking whether group_member is declared without a macro
| configure:31545: gcc -std=gnu99 -c -g -O2  conftest.c >&5
| configure:31545: $? = 0
| configure:31553: result: yes
| configure:31515: checking whether isatty is declared without a macro
| configure:31545: gcc -std=gnu99 -c -g -O2  conftest.c >&5
| configure:31545: $? = 0
| configure:31553: result: yes
| configure:31515: checking whether lchown is declared without a macro
| configure:31545: gcc -std=gnu99 -c -g -O2  conftest.c >&5
| configure:31545: $? = 0
| configure:31553: result: yes
| configure:31515: checking whether link is declared without a macro
| configure:31545: gcc -std=gnu99 -c -g -O2  conftest.c >&5
| configure:31545: $? = 0
| configure:31553: result: yes
| configure:31515: checking whether linkat is declared without a macro
| configure:31545: gcc -std=gnu99 -c -g -O2  conftest.c >&5
| configure:31545: $? = 0
| configure:31553: result: yes
| configure:31515: checking whether lseek is declared without a macro
| configure:31545: gcc -std=gnu99 -c -g -O2  conftest.c >&5
| configure:31545: $? = 0
| configure:31553: result: yes
| configure:31515: checking whether pipe is declared without a macro
| configure:31545: gcc -std=gnu99 -c -g -O2  conftest.c >&5
| configure:31545: $? = 0
| configure:31553: result: yes
| configure:31515: checking whether pipe2 is declared without a macro
| configure:31545: gcc -std=gnu99 -c -g -O2  conftest.c >&5
| configure:31545: $? = 0
| configure:31553: result: yes
| configure:31515: checking whether pread is declared without a macro
| configure:31545: gcc -std=gnu99 -c -g -O2  conftest.c >&5
| configure:31545: $? = 0
| configure:31553: result: yes
| configure:31515: checking whether pwrite is declared without a macro
| configure:31545: gcc -std=gnu99 -c -g -O2  conftest.c >&5
| configure:31545: $? = 0
| configure:31553: result: yes
| configure:31515: checking whether readlink is declared without a macro
| configure:31545: gcc -std=gnu99 -c -g -O2  conftest.c >&5
| configure:31545: $? = 0
| configure:31553: result: yes
| configure:31515: checking whether readlinkat is declared without a macro
| configure:31545: gcc -std=gnu99 -c -g -O2  conftest.c >&5
| configure:31545: $? = 0
| configure:31553: result: yes
| configure:31515: checking whether rmdir is declared without a macro
| configure:31545: gcc -std=gnu99 -c -g -O2  conftest.c >&5
| configure:31545: $? = 0
| configure:31553: result: yes
| configure:31515: checking whether sethostname is declared without a macro
| configure:31545: gcc -std=gnu99 -c -g -O2  conftest.c >&5
| configure:31545: $? = 0
| configure:31553: result: yes
| configure:31515: checking whether sleep is declared without a macro
| configure:31545: gcc -std=gnu99 -c -g -O2  conftest.c >&5
| configure:31545: $? = 0
| configure:31553: result: yes
| configure:31515: checking whether symlink is declared without a macro
| configure:31545: gcc -std=gnu99 -c -g -O2  conftest.c >&5
| configure:31545: $? = 0
| configure:31553: result: yes
| configure:31515: checking whether symlinkat is declared without a macro
| configure:31545: gcc -std=gnu99 -c -g -O2  conftest.c >&5
| configure:31545: $? = 0
| configure:31553: result: yes
| configure:31515: checking whether ttyname_r is declared without a macro
| configure:31545: gcc -std=gnu99 -c -g -O2  conftest.c >&5
| configure:31545: $? = 0
| configure:31553: result: yes
| configure:31515: checking whether unlink is declared without a macro
| configure:31545: gcc -std=gnu99 -c -g -O2  conftest.c >&5
| configure:31545: $? = 0
| configure:31553: result: yes
| configure:31515: checking whether unlinkat is declared without a macro
| configure:31545: gcc -std=gnu99 -c -g -O2  conftest.c >&5
| configure:31545: $? = 0
| configure:31553: result: yes
| configure:31515: checking whether usleep is declared without a macro
| configure:31545: gcc -std=gnu99 -c -g -O2  conftest.c >&5
| configure:31545: $? = 0
| configure:31553: result: yes
| configure:31656: checking whether unlink honors trailing slashes
| configure:31704: gcc -std=gnu99 -o conftest -g -O2   conftest.c  >&5
| configure:31704: $? = 0
| configure:31704: ./conftest
| configure:31704: $? = 0
| configure:31715: result: yes
| configure:31723: checking whether unlink of a parent directory fails as it should
| configure:31795: result: guessing yes
| configure:31934: checking for unlockpt
| configure:31934: gcc -std=gnu99 -o conftest -g -O2   conftest.c  >&5
| configure:31934: $? = 0
| configure:31934: result: yes
| configure:31995: checking for unsetenv
| configure:31995: gcc -std=gnu99 -o conftest -g -O2   conftest.c  >&5
| configure:31995: $? = 0
| configure:31995: result: yes
| configure:32008: checking for unsetenv() return type
| configure:32033: gcc -std=gnu99 -c -g -O2  conftest.c >&5
| configure:32033: $? = 0
| configure:32040: result: int
| configure:32049: checking whether unsetenv obeys POSIX
| configure:32094: gcc -std=gnu99 -o conftest -g -O2   conftest.c  >&5
| configure:32094: $? = 0
| configure:32094: ./conftest
| configure:32094: $? = 0
| configure:32104: result: yes
| configure:32215: checking whether utimensat works
| configure:32265: gcc -std=gnu99 -o conftest -g -O2   conftest.c  >&5
| configure:32265: $? = 0
| configure:32265: ./conftest
| configure:32265: $? = 0
| configure:32284: gcc -std=gnu99 -c -g -O2  conftest.c >&5
| conftest.c:597:1: error: unknown type name 'choke'
| conftest.c:600:1: error: expected '=', ',', ';', 'asm' or '__attribute__' before 'int'
| configure:32284: $? = 1
| configure: failed program was:
| | /* confdefs.h */
| | #define PACKAGE_NAME "GNU tar"
| | #define PACKAGE_TARNAME "tar"
| | #define PACKAGE_VERSION "1.28"
| | #define PACKAGE_STRING "GNU tar 1.28"
| | #define PACKAGE_BUGREPORT "bug-tar@gnu.org"
| | #define PACKAGE_URL "http://www.gnu.org/software/tar/"
| | #define PACKAGE "tar"
| | #define VERSION "1.28"
| | #define STDC_HEADERS 1
| | #define HAVE_SYS_TYPES_H 1
| | #define HAVE_SYS_STAT_H 1
| | #define HAVE_STDLIB_H 1
| | #define HAVE_STRING_H 1
| | #define HAVE_MEMORY_H 1
| | #define HAVE_STRINGS_H 1
| | #define HAVE_INTTYPES_H 1
| | #define HAVE_STDINT_H 1
| | #define HAVE_UNISTD_H 1
| | #define __EXTENSIONS__ 1
| | #define _ALL_SOURCE 1
| | #define _DARWIN_C_SOURCE 1
| | #define _GNU_SOURCE 1
| | #define _POSIX_PTHREAD_SEMANTICS 1
| | #define _TANDEM_SOURCE 1
| | #define HAVE_FSEEKO 1
| | #define _DARWIN_USE_64_BIT_INODE 1
| | #define _DARWIN_USE_64_BIT_INODE 1
| | #define HAVE_FCNTL_H 1
| | #define HAVE_LINUX_FD_H 1
| | #define HAVE_MEMORY_H 1
| | #define HAVE_SGTTY_H 1
| | #define HAVE_STRING_H 1
| | #define HAVE_SYS_PARAM_H 1
| | #define HAVE_SYS_MTIO_H 1
| | #define HAVE_SYS_TIME_H 1
| | #define HAVE_UNISTD_H 1
| | #define HAVE_LOCALE_H 1
| | #define HAVE_FEATURES_H 1
| | #define HAVE_SYS_SOCKET_H 1
| | #define HAVE_DIRENT_H 1
| | #define HAVE_WCTYPE_H 1
| | #define HAVE_STDIO_EXT_H 1
| | #define HAVE_SYS_STAT_H 1
| | #define HAVE_GETOPT_H 1
| | #define HAVE_WCHAR_H 1
| | #define HAVE_STDINT_H 1
| | #define HAVE_INTTYPES_H 1
| | #define HAVE_LANGINFO_H 1
| | #define HAVE_XLOCALE_H 1
| | #define HAVE_SYS_MMAN_H 1
| | #define HAVE_MALLOC_H 1
| | #define HAVE_STRINGS_H 1
| | #define HAVE_SYSEXITS_H 1
| | #define HAVE_UTIME_H 1
| | #define HAVE_NETDB_H 1
| | #define HAVE_SYS_WAIT_H 1
| | #define HAVE_PWD_H 1
| | #define HAVE_GRP_H 1
| | #define major_t int
| | #define minor_t int
| | #define HAVE_ALLOCA_H 1
| | #define HAVE_ALLOCA 1
| | #define restrict __restrict
| | #define HAVE_DECL_CLEARERR_UNLOCKED 1
| | #define HAVE_DECL_FEOF_UNLOCKED 1
| | #define HAVE_DECL_FERROR_UNLOCKED 1
| | #define HAVE_DECL_FFLUSH_UNLOCKED 1
| | #define HAVE_DECL_FGETS_UNLOCKED 1
| | #define HAVE_DECL_FPUTC_UNLOCKED 1
| | #define HAVE_DECL_FPUTS_UNLOCKED 1
| | #define HAVE_DECL_FREAD_UNLOCKED 1
| | #define HAVE_DECL_FWRITE_UNLOCKED 1
| | #define HAVE_DECL_GETC_UNLOCKED 1
| | #define HAVE_DECL_GETCHAR_UNLOCKED 1
| | #define HAVE_DECL_PUTC_UNLOCKED 1
| | #define HAVE_DECL_PUTCHAR_UNLOCKED 1
| | #define HAVE_FLOCKFILE 1
| | #define HAVE_FUNLOCKFILE 1
| | #define HAVE_PATHCONF 1
| | #define HAVE_BTOWC 1
| | #define HAVE_CANONICALIZE_FILE_NAME 1
| | #define HAVE_GETCWD 1
| | #define HAVE_READLINK 1
| | #define HAVE_REALPATH 1
| | #define HAVE_READLINKAT 1
| | #define HAVE_CHOWN 1
| | #define HAVE_FCHOWN 1
| | #define HAVE_FCHDIR 1
| | #define HAVE_FDOPENDIR 1
| | #define HAVE_FACCESSAT 1
| | #define HAVE_FCHMODAT 1
| | #define HAVE_FCNTL 1
| | #define HAVE_SYMLINK 1
| | #define HAVE_MEMPCPY 1
| | #define HAVE_ISBLANK 1
| | #define HAVE_ISWCTYPE 1
| | #define HAVE_MBSRTOWCS 1
| | #define HAVE_WMEMCHR 1
| | #define HAVE_WMEMCPY 1
| | #define HAVE_WMEMPCPY 1
| | #define HAVE_FSTATAT 1
| | #define HAVE_FUTIMENS 1
| | #define HAVE_GETDELIM 1
| | #define HAVE_GETDTABLESIZE 1
| | #define HAVE_GETTIMEOFDAY 1
| | #define HAVE_ISWCNTRL 1
| | #define HAVE_ISWBLANK 1
| | #define HAVE_LINK 1
| | #define HAVE_OPENAT 1
| | #define HAVE_LINKAT 1
| | #define HAVE_LSTAT 1
| | #define HAVE_MBSINIT 1
| | #define HAVE_MBRTOWC 1
| | #define HAVE_MPROTECT 1
| | #define HAVE_MKDIRAT 1
| | #define HAVE_MKFIFO 1
| | #define HAVE_MKFIFOAT 1
| | #define HAVE_MKNODAT 1
| | #define HAVE_MKNOD 1
| | #define HAVE_NL_LANGINFO 1
| | #define HAVE_POSIX_OPENPT 1
| | #define HAVE_PTSNAME_R 1
| | #define HAVE_FCHMOD 1
| | #define HAVE_RENAMEAT 1
| | #define HAVE_SECURE_GETENV 1
| | #define HAVE_SETENV 1
| | #define HAVE_SLEEP 1
| | #define HAVE_SNPRINTF 1
| | #define HAVE_STRDUP 1
| | #define HAVE_TZSET 1
| | #define HAVE_STRNDUP 1
| | #define HAVE_STRTOIMAX 1
| | #define HAVE_STRTOUMAX 1
| | #define HAVE_SYMLINKAT 1
| | #define HAVE_LOCALTIME_R 1
| | #define HAVE_PIPE 1
| | #define HAVE_UNLINKAT 1
| | #define HAVE_FUTIMES 1
| | #define HAVE_FUTIMESAT 1
| | #define HAVE_UTIMENSAT 1
| | #define HAVE_LUTIMES 1
| | #define HAVE_WCRTOMB 1
| | #define HAVE_WCWIDTH 1
| | #define HAVE_SETLOCALE 1
| | #define HAVE_FSYNC 1
| | #define HAVE_GRANTPT 1
| | #define D_INO_IN_DIRENT 1
| | #define HAVE_LONG_FILE_NAMES 1
| | #define HAVE_LANGINFO_CODESET 1
| | #define FUNC_REALPATH_WORKS 1
| | #define HAVE_UNISTD_H 1
| | #define HAVE_CHOWN 1
| | #define HAVE_ENVIRON_DECL 1
| | #define HAVE_DECL_STRERROR_R 1
| | #define HAVE_STRERROR_R 1
| | #define STRERROR_R_CHAR_P 1
| | #define GETGROUPS_T gid_t
| | #define HAVE_DECL_FCHDIR 1
| | #define HAVE_WORKING_O_NOATIME 1
| | #define HAVE_WORKING_O_NOFOLLOW 1
| | #define HAVE_MBSTATE_T 1
| | #define HAVE_DECL_FSEEKO 1
| | #define HAVE_RAW_DECL_FCHMODAT 1
| | #define HAVE_RAW_DECL_FSTAT 1
| | #define HAVE_RAW_DECL_FSTATAT 1
| | #define HAVE_RAW_DECL_FUTIMENS 1
| | #define HAVE_RAW_DECL_LCHMOD 1
| | #define HAVE_RAW_DECL_LSTAT 1
| | #define HAVE_RAW_DECL_MKDIRAT 1
| | #define HAVE_RAW_DECL_MKFIFO 1
| | #define HAVE_RAW_DECL_MKFIFOAT 1
| | #define HAVE_RAW_DECL_MKNOD 1
| | #define HAVE_RAW_DECL_MKNODAT 1
| | #define HAVE_RAW_DECL_STAT 1
| | #define HAVE_RAW_DECL_UTIMENSAT 1
| | #define LSTAT_FOLLOWS_SLASHED_SYMLINK 1
| | #define HAVE_DECL_GETCWD 1
| | #define HAVE_DECL_GETDELIM 1
| | #define HAVE_DECL_GETLINE 1
| | #define HAVE_GETOPT_H 1
| | #define HAVE_GETOPT_LONG_ONLY 1
| | #define __GETOPT_PREFIX rpl_
| | #define HAVE_DECL_GETENV 1
| | #define HAVE_RAW_DECL_GETTIMEOFDAY 1
| | #define HAVE_UNSIGNED_LONG_LONG_INT 1
| | #define HAVE_LONG_LONG_INT 1
| | #define HAVE_RAW_DECL_IMAXABS 1
| | #define HAVE_RAW_DECL_IMAXDIV 1
| | #define HAVE_RAW_DECL_STRTOIMAX 1
| | #define HAVE_RAW_DECL_STRTOUMAX 1
| | #define HAVE_INTTYPES_H 1
| | #define HAVE_WINT_T 1
| | #define HAVE_TOWLOWER 1
| | #define HAVE_RAW_DECL_WCTYPE 1
| | #define HAVE_RAW_DECL_ISWCTYPE 1
| | #define HAVE_RAW_DECL_WCTRANS 1
| | #define HAVE_RAW_DECL_TOWCTRANS 1
| | #define HAVE_WCHAR_T 1
| | #define HAVE_STDLIB_H 1
| | #define MALLOC_0_IS_NONNULL 1
| | #define HAVE_MAP_ANONYMOUS 1
| | #define HAVE_DECL_MEMRCHR 1
| | #define HAVE_DECL_ALARM 1
| | #define PROMOTED_MODE_T mode_t
| | #define HAVE__BOOL 1
| | #define HAVE_COMPOUND_LITERALS 1
| | #define HAVE_TM_GMTOFF 1
| | #define HAVE_DECL_SETENV 1
| | #define HAVE_SEARCH_H 1
| | #define HAVE_TSEARCH 1
| | #define HAVE_SIGSET_T 1
| | #define HAVE_DECL_SNPRINTF 1
| | #define HAVE_DECL_STRDUP 1
| | #define HAVE_RAW_DECL_FFSL 1
| | #define HAVE_RAW_DECL_FFSLL 1
| | #define HAVE_RAW_DECL_MEMMEM 1
| | #define HAVE_RAW_DECL_MEMPCPY 1
| | #define HAVE_RAW_DECL_MEMRCHR 1
| | #define HAVE_RAW_DECL_RAWMEMCHR 1
| | #define HAVE_RAW_DECL_STPCPY 1
| | #define HAVE_RAW_DECL_STPNCPY 1
| | #define HAVE_RAW_DECL_STRCHRNUL 1
| | #define HAVE_RAW_DECL_STRDUP 1
| | #define HAVE_RAW_DECL_STRNCAT 1
| | #define HAVE_RAW_DECL_STRNDUP 1
| | #define HAVE_RAW_DECL_STRNLEN 1
| | #define HAVE_RAW_DECL_STRPBRK 1
| | #define HAVE_RAW_DECL_STRSEP 1
| | #define HAVE_RAW_DECL_STRCASESTR 1
| | #define HAVE_RAW_DECL_STRTOK_R 1
| | #define HAVE_RAW_DECL_STRERROR_R 1
| | #define HAVE_RAW_DECL_STRSIGNAL 1
| | #define HAVE_RAW_DECL_STRVERSCMP 1
| | #define HAVE_RAW_DECL_FFS 1
| | #define HAVE_RAW_DECL_STRCASECMP 1
| | #define HAVE_RAW_DECL_STRNCASECMP 1
| | #define HAVE_DECL_STRNDUP 1
| | #define HAVE_DECL_STRNLEN 1
| | #define HAVE_DECL_STRTOIMAX 1
| | #define HAVE_DECL_STRTOUMAX 1
| | #define HAVE_DECL_TTYNAME_R 1
| | #define HAVE_DECL_UNSETENV 1
| | #define HAVE_WORKING_UTIMES 1
| | #define HAVE_STRUCT_UTIMBUF 1
| | #define HAVE_INTTYPES_H_WITH_UINTMAX 1
| | #define HAVE_STDINT_H_WITH_UINTMAX 1
| | #define HAVE_INTMAX_T 1
| | #define DBL_EXPBIT0_WORD 1
| | #define DBL_EXPBIT0_BIT 20
| | #define HAVE_SNPRINTF 1
| | #define HAVE_STRNLEN 1
| | #define HAVE_WCSLEN 1
| | #define HAVE_WCSNLEN 1
| | #define HAVE_MBRTOWC 1
| | #define HAVE_WCRTOMB 1
| | #define HAVE_DECL__SNPRINTF 0
| | #define HAVE_SNPRINTF_RETVAL_C99 1
| | #define HAVE_DECL_VSNPRINTF 1
| | #define HAVE_ALLOCA 1
| | #define GNULIB_AREADLINKAT 1
| | #define HAVE_DECL_PROGRAM_INVOCATION_NAME 1
| | #define HAVE_DECL_PROGRAM_INVOCATION_SHORT_NAME 1
| | #define HAVE_PROGRAM_INVOCATION_NAME 1
| | #define HAVE_PROGRAM_INVOCATION_SHORT_NAME 1
| | #define GNULIB_TEST_BTOWC 1
| | #define GNULIB_CANONICALIZE_LGPL 1
| | #define GNULIB_TEST_CANONICALIZE_FILE_NAME 1
| | #define GNULIB_TEST_REALPATH 1
| | #define GNULIB_TEST_CHDIR 1
| | #define GNULIB_TEST_CHOWN 1
| | #define HAVE_CLOCK_GETTIME 1
| | #define HAVE_CLOCK_SETTIME 1
| | #define GNULIB_TEST_CLOEXEC 1
| | #define GNULIB_TEST_CLOSE 1
| | #define GNULIB_CLOSE_STREAM 1
| | #define HAVE_CLOSEDIR 1
| | #define GNULIB_TEST_CLOSEDIR 1
| | #define D_INO_IN_DIRENT 1
| | #define HAVE_RAW_DECL_ALPHASORT 1
| | #define HAVE_RAW_DECL_CLOSEDIR 1
| | #define HAVE_RAW_DECL_DIRFD 1
| | #define HAVE_RAW_DECL_FDOPENDIR 1
| | #define HAVE_RAW_DECL_OPENDIR 1
| | #define HAVE_RAW_DECL_READDIR 1
| | #define HAVE_RAW_DECL_REWINDDIR 1
| | #define HAVE_RAW_DECL_SCANDIR 1
| | #define GNULIB_DIRENT_SAFER 1
| | #define HAVE_DIRFD 1
| | #define HAVE_DECL_DIRFD 1
| | #define GNULIB_TEST_DIRFD 1
| | #define GNULIB_DIRNAME 1
| | #define GNULIB_TEST_DUP 1
| | #define HAVE_DUP2 1
| | #define GNULIB_TEST_DUP2 1
| | #define GNULIB_TEST_ENVIRON 1
| | #define HAVE_EUIDACCESS 1
| | #define GNULIB_TEST_EUIDACCESS 1
| | #define GNULIB_FACCESSAT 1
| | #define GNULIB_TEST_FACCESSAT 1
| | #define GNULIB_TEST_FCHDIR 1
| | #define GNULIB_FCHMODAT 1
| | #define GNULIB_TEST_FCHMODAT 1
| | #define GNULIB_FCHOWNAT 1
| | #define GNULIB_TEST_FCHOWNAT 1
| | #define GNULIB_TEST_FCNTL 1
| | #define HAVE_RAW_DECL_FCNTL 1
| | #define HAVE_RAW_DECL_OPENAT 1
| | #define HAVE_DECL_FDOPENDIR 1
| | #define GNULIB_TEST_FDOPENDIR 1
| | #define GNULIB_FDOPENDIR 1
| | #define GNULIB_FDUTIMENSAT 1
| | #define HAVE_STRUCT_STAT_ST_BLOCKS 1
| | #define HAVE_ST_BLOCKS 1
| | #define HAVE_DECL___FPENDING 1
| | #define GNULIB_TEST_FSEEK 1
| | #define GNULIB_TEST_FSEEKO 1
| | #define GNULIB_TEST_FSTAT 1
| | #define GNULIB_TEST_FSTATAT 1
| | #define GNULIB_TEST_FUTIMENS 1
| | #define HAVE_GETPAGESIZE 1
| | #define HAVE_MINIMALLY_WORKING_GETCWD 1
| | #define GNULIB_GETCWD 1
| | #define GNULIB_TEST_GETCWD 1
| | #define GNULIB_TEST_GETCWD 1
| | #define GNULIB_TEST_GETDELIM 1
| | #define GNULIB_TEST_GETDTABLESIZE 1
| | #define HAVE_GETGROUPS 1
| | #define GNULIB_TEST_GETGROUPS 1
| | #define GNULIB_TEST_GETLINE 1
| | #define GNULIB_TEST_GETOPT_GNU 1
| | #define __GETOPT_PREFIX rpl_
| | #define HAVE_GETPAGESIZE 1
| | #define GNULIB_TEST_GETPAGESIZE 1
| | #define GETTIMEOFDAY_TIMEZONE struct timezone
| | #define GNULIB_TEST_GETTIMEOFDAY 1
| | #define GNULIB_TEST_GROUP_MEMBER 1
| | #define GNULIB_TEST_ISATTY 1
| | #define HAVE_DECL_ISWBLANK 1
| | #define GNULIB_TEST_ISWBLANK 1
| | #define HAVE_RAW_DECL_NL_LANGINFO 1
| | #define HAVE_LCHOWN 1
| | #define GNULIB_TEST_LCHOWN 1
| | #define GNULIB_TEST_LINK 1
| | #define LINK_FOLLOWS_SYMLINKS 0
| | #define LINKAT_TRAILING_SLASH_BUG 0
| | #define GNULIB_TEST_LINKAT 1
| | #define HAVE_RAW_DECL_SETLOCALE 1
| | #define HAVE_RAW_DECL_DUPLOCALE 1
| | #define GNULIB_TEST_LOCALECONV 1
| | #define GNULIB_TEST_LSEEK 1
| | #define GNULIB_TEST_LSTAT 1
| | #define HAVE_STDLIB_H 1
| | #define HAVE_MALLOC_GNU 1
| | #define GNULIB_MALLOC_GNU 1
| | #define HAVE_MALLOC_POSIX 1
| | #define GNULIB_TEST_MALLOC_POSIX 1
| | #define GNULIB_TEST_MBRTOWC 1
| | #define GNULIB_TEST_MBSCASECMP 1
| | #define GNULIB_TEST_MBSINIT 1
| | #define GNULIB_TEST_MBSRTOWCS 1
| | #define GNULIB_TEST_MBTOWC 1
| | #define GNULIB_TEST_MEMCHR 1
| | #define HAVE_MEMPCPY 1
| | #define GNULIB_TEST_MEMPCPY 1
| | #define HAVE_MEMRCHR 1
| | #define GNULIB_TEST_MEMRCHR 1
| | #define GNULIB_TEST_MKDIRAT 1
| | #define HAVE_MKDTEMP 1
| | #define GNULIB_TEST_MKDTEMP 1
| | #define GNULIB_TEST_MKFIFO 1
| | #define GNULIB_TEST_MKFIFOAT 1
| | #define GNULIB_TEST_MKNODAT 1
| | #define MKNOD_FIFO_BUG 1
| | #define GNULIB_TEST_MKNOD 1
| | #define GNULIB_TEST_MKTIME 1
| | #define FUNC_NL_LANGINFO_YESEXPR_WORKS 1
| | #define GNULIB_TEST_NL_LANGINFO 1
| | #define HAVE_OBSTACK 1
| | #define GNULIB_TEST_OPEN 1
| | #define GNULIB_OPENAT 1
| | #define GNULIB_TEST_OPENAT 1
| | #define HAVE_OPENDIR 1
| | #define GNULIB_TEST_OPENDIR 1
| | #define HAVE_STRUCT_TM_TM_ZONE 1
| | #define HAVE_TM_ZONE 1
| | #define TIME_T_FITS_IN_LONG_INT 1
| | #define GNULIB_TEST_POSIX_OPENPT 1
| | #define HAVE_DECL_PROGRAM_INVOCATION_NAME 1
| | #define HAVE_DECL_PROGRAM_INVOCATION_SHORT_NAME 1
| | #define HAVE_PTSNAME 1
| | #define GNULIB_TEST_PTSNAME 1
| | #define GNULIB_TEST_PTSNAME_R 1
| | #define USE_ACL 0
| | #define HAVE_RAISE 1
| | #define GNULIB_TEST_RAISE 1
| | #define HAVE_RAWMEMCHR 1
| | #define GNULIB_TEST_RAWMEMCHR 1
| | #define GNULIB_TEST_READ 1
| | #define HAVE_READDIR 1
| | #define GNULIB_TEST_READDIR 1
| | #define GNULIB_TEST_READLINK 1
| | #define GNULIB_TEST_READLINKAT 1
| | #define HAVE_REALLOC_POSIX 1
| | #define GNULIB_TEST_REALLOC_POSIX 1
| | #define _REGEX_INCLUDE_LIMITS_H 1
| | #define _REGEX_LARGE_OFFSETS 1
| | #define re_syntax_options rpl_re_syntax_options
| | #define re_set_syntax rpl_re_set_syntax
| | #define re_compile_pattern rpl_re_compile_pattern
| | #define re_compile_fastmap rpl_re_compile_fastmap
| | #define re_search rpl_re_search
| | #define re_search_2 rpl_re_search_2
| | #define re_match rpl_re_match
| | #define re_match_2 rpl_re_match_2
| | #define re_set_registers rpl_re_set_registers
| | #define re_comp rpl_re_comp
| | #define re_exec rpl_re_exec
| | #define regcomp rpl_regcomp
| | #define regexec rpl_regexec
| | #define regerror rpl_regerror
| | #define regfree rpl_regfree
| | #define HAVE_LIBINTL_H 1
| | #define HAVE_DECL_ISBLANK 1
| | #define GNULIB_TEST_RENAME 1
| | #define GNULIB_TEST_RENAMEAT 1
| | #define HAVE_REWINDDIR 1
| | #define GNULIB_TEST_REWINDDIR 1
| | #define GNULIB_TEST_RMDIR 1
| | #define HAVE_RPMATCH 1
| | #define GNULIB_TEST_RPMATCH 1
| | #define GNULIB_TEST_SECURE_GETENV 1
| | #define HAVE_SELINUX_SELINUX_H 0
| | #define GNULIB_TEST_SETENV 1
| | #define HAVE_RAW_DECL_PTHREAD_SIGMASK 1
| | #define HAVE_RAW_DECL_SIGACTION 1
| | #define HAVE_RAW_DECL_SIGADDSET 1
| | #define HAVE_RAW_DECL_SIGDELSET 1
| | #define HAVE_RAW_DECL_SIGEMPTYSET 1
| | #define HAVE_RAW_DECL_SIGFILLSET 1
| | #define HAVE_RAW_DECL_SIGISMEMBER 1
| | #define HAVE_RAW_DECL_SIGPENDING 1
| | #define HAVE_RAW_DECL_SIGPROCMASK 1
| | #define HAVE_STDINT_H 1
| | #define HAVE_DECL_SLEEP 1
| | #define GNULIB_TEST_SLEEP 1
| | #define HAVE_SNPRINTF 1
| | #define GNULIB_TEST_SNPRINTF 1
| | #define GNULIB_SNPRINTF 1
| | #define GNULIB_TEST_STAT 1
| | #define HAVE_STRUCT_STAT_ST_ATIM_TV_NSEC 1
| | #define TYPEOF_STRUCT_STAT_ST_ATIM_IS_STRUCT_TIMESPEC 1
| | #define GNULIB_STATAT 1
| | #define GNULIB_FSCANF 1
| | #define GNULIB_SCANF 1
| | #define HAVE_RAW_DECL_DPRINTF 1
| | #define HAVE_RAW_DECL_FSEEKO 1
| | #define HAVE_RAW_DECL_FTELLO 1
| | #define HAVE_RAW_DECL_GETDELIM 1
| | #define HAVE_RAW_DECL_GETLINE 1
| | #define HAVE_RAW_DECL_PCLOSE 1
| | #define HAVE_RAW_DECL_POPEN 1
| | #define HAVE_RAW_DECL_RENAMEAT 1
| | #define HAVE_RAW_DECL_SNPRINTF 1
| | #define HAVE_RAW_DECL_TMPFILE 1
| | #define HAVE_RAW_DECL_VDPRINTF 1
| | #define HAVE_RAW_DECL_VSNPRINTF 1
| | #define HAVE_RAW_DECL__EXIT 1
| | #define HAVE_RAW_DECL_ATOLL 1
| | #define HAVE_RAW_DECL_CANONICALIZE_FILE_NAME 1
| | #define HAVE_RAW_DECL_GETLOADAVG 1
| | #define HAVE_RAW_DECL_GETSUBOPT 1
| | #define HAVE_RAW_DECL_GRANTPT 1
| | #define HAVE_RAW_DECL_INITSTATE 1
| | #define HAVE_RAW_DECL_INITSTATE_R 1
| | #define HAVE_RAW_DECL_MKDTEMP 1
| | #define HAVE_RAW_DECL_MKOSTEMP 1
| | #define HAVE_RAW_DECL_MKOSTEMPS 1
| | #define HAVE_RAW_DECL_MKSTEMP 1
| | #define HAVE_RAW_DECL_MKSTEMPS 1
| | #define HAVE_RAW_DECL_POSIX_OPENPT 1
| | #define HAVE_RAW_DECL_PTSNAME 1
| | #define HAVE_RAW_DECL_PTSNAME_R 1
| | #define HAVE_RAW_DECL_RANDOM 1
| | #define HAVE_RAW_DECL_RANDOM_R 1
| | #define HAVE_RAW_DECL_REALPATH 1
| | #define HAVE_RAW_DECL_RPMATCH 1
| | #define HAVE_RAW_DECL_SECURE_GETENV 1
| | #define HAVE_RAW_DECL_SETENV 1
| | #define HAVE_RAW_DECL_SETSTATE 1
| | #define HAVE_RAW_DECL_SETSTATE_R 1
| | #define HAVE_RAW_DECL_SRANDOM 1
| | #define HAVE_RAW_DECL_SRANDOM_R 1
| | #define HAVE_RAW_DECL_STRTOD 1
| | #define HAVE_RAW_DECL_STRTOLL 1
| | #define HAVE_RAW_DECL_STRTOULL 1
| | #define HAVE_RAW_DECL_UNLOCKPT 1
| | #define HAVE_RAW_DECL_UNSETENV 1
| | #define HAVE_STPCPY 1
| | #define GNULIB_TEST_STPCPY 1
| | #define HAVE_STRCASECMP 1
| | #define HAVE_STRNCASECMP 1
| | #define HAVE_DECL_STRNCASECMP 1
| | #define HAVE_STRCHRNUL 1
| | #define GNULIB_TEST_STRCHRNUL 1
| | #define GNULIB_TEST_STRDUP 1
| | #define GNULIB_STRERROR 1
| | #define GNULIB_TEST_STRERROR 1
| | #define my_strftime nstrftime
| | #define GNULIB_TEST_STRNDUP 1
| | #define GNULIB_TEST_STRNLEN 1
| | #define HAVE_STRTOL 1
| | #define HAVE_STRTOLL 1
| | #define GNULIB_TEST_STRTOLL 1
| | #define HAVE_STRTOUL 1
| | #define HAVE_STRTOULL 1
| | #define GNULIB_TEST_STRTOULL 1
| | #define GNULIB_TEST_SYMLINK 1
| | #define GNULIB_TEST_SYMLINKAT 1
| | #define HAVE_RAW_DECL_FCHMODAT 1
| | #define HAVE_RAW_DECL_FSTAT 1
| | #define HAVE_RAW_DECL_FSTATAT 1
| | #define HAVE_RAW_DECL_FUTIMENS 1
| | #define HAVE_RAW_DECL_LCHMOD 1
| | #define HAVE_RAW_DECL_LSTAT 1
| | #define HAVE_RAW_DECL_MKDIRAT 1
| | #define HAVE_RAW_DECL_MKFIFO 1
| | #define HAVE_RAW_DECL_MKFIFOAT 1
| | #define HAVE_RAW_DECL_MKNOD 1
| | #define HAVE_RAW_DECL_MKNODAT 1
| | #define HAVE_RAW_DECL_STAT 1
| | #define HAVE_RAW_DECL_UTIMENSAT 1
| | #define HAVE_DECL_LOCALTIME_R 1
| | #define GNULIB_TEST_TIME_R 1
| | #define HAVE_TTYNAME_R 1
| | #define HAVE_POSIXDECL_TTYNAME_R 1
| | #define GNULIB_TEST_TTYNAME_R 1
| | #define HAVE_RAW_DECL_CHDIR 1
| | #define HAVE_RAW_DECL_CHOWN 1
| | #define HAVE_RAW_DECL_DUP 1
| | #define HAVE_RAW_DECL_DUP2 1
| | #define HAVE_RAW_DECL_DUP3 1
| | #define HAVE_RAW_DECL_ENVIRON 1
| | #define HAVE_RAW_DECL_EUIDACCESS 1
| | #define HAVE_RAW_DECL_FACCESSAT 1
| | #define HAVE_RAW_DECL_FCHDIR 1
| | #define HAVE_RAW_DECL_FCHOWNAT 1
| | #define HAVE_RAW_DECL_FDATASYNC 1
| | #define HAVE_RAW_DECL_FSYNC 1
| | #define HAVE_RAW_DECL_FTRUNCATE 1
| | #define HAVE_RAW_DECL_GETCWD 1
| | #define HAVE_RAW_DECL_GETDOMAINNAME 1
| | #define HAVE_RAW_DECL_GETDTABLESIZE 1
| | #define HAVE_RAW_DECL_GETGROUPS 1
| | #define HAVE_RAW_DECL_GETHOSTNAME 1
| | #define HAVE_RAW_DECL_GETLOGIN 1
| | #define HAVE_RAW_DECL_GETLOGIN_R 1
| | #define HAVE_RAW_DECL_GETPAGESIZE 1
| | #define HAVE_RAW_DECL_GETUSERSHELL 1
| | #define HAVE_RAW_DECL_SETUSERSHELL 1
| | #define HAVE_RAW_DECL_ENDUSERSHELL 1
| | #define HAVE_RAW_DECL_GROUP_MEMBER 1
| | #define HAVE_RAW_DECL_ISATTY 1
| | #define HAVE_RAW_DECL_LCHOWN 1
| | #define HAVE_RAW_DECL_LINK 1
| | #define HAVE_RAW_DECL_LINKAT 1
| | #define HAVE_RAW_DECL_LSEEK 1
| | #define HAVE_RAW_DECL_PIPE 1
| | #define HAVE_RAW_DECL_PIPE2 1
| | #define HAVE_RAW_DECL_PREAD 1
| | #define HAVE_RAW_DECL_PWRITE 1
| | #define HAVE_RAW_DECL_READLINK 1
| | #define HAVE_RAW_DECL_READLINKAT 1
| | #define HAVE_RAW_DECL_RMDIR 1
| | #define HAVE_RAW_DECL_SETHOSTNAME 1
| | #define HAVE_RAW_DECL_SLEEP 1
| | #define HAVE_RAW_DECL_SYMLINK 1
| | #define HAVE_RAW_DECL_SYMLINKAT 1
| | #define HAVE_RAW_DECL_TTYNAME_R 1
| | #define HAVE_RAW_DECL_UNLINK 1
| | #define HAVE_RAW_DECL_UNLINKAT 1
| | #define HAVE_RAW_DECL_USLEEP 1
| | #define GNULIB_TEST_UNLINK 1
| | #define GNULIB_TEST_UNLINKAT 1
| | #define UNLINK_CANNOT_UNLINK_DIR 1
| | #define USE_UNLOCKED_IO 1
| | #define HAVE_UNLOCKPT 1
| | #define GNULIB_TEST_UNLOCKPT 1
| | #define HAVE_UNSETENV 1
| | #define GNULIB_TEST_UNSETENV 1
| | /* end confdefs.h.  */
| | 
| | #ifdef __linux__
| | /* The Linux kernel added utimensat in 2.6.22, but has bugs with UTIME_OMIT
| |    in several file systems as recently as 2.6.32.  Always replace utimensat
| |    to support older kernels.  */
| | choke me
| | #endif
| | 
| | int
| | main ()
| | {
| | 
| |   ;
| |   return 0;
| | }
| configure:32298: result: needs runtime check
| configure:32393: checking for ptrdiff_t
| configure:32393: gcc -std=gnu99 -c -g -O2  conftest.c >&5
| configure:32393: $? = 0
| configure:32393: gcc -std=gnu99 -c -g -O2  conftest.c >&5
| conftest.c: In function 'main':
| conftest.c:629:24: error: expected expression before ')' token
| configure:32393: $? = 1
| configure: failed program was:
| | /* confdefs.h */
| | #define PACKAGE_NAME "GNU tar"
| | #define PACKAGE_TARNAME "tar"
| | #define PACKAGE_VERSION "1.28"
| | #define PACKAGE_STRING "GNU tar 1.28"
| | #define PACKAGE_BUGREPORT "bug-tar@gnu.org"
| | #define PACKAGE_URL "http://www.gnu.org/software/tar/"
| | #define PACKAGE "tar"
| | #define VERSION "1.28"
| | #define STDC_HEADERS 1
| | #define HAVE_SYS_TYPES_H 1
| | #define HAVE_SYS_STAT_H 1
| | #define HAVE_STDLIB_H 1
| | #define HAVE_STRING_H 1
| | #define HAVE_MEMORY_H 1
| | #define HAVE_STRINGS_H 1
| | #define HAVE_INTTYPES_H 1
| | #define HAVE_STDINT_H 1
| | #define HAVE_UNISTD_H 1
| | #define __EXTENSIONS__ 1
| | #define _ALL_SOURCE 1
| | #define _DARWIN_C_SOURCE 1
| | #define _GNU_SOURCE 1
| | #define _POSIX_PTHREAD_SEMANTICS 1
| | #define _TANDEM_SOURCE 1
| | #define HAVE_FSEEKO 1
| | #define _DARWIN_USE_64_BIT_INODE 1
| | #define _DARWIN_USE_64_BIT_INODE 1
| | #define HAVE_FCNTL_H 1
| | #define HAVE_LINUX_FD_H 1
| | #define HAVE_MEMORY_H 1
| | #define HAVE_SGTTY_H 1
| | #define HAVE_STRING_H 1
| | #define HAVE_SYS_PARAM_H 1
| | #define HAVE_SYS_MTIO_H 1
| | #define HAVE_SYS_TIME_H 1
| | #define HAVE_UNISTD_H 1
| | #define HAVE_LOCALE_H 1
| | #define HAVE_FEATURES_H 1
| | #define HAVE_SYS_SOCKET_H 1
| | #define HAVE_DIRENT_H 1
| | #define HAVE_WCTYPE_H 1
| | #define HAVE_STDIO_EXT_H 1
| | #define HAVE_SYS_STAT_H 1
| | #define HAVE_GETOPT_H 1
| | #define HAVE_WCHAR_H 1
| | #define HAVE_STDINT_H 1
| | #define HAVE_INTTYPES_H 1
| | #define HAVE_LANGINFO_H 1
| | #define HAVE_XLOCALE_H 1
| | #define HAVE_SYS_MMAN_H 1
| | #define HAVE_MALLOC_H 1
| | #define HAVE_STRINGS_H 1
| | #define HAVE_SYSEXITS_H 1
| | #define HAVE_UTIME_H 1
| | #define HAVE_NETDB_H 1
| | #define HAVE_SYS_WAIT_H 1
| | #define HAVE_PWD_H 1
| | #define HAVE_GRP_H 1
| | #define major_t int
| | #define minor_t int
| | #define HAVE_ALLOCA_H 1
| | #define HAVE_ALLOCA 1
| | #define restrict __restrict
| | #define HAVE_DECL_CLEARERR_UNLOCKED 1
| | #define HAVE_DECL_FEOF_UNLOCKED 1
| | #define HAVE_DECL_FERROR_UNLOCKED 1
| | #define HAVE_DECL_FFLUSH_UNLOCKED 1
| | #define HAVE_DECL_FGETS_UNLOCKED 1
| | #define HAVE_DECL_FPUTC_UNLOCKED 1
| | #define HAVE_DECL_FPUTS_UNLOCKED 1
| | #define HAVE_DECL_FREAD_UNLOCKED 1
| | #define HAVE_DECL_FWRITE_UNLOCKED 1
| | #define HAVE_DECL_GETC_UNLOCKED 1
| | #define HAVE_DECL_GETCHAR_UNLOCKED 1
| | #define HAVE_DECL_PUTC_UNLOCKED 1
| | #define HAVE_DECL_PUTCHAR_UNLOCKED 1
| | #define HAVE_FLOCKFILE 1
| | #define HAVE_FUNLOCKFILE 1
| | #define HAVE_PATHCONF 1
| | #define HAVE_BTOWC 1
| | #define HAVE_CANONICALIZE_FILE_NAME 1
| | #define HAVE_GETCWD 1
| | #define HAVE_READLINK 1
| | #define HAVE_REALPATH 1
| | #define HAVE_READLINKAT 1
| | #define HAVE_CHOWN 1
| | #define HAVE_FCHOWN 1
| | #define HAVE_FCHDIR 1
| | #define HAVE_FDOPENDIR 1
| | #define HAVE_FACCESSAT 1
| | #define HAVE_FCHMODAT 1
| | #define HAVE_FCNTL 1
| | #define HAVE_SYMLINK 1
| | #define HAVE_MEMPCPY 1
| | #define HAVE_ISBLANK 1
| | #define HAVE_ISWCTYPE 1
| | #define HAVE_MBSRTOWCS 1
| | #define HAVE_WMEMCHR 1
| | #define HAVE_WMEMCPY 1
| | #define HAVE_WMEMPCPY 1
| | #define HAVE_FSTATAT 1
| | #define HAVE_FUTIMENS 1
| | #define HAVE_GETDELIM 1
| | #define HAVE_GETDTABLESIZE 1
| | #define HAVE_GETTIMEOFDAY 1
| | #define HAVE_ISWCNTRL 1
| | #define HAVE_ISWBLANK 1
| | #define HAVE_LINK 1
| | #define HAVE_OPENAT 1
| | #define HAVE_LINKAT 1
| | #define HAVE_LSTAT 1
| | #define HAVE_MBSINIT 1
| | #define HAVE_MBRTOWC 1
| | #define HAVE_MPROTECT 1
| | #define HAVE_MKDIRAT 1
| | #define HAVE_MKFIFO 1
| | #define HAVE_MKFIFOAT 1
| | #define HAVE_MKNODAT 1
| | #define HAVE_MKNOD 1
| | #define HAVE_NL_LANGINFO 1
| | #define HAVE_POSIX_OPENPT 1
| | #define HAVE_PTSNAME_R 1
| | #define HAVE_FCHMOD 1
| | #define HAVE_RENAMEAT 1
| | #define HAVE_SECURE_GETENV 1
| | #define HAVE_SETENV 1
| | #define HAVE_SLEEP 1
| | #define HAVE_SNPRINTF 1
| | #define HAVE_STRDUP 1
| | #define HAVE_TZSET 1
| | #define HAVE_STRNDUP 1
| | #define HAVE_STRTOIMAX 1
| | #define HAVE_STRTOUMAX 1
| | #define HAVE_SYMLINKAT 1
| | #define HAVE_LOCALTIME_R 1
| | #define HAVE_PIPE 1
| | #define HAVE_UNLINKAT 1
| | #define HAVE_FUTIMES 1
| | #define HAVE_FUTIMESAT 1
| | #define HAVE_UTIMENSAT 1
| | #define HAVE_LUTIMES 1
| | #define HAVE_WCRTOMB 1
| | #define HAVE_WCWIDTH 1
| | #define HAVE_SETLOCALE 1
| | #define HAVE_FSYNC 1
| | #define HAVE_GRANTPT 1
| | #define D_INO_IN_DIRENT 1
| | #define HAVE_LONG_FILE_NAMES 1
| | #define HAVE_LANGINFO_CODESET 1
| | #define FUNC_REALPATH_WORKS 1
| | #define HAVE_UNISTD_H 1
| | #define HAVE_CHOWN 1
| | #define HAVE_ENVIRON_DECL 1
| | #define HAVE_DECL_STRERROR_R 1
| | #define HAVE_STRERROR_R 1
| | #define STRERROR_R_CHAR_P 1
| | #define GETGROUPS_T gid_t
| | #define HAVE_DECL_FCHDIR 1
| | #define HAVE_WORKING_O_NOATIME 1
| | #define HAVE_WORKING_O_NOFOLLOW 1
| | #define HAVE_MBSTATE_T 1
| | #define HAVE_DECL_FSEEKO 1
| | #define HAVE_RAW_DECL_FCHMODAT 1
| | #define HAVE_RAW_DECL_FSTAT 1
| | #define HAVE_RAW_DECL_FSTATAT 1
| | #define HAVE_RAW_DECL_FUTIMENS 1
| | #define HAVE_RAW_DECL_LCHMOD 1
| | #define HAVE_RAW_DECL_LSTAT 1
| | #define HAVE_RAW_DECL_MKDIRAT 1
| | #define HAVE_RAW_DECL_MKFIFO 1
| | #define HAVE_RAW_DECL_MKFIFOAT 1
| | #define HAVE_RAW_DECL_MKNOD 1
| | #define HAVE_RAW_DECL_MKNODAT 1
| | #define HAVE_RAW_DECL_STAT 1
| | #define HAVE_RAW_DECL_UTIMENSAT 1
| | #define LSTAT_FOLLOWS_SLASHED_SYMLINK 1
| | #define HAVE_DECL_GETCWD 1
| | #define HAVE_DECL_GETDELIM 1
| | #define HAVE_DECL_GETLINE 1
| | #define HAVE_GETOPT_H 1
| | #define HAVE_GETOPT_LONG_ONLY 1
| | #define __GETOPT_PREFIX rpl_
| | #define HAVE_DECL_GETENV 1
| | #define HAVE_RAW_DECL_GETTIMEOFDAY 1
| | #define HAVE_UNSIGNED_LONG_LONG_INT 1
| | #define HAVE_LONG_LONG_INT 1
| | #define HAVE_RAW_DECL_IMAXABS 1
| | #define HAVE_RAW_DECL_IMAXDIV 1
| | #define HAVE_RAW_DECL_STRTOIMAX 1
| | #define HAVE_RAW_DECL_STRTOUMAX 1
| | #define HAVE_INTTYPES_H 1
| | #define HAVE_WINT_T 1
| | #define HAVE_TOWLOWER 1
| | #define HAVE_RAW_DECL_WCTYPE 1
| | #define HAVE_RAW_DECL_ISWCTYPE 1
| | #define HAVE_RAW_DECL_WCTRANS 1
| | #define HAVE_RAW_DECL_TOWCTRANS 1
| | #define HAVE_WCHAR_T 1
| | #define HAVE_STDLIB_H 1
| | #define MALLOC_0_IS_NONNULL 1
| | #define HAVE_MAP_ANONYMOUS 1
| | #define HAVE_DECL_MEMRCHR 1
| | #define HAVE_DECL_ALARM 1
| | #define PROMOTED_MODE_T mode_t
| | #define HAVE__BOOL 1
| | #define HAVE_COMPOUND_LITERALS 1
| | #define HAVE_TM_GMTOFF 1
| | #define HAVE_DECL_SETENV 1
| | #define HAVE_SEARCH_H 1
| | #define HAVE_TSEARCH 1
| | #define HAVE_SIGSET_T 1
| | #define HAVE_DECL_SNPRINTF 1
| | #define HAVE_DECL_STRDUP 1
| | #define HAVE_RAW_DECL_FFSL 1
| | #define HAVE_RAW_DECL_FFSLL 1
| | #define HAVE_RAW_DECL_MEMMEM 1
| | #define HAVE_RAW_DECL_MEMPCPY 1
| | #define HAVE_RAW_DECL_MEMRCHR 1
| | #define HAVE_RAW_DECL_RAWMEMCHR 1
| | #define HAVE_RAW_DECL_STPCPY 1
| | #define HAVE_RAW_DECL_STPNCPY 1
| | #define HAVE_RAW_DECL_STRCHRNUL 1
| | #define HAVE_RAW_DECL_STRDUP 1
| | #define HAVE_RAW_DECL_STRNCAT 1
| | #define HAVE_RAW_DECL_STRNDUP 1
| | #define HAVE_RAW_DECL_STRNLEN 1
| | #define HAVE_RAW_DECL_STRPBRK 1
| | #define HAVE_RAW_DECL_STRSEP 1
| | #define HAVE_RAW_DECL_STRCASESTR 1
| | #define HAVE_RAW_DECL_STRTOK_R 1
| | #define HAVE_RAW_DECL_STRERROR_R 1
| | #define HAVE_RAW_DECL_STRSIGNAL 1
| | #define HAVE_RAW_DECL_STRVERSCMP 1
| | #define HAVE_RAW_DECL_FFS 1
| | #define HAVE_RAW_DECL_STRCASECMP 1
| | #define HAVE_RAW_DECL_STRNCASECMP 1
| | #define HAVE_DECL_STRNDUP 1
| | #define HAVE_DECL_STRNLEN 1
| | #define HAVE_DECL_STRTOIMAX 1
| | #define HAVE_DECL_STRTOUMAX 1
| | #define HAVE_DECL_TTYNAME_R 1
| | #define HAVE_DECL_UNSETENV 1
| | #define HAVE_WORKING_UTIMES 1
| | #define HAVE_STRUCT_UTIMBUF 1
| | #define HAVE_INTTYPES_H_WITH_UINTMAX 1
| | #define HAVE_STDINT_H_WITH_UINTMAX 1
| | #define HAVE_INTMAX_T 1
| | #define DBL_EXPBIT0_WORD 1
| | #define DBL_EXPBIT0_BIT 20
| | #define HAVE_SNPRINTF 1
| | #define HAVE_STRNLEN 1
| | #define HAVE_WCSLEN 1
| | #define HAVE_WCSNLEN 1
| | #define HAVE_MBRTOWC 1
| | #define HAVE_WCRTOMB 1
| | #define HAVE_DECL__SNPRINTF 0
| | #define HAVE_SNPRINTF_RETVAL_C99 1
| | #define HAVE_DECL_VSNPRINTF 1
| | #define HAVE_ALLOCA 1
| | #define GNULIB_AREADLINKAT 1
| | #define HAVE_DECL_PROGRAM_INVOCATION_NAME 1
| | #define HAVE_DECL_PROGRAM_INVOCATION_SHORT_NAME 1
| | #define HAVE_PROGRAM_INVOCATION_NAME 1
| | #define HAVE_PROGRAM_INVOCATION_SHORT_NAME 1
| | #define GNULIB_TEST_BTOWC 1
| | #define GNULIB_CANONICALIZE_LGPL 1
| | #define GNULIB_TEST_CANONICALIZE_FILE_NAME 1
| | #define GNULIB_TEST_REALPATH 1
| | #define GNULIB_TEST_CHDIR 1
| | #define GNULIB_TEST_CHOWN 1
| | #define HAVE_CLOCK_GETTIME 1
| | #define HAVE_CLOCK_SETTIME 1
| | #define GNULIB_TEST_CLOEXEC 1
| | #define GNULIB_TEST_CLOSE 1
| | #define GNULIB_CLOSE_STREAM 1
| | #define HAVE_CLOSEDIR 1
| | #define GNULIB_TEST_CLOSEDIR 1
| | #define D_INO_IN_DIRENT 1
| | #define HAVE_RAW_DECL_ALPHASORT 1
| | #define HAVE_RAW_DECL_CLOSEDIR 1
| | #define HAVE_RAW_DECL_DIRFD 1
| | #define HAVE_RAW_DECL_FDOPENDIR 1
| | #define HAVE_RAW_DECL_OPENDIR 1
| | #define HAVE_RAW_DECL_READDIR 1
| | #define HAVE_RAW_DECL_REWINDDIR 1
| | #define HAVE_RAW_DECL_SCANDIR 1
| | #define GNULIB_DIRENT_SAFER 1
| | #define HAVE_DIRFD 1
| | #define HAVE_DECL_DIRFD 1
| | #define GNULIB_TEST_DIRFD 1
| | #define GNULIB_DIRNAME 1
| | #define GNULIB_TEST_DUP 1
| | #define HAVE_DUP2 1
| | #define GNULIB_TEST_DUP2 1
| | #define GNULIB_TEST_ENVIRON 1
| | #define HAVE_EUIDACCESS 1
| | #define GNULIB_TEST_EUIDACCESS 1
| | #define GNULIB_FACCESSAT 1
| | #define GNULIB_TEST_FACCESSAT 1
| | #define GNULIB_TEST_FCHDIR 1
| | #define GNULIB_FCHMODAT 1
| | #define GNULIB_TEST_FCHMODAT 1
| | #define GNULIB_FCHOWNAT 1
| | #define GNULIB_TEST_FCHOWNAT 1
| | #define GNULIB_TEST_FCNTL 1
| | #define HAVE_RAW_DECL_FCNTL 1
| | #define HAVE_RAW_DECL_OPENAT 1
| | #define HAVE_DECL_FDOPENDIR 1
| | #define GNULIB_TEST_FDOPENDIR 1
| | #define GNULIB_FDOPENDIR 1
| | #define GNULIB_FDUTIMENSAT 1
| | #define HAVE_STRUCT_STAT_ST_BLOCKS 1
| | #define HAVE_ST_BLOCKS 1
| | #define HAVE_DECL___FPENDING 1
| | #define GNULIB_TEST_FSEEK 1
| | #define GNULIB_TEST_FSEEKO 1
| | #define GNULIB_TEST_FSTAT 1
| | #define GNULIB_TEST_FSTATAT 1
| | #define GNULIB_TEST_FUTIMENS 1
| | #define HAVE_GETPAGESIZE 1
| | #define HAVE_MINIMALLY_WORKING_GETCWD 1
| | #define GNULIB_GETCWD 1
| | #define GNULIB_TEST_GETCWD 1
| | #define GNULIB_TEST_GETCWD 1
| | #define GNULIB_TEST_GETDELIM 1
| | #define GNULIB_TEST_GETDTABLESIZE 1
| | #define HAVE_GETGROUPS 1
| | #define GNULIB_TEST_GETGROUPS 1
| | #define GNULIB_TEST_GETLINE 1
| | #define GNULIB_TEST_GETOPT_GNU 1
| | #define __GETOPT_PREFIX rpl_
| | #define HAVE_GETPAGESIZE 1
| | #define GNULIB_TEST_GETPAGESIZE 1
| | #define GETTIMEOFDAY_TIMEZONE struct timezone
| | #define GNULIB_TEST_GETTIMEOFDAY 1
| | #define GNULIB_TEST_GROUP_MEMBER 1
| | #define GNULIB_TEST_ISATTY 1
| | #define HAVE_DECL_ISWBLANK 1
| | #define GNULIB_TEST_ISWBLANK 1
| | #define HAVE_RAW_DECL_NL_LANGINFO 1
| | #define HAVE_LCHOWN 1
| | #define GNULIB_TEST_LCHOWN 1
| | #define GNULIB_TEST_LINK 1
| | #define LINK_FOLLOWS_SYMLINKS 0
| | #define LINKAT_TRAILING_SLASH_BUG 0
| | #define GNULIB_TEST_LINKAT 1
| | #define HAVE_RAW_DECL_SETLOCALE 1
| | #define HAVE_RAW_DECL_DUPLOCALE 1
| | #define GNULIB_TEST_LOCALECONV 1
| | #define GNULIB_TEST_LSEEK 1
| | #define GNULIB_TEST_LSTAT 1
| | #define HAVE_STDLIB_H 1
| | #define HAVE_MALLOC_GNU 1
| | #define GNULIB_MALLOC_GNU 1
| | #define HAVE_MALLOC_POSIX 1
| | #define GNULIB_TEST_MALLOC_POSIX 1
| | #define GNULIB_TEST_MBRTOWC 1
| | #define GNULIB_TEST_MBSCASECMP 1
| | #define GNULIB_TEST_MBSINIT 1
| | #define GNULIB_TEST_MBSRTOWCS 1
| | #define GNULIB_TEST_MBTOWC 1
| | #define GNULIB_TEST_MEMCHR 1
| | #define HAVE_MEMPCPY 1
| | #define GNULIB_TEST_MEMPCPY 1
| | #define HAVE_MEMRCHR 1
| | #define GNULIB_TEST_MEMRCHR 1
| | #define GNULIB_TEST_MKDIRAT 1
| | #define HAVE_MKDTEMP 1
| | #define GNULIB_TEST_MKDTEMP 1
| | #define GNULIB_TEST_MKFIFO 1
| | #define GNULIB_TEST_MKFIFOAT 1
| | #define GNULIB_TEST_MKNODAT 1
| | #define MKNOD_FIFO_BUG 1
| | #define GNULIB_TEST_MKNOD 1
| | #define GNULIB_TEST_MKTIME 1
| | #define FUNC_NL_LANGINFO_YESEXPR_WORKS 1
| | #define GNULIB_TEST_NL_LANGINFO 1
| | #define HAVE_OBSTACK 1
| | #define GNULIB_TEST_OPEN 1
| | #define GNULIB_OPENAT 1
| | #define GNULIB_TEST_OPENAT 1
| | #define HAVE_OPENDIR 1
| | #define GNULIB_TEST_OPENDIR 1
| | #define HAVE_STRUCT_TM_TM_ZONE 1
| | #define HAVE_TM_ZONE 1
| | #define TIME_T_FITS_IN_LONG_INT 1
| | #define GNULIB_TEST_POSIX_OPENPT 1
| | #define HAVE_DECL_PROGRAM_INVOCATION_NAME 1
| | #define HAVE_DECL_PROGRAM_INVOCATION_SHORT_NAME 1
| | #define HAVE_PTSNAME 1
| | #define GNULIB_TEST_PTSNAME 1
| | #define GNULIB_TEST_PTSNAME_R 1
| | #define USE_ACL 0
| | #define HAVE_RAISE 1
| | #define GNULIB_TEST_RAISE 1
| | #define HAVE_RAWMEMCHR 1
| | #define GNULIB_TEST_RAWMEMCHR 1
| | #define GNULIB_TEST_READ 1
| | #define HAVE_READDIR 1
| | #define GNULIB_TEST_READDIR 1
| | #define GNULIB_TEST_READLINK 1
| | #define GNULIB_TEST_READLINKAT 1
| | #define HAVE_REALLOC_POSIX 1
| | #define GNULIB_TEST_REALLOC_POSIX 1
| | #define _REGEX_INCLUDE_LIMITS_H 1
| | #define _REGEX_LARGE_OFFSETS 1
| | #define re_syntax_options rpl_re_syntax_options
| | #define re_set_syntax rpl_re_set_syntax
| | #define re_compile_pattern rpl_re_compile_pattern
| | #define re_compile_fastmap rpl_re_compile_fastmap
| | #define re_search rpl_re_search
| | #define re_search_2 rpl_re_search_2
| | #define re_match rpl_re_match
| | #define re_match_2 rpl_re_match_2
| | #define re_set_registers rpl_re_set_registers
| | #define re_comp rpl_re_comp
| | #define re_exec rpl_re_exec
| | #define regcomp rpl_regcomp
| | #define regexec rpl_regexec
| | #define regerror rpl_regerror
| | #define regfree rpl_regfree
| | #define HAVE_LIBINTL_H 1
| | #define HAVE_DECL_ISBLANK 1
| | #define GNULIB_TEST_RENAME 1
| | #define GNULIB_TEST_RENAMEAT 1
| | #define HAVE_REWINDDIR 1
| | #define GNULIB_TEST_REWINDDIR 1
| | #define GNULIB_TEST_RMDIR 1
| | #define HAVE_RPMATCH 1
| | #define GNULIB_TEST_RPMATCH 1
| | #define GNULIB_TEST_SECURE_GETENV 1
| | #define HAVE_SELINUX_SELINUX_H 0
| | #define GNULIB_TEST_SETENV 1
| | #define HAVE_RAW_DECL_PTHREAD_SIGMASK 1
| | #define HAVE_RAW_DECL_SIGACTION 1
| | #define HAVE_RAW_DECL_SIGADDSET 1
| | #define HAVE_RAW_DECL_SIGDELSET 1
| | #define HAVE_RAW_DECL_SIGEMPTYSET 1
| | #define HAVE_RAW_DECL_SIGFILLSET 1
| | #define HAVE_RAW_DECL_SIGISMEMBER 1
| | #define HAVE_RAW_DECL_SIGPENDING 1
| | #define HAVE_RAW_DECL_SIGPROCMASK 1
| | #define HAVE_STDINT_H 1
| | #define HAVE_DECL_SLEEP 1
| | #define GNULIB_TEST_SLEEP 1
| | #define HAVE_SNPRINTF 1
| | #define GNULIB_TEST_SNPRINTF 1
| | #define GNULIB_SNPRINTF 1
| | #define GNULIB_TEST_STAT 1
| | #define HAVE_STRUCT_STAT_ST_ATIM_TV_NSEC 1
| | #define TYPEOF_STRUCT_STAT_ST_ATIM_IS_STRUCT_TIMESPEC 1
| | #define GNULIB_STATAT 1
| | #define GNULIB_FSCANF 1
| | #define GNULIB_SCANF 1
| | #define HAVE_RAW_DECL_DPRINTF 1
| | #define HAVE_RAW_DECL_FSEEKO 1
| | #define HAVE_RAW_DECL_FTELLO 1
| | #define HAVE_RAW_DECL_GETDELIM 1
| | #define HAVE_RAW_DECL_GETLINE 1
| | #define HAVE_RAW_DECL_PCLOSE 1
| | #define HAVE_RAW_DECL_POPEN 1
| | #define HAVE_RAW_DECL_RENAMEAT 1
| | #define HAVE_RAW_DECL_SNPRINTF 1
| | #define HAVE_RAW_DECL_TMPFILE 1
| | #define HAVE_RAW_DECL_VDPRINTF 1
| | #define HAVE_RAW_DECL_VSNPRINTF 1
| | #define HAVE_RAW_DECL__EXIT 1
| | #define HAVE_RAW_DECL_ATOLL 1
| | #define HAVE_RAW_DECL_CANONICALIZE_FILE_NAME 1
| | #define HAVE_RAW_DECL_GETLOADAVG 1
| | #define HAVE_RAW_DECL_GETSUBOPT 1
| | #define HAVE_RAW_DECL_GRANTPT 1
| | #define HAVE_RAW_DECL_INITSTATE 1
| | #define HAVE_RAW_DECL_INITSTATE_R 1
| | #define HAVE_RAW_DECL_MKDTEMP 1
| | #define HAVE_RAW_DECL_MKOSTEMP 1
| | #define HAVE_RAW_DECL_MKOSTEMPS 1
| | #define HAVE_RAW_DECL_MKSTEMP 1
| | #define HAVE_RAW_DECL_MKSTEMPS 1
| | #define HAVE_RAW_DECL_POSIX_OPENPT 1
| | #define HAVE_RAW_DECL_PTSNAME 1
| | #define HAVE_RAW_DECL_PTSNAME_R 1
| | #define HAVE_RAW_DECL_RANDOM 1
| | #define HAVE_RAW_DECL_RANDOM_R 1
| | #define HAVE_RAW_DECL_REALPATH 1
| | #define HAVE_RAW_DECL_RPMATCH 1
| | #define HAVE_RAW_DECL_SECURE_GETENV 1
| | #define HAVE_RAW_DECL_SETENV 1
| | #define HAVE_RAW_DECL_SETSTATE 1
| | #define HAVE_RAW_DECL_SETSTATE_R 1
| | #define HAVE_RAW_DECL_SRANDOM 1
| | #define HAVE_RAW_DECL_SRANDOM_R 1
| | #define HAVE_RAW_DECL_STRTOD 1
| | #define HAVE_RAW_DECL_STRTOLL 1
| | #define HAVE_RAW_DECL_STRTOULL 1
| | #define HAVE_RAW_DECL_UNLOCKPT 1
| | #define HAVE_RAW_DECL_UNSETENV 1
| | #define HAVE_STPCPY 1
| | #define GNULIB_TEST_STPCPY 1
| | #define HAVE_STRCASECMP 1
| | #define HAVE_STRNCASECMP 1
| | #define HAVE_DECL_STRNCASECMP 1
| | #define HAVE_STRCHRNUL 1
| | #define GNULIB_TEST_STRCHRNUL 1
| | #define GNULIB_TEST_STRDUP 1
| | #define GNULIB_STRERROR 1
| | #define GNULIB_TEST_STRERROR 1
| | #define my_strftime nstrftime
| | #define GNULIB_TEST_STRNDUP 1
| | #define GNULIB_TEST_STRNLEN 1
| | #define HAVE_STRTOL 1
| | #define HAVE_STRTOLL 1
| | #define GNULIB_TEST_STRTOLL 1
| | #define HAVE_STRTOUL 1
| | #define HAVE_STRTOULL 1
| | #define GNULIB_TEST_STRTOULL 1
| | #define GNULIB_TEST_SYMLINK 1
| | #define GNULIB_TEST_SYMLINKAT 1
| | #define HAVE_RAW_DECL_FCHMODAT 1
| | #define HAVE_RAW_DECL_FSTAT 1
| | #define HAVE_RAW_DECL_FSTATAT 1
| | #define HAVE_RAW_DECL_FUTIMENS 1
| | #define HAVE_RAW_DECL_LCHMOD 1
| | #define HAVE_RAW_DECL_LSTAT 1
| | #define HAVE_RAW_DECL_MKDIRAT 1
| | #define HAVE_RAW_DECL_MKFIFO 1
| | #define HAVE_RAW_DECL_MKFIFOAT 1
| | #define HAVE_RAW_DECL_MKNOD 1
| | #define HAVE_RAW_DECL_MKNODAT 1
| | #define HAVE_RAW_DECL_STAT 1
| | #define HAVE_RAW_DECL_UTIMENSAT 1
| | #define HAVE_DECL_LOCALTIME_R 1
| | #define GNULIB_TEST_TIME_R 1
| | #define HAVE_TTYNAME_R 1
| | #define HAVE_POSIXDECL_TTYNAME_R 1
| | #define GNULIB_TEST_TTYNAME_R 1
| | #define HAVE_RAW_DECL_CHDIR 1
| | #define HAVE_RAW_DECL_CHOWN 1
| | #define HAVE_RAW_DECL_DUP 1
| | #define HAVE_RAW_DECL_DUP2 1
| | #define HAVE_RAW_DECL_DUP3 1
| | #define HAVE_RAW_DECL_ENVIRON 1
| | #define HAVE_RAW_DECL_EUIDACCESS 1
| | #define HAVE_RAW_DECL_FACCESSAT 1
| | #define HAVE_RAW_DECL_FCHDIR 1
| | #define HAVE_RAW_DECL_FCHOWNAT 1
| | #define HAVE_RAW_DECL_FDATASYNC 1
| | #define HAVE_RAW_DECL_FSYNC 1
| | #define HAVE_RAW_DECL_FTRUNCATE 1
| | #define HAVE_RAW_DECL_GETCWD 1
| | #define HAVE_RAW_DECL_GETDOMAINNAME 1
| | #define HAVE_RAW_DECL_GETDTABLESIZE 1
| | #define HAVE_RAW_DECL_GETGROUPS 1
| | #define HAVE_RAW_DECL_GETHOSTNAME 1
| | #define HAVE_RAW_DECL_GETLOGIN 1
| | #define HAVE_RAW_DECL_GETLOGIN_R 1
| | #define HAVE_RAW_DECL_GETPAGESIZE 1
| | #define HAVE_RAW_DECL_GETUSERSHELL 1
| | #define HAVE_RAW_DECL_SETUSERSHELL 1
| | #define HAVE_RAW_DECL_ENDUSERSHELL 1
| | #define HAVE_RAW_DECL_GROUP_MEMBER 1
| | #define HAVE_RAW_DECL_ISATTY 1
| | #define HAVE_RAW_DECL_LCHOWN 1
| | #define HAVE_RAW_DECL_LINK 1
| | #define HAVE_RAW_DECL_LINKAT 1
| | #define HAVE_RAW_DECL_LSEEK 1
| | #define HAVE_RAW_DECL_PIPE 1
| | #define HAVE_RAW_DECL_PIPE2 1
| | #define HAVE_RAW_DECL_PREAD 1
| | #define HAVE_RAW_DECL_PWRITE 1
| | #define HAVE_RAW_DECL_READLINK 1
| | #define HAVE_RAW_DECL_READLINKAT 1
| | #define HAVE_RAW_DECL_RMDIR 1
| | #define HAVE_RAW_DECL_SETHOSTNAME 1
| | #define HAVE_RAW_DECL_SLEEP 1
| | #define HAVE_RAW_DECL_SYMLINK 1
| | #define HAVE_RAW_DECL_SYMLINKAT 1
| | #define HAVE_RAW_DECL_TTYNAME_R 1
| | #define HAVE_RAW_DECL_UNLINK 1
| | #define HAVE_RAW_DECL_UNLINKAT 1
| | #define HAVE_RAW_DECL_USLEEP 1
| | #define GNULIB_TEST_UNLINK 1
| | #define GNULIB_TEST_UNLINKAT 1
| | #define UNLINK_CANNOT_UNLINK_DIR 1
| | #define USE_UNLOCKED_IO 1
| | #define HAVE_UNLOCKPT 1
| | #define GNULIB_TEST_UNLOCKPT 1
| | #define HAVE_UNSETENV 1
| | #define GNULIB_TEST_UNSETENV 1
| | #define GNULIB_TEST_UTIMENSAT 1
| | /* end confdefs.h.  */
| | #include <stdio.h>
| | #ifdef HAVE_SYS_TYPES_H
| | # include <sys/types.h>
| | #endif
| | #ifdef HAVE_SYS_STAT_H
| | # include <sys/stat.h>
| | #endif
| | #ifdef STDC_HEADERS
| | # include <stdlib.h>
| | # include <stddef.h>
| | #else
| | # ifdef HAVE_STDLIB_H
| | #  include <stdlib.h>
| | # endif
| | #endif
| | #ifdef HAVE_STRING_H
| | # if !defined STDC_HEADERS && defined HAVE_MEMORY_H
| | #  include <memory.h>
| | # endif
| | # include <string.h>
| | #endif
| | #ifdef HAVE_STRINGS_H
| | # include <strings.h>
| | #endif
| | #ifdef HAVE_INTTYPES_H
| | # include <inttypes.h>
| | #endif
| | #ifdef HAVE_STDINT_H
| | # include <stdint.h>
| | #endif
| | #ifdef HAVE_UNISTD_H
| | # include <unistd.h>
| | #endif
| | int
| | main ()
| | {
| | if (sizeof ((ptrdiff_t)))
| | 	    return 0;
| |   ;
| |   return 0;
| | }
| configure:32393: result: yes
| configure:32414: checking for vasprintf
| configure:32414: gcc -std=gnu99 -o conftest -g -O2   conftest.c  >&5
| configure:32414: $? = 0
| configure:32414: result: yes
| configure:32540: checking for vsnprintf
| configure:32540: gcc -std=gnu99 -o conftest -g -O2   conftest.c  >&5
| conftest.c:618:6: warning: conflicting types for built-in function 'vsnprintf' [enabled by default]
| configure:32540: $? = 0
| configure:32540: result: yes
| configure:32553: checking whether snprintf respects a size of 1
| configure:32598: result: yes
| configure:32608: checking whether printf supports POSIX/XSI format strings with positions
| configure:32651: result: yes
| configure:32804: checking whether btowc is declared without a macro
| configure:32832: gcc -std=gnu99 -c -g -O2  conftest.c >&5
| configure:32832: $? = 0
| configure:32840: result: yes
| configure:32804: checking whether wctob is declared without a macro
| configure:32832: gcc -std=gnu99 -c -g -O2  conftest.c >&5
| configure:32832: $? = 0
| configure:32840: result: yes
| configure:32804: checking whether mbsinit is declared without a macro
| configure:32832: gcc -std=gnu99 -c -g -O2  conftest.c >&5
| configure:32832: $? = 0
| configure:32840: result: yes
| configure:32804: checking whether mbrtowc is declared without a macro
| configure:32832: gcc -std=gnu99 -c -g -O2  conftest.c >&5
| configure:32832: $? = 0
| configure:32840: result: yes
| configure:32804: checking whether mbrlen is declared without a macro
| configure:32832: gcc -std=gnu99 -c -g -O2  conftest.c >&5
| configure:32832: $? = 0
| configure:32840: result: yes
| configure:32804: checking whether mbsrtowcs is declared without a macro
| configure:32832: gcc -std=gnu99 -c -g -O2  conftest.c >&5
| configure:32832: $? = 0
| configure:32840: result: yes
| configure:32804: checking whether mbsnrtowcs is declared without a macro
| configure:32832: gcc -std=gnu99 -c -g -O2  conftest.c >&5
| configure:32832: $? = 0
| configure:32840: result: yes
| configure:32804: checking whether wcrtomb is declared without a macro
| configure:32832: gcc -std=gnu99 -c -g -O2  conftest.c >&5
| configure:32832: $? = 0
| configure:32840: result: yes
| configure:32804: checking whether wcsrtombs is declared without a macro
| configure:32832: gcc -std=gnu99 -c -g -O2  conftest.c >&5
| configure:32832: $? = 0
| configure:32840: result: yes
| configure:32804: checking whether wcsnrtombs is declared without a macro
| configure:32832: gcc -std=gnu99 -c -g -O2  conftest.c >&5
| configure:32832: $? = 0
| configure:32840: result: yes
| configure:32804: checking whether wcwidth is declared without a macro
| configure:32832: gcc -std=gnu99 -c -g -O2  conftest.c >&5
| configure:32832: $? = 0
| configure:32840: result: yes
| configure:32804: checking whether wmemchr is declared without a macro
| configure:32832: gcc -std=gnu99 -c -g -O2  conftest.c >&5
| configure:32832: $? = 0
| configure:32840: result: yes
| configure:32804: checking whether wmemcmp is declared without a macro
| configure:32832: gcc -std=gnu99 -c -g -O2  conftest.c >&5
| configure:32832: $? = 0
| configure:32840: result: yes
| configure:32804: checking whether wmemcpy is declared without a macro
| configure:32832: gcc -std=gnu99 -c -g -O2  conftest.c >&5
| configure:32832: $? = 0
| configure:32840: result: yes
| configure:32804: checking whether wmemmove is declared without a macro
| configure:32832: gcc -std=gnu99 -c -g -O2  conftest.c >&5
| configure:32832: $? = 0
| configure:32840: result: yes
| configure:32804: checking whether wmemset is declared without a macro
| configure:32832: gcc -std=gnu99 -c -g -O2  conftest.c >&5
| configure:32832: $? = 0
| configure:32840: result: yes
| configure:32804: checking whether wcslen is declared without a macro
| configure:32832: gcc -std=gnu99 -c -g -O2  conftest.c >&5
| configure:32832: $? = 0
| configure:32840: result: yes
| configure:32804: checking whether wcsnlen is declared without a macro
| configure:32832: gcc -std=gnu99 -c -g -O2  conftest.c >&5
| configure:32832: $? = 0
| configure:32840: result: yes
| configure:32804: checking whether wcscpy is declared without a macro
| configure:32832: gcc -std=gnu99 -c -g -O2  conftest.c >&5
| configure:32832: $? = 0
| configure:32840: result: yes
| configure:32804: checking whether wcpcpy is declared without a macro
| configure:32832: gcc -std=gnu99 -c -g -O2  conftest.c >&5
| configure:32832: $? = 0
| configure:32840: result: yes
| configure:32804: checking whether wcsncpy is declared without a macro
| configure:32832: gcc -std=gnu99 -c -g -O2  conftest.c >&5
| configure:32832: $? = 0
| configure:32840: result: yes
| configure:32804: checking whether wcpncpy is declared without a macro
| configure:32832: gcc -std=gnu99 -c -g -O2  conftest.c >&5
| configure:32832: $? = 0
| configure:32840: result: yes
| configure:32804: checking whether wcscat is declared without a macro
| configure:32832: gcc -std=gnu99 -c -g -O2  conftest.c >&5
| configure:32832: $? = 0
| configure:32840: result: yes
| configure:32804: checking whether wcsncat is declared without a macro
| configure:32832: gcc -std=gnu99 -c -g -O2  conftest.c >&5
| configure:32832: $? = 0
| configure:32840: result: yes
| configure:32804: checking whether wcscmp is declared without a macro
| configure:32832: gcc -std=gnu99 -c -g -O2  conftest.c >&5
| configure:32832: $? = 0
| configure:32840: result: yes
| configure:32804: checking whether wcsncmp is declared without a macro
| configure:32832: gcc -std=gnu99 -c -g -O2  conftest.c >&5
| configure:32832: $? = 0
| configure:32840: result: yes
| configure:32804: checking whether wcscasecmp is declared without a macro
| configure:32832: gcc -std=gnu99 -c -g -O2  conftest.c >&5
| configure:32832: $? = 0
| configure:32840: result: yes
| configure:32804: checking whether wcsncasecmp is declared without a macro
| configure:32832: gcc -std=gnu99 -c -g -O2  conftest.c >&5
| configure:32832: $? = 0
| configure:32840: result: yes
| configure:32804: checking whether wcscoll is declared without a macro
| configure:32832: gcc -std=gnu99 -c -g -O2  conftest.c >&5
| configure:32832: $? = 0
| configure:32840: result: yes
| configure:32804: checking whether wcsxfrm is declared without a macro
| configure:32832: gcc -std=gnu99 -c -g -O2  conftest.c >&5
| configure:32832: $? = 0
| configure:32840: result: yes
| configure:32804: checking whether wcsdup is declared without a macro
| configure:32832: gcc -std=gnu99 -c -g -O2  conftest.c >&5
| configure:32832: $? = 0
| configure:32840: result: yes
| configure:32804: checking whether wcschr is declared without a macro
| configure:32832: gcc -std=gnu99 -c -g -O2  conftest.c >&5
| configure:32832: $? = 0
| configure:32840: result: yes
| configure:32804: checking whether wcsrchr is declared without a macro
| configure:32832: gcc -std=gnu99 -c -g -O2  conftest.c >&5
| configure:32832: $? = 0
| configure:32840: result: yes
| configure:32804: checking whether wcscspn is declared without a macro
| configure:32832: gcc -std=gnu99 -c -g -O2  conftest.c >&5
| configure:32832: $? = 0
| configure:32840: result: yes
| configure:32804: checking whether wcsspn is declared without a macro
| configure:32832: gcc -std=gnu99 -c -g -O2  conftest.c >&5
| configure:32832: $? = 0
| configure:32840: result: yes
| configure:32804: checking whether wcspbrk is declared without a macro
| configure:32832: gcc -std=gnu99 -c -g -O2  conftest.c >&5
| configure:32832: $? = 0
| configure:32840: result: yes
| configure:32804: checking whether wcsstr is declared without a macro
| configure:32832: gcc -std=gnu99 -c -g -O2  conftest.c >&5
| configure:32832: $? = 0
| configure:32840: result: yes
| configure:32804: checking whether wcstok is declared without a macro
| configure:32832: gcc -std=gnu99 -c -g -O2  conftest.c >&5
| configure:32832: $? = 0
| configure:32840: result: yes
| configure:32804: checking whether wcswidth is declared without a macro
| configure:32832: gcc -std=gnu99 -c -g -O2  conftest.c >&5
| configure:32832: $? = 0
| configure:32840: result: yes
| configure:32866: checking whether mbrtowc handles incomplete characters
| configure:32923: result: guessing yes
| configure:32929: checking whether mbrtowc works as well as mbtowc
| configure:32990: result: guessing yes
| configure:33043: checking whether wcrtomb return value is correct
| configure:33110: result: guessing yes
| configure:33249: checking whether iswcntrl works
| configure:33304: result: yes
| configure:33328: checking for towlower
| configure:33328: result: yes
| configure:33376: checking for wctype_t
| configure:33412: result: yes
| configure:33418: checking for wctrans_t
| configure:33452: result: yes
| configure:33461: checking whether wctype is declared without a macro
| configure:33498: result: yes
| configure:33461: checking whether iswctype is declared without a macro
| configure:33498: result: yes
| configure:33461: checking whether wctrans is declared without a macro
| configure:33498: result: yes
| configure:33461: checking whether towctrans is declared without a macro
| configure:33498: result: yes
| configure:33521: checking whether wcwidth is declared
| configure:33521: result: yes
| configure:33550: checking whether wcwidth works reasonably in UTF-8 locales
| configure:33601: gcc -std=gnu99 -o conftest -g -O2   conftest.c  >&5
| configure:33601: $? = 0
| configure:33601: ./conftest
| configure:33601: $? = 0
| configure:33612: result: yes
| configure:33694: checking for stdint.h
| configure:33694: result: yes
| configure:33766: checking whether time.h and sys/time.h may both be included
| configure:33786: gcc -std=gnu99 -c -g -O2  conftest.c >&5
| configure:33786: $? = 0
| configure:33793: result: yes
| configure:33801: checking for struct stat.st_blksize
| configure:33801: gcc -std=gnu99 -c -g -O2  conftest.c >&5
| configure:33801: $? = 0
| configure:33801: result: yes
| configure:33821: checking for library containing setsockopt
| configure:33852: gcc -std=gnu99 -o conftest -g -O2   conftest.c  >&5
| configure:33852: $? = 0
| configure:33869: result: none required
| configure:33934: checking for library containing setsockopt
| configure:33982: result: none required
| configure:34028: checking for sys/mtio.h
| configure:34028: result: yes
| configure:34038: checking which ioctl field to test for reversed bytes
| configure:34057: result: mt_type
| configure:34073: checking whether to build rmt
| configure:34086: result: yes
| configure:33999: checking for remote tape header files
| configure:34012: gcc -std=gnu99 -E  conftest.c
| configure:34012: $? = 0
| configure:34019: result: yes
| configure:34123: checking for sys/buf.h
| configure:34123: result: no
| configure:34139: checking for struct stat.st_blksize
| configure:34139: result: yes
| configure:34155: checking for library containing gethostbyname
| configure:34186: gcc -std=gnu99 -o conftest -g -O2   conftest.c  >&5
| configure:34186: $? = 0
| configure:34203: result: none required
| configure:34979: checking sys/xattr.h usability
| configure:34979: gcc -std=gnu99 -c -g -O2  conftest.c >&5
| configure:34979: $? = 0
| configure:34979: result: yes
| configure:34979: checking sys/xattr.h presence
| configure:34979: gcc -std=gnu99 -E  conftest.c
| configure:34979: $? = 0
| configure:34979: result: yes
| configure:34979: checking for sys/xattr.h
| configure:34979: result: yes
| configure:35011: checking for getxattr
| configure:35011: gcc -std=gnu99 -o conftest -g -O2   conftest.c  >&5
| configure:35011: $? = 0
| configure:35011: result: yes
| configure:35011: checking for fgetxattr
| configure:35011: gcc -std=gnu99 -o conftest -g -O2   conftest.c  >&5
| configure:35011: $? = 0
| configure:35011: result: yes
| configure:35011: checking for lgetxattr
| configure:35011: gcc -std=gnu99 -o conftest -g -O2   conftest.c  >&5
| configure:35011: $? = 0
| configure:35011: result: yes
| configure:35011: checking for setxattr
| configure:35011: gcc -std=gnu99 -o conftest -g -O2   conftest.c  >&5
| configure:35011: $? = 0
| configure:35011: result: yes
| configure:35011: checking for fsetxattr
| configure:35011: gcc -std=gnu99 -o conftest -g -O2   conftest.c  >&5
| configure:35011: $? = 0
| configure:35011: result: yes
| configure:35011: checking for lsetxattr
| configure:35011: gcc -std=gnu99 -o conftest -g -O2   conftest.c  >&5
| configure:35011: $? = 0
| configure:35011: result: yes
| configure:35011: checking for listxattr
| configure:35011: gcc -std=gnu99 -o conftest -g -O2   conftest.c  >&5
| configure:35011: $? = 0
| configure:35011: result: yes
| configure:35011: checking for flistxattr
| configure:35011: gcc -std=gnu99 -o conftest -g -O2   conftest.c  >&5
| configure:35011: $? = 0
| configure:35011: result: yes
| configure:35011: checking for llistxattr
| configure:35011: gcc -std=gnu99 -o conftest -g -O2   conftest.c  >&5
| configure:35011: $? = 0
| configure:35011: result: yes
| configure:35148: checking whether getgrgid is declared
| configure:35148: gcc -std=gnu99 -c -g -O2  conftest.c >&5
| configure:35148: $? = 0
| configure:35148: result: yes
| configure:35160: checking whether getpwuid is declared
| configure:35160: gcc -std=gnu99 -c -g -O2  conftest.c >&5
| configure:35160: $? = 0
| configure:35160: result: yes
| configure:35172: checking whether time is declared
| configure:35172: gcc -std=gnu99 -c -g -O2  conftest.c >&5
| configure:35172: $? = 0
| configure:35172: result: yes
| configure:35185: checking for waitpid
| configure:35185: gcc -std=gnu99 -o conftest -g -O2   conftest.c  >&5
| configure:35185: $? = 0
| configure:35185: result: yes
| configure:35201: checking for remote shell
| configure:35227: result: /usr/bin/rsh
| configure:35363: checking for default archive format
| configure:35380: result: GNU
| configure:35383: checking for default archive
| configure:35426: result: -
| configure:35430: checking for default blocking
| configure:35438: result: 20
| configure:35441: checking for default quoting style
| configure:35452: result: escape
| configure:35503: checking for ld used by gcc -std=gnu99
| configure:35570: result: /usr/bin/ld
| configure:35577: checking if the linker (/usr/bin/ld) is GNU ld
| configure:35592: result: yes
| configure:35599: checking for shared library run path origin
| configure:35612: result: done
| configure:36190: checking for iconv
| configure:36214: gcc -std=gnu99 -o conftest -g -O2   conftest.c  >&5
| configure:36214: $? = 0
| configure:36248: result: yes
| configure:36251: checking for working iconv
| configure:36371: gcc -std=gnu99 -o conftest -g -O2   conftest.c  >&5
| configure:36371: $? = 0
| configure:36371: ./conftest
| configure:36371: $? = 0
| configure:36383: result: yes
| configure:36411: checking for iconv declaration
| configure:36440: gcc -std=gnu99 -c -g -O2  conftest.c >&5
| configure:36440: $? = 0
| configure:36451: result:
|          extern size_t iconv (iconv_t cd, char * *inbuf, size_t *inbytesleft, char * *outbuf, size_t *outbytesleft);
| configure:36464: checking iconv.h usability
| configure:36464: gcc -std=gnu99 -c -g -O2  conftest.c >&5
| configure:36464: $? = 0
| configure:36464: result: yes
| configure:36464: checking iconv.h presence
| configure:36464: gcc -std=gnu99 -E  conftest.c
| configure:36464: $? = 0
| configure:36464: result: yes
| configure:36464: checking for iconv.h
| configure:36464: result: yes
| configure:36474: checking for iconv_t
| configure:36474: gcc -std=gnu99 -c -g -O2  conftest.c >&5
| configure:36474: $? = 0
| configure:36474: gcc -std=gnu99 -c -g -O2  conftest.c >&5
| conftest.c: In function 'main':
| conftest.c:708:22: error: expected expression before ')' token
| configure:36474: $? = 1
| configure: failed program was:
| | /* confdefs.h */
| | #define PACKAGE_NAME "GNU tar"
| | #define PACKAGE_TARNAME "tar"
| | #define PACKAGE_VERSION "1.28"
| | #define PACKAGE_STRING "GNU tar 1.28"
| | #define PACKAGE_BUGREPORT "bug-tar@gnu.org"
| | #define PACKAGE_URL "http://www.gnu.org/software/tar/"
| | #define PACKAGE "tar"
| | #define VERSION "1.28"
| | #define STDC_HEADERS 1
| | #define HAVE_SYS_TYPES_H 1
| | #define HAVE_SYS_STAT_H 1
| | #define HAVE_STDLIB_H 1
| | #define HAVE_STRING_H 1
| | #define HAVE_MEMORY_H 1
| | #define HAVE_STRINGS_H 1
| | #define HAVE_INTTYPES_H 1
| | #define HAVE_STDINT_H 1
| | #define HAVE_UNISTD_H 1
| | #define __EXTENSIONS__ 1
| | #define _ALL_SOURCE 1
| | #define _DARWIN_C_SOURCE 1
| | #define _GNU_SOURCE 1
| | #define _POSIX_PTHREAD_SEMANTICS 1
| | #define _TANDEM_SOURCE 1
| | #define HAVE_FSEEKO 1
| | #define _DARWIN_USE_64_BIT_INODE 1
| | #define _DARWIN_USE_64_BIT_INODE 1
| | #define HAVE_FCNTL_H 1
| | #define HAVE_LINUX_FD_H 1
| | #define HAVE_MEMORY_H 1
| | #define HAVE_SGTTY_H 1
| | #define HAVE_STRING_H 1
| | #define HAVE_SYS_PARAM_H 1
| | #define HAVE_SYS_MTIO_H 1
| | #define HAVE_SYS_TIME_H 1
| | #define HAVE_UNISTD_H 1
| | #define HAVE_LOCALE_H 1
| | #define HAVE_FEATURES_H 1
| | #define HAVE_SYS_SOCKET_H 1
| | #define HAVE_DIRENT_H 1
| | #define HAVE_WCTYPE_H 1
| | #define HAVE_STDIO_EXT_H 1
| | #define HAVE_SYS_STAT_H 1
| | #define HAVE_GETOPT_H 1
| | #define HAVE_WCHAR_H 1
| | #define HAVE_STDINT_H 1
| | #define HAVE_INTTYPES_H 1
| | #define HAVE_LANGINFO_H 1
| | #define HAVE_XLOCALE_H 1
| | #define HAVE_SYS_MMAN_H 1
| | #define HAVE_MALLOC_H 1
| | #define HAVE_STRINGS_H 1
| | #define HAVE_SYSEXITS_H 1
| | #define HAVE_UTIME_H 1
| | #define HAVE_NETDB_H 1
| | #define HAVE_SYS_WAIT_H 1
| | #define HAVE_PWD_H 1
| | #define HAVE_GRP_H 1
| | #define major_t int
| | #define minor_t int
| | #define HAVE_ALLOCA_H 1
| | #define HAVE_ALLOCA 1
| | #define restrict __restrict
| | #define HAVE_DECL_CLEARERR_UNLOCKED 1
| | #define HAVE_DECL_FEOF_UNLOCKED 1
| | #define HAVE_DECL_FERROR_UNLOCKED 1
| | #define HAVE_DECL_FFLUSH_UNLOCKED 1
| | #define HAVE_DECL_FGETS_UNLOCKED 1
| | #define HAVE_DECL_FPUTC_UNLOCKED 1
| | #define HAVE_DECL_FPUTS_UNLOCKED 1
| | #define HAVE_DECL_FREAD_UNLOCKED 1
| | #define HAVE_DECL_FWRITE_UNLOCKED 1
| | #define HAVE_DECL_GETC_UNLOCKED 1
| | #define HAVE_DECL_GETCHAR_UNLOCKED 1
| | #define HAVE_DECL_PUTC_UNLOCKED 1
| | #define HAVE_DECL_PUTCHAR_UNLOCKED 1
| | #define HAVE_FLOCKFILE 1
| | #define HAVE_FUNLOCKFILE 1
| | #define HAVE_PATHCONF 1
| | #define HAVE_BTOWC 1
| | #define HAVE_CANONICALIZE_FILE_NAME 1
| | #define HAVE_GETCWD 1
| | #define HAVE_READLINK 1
| | #define HAVE_REALPATH 1
| | #define HAVE_READLINKAT 1
| | #define HAVE_CHOWN 1
| | #define HAVE_FCHOWN 1
| | #define HAVE_FCHDIR 1
| | #define HAVE_FDOPENDIR 1
| | #define HAVE_FACCESSAT 1
| | #define HAVE_FCHMODAT 1
| | #define HAVE_FCNTL 1
| | #define HAVE_SYMLINK 1
| | #define HAVE_MEMPCPY 1
| | #define HAVE_ISBLANK 1
| | #define HAVE_ISWCTYPE 1
| | #define HAVE_MBSRTOWCS 1
| | #define HAVE_WMEMCHR 1
| | #define HAVE_WMEMCPY 1
| | #define HAVE_WMEMPCPY 1
| | #define HAVE_FSTATAT 1
| | #define HAVE_FUTIMENS 1
| | #define HAVE_GETDELIM 1
| | #define HAVE_GETDTABLESIZE 1
| | #define HAVE_GETTIMEOFDAY 1
| | #define HAVE_ISWCNTRL 1
| | #define HAVE_ISWBLANK 1
| | #define HAVE_LINK 1
| | #define HAVE_OPENAT 1
| | #define HAVE_LINKAT 1
| | #define HAVE_LSTAT 1
| | #define HAVE_MBSINIT 1
| | #define HAVE_MBRTOWC 1
| | #define HAVE_MPROTECT 1
| | #define HAVE_MKDIRAT 1
| | #define HAVE_MKFIFO 1
| | #define HAVE_MKFIFOAT 1
| | #define HAVE_MKNODAT 1
| | #define HAVE_MKNOD 1
| | #define HAVE_NL_LANGINFO 1
| | #define HAVE_POSIX_OPENPT 1
| | #define HAVE_PTSNAME_R 1
| | #define HAVE_FCHMOD 1
| | #define HAVE_RENAMEAT 1
| | #define HAVE_SECURE_GETENV 1
| | #define HAVE_SETENV 1
| | #define HAVE_SLEEP 1
| | #define HAVE_SNPRINTF 1
| | #define HAVE_STRDUP 1
| | #define HAVE_TZSET 1
| | #define HAVE_STRNDUP 1
| | #define HAVE_STRTOIMAX 1
| | #define HAVE_STRTOUMAX 1
| | #define HAVE_SYMLINKAT 1
| | #define HAVE_LOCALTIME_R 1
| | #define HAVE_PIPE 1
| | #define HAVE_UNLINKAT 1
| | #define HAVE_FUTIMES 1
| | #define HAVE_FUTIMESAT 1
| | #define HAVE_UTIMENSAT 1
| | #define HAVE_LUTIMES 1
| | #define HAVE_WCRTOMB 1
| | #define HAVE_WCWIDTH 1
| | #define HAVE_SETLOCALE 1
| | #define HAVE_FSYNC 1
| | #define HAVE_GRANTPT 1
| | #define D_INO_IN_DIRENT 1
| | #define HAVE_LONG_FILE_NAMES 1
| | #define HAVE_LANGINFO_CODESET 1
| | #define FUNC_REALPATH_WORKS 1
| | #define HAVE_UNISTD_H 1
| | #define HAVE_CHOWN 1
| | #define HAVE_ENVIRON_DECL 1
| | #define HAVE_DECL_STRERROR_R 1
| | #define HAVE_STRERROR_R 1
| | #define STRERROR_R_CHAR_P 1
| | #define GETGROUPS_T gid_t
| | #define HAVE_DECL_FCHDIR 1
| | #define HAVE_WORKING_O_NOATIME 1
| | #define HAVE_WORKING_O_NOFOLLOW 1
| | #define HAVE_MBSTATE_T 1
| | #define HAVE_DECL_FSEEKO 1
| | #define HAVE_RAW_DECL_FCHMODAT 1
| | #define HAVE_RAW_DECL_FSTAT 1
| | #define HAVE_RAW_DECL_FSTATAT 1
| | #define HAVE_RAW_DECL_FUTIMENS 1
| | #define HAVE_RAW_DECL_LCHMOD 1
| | #define HAVE_RAW_DECL_LSTAT 1
| | #define HAVE_RAW_DECL_MKDIRAT 1
| | #define HAVE_RAW_DECL_MKFIFO 1
| | #define HAVE_RAW_DECL_MKFIFOAT 1
| | #define HAVE_RAW_DECL_MKNOD 1
| | #define HAVE_RAW_DECL_MKNODAT 1
| | #define HAVE_RAW_DECL_STAT 1
| | #define HAVE_RAW_DECL_UTIMENSAT 1
| | #define LSTAT_FOLLOWS_SLASHED_SYMLINK 1
| | #define HAVE_DECL_GETCWD 1
| | #define HAVE_DECL_GETDELIM 1
| | #define HAVE_DECL_GETLINE 1
| | #define HAVE_GETOPT_H 1
| | #define HAVE_GETOPT_LONG_ONLY 1
| | #define __GETOPT_PREFIX rpl_
| | #define HAVE_DECL_GETENV 1
| | #define HAVE_RAW_DECL_GETTIMEOFDAY 1
| | #define HAVE_UNSIGNED_LONG_LONG_INT 1
| | #define HAVE_LONG_LONG_INT 1
| | #define HAVE_RAW_DECL_IMAXABS 1
| | #define HAVE_RAW_DECL_IMAXDIV 1
| | #define HAVE_RAW_DECL_STRTOIMAX 1
| | #define HAVE_RAW_DECL_STRTOUMAX 1
| | #define HAVE_INTTYPES_H 1
| | #define HAVE_WINT_T 1
| | #define HAVE_TOWLOWER 1
| | #define HAVE_RAW_DECL_WCTYPE 1
| | #define HAVE_RAW_DECL_ISWCTYPE 1
| | #define HAVE_RAW_DECL_WCTRANS 1
| | #define HAVE_RAW_DECL_TOWCTRANS 1
| | #define HAVE_WCHAR_T 1
| | #define HAVE_STDLIB_H 1
| | #define MALLOC_0_IS_NONNULL 1
| | #define HAVE_MAP_ANONYMOUS 1
| | #define HAVE_DECL_MEMRCHR 1
| | #define HAVE_DECL_ALARM 1
| | #define PROMOTED_MODE_T mode_t
| | #define HAVE__BOOL 1
| | #define HAVE_COMPOUND_LITERALS 1
| | #define HAVE_TM_GMTOFF 1
| | #define HAVE_DECL_SETENV 1
| | #define HAVE_SEARCH_H 1
| | #define HAVE_TSEARCH 1
| | #define HAVE_SIGSET_T 1
| | #define HAVE_DECL_SNPRINTF 1
| | #define HAVE_DECL_STRDUP 1
| | #define HAVE_RAW_DECL_FFSL 1
| | #define HAVE_RAW_DECL_FFSLL 1
| | #define HAVE_RAW_DECL_MEMMEM 1
| | #define HAVE_RAW_DECL_MEMPCPY 1
| | #define HAVE_RAW_DECL_MEMRCHR 1
| | #define HAVE_RAW_DECL_RAWMEMCHR 1
| | #define HAVE_RAW_DECL_STPCPY 1
| | #define HAVE_RAW_DECL_STPNCPY 1
| | #define HAVE_RAW_DECL_STRCHRNUL 1
| | #define HAVE_RAW_DECL_STRDUP 1
| | #define HAVE_RAW_DECL_STRNCAT 1
| | #define HAVE_RAW_DECL_STRNDUP 1
| | #define HAVE_RAW_DECL_STRNLEN 1
| | #define HAVE_RAW_DECL_STRPBRK 1
| | #define HAVE_RAW_DECL_STRSEP 1
| | #define HAVE_RAW_DECL_STRCASESTR 1
| | #define HAVE_RAW_DECL_STRTOK_R 1
| | #define HAVE_RAW_DECL_STRERROR_R 1
| | #define HAVE_RAW_DECL_STRSIGNAL 1
| | #define HAVE_RAW_DECL_STRVERSCMP 1
| | #define HAVE_RAW_DECL_FFS 1
| | #define HAVE_RAW_DECL_STRCASECMP 1
| | #define HAVE_RAW_DECL_STRNCASECMP 1
| | #define HAVE_DECL_STRNDUP 1
| | #define HAVE_DECL_STRNLEN 1
| | #define HAVE_DECL_STRTOIMAX 1
| | #define HAVE_DECL_STRTOUMAX 1
| | #define HAVE_DECL_TTYNAME_R 1
| | #define HAVE_DECL_UNSETENV 1
| | #define HAVE_WORKING_UTIMES 1
| | #define HAVE_STRUCT_UTIMBUF 1
| | #define HAVE_INTTYPES_H_WITH_UINTMAX 1
| | #define HAVE_STDINT_H_WITH_UINTMAX 1
| | #define HAVE_INTMAX_T 1
| | #define DBL_EXPBIT0_WORD 1
| | #define DBL_EXPBIT0_BIT 20
| | #define HAVE_SNPRINTF 1
| | #define HAVE_STRNLEN 1
| | #define HAVE_WCSLEN 1
| | #define HAVE_WCSNLEN 1
| | #define HAVE_MBRTOWC 1
| | #define HAVE_WCRTOMB 1
| | #define HAVE_DECL__SNPRINTF 0
| | #define HAVE_SNPRINTF_RETVAL_C99 1
| | #define HAVE_DECL_VSNPRINTF 1
| | #define HAVE_ALLOCA 1
| | #define GNULIB_AREADLINKAT 1
| | #define HAVE_DECL_PROGRAM_INVOCATION_NAME 1
| | #define HAVE_DECL_PROGRAM_INVOCATION_SHORT_NAME 1
| | #define HAVE_PROGRAM_INVOCATION_NAME 1
| | #define HAVE_PROGRAM_INVOCATION_SHORT_NAME 1
| | #define GNULIB_TEST_BTOWC 1
| | #define GNULIB_CANONICALIZE_LGPL 1
| | #define GNULIB_TEST_CANONICALIZE_FILE_NAME 1
| | #define GNULIB_TEST_REALPATH 1
| | #define GNULIB_TEST_CHDIR 1
| | #define GNULIB_TEST_CHOWN 1
| | #define HAVE_CLOCK_GETTIME 1
| | #define HAVE_CLOCK_SETTIME 1
| | #define GNULIB_TEST_CLOEXEC 1
| | #define GNULIB_TEST_CLOSE 1
| | #define GNULIB_CLOSE_STREAM 1
| | #define HAVE_CLOSEDIR 1
| | #define GNULIB_TEST_CLOSEDIR 1
| | #define D_INO_IN_DIRENT 1
| | #define HAVE_RAW_DECL_ALPHASORT 1
| | #define HAVE_RAW_DECL_CLOSEDIR 1
| | #define HAVE_RAW_DECL_DIRFD 1
| | #define HAVE_RAW_DECL_FDOPENDIR 1
| | #define HAVE_RAW_DECL_OPENDIR 1
| | #define HAVE_RAW_DECL_READDIR 1
| | #define HAVE_RAW_DECL_REWINDDIR 1
| | #define HAVE_RAW_DECL_SCANDIR 1
| | #define GNULIB_DIRENT_SAFER 1
| | #define HAVE_DIRFD 1
| | #define HAVE_DECL_DIRFD 1
| | #define GNULIB_TEST_DIRFD 1
| | #define GNULIB_DIRNAME 1
| | #define GNULIB_TEST_DUP 1
| | #define HAVE_DUP2 1
| | #define GNULIB_TEST_DUP2 1
| | #define GNULIB_TEST_ENVIRON 1
| | #define HAVE_EUIDACCESS 1
| | #define GNULIB_TEST_EUIDACCESS 1
| | #define GNULIB_FACCESSAT 1
| | #define GNULIB_TEST_FACCESSAT 1
| | #define GNULIB_TEST_FCHDIR 1
| | #define GNULIB_FCHMODAT 1
| | #define GNULIB_TEST_FCHMODAT 1
| | #define GNULIB_FCHOWNAT 1
| | #define GNULIB_TEST_FCHOWNAT 1
| | #define GNULIB_TEST_FCNTL 1
| | #define HAVE_RAW_DECL_FCNTL 1
| | #define HAVE_RAW_DECL_OPENAT 1
| | #define HAVE_DECL_FDOPENDIR 1
| | #define GNULIB_TEST_FDOPENDIR 1
| | #define GNULIB_FDOPENDIR 1
| | #define GNULIB_FDUTIMENSAT 1
| | #define HAVE_STRUCT_STAT_ST_BLOCKS 1
| | #define HAVE_ST_BLOCKS 1
| | #define HAVE_DECL___FPENDING 1
| | #define GNULIB_TEST_FSEEK 1
| | #define GNULIB_TEST_FSEEKO 1
| | #define GNULIB_TEST_FSTAT 1
| | #define GNULIB_TEST_FSTATAT 1
| | #define GNULIB_TEST_FUTIMENS 1
| | #define HAVE_GETPAGESIZE 1
| | #define HAVE_MINIMALLY_WORKING_GETCWD 1
| | #define GNULIB_GETCWD 1
| | #define GNULIB_TEST_GETCWD 1
| | #define GNULIB_TEST_GETCWD 1
| | #define GNULIB_TEST_GETDELIM 1
| | #define GNULIB_TEST_GETDTABLESIZE 1
| | #define HAVE_GETGROUPS 1
| | #define GNULIB_TEST_GETGROUPS 1
| | #define GNULIB_TEST_GETLINE 1
| | #define GNULIB_TEST_GETOPT_GNU 1
| | #define __GETOPT_PREFIX rpl_
| | #define HAVE_GETPAGESIZE 1
| | #define GNULIB_TEST_GETPAGESIZE 1
| | #define GETTIMEOFDAY_TIMEZONE struct timezone
| | #define GNULIB_TEST_GETTIMEOFDAY 1
| | #define GNULIB_TEST_GROUP_MEMBER 1
| | #define GNULIB_TEST_ISATTY 1
| | #define HAVE_DECL_ISWBLANK 1
| | #define GNULIB_TEST_ISWBLANK 1
| | #define HAVE_RAW_DECL_NL_LANGINFO 1
| | #define HAVE_LCHOWN 1
| | #define GNULIB_TEST_LCHOWN 1
| | #define GNULIB_TEST_LINK 1
| | #define LINK_FOLLOWS_SYMLINKS 0
| | #define LINKAT_TRAILING_SLASH_BUG 0
| | #define GNULIB_TEST_LINKAT 1
| | #define HAVE_RAW_DECL_SETLOCALE 1
| | #define HAVE_RAW_DECL_DUPLOCALE 1
| | #define GNULIB_TEST_LOCALECONV 1
| | #define GNULIB_TEST_LSEEK 1
| | #define GNULIB_TEST_LSTAT 1
| | #define HAVE_STDLIB_H 1
| | #define HAVE_MALLOC_GNU 1
| | #define GNULIB_MALLOC_GNU 1
| | #define HAVE_MALLOC_POSIX 1
| | #define GNULIB_TEST_MALLOC_POSIX 1
| | #define GNULIB_TEST_MBRTOWC 1
| | #define GNULIB_TEST_MBSCASECMP 1
| | #define GNULIB_TEST_MBSINIT 1
| | #define GNULIB_TEST_MBSRTOWCS 1
| | #define GNULIB_TEST_MBTOWC 1
| | #define GNULIB_TEST_MEMCHR 1
| | #define HAVE_MEMPCPY 1
| | #define GNULIB_TEST_MEMPCPY 1
| | #define HAVE_MEMRCHR 1
| | #define GNULIB_TEST_MEMRCHR 1
| | #define GNULIB_TEST_MKDIRAT 1
| | #define HAVE_MKDTEMP 1
| | #define GNULIB_TEST_MKDTEMP 1
| | #define GNULIB_TEST_MKFIFO 1
| | #define GNULIB_TEST_MKFIFOAT 1
| | #define GNULIB_TEST_MKNODAT 1
| | #define MKNOD_FIFO_BUG 1
| | #define GNULIB_TEST_MKNOD 1
| | #define GNULIB_TEST_MKTIME 1
| | #define FUNC_NL_LANGINFO_YESEXPR_WORKS 1
| | #define GNULIB_TEST_NL_LANGINFO 1
| | #define HAVE_OBSTACK 1
| | #define GNULIB_TEST_OPEN 1
| | #define GNULIB_OPENAT 1
| | #define GNULIB_TEST_OPENAT 1
| | #define HAVE_OPENDIR 1
| | #define GNULIB_TEST_OPENDIR 1
| | #define HAVE_STRUCT_TM_TM_ZONE 1
| | #define HAVE_TM_ZONE 1
| | #define TIME_T_FITS_IN_LONG_INT 1
| | #define GNULIB_TEST_POSIX_OPENPT 1
| | #define HAVE_DECL_PROGRAM_INVOCATION_NAME 1
| | #define HAVE_DECL_PROGRAM_INVOCATION_SHORT_NAME 1
| | #define HAVE_PTSNAME 1
| | #define GNULIB_TEST_PTSNAME 1
| | #define GNULIB_TEST_PTSNAME_R 1
| | #define USE_ACL 0
| | #define HAVE_RAISE 1
| | #define GNULIB_TEST_RAISE 1
| | #define HAVE_RAWMEMCHR 1
| | #define GNULIB_TEST_RAWMEMCHR 1
| | #define GNULIB_TEST_READ 1
| | #define HAVE_READDIR 1
| | #define GNULIB_TEST_READDIR 1
| | #define GNULIB_TEST_READLINK 1
| | #define GNULIB_TEST_READLINKAT 1
| | #define HAVE_REALLOC_POSIX 1
| | #define GNULIB_TEST_REALLOC_POSIX 1
| | #define _REGEX_INCLUDE_LIMITS_H 1
| | #define _REGEX_LARGE_OFFSETS 1
| | #define re_syntax_options rpl_re_syntax_options
| | #define re_set_syntax rpl_re_set_syntax
| | #define re_compile_pattern rpl_re_compile_pattern
| | #define re_compile_fastmap rpl_re_compile_fastmap
| | #define re_search rpl_re_search
| | #define re_search_2 rpl_re_search_2
| | #define re_match rpl_re_match
| | #define re_match_2 rpl_re_match_2
| | #define re_set_registers rpl_re_set_registers
| | #define re_comp rpl_re_comp
| | #define re_exec rpl_re_exec
| | #define regcomp rpl_regcomp
| | #define regexec rpl_regexec
| | #define regerror rpl_regerror
| | #define regfree rpl_regfree
| | #define HAVE_LIBINTL_H 1
| | #define HAVE_DECL_ISBLANK 1
| | #define GNULIB_TEST_RENAME 1
| | #define GNULIB_TEST_RENAMEAT 1
| | #define HAVE_REWINDDIR 1
| | #define GNULIB_TEST_REWINDDIR 1
| | #define GNULIB_TEST_RMDIR 1
| | #define HAVE_RPMATCH 1
| | #define GNULIB_TEST_RPMATCH 1
| | #define GNULIB_TEST_SECURE_GETENV 1
| | #define HAVE_SELINUX_SELINUX_H 0
| | #define GNULIB_TEST_SETENV 1
| | #define HAVE_RAW_DECL_PTHREAD_SIGMASK 1
| | #define HAVE_RAW_DECL_SIGACTION 1
| | #define HAVE_RAW_DECL_SIGADDSET 1
| | #define HAVE_RAW_DECL_SIGDELSET 1
| | #define HAVE_RAW_DECL_SIGEMPTYSET 1
| | #define HAVE_RAW_DECL_SIGFILLSET 1
| | #define HAVE_RAW_DECL_SIGISMEMBER 1
| | #define HAVE_RAW_DECL_SIGPENDING 1
| | #define HAVE_RAW_DECL_SIGPROCMASK 1
| | #define HAVE_STDINT_H 1
| | #define HAVE_DECL_SLEEP 1
| | #define GNULIB_TEST_SLEEP 1
| | #define HAVE_SNPRINTF 1
| | #define GNULIB_TEST_SNPRINTF 1
| | #define GNULIB_SNPRINTF 1
| | #define GNULIB_TEST_STAT 1
| | #define HAVE_STRUCT_STAT_ST_ATIM_TV_NSEC 1
| | #define TYPEOF_STRUCT_STAT_ST_ATIM_IS_STRUCT_TIMESPEC 1
| | #define GNULIB_STATAT 1
| | #define GNULIB_FSCANF 1
| | #define GNULIB_SCANF 1
| | #define HAVE_RAW_DECL_DPRINTF 1
| | #define HAVE_RAW_DECL_FSEEKO 1
| | #define HAVE_RAW_DECL_FTELLO 1
| | #define HAVE_RAW_DECL_GETDELIM 1
| | #define HAVE_RAW_DECL_GETLINE 1
| | #define HAVE_RAW_DECL_PCLOSE 1
| | #define HAVE_RAW_DECL_POPEN 1
| | #define HAVE_RAW_DECL_RENAMEAT 1
| | #define HAVE_RAW_DECL_SNPRINTF 1
| | #define HAVE_RAW_DECL_TMPFILE 1
| | #define HAVE_RAW_DECL_VDPRINTF 1
| | #define HAVE_RAW_DECL_VSNPRINTF 1
| | #define HAVE_RAW_DECL__EXIT 1
| | #define HAVE_RAW_DECL_ATOLL 1
| | #define HAVE_RAW_DECL_CANONICALIZE_FILE_NAME 1
| | #define HAVE_RAW_DECL_GETLOADAVG 1
| | #define HAVE_RAW_DECL_GETSUBOPT 1
| | #define HAVE_RAW_DECL_GRANTPT 1
| | #define HAVE_RAW_DECL_INITSTATE 1
| | #define HAVE_RAW_DECL_INITSTATE_R 1
| | #define HAVE_RAW_DECL_MKDTEMP 1
| | #define HAVE_RAW_DECL_MKOSTEMP 1
| | #define HAVE_RAW_DECL_MKOSTEMPS 1
| | #define HAVE_RAW_DECL_MKSTEMP 1
| | #define HAVE_RAW_DECL_MKSTEMPS 1
| | #define HAVE_RAW_DECL_POSIX_OPENPT 1
| | #define HAVE_RAW_DECL_PTSNAME 1
| | #define HAVE_RAW_DECL_PTSNAME_R 1
| | #define HAVE_RAW_DECL_RANDOM 1
| | #define HAVE_RAW_DECL_RANDOM_R 1
| | #define HAVE_RAW_DECL_REALPATH 1
| | #define HAVE_RAW_DECL_RPMATCH 1
| | #define HAVE_RAW_DECL_SECURE_GETENV 1
| | #define HAVE_RAW_DECL_SETENV 1
| | #define HAVE_RAW_DECL_SETSTATE 1
| | #define HAVE_RAW_DECL_SETSTATE_R 1
| | #define HAVE_RAW_DECL_SRANDOM 1
| | #define HAVE_RAW_DECL_SRANDOM_R 1
| | #define HAVE_RAW_DECL_STRTOD 1
| | #define HAVE_RAW_DECL_STRTOLL 1
| | #define HAVE_RAW_DECL_STRTOULL 1
| | #define HAVE_RAW_DECL_UNLOCKPT 1
| | #define HAVE_RAW_DECL_UNSETENV 1
| | #define HAVE_STPCPY 1
| | #define GNULIB_TEST_STPCPY 1
| | #define HAVE_STRCASECMP 1
| | #define HAVE_STRNCASECMP 1
| | #define HAVE_DECL_STRNCASECMP 1
| | #define HAVE_STRCHRNUL 1
| | #define GNULIB_TEST_STRCHRNUL 1
| | #define GNULIB_TEST_STRDUP 1
| | #define GNULIB_STRERROR 1
| | #define GNULIB_TEST_STRERROR 1
| | #define my_strftime nstrftime
| | #define GNULIB_TEST_STRNDUP 1
| | #define GNULIB_TEST_STRNLEN 1
| | #define HAVE_STRTOL 1
| | #define HAVE_STRTOLL 1
| | #define GNULIB_TEST_STRTOLL 1
| | #define HAVE_STRTOUL 1
| | #define HAVE_STRTOULL 1
| | #define GNULIB_TEST_STRTOULL 1
| | #define GNULIB_TEST_SYMLINK 1
| | #define GNULIB_TEST_SYMLINKAT 1
| | #define HAVE_RAW_DECL_FCHMODAT 1
| | #define HAVE_RAW_DECL_FSTAT 1
| | #define HAVE_RAW_DECL_FSTATAT 1
| | #define HAVE_RAW_DECL_FUTIMENS 1
| | #define HAVE_RAW_DECL_LCHMOD 1
| | #define HAVE_RAW_DECL_LSTAT 1
| | #define HAVE_RAW_DECL_MKDIRAT 1
| | #define HAVE_RAW_DECL_MKFIFO 1
| | #define HAVE_RAW_DECL_MKFIFOAT 1
| | #define HAVE_RAW_DECL_MKNOD 1
| | #define HAVE_RAW_DECL_MKNODAT 1
| | #define HAVE_RAW_DECL_STAT 1
| | #define HAVE_RAW_DECL_UTIMENSAT 1
| | #define HAVE_DECL_LOCALTIME_R 1
| | #define GNULIB_TEST_TIME_R 1
| | #define HAVE_TTYNAME_R 1
| | #define HAVE_POSIXDECL_TTYNAME_R 1
| | #define GNULIB_TEST_TTYNAME_R 1
| | #define HAVE_RAW_DECL_CHDIR 1
| | #define HAVE_RAW_DECL_CHOWN 1
| | #define HAVE_RAW_DECL_DUP 1
| | #define HAVE_RAW_DECL_DUP2 1
| | #define HAVE_RAW_DECL_DUP3 1
| | #define HAVE_RAW_DECL_ENVIRON 1
| | #define HAVE_RAW_DECL_EUIDACCESS 1
| | #define HAVE_RAW_DECL_FACCESSAT 1
| | #define HAVE_RAW_DECL_FCHDIR 1
| | #define HAVE_RAW_DECL_FCHOWNAT 1
| | #define HAVE_RAW_DECL_FDATASYNC 1
| | #define HAVE_RAW_DECL_FSYNC 1
| | #define HAVE_RAW_DECL_FTRUNCATE 1
| | #define HAVE_RAW_DECL_GETCWD 1
| | #define HAVE_RAW_DECL_GETDOMAINNAME 1
| | #define HAVE_RAW_DECL_GETDTABLESIZE 1
| | #define HAVE_RAW_DECL_GETGROUPS 1
| | #define HAVE_RAW_DECL_GETHOSTNAME 1
| | #define HAVE_RAW_DECL_GETLOGIN 1
| | #define HAVE_RAW_DECL_GETLOGIN_R 1
| | #define HAVE_RAW_DECL_GETPAGESIZE 1
| | #define HAVE_RAW_DECL_GETUSERSHELL 1
| | #define HAVE_RAW_DECL_SETUSERSHELL 1
| | #define HAVE_RAW_DECL_ENDUSERSHELL 1
| | #define HAVE_RAW_DECL_GROUP_MEMBER 1
| | #define HAVE_RAW_DECL_ISATTY 1
| | #define HAVE_RAW_DECL_LCHOWN 1
| | #define HAVE_RAW_DECL_LINK 1
| | #define HAVE_RAW_DECL_LINKAT 1
| | #define HAVE_RAW_DECL_LSEEK 1
| | #define HAVE_RAW_DECL_PIPE 1
| | #define HAVE_RAW_DECL_PIPE2 1
| | #define HAVE_RAW_DECL_PREAD 1
| | #define HAVE_RAW_DECL_PWRITE 1
| | #define HAVE_RAW_DECL_READLINK 1
| | #define HAVE_RAW_DECL_READLINKAT 1
| | #define HAVE_RAW_DECL_RMDIR 1
| | #define HAVE_RAW_DECL_SETHOSTNAME 1
| | #define HAVE_RAW_DECL_SLEEP 1
| | #define HAVE_RAW_DECL_SYMLINK 1
| | #define HAVE_RAW_DECL_SYMLINKAT 1
| | #define HAVE_RAW_DECL_TTYNAME_R 1
| | #define HAVE_RAW_DECL_UNLINK 1
| | #define HAVE_RAW_DECL_UNLINKAT 1
| | #define HAVE_RAW_DECL_USLEEP 1
| | #define GNULIB_TEST_UNLINK 1
| | #define GNULIB_TEST_UNLINKAT 1
| | #define UNLINK_CANNOT_UNLINK_DIR 1
| | #define USE_UNLOCKED_IO 1
| | #define HAVE_UNLOCKPT 1
| | #define GNULIB_TEST_UNLOCKPT 1
| | #define HAVE_UNSETENV 1
| | #define GNULIB_TEST_UNSETENV 1
| | #define GNULIB_TEST_UTIMENSAT 1
| | #define HAVE_VASPRINTF 1
| | #define GNULIB_TEST_VASPRINTF 1
| | #define HAVE_VSNPRINTF 1
| | #define GNULIB_TEST_VSNPRINTF 1
| | #define HAVE_RAW_DECL_BTOWC 1
| | #define HAVE_RAW_DECL_WCTOB 1
| | #define HAVE_RAW_DECL_MBSINIT 1
| | #define HAVE_RAW_DECL_MBRTOWC 1
| | #define HAVE_RAW_DECL_MBRLEN 1
| | #define HAVE_RAW_DECL_MBSRTOWCS 1
| | #define HAVE_RAW_DECL_MBSNRTOWCS 1
| | #define HAVE_RAW_DECL_WCRTOMB 1
| | #define HAVE_RAW_DECL_WCSRTOMBS 1
| | #define HAVE_RAW_DECL_WCSNRTOMBS 1
| | #define HAVE_RAW_DECL_WCWIDTH 1
| | #define HAVE_RAW_DECL_WMEMCHR 1
| | #define HAVE_RAW_DECL_WMEMCMP 1
| | #define HAVE_RAW_DECL_WMEMCPY 1
| | #define HAVE_RAW_DECL_WMEMMOVE 1
| | #define HAVE_RAW_DECL_WMEMSET 1
| | #define HAVE_RAW_DECL_WCSLEN 1
| | #define HAVE_RAW_DECL_WCSNLEN 1
| | #define HAVE_RAW_DECL_WCSCPY 1
| | #define HAVE_RAW_DECL_WCPCPY 1
| | #define HAVE_RAW_DECL_WCSNCPY 1
| | #define HAVE_RAW_DECL_WCPNCPY 1
| | #define HAVE_RAW_DECL_WCSCAT 1
| | #define HAVE_RAW_DECL_WCSNCAT 1
| | #define HAVE_RAW_DECL_WCSCMP 1
| | #define HAVE_RAW_DECL_WCSNCMP 1
| | #define HAVE_RAW_DECL_WCSCASECMP 1
| | #define HAVE_RAW_DECL_WCSNCASECMP 1
| | #define HAVE_RAW_DECL_WCSCOLL 1
| | #define HAVE_RAW_DECL_WCSXFRM 1
| | #define HAVE_RAW_DECL_WCSDUP 1
| | #define HAVE_RAW_DECL_WCSCHR 1
| | #define HAVE_RAW_DECL_WCSRCHR 1
| | #define HAVE_RAW_DECL_WCSCSPN 1
| | #define HAVE_RAW_DECL_WCSSPN 1
| | #define HAVE_RAW_DECL_WCSPBRK 1
| | #define HAVE_RAW_DECL_WCSSTR 1
| | #define HAVE_RAW_DECL_WCSTOK 1
| | #define HAVE_RAW_DECL_WCSWIDTH 1
| | #define GNULIB_TEST_WCRTOMB 1
| | #define HAVE_TOWLOWER 1
| | #define HAVE_RAW_DECL_WCTYPE 1
| | #define HAVE_RAW_DECL_ISWCTYPE 1
| | #define HAVE_RAW_DECL_WCTRANS 1
| | #define HAVE_RAW_DECL_TOWCTRANS 1
| | #define HAVE_DECL_WCWIDTH 1
| | #define GNULIB_TEST_WCWIDTH 1
| | #define GNULIB_TEST_WRITE 1
| | #define HAVE_STDINT_H 1
| | #define TIME_WITH_SYS_TIME 1
| | #define HAVE_STRUCT_STAT_ST_BLKSIZE 1
| | #define HAVE_ST_BLKSIZE 1
| | #define HAVE_SYS_MTIO_H 1
| | #define MTIO_CHECK_FIELD mt_type
| | #define HAVE_STRUCT_STAT_ST_BLKSIZE 1
| | #define HAVE_SYS_XATTR_H 1
| | #define HAVE_GETXATTR 1
| | #define HAVE_SYS_XATTR_H 1
| | #define HAVE_XATTRS /**/
| | #define HAVE_FGETXATTR 1
| | #define HAVE_SYS_XATTR_H 1
| | #define HAVE_XATTRS /**/
| | #define HAVE_LGETXATTR 1
| | #define HAVE_SYS_XATTR_H 1
| | #define HAVE_XATTRS /**/
| | #define HAVE_SETXATTR 1
| | #define HAVE_SYS_XATTR_H 1
| | #define HAVE_XATTRS /**/
| | #define HAVE_FSETXATTR 1
| | #define HAVE_SYS_XATTR_H 1
| | #define HAVE_XATTRS /**/
| | #define HAVE_LSETXATTR 1
| | #define HAVE_SYS_XATTR_H 1
| | #define HAVE_XATTRS /**/
| | #define HAVE_LISTXATTR 1
| | #define HAVE_SYS_XATTR_H 1
| | #define HAVE_XATTRS /**/
| | #define HAVE_FLISTXATTR 1
| | #define HAVE_SYS_XATTR_H 1
| | #define HAVE_XATTRS /**/
| | #define HAVE_LLISTXATTR 1
| | #define HAVE_SYS_XATTR_H 1
| | #define HAVE_XATTRS /**/
| | #define HAVE_DECL_GETGRGID 1
| | #define HAVE_DECL_GETPWUID 1
| | #define HAVE_DECL_TIME 1
| | #define HAVE_WAITPID 1
| | #define REMOTE_SHELL "/usr/bin/rsh"
| | #define COMPRESS_PROGRAM "compress"
| | #define GZIP_PROGRAM "gzip"
| | #define BZIP2_PROGRAM "bzip2"
| | #define LZIP_PROGRAM "lzip"
| | #define LZMA_PROGRAM "lzma"
| | #define LZOP_PROGRAM "lzop"
| | #define XZ_PROGRAM "xz"
| | #define DEFAULT_ARCHIVE_FORMAT GNU_FORMAT
| | #define DEFAULT_ARCHIVE "-"
| | #define DEFAULT_BLOCKING 20
| | #define DEFAULT_QUOTING_STYLE escape_quoting_style
| | #define HAVE_ICONV 1
| | #define ICONV_CONST 
| | #define HAVE_ICONV_H 1
| | /* end confdefs.h.  */
| | 
| | #ifdef HAVE_ICONV_H
| | # include <iconv.h>
| | #endif
| | 
| | 
| | int
| | main ()
| | {
| | if (sizeof ((iconv_t)))
| | 	    return 0;
| |   ;
| |   return 0;
| | }
| configure:36474: result: yes
| configure:36490: checking for a sed that does not truncate output
| configure:36554: result: /bin/sed
| configure:36560: checking whether NLS is requested
| configure:36569: result: yes
| configure:36609: checking for msgfmt
| configure: trying /usr/bin/msgfmt...
| 0 translated messages.
| configure:36641: result: /usr/bin/msgfmt
| configure:36650: checking for gmsgfmt
| configure:36681: result: /usr/bin/msgfmt
| configure:36731: checking for xgettext
| configure: trying /usr/bin/xgettext...
| /usr/bin/xgettext: warning: file `/dev/null' extension `' is unknown; will try C
| configure:36763: result: /usr/bin/xgettext
| configure:36808: checking for msgmerge
| configure: trying /usr/bin/msgmerge...
| configure:36839: result: /usr/bin/msgmerge
| configure:36880: checking for CFPreferencesCopyAppValue
| configure:36898: gcc -std=gnu99 -o conftest -g -O2   conftest.c  -Wl,-framework -Wl,CoreFoundation >&5
| conftest.c:699:42: fatal error: CoreFoundation/CFPreferences.h: No such file or directory
| compilation terminated.
| configure:36898: $? = 1
| configure: failed program was:
| | /* confdefs.h */
| | #define PACKAGE_NAME "GNU tar"
| | #define PACKAGE_TARNAME "tar"
| | #define PACKAGE_VERSION "1.28"
| | #define PACKAGE_STRING "GNU tar 1.28"
| | #define PACKAGE_BUGREPORT "bug-tar@gnu.org"
| | #define PACKAGE_URL "http://www.gnu.org/software/tar/"
| | #define PACKAGE "tar"
| | #define VERSION "1.28"
| | #define STDC_HEADERS 1
| | #define HAVE_SYS_TYPES_H 1
| | #define HAVE_SYS_STAT_H 1
| | #define HAVE_STDLIB_H 1
| | #define HAVE_STRING_H 1
| | #define HAVE_MEMORY_H 1
| | #define HAVE_STRINGS_H 1
| | #define HAVE_INTTYPES_H 1
| | #define HAVE_STDINT_H 1
| | #define HAVE_UNISTD_H 1
| | #define __EXTENSIONS__ 1
| | #define _ALL_SOURCE 1
| | #define _DARWIN_C_SOURCE 1
| | #define _GNU_SOURCE 1
| | #define _POSIX_PTHREAD_SEMANTICS 1
| | #define _TANDEM_SOURCE 1
| | #define HAVE_FSEEKO 1
| | #define _DARWIN_USE_64_BIT_INODE 1
| | #define _DARWIN_USE_64_BIT_INODE 1
| | #define HAVE_FCNTL_H 1
| | #define HAVE_LINUX_FD_H 1
| | #define HAVE_MEMORY_H 1
| | #define HAVE_SGTTY_H 1
| | #define HAVE_STRING_H 1
| | #define HAVE_SYS_PARAM_H 1
| | #define HAVE_SYS_MTIO_H 1
| | #define HAVE_SYS_TIME_H 1
| | #define HAVE_UNISTD_H 1
| | #define HAVE_LOCALE_H 1
| | #define HAVE_FEATURES_H 1
| | #define HAVE_SYS_SOCKET_H 1
| | #define HAVE_DIRENT_H 1
| | #define HAVE_WCTYPE_H 1
| | #define HAVE_STDIO_EXT_H 1
| | #define HAVE_SYS_STAT_H 1
| | #define HAVE_GETOPT_H 1
| | #define HAVE_WCHAR_H 1
| | #define HAVE_STDINT_H 1
| | #define HAVE_INTTYPES_H 1
| | #define HAVE_LANGINFO_H 1
| | #define HAVE_XLOCALE_H 1
| | #define HAVE_SYS_MMAN_H 1
| | #define HAVE_MALLOC_H 1
| | #define HAVE_STRINGS_H 1
| | #define HAVE_SYSEXITS_H 1
| | #define HAVE_UTIME_H 1
| | #define HAVE_NETDB_H 1
| | #define HAVE_SYS_WAIT_H 1
| | #define HAVE_PWD_H 1
| | #define HAVE_GRP_H 1
| | #define major_t int
| | #define minor_t int
| | #define HAVE_ALLOCA_H 1
| | #define HAVE_ALLOCA 1
| | #define restrict __restrict
| | #define HAVE_DECL_CLEARERR_UNLOCKED 1
| | #define HAVE_DECL_FEOF_UNLOCKED 1
| | #define HAVE_DECL_FERROR_UNLOCKED 1
| | #define HAVE_DECL_FFLUSH_UNLOCKED 1
| | #define HAVE_DECL_FGETS_UNLOCKED 1
| | #define HAVE_DECL_FPUTC_UNLOCKED 1
| | #define HAVE_DECL_FPUTS_UNLOCKED 1
| | #define HAVE_DECL_FREAD_UNLOCKED 1
| | #define HAVE_DECL_FWRITE_UNLOCKED 1
| | #define HAVE_DECL_GETC_UNLOCKED 1
| | #define HAVE_DECL_GETCHAR_UNLOCKED 1
| | #define HAVE_DECL_PUTC_UNLOCKED 1
| | #define HAVE_DECL_PUTCHAR_UNLOCKED 1
| | #define HAVE_FLOCKFILE 1
| | #define HAVE_FUNLOCKFILE 1
| | #define HAVE_PATHCONF 1
| | #define HAVE_BTOWC 1
| | #define HAVE_CANONICALIZE_FILE_NAME 1
| | #define HAVE_GETCWD 1
| | #define HAVE_READLINK 1
| | #define HAVE_REALPATH 1
| | #define HAVE_READLINKAT 1
| | #define HAVE_CHOWN 1
| | #define HAVE_FCHOWN 1
| | #define HAVE_FCHDIR 1
| | #define HAVE_FDOPENDIR 1
| | #define HAVE_FACCESSAT 1
| | #define HAVE_FCHMODAT 1
| | #define HAVE_FCNTL 1
| | #define HAVE_SYMLINK 1
| | #define HAVE_MEMPCPY 1
| | #define HAVE_ISBLANK 1
| | #define HAVE_ISWCTYPE 1
| | #define HAVE_MBSRTOWCS 1
| | #define HAVE_WMEMCHR 1
| | #define HAVE_WMEMCPY 1
| | #define HAVE_WMEMPCPY 1
| | #define HAVE_FSTATAT 1
| | #define HAVE_FUTIMENS 1
| | #define HAVE_GETDELIM 1
| | #define HAVE_GETDTABLESIZE 1
| | #define HAVE_GETTIMEOFDAY 1
| | #define HAVE_ISWCNTRL 1
| | #define HAVE_ISWBLANK 1
| | #define HAVE_LINK 1
| | #define HAVE_OPENAT 1
| | #define HAVE_LINKAT 1
| | #define HAVE_LSTAT 1
| | #define HAVE_MBSINIT 1
| | #define HAVE_MBRTOWC 1
| | #define HAVE_MPROTECT 1
| | #define HAVE_MKDIRAT 1
| | #define HAVE_MKFIFO 1
| | #define HAVE_MKFIFOAT 1
| | #define HAVE_MKNODAT 1
| | #define HAVE_MKNOD 1
| | #define HAVE_NL_LANGINFO 1
| | #define HAVE_POSIX_OPENPT 1
| | #define HAVE_PTSNAME_R 1
| | #define HAVE_FCHMOD 1
| | #define HAVE_RENAMEAT 1
| | #define HAVE_SECURE_GETENV 1
| | #define HAVE_SETENV 1
| | #define HAVE_SLEEP 1
| | #define HAVE_SNPRINTF 1
| | #define HAVE_STRDUP 1
| | #define HAVE_TZSET 1
| | #define HAVE_STRNDUP 1
| | #define HAVE_STRTOIMAX 1
| | #define HAVE_STRTOUMAX 1
| | #define HAVE_SYMLINKAT 1
| | #define HAVE_LOCALTIME_R 1
| | #define HAVE_PIPE 1
| | #define HAVE_UNLINKAT 1
| | #define HAVE_FUTIMES 1
| | #define HAVE_FUTIMESAT 1
| | #define HAVE_UTIMENSAT 1
| | #define HAVE_LUTIMES 1
| | #define HAVE_WCRTOMB 1
| | #define HAVE_WCWIDTH 1
| | #define HAVE_SETLOCALE 1
| | #define HAVE_FSYNC 1
| | #define HAVE_GRANTPT 1
| | #define D_INO_IN_DIRENT 1
| | #define HAVE_LONG_FILE_NAMES 1
| | #define HAVE_LANGINFO_CODESET 1
| | #define FUNC_REALPATH_WORKS 1
| | #define HAVE_UNISTD_H 1
| | #define HAVE_CHOWN 1
| | #define HAVE_ENVIRON_DECL 1
| | #define HAVE_DECL_STRERROR_R 1
| | #define HAVE_STRERROR_R 1
| | #define STRERROR_R_CHAR_P 1
| | #define GETGROUPS_T gid_t
| | #define HAVE_DECL_FCHDIR 1
| | #define HAVE_WORKING_O_NOATIME 1
| | #define HAVE_WORKING_O_NOFOLLOW 1
| | #define HAVE_MBSTATE_T 1
| | #define HAVE_DECL_FSEEKO 1
| | #define HAVE_RAW_DECL_FCHMODAT 1
| | #define HAVE_RAW_DECL_FSTAT 1
| | #define HAVE_RAW_DECL_FSTATAT 1
| | #define HAVE_RAW_DECL_FUTIMENS 1
| | #define HAVE_RAW_DECL_LCHMOD 1
| | #define HAVE_RAW_DECL_LSTAT 1
| | #define HAVE_RAW_DECL_MKDIRAT 1
| | #define HAVE_RAW_DECL_MKFIFO 1
| | #define HAVE_RAW_DECL_MKFIFOAT 1
| | #define HAVE_RAW_DECL_MKNOD 1
| | #define HAVE_RAW_DECL_MKNODAT 1
| | #define HAVE_RAW_DECL_STAT 1
| | #define HAVE_RAW_DECL_UTIMENSAT 1
| | #define LSTAT_FOLLOWS_SLASHED_SYMLINK 1
| | #define HAVE_DECL_GETCWD 1
| | #define HAVE_DECL_GETDELIM 1
| | #define HAVE_DECL_GETLINE 1
| | #define HAVE_GETOPT_H 1
| | #define HAVE_GETOPT_LONG_ONLY 1
| | #define __GETOPT_PREFIX rpl_
| | #define HAVE_DECL_GETENV 1
| | #define HAVE_RAW_DECL_GETTIMEOFDAY 1
| | #define HAVE_UNSIGNED_LONG_LONG_INT 1
| | #define HAVE_LONG_LONG_INT 1
| | #define HAVE_RAW_DECL_IMAXABS 1
| | #define HAVE_RAW_DECL_IMAXDIV 1
| | #define HAVE_RAW_DECL_STRTOIMAX 1
| | #define HAVE_RAW_DECL_STRTOUMAX 1
| | #define HAVE_INTTYPES_H 1
| | #define HAVE_WINT_T 1
| | #define HAVE_TOWLOWER 1
| | #define HAVE_RAW_DECL_WCTYPE 1
| | #define HAVE_RAW_DECL_ISWCTYPE 1
| | #define HAVE_RAW_DECL_WCTRANS 1
| | #define HAVE_RAW_DECL_TOWCTRANS 1
| | #define HAVE_WCHAR_T 1
| | #define HAVE_STDLIB_H 1
| | #define MALLOC_0_IS_NONNULL 1
| | #define HAVE_MAP_ANONYMOUS 1
| | #define HAVE_DECL_MEMRCHR 1
| | #define HAVE_DECL_ALARM 1
| | #define PROMOTED_MODE_T mode_t
| | #define HAVE__BOOL 1
| | #define HAVE_COMPOUND_LITERALS 1
| | #define HAVE_TM_GMTOFF 1
| | #define HAVE_DECL_SETENV 1
| | #define HAVE_SEARCH_H 1
| | #define HAVE_TSEARCH 1
| | #define HAVE_SIGSET_T 1
| | #define HAVE_DECL_SNPRINTF 1
| | #define HAVE_DECL_STRDUP 1
| | #define HAVE_RAW_DECL_FFSL 1
| | #define HAVE_RAW_DECL_FFSLL 1
| | #define HAVE_RAW_DECL_MEMMEM 1
| | #define HAVE_RAW_DECL_MEMPCPY 1
| | #define HAVE_RAW_DECL_MEMRCHR 1
| | #define HAVE_RAW_DECL_RAWMEMCHR 1
| | #define HAVE_RAW_DECL_STPCPY 1
| | #define HAVE_RAW_DECL_STPNCPY 1
| | #define HAVE_RAW_DECL_STRCHRNUL 1
| | #define HAVE_RAW_DECL_STRDUP 1
| | #define HAVE_RAW_DECL_STRNCAT 1
| | #define HAVE_RAW_DECL_STRNDUP 1
| | #define HAVE_RAW_DECL_STRNLEN 1
| | #define HAVE_RAW_DECL_STRPBRK 1
| | #define HAVE_RAW_DECL_STRSEP 1
| | #define HAVE_RAW_DECL_STRCASESTR 1
| | #define HAVE_RAW_DECL_STRTOK_R 1
| | #define HAVE_RAW_DECL_STRERROR_R 1
| | #define HAVE_RAW_DECL_STRSIGNAL 1
| | #define HAVE_RAW_DECL_STRVERSCMP 1
| | #define HAVE_RAW_DECL_FFS 1
| | #define HAVE_RAW_DECL_STRCASECMP 1
| | #define HAVE_RAW_DECL_STRNCASECMP 1
| | #define HAVE_DECL_STRNDUP 1
| | #define HAVE_DECL_STRNLEN 1
| | #define HAVE_DECL_STRTOIMAX 1
| | #define HAVE_DECL_STRTOUMAX 1
| | #define HAVE_DECL_TTYNAME_R 1
| | #define HAVE_DECL_UNSETENV 1
| | #define HAVE_WORKING_UTIMES 1
| | #define HAVE_STRUCT_UTIMBUF 1
| | #define HAVE_INTTYPES_H_WITH_UINTMAX 1
| | #define HAVE_STDINT_H_WITH_UINTMAX 1
| | #define HAVE_INTMAX_T 1
| | #define DBL_EXPBIT0_WORD 1
| | #define DBL_EXPBIT0_BIT 20
| | #define HAVE_SNPRINTF 1
| | #define HAVE_STRNLEN 1
| | #define HAVE_WCSLEN 1
| | #define HAVE_WCSNLEN 1
| | #define HAVE_MBRTOWC 1
| | #define HAVE_WCRTOMB 1
| | #define HAVE_DECL__SNPRINTF 0
| | #define HAVE_SNPRINTF_RETVAL_C99 1
| | #define HAVE_DECL_VSNPRINTF 1
| | #define HAVE_ALLOCA 1
| | #define GNULIB_AREADLINKAT 1
| | #define HAVE_DECL_PROGRAM_INVOCATION_NAME 1
| | #define HAVE_DECL_PROGRAM_INVOCATION_SHORT_NAME 1
| | #define HAVE_PROGRAM_INVOCATION_NAME 1
| | #define HAVE_PROGRAM_INVOCATION_SHORT_NAME 1
| | #define GNULIB_TEST_BTOWC 1
| | #define GNULIB_CANONICALIZE_LGPL 1
| | #define GNULIB_TEST_CANONICALIZE_FILE_NAME 1
| | #define GNULIB_TEST_REALPATH 1
| | #define GNULIB_TEST_CHDIR 1
| | #define GNULIB_TEST_CHOWN 1
| | #define HAVE_CLOCK_GETTIME 1
| | #define HAVE_CLOCK_SETTIME 1
| | #define GNULIB_TEST_CLOEXEC 1
| | #define GNULIB_TEST_CLOSE 1
| | #define GNULIB_CLOSE_STREAM 1
| | #define HAVE_CLOSEDIR 1
| | #define GNULIB_TEST_CLOSEDIR 1
| | #define D_INO_IN_DIRENT 1
| | #define HAVE_RAW_DECL_ALPHASORT 1
| | #define HAVE_RAW_DECL_CLOSEDIR 1
| | #define HAVE_RAW_DECL_DIRFD 1
| | #define HAVE_RAW_DECL_FDOPENDIR 1
| | #define HAVE_RAW_DECL_OPENDIR 1
| | #define HAVE_RAW_DECL_READDIR 1
| | #define HAVE_RAW_DECL_REWINDDIR 1
| | #define HAVE_RAW_DECL_SCANDIR 1
| | #define GNULIB_DIRENT_SAFER 1
| | #define HAVE_DIRFD 1
| | #define HAVE_DECL_DIRFD 1
| | #define GNULIB_TEST_DIRFD 1
| | #define GNULIB_DIRNAME 1
| | #define GNULIB_TEST_DUP 1
| | #define HAVE_DUP2 1
| | #define GNULIB_TEST_DUP2 1
| | #define GNULIB_TEST_ENVIRON 1
| | #define HAVE_EUIDACCESS 1
| | #define GNULIB_TEST_EUIDACCESS 1
| | #define GNULIB_FACCESSAT 1
| | #define GNULIB_TEST_FACCESSAT 1
| | #define GNULIB_TEST_FCHDIR 1
| | #define GNULIB_FCHMODAT 1
| | #define GNULIB_TEST_FCHMODAT 1
| | #define GNULIB_FCHOWNAT 1
| | #define GNULIB_TEST_FCHOWNAT 1
| | #define GNULIB_TEST_FCNTL 1
| | #define HAVE_RAW_DECL_FCNTL 1
| | #define HAVE_RAW_DECL_OPENAT 1
| | #define HAVE_DECL_FDOPENDIR 1
| | #define GNULIB_TEST_FDOPENDIR 1
| | #define GNULIB_FDOPENDIR 1
| | #define GNULIB_FDUTIMENSAT 1
| | #define HAVE_STRUCT_STAT_ST_BLOCKS 1
| | #define HAVE_ST_BLOCKS 1
| | #define HAVE_DECL___FPENDING 1
| | #define GNULIB_TEST_FSEEK 1
| | #define GNULIB_TEST_FSEEKO 1
| | #define GNULIB_TEST_FSTAT 1
| | #define GNULIB_TEST_FSTATAT 1
| | #define GNULIB_TEST_FUTIMENS 1
| | #define HAVE_GETPAGESIZE 1
| | #define HAVE_MINIMALLY_WORKING_GETCWD 1
| | #define GNULIB_GETCWD 1
| | #define GNULIB_TEST_GETCWD 1
| | #define GNULIB_TEST_GETCWD 1
| | #define GNULIB_TEST_GETDELIM 1
| | #define GNULIB_TEST_GETDTABLESIZE 1
| | #define HAVE_GETGROUPS 1
| | #define GNULIB_TEST_GETGROUPS 1
| | #define GNULIB_TEST_GETLINE 1
| | #define GNULIB_TEST_GETOPT_GNU 1
| | #define __GETOPT_PREFIX rpl_
| | #define HAVE_GETPAGESIZE 1
| | #define GNULIB_TEST_GETPAGESIZE 1
| | #define GETTIMEOFDAY_TIMEZONE struct timezone
| | #define GNULIB_TEST_GETTIMEOFDAY 1
| | #define GNULIB_TEST_GROUP_MEMBER 1
| | #define GNULIB_TEST_ISATTY 1
| | #define HAVE_DECL_ISWBLANK 1
| | #define GNULIB_TEST_ISWBLANK 1
| | #define HAVE_RAW_DECL_NL_LANGINFO 1
| | #define HAVE_LCHOWN 1
| | #define GNULIB_TEST_LCHOWN 1
| | #define GNULIB_TEST_LINK 1
| | #define LINK_FOLLOWS_SYMLINKS 0
| | #define LINKAT_TRAILING_SLASH_BUG 0
| | #define GNULIB_TEST_LINKAT 1
| | #define HAVE_RAW_DECL_SETLOCALE 1
| | #define HAVE_RAW_DECL_DUPLOCALE 1
| | #define GNULIB_TEST_LOCALECONV 1
| | #define GNULIB_TEST_LSEEK 1
| | #define GNULIB_TEST_LSTAT 1
| | #define HAVE_STDLIB_H 1
| | #define HAVE_MALLOC_GNU 1
| | #define GNULIB_MALLOC_GNU 1
| | #define HAVE_MALLOC_POSIX 1
| | #define GNULIB_TEST_MALLOC_POSIX 1
| | #define GNULIB_TEST_MBRTOWC 1
| | #define GNULIB_TEST_MBSCASECMP 1
| | #define GNULIB_TEST_MBSINIT 1
| | #define GNULIB_TEST_MBSRTOWCS 1
| | #define GNULIB_TEST_MBTOWC 1
| | #define GNULIB_TEST_MEMCHR 1
| | #define HAVE_MEMPCPY 1
| | #define GNULIB_TEST_MEMPCPY 1
| | #define HAVE_MEMRCHR 1
| | #define GNULIB_TEST_MEMRCHR 1
| | #define GNULIB_TEST_MKDIRAT 1
| | #define HAVE_MKDTEMP 1
| | #define GNULIB_TEST_MKDTEMP 1
| | #define GNULIB_TEST_MKFIFO 1
| | #define GNULIB_TEST_MKFIFOAT 1
| | #define GNULIB_TEST_MKNODAT 1
| | #define MKNOD_FIFO_BUG 1
| | #define GNULIB_TEST_MKNOD 1
| | #define GNULIB_TEST_MKTIME 1
| | #define FUNC_NL_LANGINFO_YESEXPR_WORKS 1
| | #define GNULIB_TEST_NL_LANGINFO 1
| | #define HAVE_OBSTACK 1
| | #define GNULIB_TEST_OPEN 1
| | #define GNULIB_OPENAT 1
| | #define GNULIB_TEST_OPENAT 1
| | #define HAVE_OPENDIR 1
| | #define GNULIB_TEST_OPENDIR 1
| | #define HAVE_STRUCT_TM_TM_ZONE 1
| | #define HAVE_TM_ZONE 1
| | #define TIME_T_FITS_IN_LONG_INT 1
| | #define GNULIB_TEST_POSIX_OPENPT 1
| | #define HAVE_DECL_PROGRAM_INVOCATION_NAME 1
| | #define HAVE_DECL_PROGRAM_INVOCATION_SHORT_NAME 1
| | #define HAVE_PTSNAME 1
| | #define GNULIB_TEST_PTSNAME 1
| | #define GNULIB_TEST_PTSNAME_R 1
| | #define USE_ACL 0
| | #define HAVE_RAISE 1
| | #define GNULIB_TEST_RAISE 1
| | #define HAVE_RAWMEMCHR 1
| | #define GNULIB_TEST_RAWMEMCHR 1
| | #define GNULIB_TEST_READ 1
| | #define HAVE_READDIR 1
| | #define GNULIB_TEST_READDIR 1
| | #define GNULIB_TEST_READLINK 1
| | #define GNULIB_TEST_READLINKAT 1
| | #define HAVE_REALLOC_POSIX 1
| | #define GNULIB_TEST_REALLOC_POSIX 1
| | #define _REGEX_INCLUDE_LIMITS_H 1
| | #define _REGEX_LARGE_OFFSETS 1
| | #define re_syntax_options rpl_re_syntax_options
| | #define re_set_syntax rpl_re_set_syntax
| | #define re_compile_pattern rpl_re_compile_pattern
| | #define re_compile_fastmap rpl_re_compile_fastmap
| | #define re_search rpl_re_search
| | #define re_search_2 rpl_re_search_2
| | #define re_match rpl_re_match
| | #define re_match_2 rpl_re_match_2
| | #define re_set_registers rpl_re_set_registers
| | #define re_comp rpl_re_comp
| | #define re_exec rpl_re_exec
| | #define regcomp rpl_regcomp
| | #define regexec rpl_regexec
| | #define regerror rpl_regerror
| | #define regfree rpl_regfree
| | #define HAVE_LIBINTL_H 1
| | #define HAVE_DECL_ISBLANK 1
| | #define GNULIB_TEST_RENAME 1
| | #define GNULIB_TEST_RENAMEAT 1
| | #define HAVE_REWINDDIR 1
| | #define GNULIB_TEST_REWINDDIR 1
| | #define GNULIB_TEST_RMDIR 1
| | #define HAVE_RPMATCH 1
| | #define GNULIB_TEST_RPMATCH 1
| | #define GNULIB_TEST_SECURE_GETENV 1
| | #define HAVE_SELINUX_SELINUX_H 0
| | #define GNULIB_TEST_SETENV 1
| | #define HAVE_RAW_DECL_PTHREAD_SIGMASK 1
| | #define HAVE_RAW_DECL_SIGACTION 1
| | #define HAVE_RAW_DECL_SIGADDSET 1
| | #define HAVE_RAW_DECL_SIGDELSET 1
| | #define HAVE_RAW_DECL_SIGEMPTYSET 1
| | #define HAVE_RAW_DECL_SIGFILLSET 1
| | #define HAVE_RAW_DECL_SIGISMEMBER 1
| | #define HAVE_RAW_DECL_SIGPENDING 1
| | #define HAVE_RAW_DECL_SIGPROCMASK 1
| | #define HAVE_STDINT_H 1
| | #define HAVE_DECL_SLEEP 1
| | #define GNULIB_TEST_SLEEP 1
| | #define HAVE_SNPRINTF 1
| | #define GNULIB_TEST_SNPRINTF 1
| | #define GNULIB_SNPRINTF 1
| | #define GNULIB_TEST_STAT 1
| | #define HAVE_STRUCT_STAT_ST_ATIM_TV_NSEC 1
| | #define TYPEOF_STRUCT_STAT_ST_ATIM_IS_STRUCT_TIMESPEC 1
| | #define GNULIB_STATAT 1
| | #define GNULIB_FSCANF 1
| | #define GNULIB_SCANF 1
| | #define HAVE_RAW_DECL_DPRINTF 1
| | #define HAVE_RAW_DECL_FSEEKO 1
| | #define HAVE_RAW_DECL_FTELLO 1
| | #define HAVE_RAW_DECL_GETDELIM 1
| | #define HAVE_RAW_DECL_GETLINE 1
| | #define HAVE_RAW_DECL_PCLOSE 1
| | #define HAVE_RAW_DECL_POPEN 1
| | #define HAVE_RAW_DECL_RENAMEAT 1
| | #define HAVE_RAW_DECL_SNPRINTF 1
| | #define HAVE_RAW_DECL_TMPFILE 1
| | #define HAVE_RAW_DECL_VDPRINTF 1
| | #define HAVE_RAW_DECL_VSNPRINTF 1
| | #define HAVE_RAW_DECL__EXIT 1
| | #define HAVE_RAW_DECL_ATOLL 1
| | #define HAVE_RAW_DECL_CANONICALIZE_FILE_NAME 1
| | #define HAVE_RAW_DECL_GETLOADAVG 1
| | #define HAVE_RAW_DECL_GETSUBOPT 1
| | #define HAVE_RAW_DECL_GRANTPT 1
| | #define HAVE_RAW_DECL_INITSTATE 1
| | #define HAVE_RAW_DECL_INITSTATE_R 1
| | #define HAVE_RAW_DECL_MKDTEMP 1
| | #define HAVE_RAW_DECL_MKOSTEMP 1
| | #define HAVE_RAW_DECL_MKOSTEMPS 1
| | #define HAVE_RAW_DECL_MKSTEMP 1
| | #define HAVE_RAW_DECL_MKSTEMPS 1
| | #define HAVE_RAW_DECL_POSIX_OPENPT 1
| | #define HAVE_RAW_DECL_PTSNAME 1
| | #define HAVE_RAW_DECL_PTSNAME_R 1
| | #define HAVE_RAW_DECL_RANDOM 1
| | #define HAVE_RAW_DECL_RANDOM_R 1
| | #define HAVE_RAW_DECL_REALPATH 1
| | #define HAVE_RAW_DECL_RPMATCH 1
| | #define HAVE_RAW_DECL_SECURE_GETENV 1
| | #define HAVE_RAW_DECL_SETENV 1
| | #define HAVE_RAW_DECL_SETSTATE 1
| | #define HAVE_RAW_DECL_SETSTATE_R 1
| | #define HAVE_RAW_DECL_SRANDOM 1
| | #define HAVE_RAW_DECL_SRANDOM_R 1
| | #define HAVE_RAW_DECL_STRTOD 1
| | #define HAVE_RAW_DECL_STRTOLL 1
| | #define HAVE_RAW_DECL_STRTOULL 1
| | #define HAVE_RAW_DECL_UNLOCKPT 1
| | #define HAVE_RAW_DECL_UNSETENV 1
| | #define HAVE_STPCPY 1
| | #define GNULIB_TEST_STPCPY 1
| | #define HAVE_STRCASECMP 1
| | #define HAVE_STRNCASECMP 1
| | #define HAVE_DECL_STRNCASECMP 1
| | #define HAVE_STRCHRNUL 1
| | #define GNULIB_TEST_STRCHRNUL 1
| | #define GNULIB_TEST_STRDUP 1
| | #define GNULIB_STRERROR 1
| | #define GNULIB_TEST_STRERROR 1
| | #define my_strftime nstrftime
| | #define GNULIB_TEST_STRNDUP 1
| | #define GNULIB_TEST_STRNLEN 1
| | #define HAVE_STRTOL 1
| | #define HAVE_STRTOLL 1
| | #define GNULIB_TEST_STRTOLL 1
| | #define HAVE_STRTOUL 1
| | #define HAVE_STRTOULL 1
| | #define GNULIB_TEST_STRTOULL 1
| | #define GNULIB_TEST_SYMLINK 1
| | #define GNULIB_TEST_SYMLINKAT 1
| | #define HAVE_RAW_DECL_FCHMODAT 1
| | #define HAVE_RAW_DECL_FSTAT 1
| | #define HAVE_RAW_DECL_FSTATAT 1
| | #define HAVE_RAW_DECL_FUTIMENS 1
| | #define HAVE_RAW_DECL_LCHMOD 1
| | #define HAVE_RAW_DECL_LSTAT 1
| | #define HAVE_RAW_DECL_MKDIRAT 1
| | #define HAVE_RAW_DECL_MKFIFO 1
| | #define HAVE_RAW_DECL_MKFIFOAT 1
| | #define HAVE_RAW_DECL_MKNOD 1
| | #define HAVE_RAW_DECL_MKNODAT 1
| | #define HAVE_RAW_DECL_STAT 1
| | #define HAVE_RAW_DECL_UTIMENSAT 1
| | #define HAVE_DECL_LOCALTIME_R 1
| | #define GNULIB_TEST_TIME_R 1
| | #define HAVE_TTYNAME_R 1
| | #define HAVE_POSIXDECL_TTYNAME_R 1
| | #define GNULIB_TEST_TTYNAME_R 1
| | #define HAVE_RAW_DECL_CHDIR 1
| | #define HAVE_RAW_DECL_CHOWN 1
| | #define HAVE_RAW_DECL_DUP 1
| | #define HAVE_RAW_DECL_DUP2 1
| | #define HAVE_RAW_DECL_DUP3 1
| | #define HAVE_RAW_DECL_ENVIRON 1
| | #define HAVE_RAW_DECL_EUIDACCESS 1
| | #define HAVE_RAW_DECL_FACCESSAT 1
| | #define HAVE_RAW_DECL_FCHDIR 1
| | #define HAVE_RAW_DECL_FCHOWNAT 1
| | #define HAVE_RAW_DECL_FDATASYNC 1
| | #define HAVE_RAW_DECL_FSYNC 1
| | #define HAVE_RAW_DECL_FTRUNCATE 1
| | #define HAVE_RAW_DECL_GETCWD 1
| | #define HAVE_RAW_DECL_GETDOMAINNAME 1
| | #define HAVE_RAW_DECL_GETDTABLESIZE 1
| | #define HAVE_RAW_DECL_GETGROUPS 1
| | #define HAVE_RAW_DECL_GETHOSTNAME 1
| | #define HAVE_RAW_DECL_GETLOGIN 1
| | #define HAVE_RAW_DECL_GETLOGIN_R 1
| | #define HAVE_RAW_DECL_GETPAGESIZE 1
| | #define HAVE_RAW_DECL_GETUSERSHELL 1
| | #define HAVE_RAW_DECL_SETUSERSHELL 1
| | #define HAVE_RAW_DECL_ENDUSERSHELL 1
| | #define HAVE_RAW_DECL_GROUP_MEMBER 1
| | #define HAVE_RAW_DECL_ISATTY 1
| | #define HAVE_RAW_DECL_LCHOWN 1
| | #define HAVE_RAW_DECL_LINK 1
| | #define HAVE_RAW_DECL_LINKAT 1
| | #define HAVE_RAW_DECL_LSEEK 1
| | #define HAVE_RAW_DECL_PIPE 1
| | #define HAVE_RAW_DECL_PIPE2 1
| | #define HAVE_RAW_DECL_PREAD 1
| | #define HAVE_RAW_DECL_PWRITE 1
| | #define HAVE_RAW_DECL_READLINK 1
| | #define HAVE_RAW_DECL_READLINKAT 1
| | #define HAVE_RAW_DECL_RMDIR 1
| | #define HAVE_RAW_DECL_SETHOSTNAME 1
| | #define HAVE_RAW_DECL_SLEEP 1
| | #define HAVE_RAW_DECL_SYMLINK 1
| | #define HAVE_RAW_DECL_SYMLINKAT 1
| | #define HAVE_RAW_DECL_TTYNAME_R 1
| | #define HAVE_RAW_DECL_UNLINK 1
| | #define HAVE_RAW_DECL_UNLINKAT 1
| | #define HAVE_RAW_DECL_USLEEP 1
| | #define GNULIB_TEST_UNLINK 1
| | #define GNULIB_TEST_UNLINKAT 1
| | #define UNLINK_CANNOT_UNLINK_DIR 1
| | #define USE_UNLOCKED_IO 1
| | #define HAVE_UNLOCKPT 1
| | #define GNULIB_TEST_UNLOCKPT 1
| | #define HAVE_UNSETENV 1
| | #define GNULIB_TEST_UNSETENV 1
| | #define GNULIB_TEST_UTIMENSAT 1
| | #define HAVE_VASPRINTF 1
| | #define GNULIB_TEST_VASPRINTF 1
| | #define HAVE_VSNPRINTF 1
| | #define GNULIB_TEST_VSNPRINTF 1
| | #define HAVE_RAW_DECL_BTOWC 1
| | #define HAVE_RAW_DECL_WCTOB 1
| | #define HAVE_RAW_DECL_MBSINIT 1
| | #define HAVE_RAW_DECL_MBRTOWC 1
| | #define HAVE_RAW_DECL_MBRLEN 1
| | #define HAVE_RAW_DECL_MBSRTOWCS 1
| | #define HAVE_RAW_DECL_MBSNRTOWCS 1
| | #define HAVE_RAW_DECL_WCRTOMB 1
| | #define HAVE_RAW_DECL_WCSRTOMBS 1
| | #define HAVE_RAW_DECL_WCSNRTOMBS 1
| | #define HAVE_RAW_DECL_WCWIDTH 1
| | #define HAVE_RAW_DECL_WMEMCHR 1
| | #define HAVE_RAW_DECL_WMEMCMP 1
| | #define HAVE_RAW_DECL_WMEMCPY 1
| | #define HAVE_RAW_DECL_WMEMMOVE 1
| | #define HAVE_RAW_DECL_WMEMSET 1
| | #define HAVE_RAW_DECL_WCSLEN 1
| | #define HAVE_RAW_DECL_WCSNLEN 1
| | #define HAVE_RAW_DECL_WCSCPY 1
| | #define HAVE_RAW_DECL_WCPCPY 1
| | #define HAVE_RAW_DECL_WCSNCPY 1
| | #define HAVE_RAW_DECL_WCPNCPY 1
| | #define HAVE_RAW_DECL_WCSCAT 1
| | #define HAVE_RAW_DECL_WCSNCAT 1
| | #define HAVE_RAW_DECL_WCSCMP 1
| | #define HAVE_RAW_DECL_WCSNCMP 1
| | #define HAVE_RAW_DECL_WCSCASECMP 1
| | #define HAVE_RAW_DECL_WCSNCASECMP 1
| | #define HAVE_RAW_DECL_WCSCOLL 1
| | #define HAVE_RAW_DECL_WCSXFRM 1
| | #define HAVE_RAW_DECL_WCSDUP 1
| | #define HAVE_RAW_DECL_WCSCHR 1
| | #define HAVE_RAW_DECL_WCSRCHR 1
| | #define HAVE_RAW_DECL_WCSCSPN 1
| | #define HAVE_RAW_DECL_WCSSPN 1
| | #define HAVE_RAW_DECL_WCSPBRK 1
| | #define HAVE_RAW_DECL_WCSSTR 1
| | #define HAVE_RAW_DECL_WCSTOK 1
| | #define HAVE_RAW_DECL_WCSWIDTH 1
| | #define GNULIB_TEST_WCRTOMB 1
| | #define HAVE_TOWLOWER 1
| | #define HAVE_RAW_DECL_WCTYPE 1
| | #define HAVE_RAW_DECL_ISWCTYPE 1
| | #define HAVE_RAW_DECL_WCTRANS 1
| | #define HAVE_RAW_DECL_TOWCTRANS 1
| | #define HAVE_DECL_WCWIDTH 1
| | #define GNULIB_TEST_WCWIDTH 1
| | #define GNULIB_TEST_WRITE 1
| | #define HAVE_STDINT_H 1
| | #define TIME_WITH_SYS_TIME 1
| | #define HAVE_STRUCT_STAT_ST_BLKSIZE 1
| | #define HAVE_ST_BLKSIZE 1
| | #define HAVE_SYS_MTIO_H 1
| | #define MTIO_CHECK_FIELD mt_type
| | #define HAVE_STRUCT_STAT_ST_BLKSIZE 1
| | #define HAVE_SYS_XATTR_H 1
| | #define HAVE_GETXATTR 1
| | #define HAVE_SYS_XATTR_H 1
| | #define HAVE_XATTRS /**/
| | #define HAVE_FGETXATTR 1
| | #define HAVE_SYS_XATTR_H 1
| | #define HAVE_XATTRS /**/
| | #define HAVE_LGETXATTR 1
| | #define HAVE_SYS_XATTR_H 1
| | #define HAVE_XATTRS /**/
| | #define HAVE_SETXATTR 1
| | #define HAVE_SYS_XATTR_H 1
| | #define HAVE_XATTRS /**/
| | #define HAVE_FSETXATTR 1
| | #define HAVE_SYS_XATTR_H 1
| | #define HAVE_XATTRS /**/
| | #define HAVE_LSETXATTR 1
| | #define HAVE_SYS_XATTR_H 1
| | #define HAVE_XATTRS /**/
| | #define HAVE_LISTXATTR 1
| | #define HAVE_SYS_XATTR_H 1
| | #define HAVE_XATTRS /**/
| | #define HAVE_FLISTXATTR 1
| | #define HAVE_SYS_XATTR_H 1
| | #define HAVE_XATTRS /**/
| | #define HAVE_LLISTXATTR 1
| | #define HAVE_SYS_XATTR_H 1
| | #define HAVE_XATTRS /**/
| | #define HAVE_DECL_GETGRGID 1
| | #define HAVE_DECL_GETPWUID 1
| | #define HAVE_DECL_TIME 1
| | #define HAVE_WAITPID 1
| | #define REMOTE_SHELL "/usr/bin/rsh"
| | #define COMPRESS_PROGRAM "compress"
| | #define GZIP_PROGRAM "gzip"
| | #define BZIP2_PROGRAM "bzip2"
| | #define LZIP_PROGRAM "lzip"
| | #define LZMA_PROGRAM "lzma"
| | #define LZOP_PROGRAM "lzop"
| | #define XZ_PROGRAM "xz"
| | #define DEFAULT_ARCHIVE_FORMAT GNU_FORMAT
| | #define DEFAULT_ARCHIVE "-"
| | #define DEFAULT_BLOCKING 20
| | #define DEFAULT_QUOTING_STYLE escape_quoting_style
| | #define HAVE_ICONV 1
| | #define ICONV_CONST 
| | #define HAVE_ICONV_H 1
| | /* end confdefs.h.  */
| | #include <CoreFoundation/CFPreferences.h>
| | int
| | main ()
| | {
| | CFPreferencesCopyAppValue(NULL, NULL)
| |   ;
| |   return 0;
| | }
| configure:36907: result: no
| configure:36914: checking for CFLocaleCopyCurrent
| configure:36932: gcc -std=gnu99 -o conftest -g -O2   conftest.c  -Wl,-framework -Wl,CoreFoundation >&5
| conftest.c:699:37: fatal error: CoreFoundation/CFLocale.h: No such file or directory
| compilation terminated.
| configure:36932: $? = 1
| configure: failed program was:
| | /* confdefs.h */
| | #define PACKAGE_NAME "GNU tar"
| | #define PACKAGE_TARNAME "tar"
| | #define PACKAGE_VERSION "1.28"
| | #define PACKAGE_STRING "GNU tar 1.28"
| | #define PACKAGE_BUGREPORT "bug-tar@gnu.org"
| | #define PACKAGE_URL "http://www.gnu.org/software/tar/"
| | #define PACKAGE "tar"
| | #define VERSION "1.28"
| | #define STDC_HEADERS 1
| | #define HAVE_SYS_TYPES_H 1
| | #define HAVE_SYS_STAT_H 1
| | #define HAVE_STDLIB_H 1
| | #define HAVE_STRING_H 1
| | #define HAVE_MEMORY_H 1
| | #define HAVE_STRINGS_H 1
| | #define HAVE_INTTYPES_H 1
| | #define HAVE_STDINT_H 1
| | #define HAVE_UNISTD_H 1
| | #define __EXTENSIONS__ 1
| | #define _ALL_SOURCE 1
| | #define _DARWIN_C_SOURCE 1
| | #define _GNU_SOURCE 1
| | #define _POSIX_PTHREAD_SEMANTICS 1
| | #define _TANDEM_SOURCE 1
| | #define HAVE_FSEEKO 1
| | #define _DARWIN_USE_64_BIT_INODE 1
| | #define _DARWIN_USE_64_BIT_INODE 1
| | #define HAVE_FCNTL_H 1
| | #define HAVE_LINUX_FD_H 1
| | #define HAVE_MEMORY_H 1
| | #define HAVE_SGTTY_H 1
| | #define HAVE_STRING_H 1
| | #define HAVE_SYS_PARAM_H 1
| | #define HAVE_SYS_MTIO_H 1
| | #define HAVE_SYS_TIME_H 1
| | #define HAVE_UNISTD_H 1
| | #define HAVE_LOCALE_H 1
| | #define HAVE_FEATURES_H 1
| | #define HAVE_SYS_SOCKET_H 1
| | #define HAVE_DIRENT_H 1
| | #define HAVE_WCTYPE_H 1
| | #define HAVE_STDIO_EXT_H 1
| | #define HAVE_SYS_STAT_H 1
| | #define HAVE_GETOPT_H 1
| | #define HAVE_WCHAR_H 1
| | #define HAVE_STDINT_H 1
| | #define HAVE_INTTYPES_H 1
| | #define HAVE_LANGINFO_H 1
| | #define HAVE_XLOCALE_H 1
| | #define HAVE_SYS_MMAN_H 1
| | #define HAVE_MALLOC_H 1
| | #define HAVE_STRINGS_H 1
| | #define HAVE_SYSEXITS_H 1
| | #define HAVE_UTIME_H 1
| | #define HAVE_NETDB_H 1
| | #define HAVE_SYS_WAIT_H 1
| | #define HAVE_PWD_H 1
| | #define HAVE_GRP_H 1
| | #define major_t int
| | #define minor_t int
| | #define HAVE_ALLOCA_H 1
| | #define HAVE_ALLOCA 1
| | #define restrict __restrict
| | #define HAVE_DECL_CLEARERR_UNLOCKED 1
| | #define HAVE_DECL_FEOF_UNLOCKED 1
| | #define HAVE_DECL_FERROR_UNLOCKED 1
| | #define HAVE_DECL_FFLUSH_UNLOCKED 1
| | #define HAVE_DECL_FGETS_UNLOCKED 1
| | #define HAVE_DECL_FPUTC_UNLOCKED 1
| | #define HAVE_DECL_FPUTS_UNLOCKED 1
| | #define HAVE_DECL_FREAD_UNLOCKED 1
| | #define HAVE_DECL_FWRITE_UNLOCKED 1
| | #define HAVE_DECL_GETC_UNLOCKED 1
| | #define HAVE_DECL_GETCHAR_UNLOCKED 1
| | #define HAVE_DECL_PUTC_UNLOCKED 1
| | #define HAVE_DECL_PUTCHAR_UNLOCKED 1
| | #define HAVE_FLOCKFILE 1
| | #define HAVE_FUNLOCKFILE 1
| | #define HAVE_PATHCONF 1
| | #define HAVE_BTOWC 1
| | #define HAVE_CANONICALIZE_FILE_NAME 1
| | #define HAVE_GETCWD 1
| | #define HAVE_READLINK 1
| | #define HAVE_REALPATH 1
| | #define HAVE_READLINKAT 1
| | #define HAVE_CHOWN 1
| | #define HAVE_FCHOWN 1
| | #define HAVE_FCHDIR 1
| | #define HAVE_FDOPENDIR 1
| | #define HAVE_FACCESSAT 1
| | #define HAVE_FCHMODAT 1
| | #define HAVE_FCNTL 1
| | #define HAVE_SYMLINK 1
| | #define HAVE_MEMPCPY 1
| | #define HAVE_ISBLANK 1
| | #define HAVE_ISWCTYPE 1
| | #define HAVE_MBSRTOWCS 1
| | #define HAVE_WMEMCHR 1
| | #define HAVE_WMEMCPY 1
| | #define HAVE_WMEMPCPY 1
| | #define HAVE_FSTATAT 1
| | #define HAVE_FUTIMENS 1
| | #define HAVE_GETDELIM 1
| | #define HAVE_GETDTABLESIZE 1
| | #define HAVE_GETTIMEOFDAY 1
| | #define HAVE_ISWCNTRL 1
| | #define HAVE_ISWBLANK 1
| | #define HAVE_LINK 1
| | #define HAVE_OPENAT 1
| | #define HAVE_LINKAT 1
| | #define HAVE_LSTAT 1
| | #define HAVE_MBSINIT 1
| | #define HAVE_MBRTOWC 1
| | #define HAVE_MPROTECT 1
| | #define HAVE_MKDIRAT 1
| | #define HAVE_MKFIFO 1
| | #define HAVE_MKFIFOAT 1
| | #define HAVE_MKNODAT 1
| | #define HAVE_MKNOD 1
| | #define HAVE_NL_LANGINFO 1
| | #define HAVE_POSIX_OPENPT 1
| | #define HAVE_PTSNAME_R 1
| | #define HAVE_FCHMOD 1
| | #define HAVE_RENAMEAT 1
| | #define HAVE_SECURE_GETENV 1
| | #define HAVE_SETENV 1
| | #define HAVE_SLEEP 1
| | #define HAVE_SNPRINTF 1
| | #define HAVE_STRDUP 1
| | #define HAVE_TZSET 1
| | #define HAVE_STRNDUP 1
| | #define HAVE_STRTOIMAX 1
| | #define HAVE_STRTOUMAX 1
| | #define HAVE_SYMLINKAT 1
| | #define HAVE_LOCALTIME_R 1
| | #define HAVE_PIPE 1
| | #define HAVE_UNLINKAT 1
| | #define HAVE_FUTIMES 1
| | #define HAVE_FUTIMESAT 1
| | #define HAVE_UTIMENSAT 1
| | #define HAVE_LUTIMES 1
| | #define HAVE_WCRTOMB 1
| | #define HAVE_WCWIDTH 1
| | #define HAVE_SETLOCALE 1
| | #define HAVE_FSYNC 1
| | #define HAVE_GRANTPT 1
| | #define D_INO_IN_DIRENT 1
| | #define HAVE_LONG_FILE_NAMES 1
| | #define HAVE_LANGINFO_CODESET 1
| | #define FUNC_REALPATH_WORKS 1
| | #define HAVE_UNISTD_H 1
| | #define HAVE_CHOWN 1
| | #define HAVE_ENVIRON_DECL 1
| | #define HAVE_DECL_STRERROR_R 1
| | #define HAVE_STRERROR_R 1
| | #define STRERROR_R_CHAR_P 1
| | #define GETGROUPS_T gid_t
| | #define HAVE_DECL_FCHDIR 1
| | #define HAVE_WORKING_O_NOATIME 1
| | #define HAVE_WORKING_O_NOFOLLOW 1
| | #define HAVE_MBSTATE_T 1
| | #define HAVE_DECL_FSEEKO 1
| | #define HAVE_RAW_DECL_FCHMODAT 1
| | #define HAVE_RAW_DECL_FSTAT 1
| | #define HAVE_RAW_DECL_FSTATAT 1
| | #define HAVE_RAW_DECL_FUTIMENS 1
| | #define HAVE_RAW_DECL_LCHMOD 1
| | #define HAVE_RAW_DECL_LSTAT 1
| | #define HAVE_RAW_DECL_MKDIRAT 1
| | #define HAVE_RAW_DECL_MKFIFO 1
| | #define HAVE_RAW_DECL_MKFIFOAT 1
| | #define HAVE_RAW_DECL_MKNOD 1
| | #define HAVE_RAW_DECL_MKNODAT 1
| | #define HAVE_RAW_DECL_STAT 1
| | #define HAVE_RAW_DECL_UTIMENSAT 1
| | #define LSTAT_FOLLOWS_SLASHED_SYMLINK 1
| | #define HAVE_DECL_GETCWD 1
| | #define HAVE_DECL_GETDELIM 1
| | #define HAVE_DECL_GETLINE 1
| | #define HAVE_GETOPT_H 1
| | #define HAVE_GETOPT_LONG_ONLY 1
| | #define __GETOPT_PREFIX rpl_
| | #define HAVE_DECL_GETENV 1
| | #define HAVE_RAW_DECL_GETTIMEOFDAY 1
| | #define HAVE_UNSIGNED_LONG_LONG_INT 1
| | #define HAVE_LONG_LONG_INT 1
| | #define HAVE_RAW_DECL_IMAXABS 1
| | #define HAVE_RAW_DECL_IMAXDIV 1
| | #define HAVE_RAW_DECL_STRTOIMAX 1
| | #define HAVE_RAW_DECL_STRTOUMAX 1
| | #define HAVE_INTTYPES_H 1
| | #define HAVE_WINT_T 1
| | #define HAVE_TOWLOWER 1
| | #define HAVE_RAW_DECL_WCTYPE 1
| | #define HAVE_RAW_DECL_ISWCTYPE 1
| | #define HAVE_RAW_DECL_WCTRANS 1
| | #define HAVE_RAW_DECL_TOWCTRANS 1
| | #define HAVE_WCHAR_T 1
| | #define HAVE_STDLIB_H 1
| | #define MALLOC_0_IS_NONNULL 1
| | #define HAVE_MAP_ANONYMOUS 1
| | #define HAVE_DECL_MEMRCHR 1
| | #define HAVE_DECL_ALARM 1
| | #define PROMOTED_MODE_T mode_t
| | #define HAVE__BOOL 1
| | #define HAVE_COMPOUND_LITERALS 1
| | #define HAVE_TM_GMTOFF 1
| | #define HAVE_DECL_SETENV 1
| | #define HAVE_SEARCH_H 1
| | #define HAVE_TSEARCH 1
| | #define HAVE_SIGSET_T 1
| | #define HAVE_DECL_SNPRINTF 1
| | #define HAVE_DECL_STRDUP 1
| | #define HAVE_RAW_DECL_FFSL 1
| | #define HAVE_RAW_DECL_FFSLL 1
| | #define HAVE_RAW_DECL_MEMMEM 1
| | #define HAVE_RAW_DECL_MEMPCPY 1
| | #define HAVE_RAW_DECL_MEMRCHR 1
| | #define HAVE_RAW_DECL_RAWMEMCHR 1
| | #define HAVE_RAW_DECL_STPCPY 1
| | #define HAVE_RAW_DECL_STPNCPY 1
| | #define HAVE_RAW_DECL_STRCHRNUL 1
| | #define HAVE_RAW_DECL_STRDUP 1
| | #define HAVE_RAW_DECL_STRNCAT 1
| | #define HAVE_RAW_DECL_STRNDUP 1
| | #define HAVE_RAW_DECL_STRNLEN 1
| | #define HAVE_RAW_DECL_STRPBRK 1
| | #define HAVE_RAW_DECL_STRSEP 1
| | #define HAVE_RAW_DECL_STRCASESTR 1
| | #define HAVE_RAW_DECL_STRTOK_R 1
| | #define HAVE_RAW_DECL_STRERROR_R 1
| | #define HAVE_RAW_DECL_STRSIGNAL 1
| | #define HAVE_RAW_DECL_STRVERSCMP 1
| | #define HAVE_RAW_DECL_FFS 1
| | #define HAVE_RAW_DECL_STRCASECMP 1
| | #define HAVE_RAW_DECL_STRNCASECMP 1
| | #define HAVE_DECL_STRNDUP 1
| | #define HAVE_DECL_STRNLEN 1
| | #define HAVE_DECL_STRTOIMAX 1
| | #define HAVE_DECL_STRTOUMAX 1
| | #define HAVE_DECL_TTYNAME_R 1
| | #define HAVE_DECL_UNSETENV 1
| | #define HAVE_WORKING_UTIMES 1
| | #define HAVE_STRUCT_UTIMBUF 1
| | #define HAVE_INTTYPES_H_WITH_UINTMAX 1
| | #define HAVE_STDINT_H_WITH_UINTMAX 1
| | #define HAVE_INTMAX_T 1
| | #define DBL_EXPBIT0_WORD 1
| | #define DBL_EXPBIT0_BIT 20
| | #define HAVE_SNPRINTF 1
| | #define HAVE_STRNLEN 1
| | #define HAVE_WCSLEN 1
| | #define HAVE_WCSNLEN 1
| | #define HAVE_MBRTOWC 1
| | #define HAVE_WCRTOMB 1
| | #define HAVE_DECL__SNPRINTF 0
| | #define HAVE_SNPRINTF_RETVAL_C99 1
| | #define HAVE_DECL_VSNPRINTF 1
| | #define HAVE_ALLOCA 1
| | #define GNULIB_AREADLINKAT 1
| | #define HAVE_DECL_PROGRAM_INVOCATION_NAME 1
| | #define HAVE_DECL_PROGRAM_INVOCATION_SHORT_NAME 1
| | #define HAVE_PROGRAM_INVOCATION_NAME 1
| | #define HAVE_PROGRAM_INVOCATION_SHORT_NAME 1
| | #define GNULIB_TEST_BTOWC 1
| | #define GNULIB_CANONICALIZE_LGPL 1
| | #define GNULIB_TEST_CANONICALIZE_FILE_NAME 1
| | #define GNULIB_TEST_REALPATH 1
| | #define GNULIB_TEST_CHDIR 1
| | #define GNULIB_TEST_CHOWN 1
| | #define HAVE_CLOCK_GETTIME 1
| | #define HAVE_CLOCK_SETTIME 1
| | #define GNULIB_TEST_CLOEXEC 1
| | #define GNULIB_TEST_CLOSE 1
| | #define GNULIB_CLOSE_STREAM 1
| | #define HAVE_CLOSEDIR 1
| | #define GNULIB_TEST_CLOSEDIR 1
| | #define D_INO_IN_DIRENT 1
| | #define HAVE_RAW_DECL_ALPHASORT 1
| | #define HAVE_RAW_DECL_CLOSEDIR 1
| | #define HAVE_RAW_DECL_DIRFD 1
| | #define HAVE_RAW_DECL_FDOPENDIR 1
| | #define HAVE_RAW_DECL_OPENDIR 1
| | #define HAVE_RAW_DECL_READDIR 1
| | #define HAVE_RAW_DECL_REWINDDIR 1
| | #define HAVE_RAW_DECL_SCANDIR 1
| | #define GNULIB_DIRENT_SAFER 1
| | #define HAVE_DIRFD 1
| | #define HAVE_DECL_DIRFD 1
| | #define GNULIB_TEST_DIRFD 1
| | #define GNULIB_DIRNAME 1
| | #define GNULIB_TEST_DUP 1
| | #define HAVE_DUP2 1
| | #define GNULIB_TEST_DUP2 1
| | #define GNULIB_TEST_ENVIRON 1
| | #define HAVE_EUIDACCESS 1
| | #define GNULIB_TEST_EUIDACCESS 1
| | #define GNULIB_FACCESSAT 1
| | #define GNULIB_TEST_FACCESSAT 1
| | #define GNULIB_TEST_FCHDIR 1
| | #define GNULIB_FCHMODAT 1
| | #define GNULIB_TEST_FCHMODAT 1
| | #define GNULIB_FCHOWNAT 1
| | #define GNULIB_TEST_FCHOWNAT 1
| | #define GNULIB_TEST_FCNTL 1
| | #define HAVE_RAW_DECL_FCNTL 1
| | #define HAVE_RAW_DECL_OPENAT 1
| | #define HAVE_DECL_FDOPENDIR 1
| | #define GNULIB_TEST_FDOPENDIR 1
| | #define GNULIB_FDOPENDIR 1
| | #define GNULIB_FDUTIMENSAT 1
| | #define HAVE_STRUCT_STAT_ST_BLOCKS 1
| | #define HAVE_ST_BLOCKS 1
| | #define HAVE_DECL___FPENDING 1
| | #define GNULIB_TEST_FSEEK 1
| | #define GNULIB_TEST_FSEEKO 1
| | #define GNULIB_TEST_FSTAT 1
| | #define GNULIB_TEST_FSTATAT 1
| | #define GNULIB_TEST_FUTIMENS 1
| | #define HAVE_GETPAGESIZE 1
| | #define HAVE_MINIMALLY_WORKING_GETCWD 1
| | #define GNULIB_GETCWD 1
| | #define GNULIB_TEST_GETCWD 1
| | #define GNULIB_TEST_GETCWD 1
| | #define GNULIB_TEST_GETDELIM 1
| | #define GNULIB_TEST_GETDTABLESIZE 1
| | #define HAVE_GETGROUPS 1
| | #define GNULIB_TEST_GETGROUPS 1
| | #define GNULIB_TEST_GETLINE 1
| | #define GNULIB_TEST_GETOPT_GNU 1
| | #define __GETOPT_PREFIX rpl_
| | #define HAVE_GETPAGESIZE 1
| | #define GNULIB_TEST_GETPAGESIZE 1
| | #define GETTIMEOFDAY_TIMEZONE struct timezone
| | #define GNULIB_TEST_GETTIMEOFDAY 1
| | #define GNULIB_TEST_GROUP_MEMBER 1
| | #define GNULIB_TEST_ISATTY 1
| | #define HAVE_DECL_ISWBLANK 1
| | #define GNULIB_TEST_ISWBLANK 1
| | #define HAVE_RAW_DECL_NL_LANGINFO 1
| | #define HAVE_LCHOWN 1
| | #define GNULIB_TEST_LCHOWN 1
| | #define GNULIB_TEST_LINK 1
| | #define LINK_FOLLOWS_SYMLINKS 0
| | #define LINKAT_TRAILING_SLASH_BUG 0
| | #define GNULIB_TEST_LINKAT 1
| | #define HAVE_RAW_DECL_SETLOCALE 1
| | #define HAVE_RAW_DECL_DUPLOCALE 1
| | #define GNULIB_TEST_LOCALECONV 1
| | #define GNULIB_TEST_LSEEK 1
| | #define GNULIB_TEST_LSTAT 1
| | #define HAVE_STDLIB_H 1
| | #define HAVE_MALLOC_GNU 1
| | #define GNULIB_MALLOC_GNU 1
| | #define HAVE_MALLOC_POSIX 1
| | #define GNULIB_TEST_MALLOC_POSIX 1
| | #define GNULIB_TEST_MBRTOWC 1
| | #define GNULIB_TEST_MBSCASECMP 1
| | #define GNULIB_TEST_MBSINIT 1
| | #define GNULIB_TEST_MBSRTOWCS 1
| | #define GNULIB_TEST_MBTOWC 1
| | #define GNULIB_TEST_MEMCHR 1
| | #define HAVE_MEMPCPY 1
| | #define GNULIB_TEST_MEMPCPY 1
| | #define HAVE_MEMRCHR 1
| | #define GNULIB_TEST_MEMRCHR 1
| | #define GNULIB_TEST_MKDIRAT 1
| | #define HAVE_MKDTEMP 1
| | #define GNULIB_TEST_MKDTEMP 1
| | #define GNULIB_TEST_MKFIFO 1
| | #define GNULIB_TEST_MKFIFOAT 1
| | #define GNULIB_TEST_MKNODAT 1
| | #define MKNOD_FIFO_BUG 1
| | #define GNULIB_TEST_MKNOD 1
| | #define GNULIB_TEST_MKTIME 1
| | #define FUNC_NL_LANGINFO_YESEXPR_WORKS 1
| | #define GNULIB_TEST_NL_LANGINFO 1
| | #define HAVE_OBSTACK 1
| | #define GNULIB_TEST_OPEN 1
| | #define GNULIB_OPENAT 1
| | #define GNULIB_TEST_OPENAT 1
| | #define HAVE_OPENDIR 1
| | #define GNULIB_TEST_OPENDIR 1
| | #define HAVE_STRUCT_TM_TM_ZONE 1
| | #define HAVE_TM_ZONE 1
| | #define TIME_T_FITS_IN_LONG_INT 1
| | #define GNULIB_TEST_POSIX_OPENPT 1
| | #define HAVE_DECL_PROGRAM_INVOCATION_NAME 1
| | #define HAVE_DECL_PROGRAM_INVOCATION_SHORT_NAME 1
| | #define HAVE_PTSNAME 1
| | #define GNULIB_TEST_PTSNAME 1
| | #define GNULIB_TEST_PTSNAME_R 1
| | #define USE_ACL 0
| | #define HAVE_RAISE 1
| | #define GNULIB_TEST_RAISE 1
| | #define HAVE_RAWMEMCHR 1
| | #define GNULIB_TEST_RAWMEMCHR 1
| | #define GNULIB_TEST_READ 1
| | #define HAVE_READDIR 1
| | #define GNULIB_TEST_READDIR 1
| | #define GNULIB_TEST_READLINK 1
| | #define GNULIB_TEST_READLINKAT 1
| | #define HAVE_REALLOC_POSIX 1
| | #define GNULIB_TEST_REALLOC_POSIX 1
| | #define _REGEX_INCLUDE_LIMITS_H 1
| | #define _REGEX_LARGE_OFFSETS 1
| | #define re_syntax_options rpl_re_syntax_options
| | #define re_set_syntax rpl_re_set_syntax
| | #define re_compile_pattern rpl_re_compile_pattern
| | #define re_compile_fastmap rpl_re_compile_fastmap
| | #define re_search rpl_re_search
| | #define re_search_2 rpl_re_search_2
| | #define re_match rpl_re_match
| | #define re_match_2 rpl_re_match_2
| | #define re_set_registers rpl_re_set_registers
| | #define re_comp rpl_re_comp
| | #define re_exec rpl_re_exec
| | #define regcomp rpl_regcomp
| | #define regexec rpl_regexec
| | #define regerror rpl_regerror
| | #define regfree rpl_regfree
| | #define HAVE_LIBINTL_H 1
| | #define HAVE_DECL_ISBLANK 1
| | #define GNULIB_TEST_RENAME 1
| | #define GNULIB_TEST_RENAMEAT 1
| | #define HAVE_REWINDDIR 1
| | #define GNULIB_TEST_REWINDDIR 1
| | #define GNULIB_TEST_RMDIR 1
| | #define HAVE_RPMATCH 1
| | #define GNULIB_TEST_RPMATCH 1
| | #define GNULIB_TEST_SECURE_GETENV 1
| | #define HAVE_SELINUX_SELINUX_H 0
| | #define GNULIB_TEST_SETENV 1
| | #define HAVE_RAW_DECL_PTHREAD_SIGMASK 1
| | #define HAVE_RAW_DECL_SIGACTION 1
| | #define HAVE_RAW_DECL_SIGADDSET 1
| | #define HAVE_RAW_DECL_SIGDELSET 1
| | #define HAVE_RAW_DECL_SIGEMPTYSET 1
| | #define HAVE_RAW_DECL_SIGFILLSET 1
| | #define HAVE_RAW_DECL_SIGISMEMBER 1
| | #define HAVE_RAW_DECL_SIGPENDING 1
| | #define HAVE_RAW_DECL_SIGPROCMASK 1
| | #define HAVE_STDINT_H 1
| | #define HAVE_DECL_SLEEP 1
| | #define GNULIB_TEST_SLEEP 1
| | #define HAVE_SNPRINTF 1
| | #define GNULIB_TEST_SNPRINTF 1
| | #define GNULIB_SNPRINTF 1
| | #define GNULIB_TEST_STAT 1
| | #define HAVE_STRUCT_STAT_ST_ATIM_TV_NSEC 1
| | #define TYPEOF_STRUCT_STAT_ST_ATIM_IS_STRUCT_TIMESPEC 1
| | #define GNULIB_STATAT 1
| | #define GNULIB_FSCANF 1
| | #define GNULIB_SCANF 1
| | #define HAVE_RAW_DECL_DPRINTF 1
| | #define HAVE_RAW_DECL_FSEEKO 1
| | #define HAVE_RAW_DECL_FTELLO 1
| | #define HAVE_RAW_DECL_GETDELIM 1
| | #define HAVE_RAW_DECL_GETLINE 1
| | #define HAVE_RAW_DECL_PCLOSE 1
| | #define HAVE_RAW_DECL_POPEN 1
| | #define HAVE_RAW_DECL_RENAMEAT 1
| | #define HAVE_RAW_DECL_SNPRINTF 1
| | #define HAVE_RAW_DECL_TMPFILE 1
| | #define HAVE_RAW_DECL_VDPRINTF 1
| | #define HAVE_RAW_DECL_VSNPRINTF 1
| | #define HAVE_RAW_DECL__EXIT 1
| | #define HAVE_RAW_DECL_ATOLL 1
| | #define HAVE_RAW_DECL_CANONICALIZE_FILE_NAME 1
| | #define HAVE_RAW_DECL_GETLOADAVG 1
| | #define HAVE_RAW_DECL_GETSUBOPT 1
| | #define HAVE_RAW_DECL_GRANTPT 1
| | #define HAVE_RAW_DECL_INITSTATE 1
| | #define HAVE_RAW_DECL_INITSTATE_R 1
| | #define HAVE_RAW_DECL_MKDTEMP 1
| | #define HAVE_RAW_DECL_MKOSTEMP 1
| | #define HAVE_RAW_DECL_MKOSTEMPS 1
| | #define HAVE_RAW_DECL_MKSTEMP 1
| | #define HAVE_RAW_DECL_MKSTEMPS 1
| | #define HAVE_RAW_DECL_POSIX_OPENPT 1
| | #define HAVE_RAW_DECL_PTSNAME 1
| | #define HAVE_RAW_DECL_PTSNAME_R 1
| | #define HAVE_RAW_DECL_RANDOM 1
| | #define HAVE_RAW_DECL_RANDOM_R 1
| | #define HAVE_RAW_DECL_REALPATH 1
| | #define HAVE_RAW_DECL_RPMATCH 1
| | #define HAVE_RAW_DECL_SECURE_GETENV 1
| | #define HAVE_RAW_DECL_SETENV 1
| | #define HAVE_RAW_DECL_SETSTATE 1
| | #define HAVE_RAW_DECL_SETSTATE_R 1
| | #define HAVE_RAW_DECL_SRANDOM 1
| | #define HAVE_RAW_DECL_SRANDOM_R 1
| | #define HAVE_RAW_DECL_STRTOD 1
| | #define HAVE_RAW_DECL_STRTOLL 1
| | #define HAVE_RAW_DECL_STRTOULL 1
| | #define HAVE_RAW_DECL_UNLOCKPT 1
| | #define HAVE_RAW_DECL_UNSETENV 1
| | #define HAVE_STPCPY 1
| | #define GNULIB_TEST_STPCPY 1
| | #define HAVE_STRCASECMP 1
| | #define HAVE_STRNCASECMP 1
| | #define HAVE_DECL_STRNCASECMP 1
| | #define HAVE_STRCHRNUL 1
| | #define GNULIB_TEST_STRCHRNUL 1
| | #define GNULIB_TEST_STRDUP 1
| | #define GNULIB_STRERROR 1
| | #define GNULIB_TEST_STRERROR 1
| | #define my_strftime nstrftime
| | #define GNULIB_TEST_STRNDUP 1
| | #define GNULIB_TEST_STRNLEN 1
| | #define HAVE_STRTOL 1
| | #define HAVE_STRTOLL 1
| | #define GNULIB_TEST_STRTOLL 1
| | #define HAVE_STRTOUL 1
| | #define HAVE_STRTOULL 1
| | #define GNULIB_TEST_STRTOULL 1
| | #define GNULIB_TEST_SYMLINK 1
| | #define GNULIB_TEST_SYMLINKAT 1
| | #define HAVE_RAW_DECL_FCHMODAT 1
| | #define HAVE_RAW_DECL_FSTAT 1
| | #define HAVE_RAW_DECL_FSTATAT 1
| | #define HAVE_RAW_DECL_FUTIMENS 1
| | #define HAVE_RAW_DECL_LCHMOD 1
| | #define HAVE_RAW_DECL_LSTAT 1
| | #define HAVE_RAW_DECL_MKDIRAT 1
| | #define HAVE_RAW_DECL_MKFIFO 1
| | #define HAVE_RAW_DECL_MKFIFOAT 1
| | #define HAVE_RAW_DECL_MKNOD 1
| | #define HAVE_RAW_DECL_MKNODAT 1
| | #define HAVE_RAW_DECL_STAT 1
| | #define HAVE_RAW_DECL_UTIMENSAT 1
| | #define HAVE_DECL_LOCALTIME_R 1
| | #define GNULIB_TEST_TIME_R 1
| | #define HAVE_TTYNAME_R 1
| | #define HAVE_POSIXDECL_TTYNAME_R 1
| | #define GNULIB_TEST_TTYNAME_R 1
| | #define HAVE_RAW_DECL_CHDIR 1
| | #define HAVE_RAW_DECL_CHOWN 1
| | #define HAVE_RAW_DECL_DUP 1
| | #define HAVE_RAW_DECL_DUP2 1
| | #define HAVE_RAW_DECL_DUP3 1
| | #define HAVE_RAW_DECL_ENVIRON 1
| | #define HAVE_RAW_DECL_EUIDACCESS 1
| | #define HAVE_RAW_DECL_FACCESSAT 1
| | #define HAVE_RAW_DECL_FCHDIR 1
| | #define HAVE_RAW_DECL_FCHOWNAT 1
| | #define HAVE_RAW_DECL_FDATASYNC 1
| | #define HAVE_RAW_DECL_FSYNC 1
| | #define HAVE_RAW_DECL_FTRUNCATE 1
| | #define HAVE_RAW_DECL_GETCWD 1
| | #define HAVE_RAW_DECL_GETDOMAINNAME 1
| | #define HAVE_RAW_DECL_GETDTABLESIZE 1
| | #define HAVE_RAW_DECL_GETGROUPS 1
| | #define HAVE_RAW_DECL_GETHOSTNAME 1
| | #define HAVE_RAW_DECL_GETLOGIN 1
| | #define HAVE_RAW_DECL_GETLOGIN_R 1
| | #define HAVE_RAW_DECL_GETPAGESIZE 1
| | #define HAVE_RAW_DECL_GETUSERSHELL 1
| | #define HAVE_RAW_DECL_SETUSERSHELL 1
| | #define HAVE_RAW_DECL_ENDUSERSHELL 1
| | #define HAVE_RAW_DECL_GROUP_MEMBER 1
| | #define HAVE_RAW_DECL_ISATTY 1
| | #define HAVE_RAW_DECL_LCHOWN 1
| | #define HAVE_RAW_DECL_LINK 1
| | #define HAVE_RAW_DECL_LINKAT 1
| | #define HAVE_RAW_DECL_LSEEK 1
| | #define HAVE_RAW_DECL_PIPE 1
| | #define HAVE_RAW_DECL_PIPE2 1
| | #define HAVE_RAW_DECL_PREAD 1
| | #define HAVE_RAW_DECL_PWRITE 1
| | #define HAVE_RAW_DECL_READLINK 1
| | #define HAVE_RAW_DECL_READLINKAT 1
| | #define HAVE_RAW_DECL_RMDIR 1
| | #define HAVE_RAW_DECL_SETHOSTNAME 1
| | #define HAVE_RAW_DECL_SLEEP 1
| | #define HAVE_RAW_DECL_SYMLINK 1
| | #define HAVE_RAW_DECL_SYMLINKAT 1
| | #define HAVE_RAW_DECL_TTYNAME_R 1
| | #define HAVE_RAW_DECL_UNLINK 1
| | #define HAVE_RAW_DECL_UNLINKAT 1
| | #define HAVE_RAW_DECL_USLEEP 1
| | #define GNULIB_TEST_UNLINK 1
| | #define GNULIB_TEST_UNLINKAT 1
| | #define UNLINK_CANNOT_UNLINK_DIR 1
| | #define USE_UNLOCKED_IO 1
| | #define HAVE_UNLOCKPT 1
| | #define GNULIB_TEST_UNLOCKPT 1
| | #define HAVE_UNSETENV 1
| | #define GNULIB_TEST_UNSETENV 1
| | #define GNULIB_TEST_UTIMENSAT 1
| | #define HAVE_VASPRINTF 1
| | #define GNULIB_TEST_VASPRINTF 1
| | #define HAVE_VSNPRINTF 1
| | #define GNULIB_TEST_VSNPRINTF 1
| | #define HAVE_RAW_DECL_BTOWC 1
| | #define HAVE_RAW_DECL_WCTOB 1
| | #define HAVE_RAW_DECL_MBSINIT 1
| | #define HAVE_RAW_DECL_MBRTOWC 1
| | #define HAVE_RAW_DECL_MBRLEN 1
| | #define HAVE_RAW_DECL_MBSRTOWCS 1
| | #define HAVE_RAW_DECL_MBSNRTOWCS 1
| | #define HAVE_RAW_DECL_WCRTOMB 1
| | #define HAVE_RAW_DECL_WCSRTOMBS 1
| | #define HAVE_RAW_DECL_WCSNRTOMBS 1
| | #define HAVE_RAW_DECL_WCWIDTH 1
| | #define HAVE_RAW_DECL_WMEMCHR 1
| | #define HAVE_RAW_DECL_WMEMCMP 1
| | #define HAVE_RAW_DECL_WMEMCPY 1
| | #define HAVE_RAW_DECL_WMEMMOVE 1
| | #define HAVE_RAW_DECL_WMEMSET 1
| | #define HAVE_RAW_DECL_WCSLEN 1
| | #define HAVE_RAW_DECL_WCSNLEN 1
| | #define HAVE_RAW_DECL_WCSCPY 1
| | #define HAVE_RAW_DECL_WCPCPY 1
| | #define HAVE_RAW_DECL_WCSNCPY 1
| | #define HAVE_RAW_DECL_WCPNCPY 1
| | #define HAVE_RAW_DECL_WCSCAT 1
| | #define HAVE_RAW_DECL_WCSNCAT 1
| | #define HAVE_RAW_DECL_WCSCMP 1
| | #define HAVE_RAW_DECL_WCSNCMP 1
| | #define HAVE_RAW_DECL_WCSCASECMP 1
| | #define HAVE_RAW_DECL_WCSNCASECMP 1
| | #define HAVE_RAW_DECL_WCSCOLL 1
| | #define HAVE_RAW_DECL_WCSXFRM 1
| | #define HAVE_RAW_DECL_WCSDUP 1
| | #define HAVE_RAW_DECL_WCSCHR 1
| | #define HAVE_RAW_DECL_WCSRCHR 1
| | #define HAVE_RAW_DECL_WCSCSPN 1
| | #define HAVE_RAW_DECL_WCSSPN 1
| | #define HAVE_RAW_DECL_WCSPBRK 1
| | #define HAVE_RAW_DECL_WCSSTR 1
| | #define HAVE_RAW_DECL_WCSTOK 1
| | #define HAVE_RAW_DECL_WCSWIDTH 1
| | #define GNULIB_TEST_WCRTOMB 1
| | #define HAVE_TOWLOWER 1
| | #define HAVE_RAW_DECL_WCTYPE 1
| | #define HAVE_RAW_DECL_ISWCTYPE 1
| | #define HAVE_RAW_DECL_WCTRANS 1
| | #define HAVE_RAW_DECL_TOWCTRANS 1
| | #define HAVE_DECL_WCWIDTH 1
| | #define GNULIB_TEST_WCWIDTH 1
| | #define GNULIB_TEST_WRITE 1
| | #define HAVE_STDINT_H 1
| | #define TIME_WITH_SYS_TIME 1
| | #define HAVE_STRUCT_STAT_ST_BLKSIZE 1
| | #define HAVE_ST_BLKSIZE 1
| | #define HAVE_SYS_MTIO_H 1
| | #define MTIO_CHECK_FIELD mt_type
| | #define HAVE_STRUCT_STAT_ST_BLKSIZE 1
| | #define HAVE_SYS_XATTR_H 1
| | #define HAVE_GETXATTR 1
| | #define HAVE_SYS_XATTR_H 1
| | #define HAVE_XATTRS /**/
| | #define HAVE_FGETXATTR 1
| | #define HAVE_SYS_XATTR_H 1
| | #define HAVE_XATTRS /**/
| | #define HAVE_LGETXATTR 1
| | #define HAVE_SYS_XATTR_H 1
| | #define HAVE_XATTRS /**/
| | #define HAVE_SETXATTR 1
| | #define HAVE_SYS_XATTR_H 1
| | #define HAVE_XATTRS /**/
| | #define HAVE_FSETXATTR 1
| | #define HAVE_SYS_XATTR_H 1
| | #define HAVE_XATTRS /**/
| | #define HAVE_LSETXATTR 1
| | #define HAVE_SYS_XATTR_H 1
| | #define HAVE_XATTRS /**/
| | #define HAVE_LISTXATTR 1
| | #define HAVE_SYS_XATTR_H 1
| | #define HAVE_XATTRS /**/
| | #define HAVE_FLISTXATTR 1
| | #define HAVE_SYS_XATTR_H 1
| | #define HAVE_XATTRS /**/
| | #define HAVE_LLISTXATTR 1
| | #define HAVE_SYS_XATTR_H 1
| | #define HAVE_XATTRS /**/
| | #define HAVE_DECL_GETGRGID 1
| | #define HAVE_DECL_GETPWUID 1
| | #define HAVE_DECL_TIME 1
| | #define HAVE_WAITPID 1
| | #define REMOTE_SHELL "/usr/bin/rsh"
| | #define COMPRESS_PROGRAM "compress"
| | #define GZIP_PROGRAM "gzip"
| | #define BZIP2_PROGRAM "bzip2"
| | #define LZIP_PROGRAM "lzip"
| | #define LZMA_PROGRAM "lzma"
| | #define LZOP_PROGRAM "lzop"
| | #define XZ_PROGRAM "xz"
| | #define DEFAULT_ARCHIVE_FORMAT GNU_FORMAT
| | #define DEFAULT_ARCHIVE "-"
| | #define DEFAULT_BLOCKING 20
| | #define DEFAULT_QUOTING_STYLE escape_quoting_style
| | #define HAVE_ICONV 1
| | #define ICONV_CONST 
| | #define HAVE_ICONV_H 1
| | /* end confdefs.h.  */
| | #include <CoreFoundation/CFLocale.h>
| | int
| | main ()
| | {
| | CFLocaleCopyCurrent();
| |   ;
| |   return 0;
| | }
| configure:36941: result: no
| configure:36990: checking for GNU gettext in libc
| configure:37014: gcc -std=gnu99 -o conftest -g -O2   conftest.c  >&5
| configure:37014: $? = 0
| configure:37023: result: yes
| configure:37851: checking whether to use NLS
| configure:37853: result: yes
| configure:37856: checking where the gettext function comes from
| configure:37867: result: libc
| configure:38065: checking that generated files are newer than configure
| configure:38071: result: done
| configure:38211: creating ./config.status
| 
| ## ---------------------- ##
| ## Running config.status. ##
| ## ---------------------- ##
| 
| This file was extended by GNU tar config.status 1.28, which was
| generated by GNU Autoconf 2.69.  Invocation command line was
| 
|   CONFIG_FILES    = 
|   CONFIG_HEADERS  = 
|   CONFIG_LINKS    = 
|   CONFIG_COMMANDS = 
|   $ ./config.status 
| 
| on ubuntu
| 
| config.status:2389: creating tests/Makefile
| config.status:2389: creating tests/atlocal
| config.status:2389: creating Makefile
| config.status:2389: creating doc/Makefile
| config.status:2389: creating gnu/Makefile
| config.status:2389: creating lib/Makefile
| config.status:2389: creating po/Makefile.in
| config.status:2389: creating scripts/Makefile
| config.status:2389: creating rmt/Makefile
| config.status:2389: creating src/Makefile
| config.status:2389: creating config.h
| config.status:2618: executing depfiles commands
| config.status:2618: executing po-directories commands
| config.status:2618: executing tests/atconfig commands
| 
| ## ---------------- ##
| ## Cache variables. ##
| ## ---------------- ##
| 
| ac_cv_build=x86_64-unknown-linux-gnu
| ac_cv_c_compiler_gnu=yes
| ac_cv_c_inline=inline
| ac_cv_c_restrict=__restrict
| ac_cv_env_CC_set=
| ac_cv_env_CC_value=
| ac_cv_env_CFLAGS_set=
| ac_cv_env_CFLAGS_value=
| ac_cv_env_CPPFLAGS_set=
| ac_cv_env_CPPFLAGS_value=
| ac_cv_env_CPP_set=
| ac_cv_env_CPP_value=
| ac_cv_env_DEFAULT_ARCHIVE_FORMAT_set=
| ac_cv_env_DEFAULT_ARCHIVE_FORMAT_value=
| ac_cv_env_DEFAULT_ARCHIVE_set=
| ac_cv_env_DEFAULT_ARCHIVE_value=
| ac_cv_env_DEFAULT_BLOCKING_set=
| ac_cv_env_DEFAULT_BLOCKING_value=
| ac_cv_env_DEFAULT_QUOTING_STYLE_set=
| ac_cv_env_DEFAULT_QUOTING_STYLE_value=
| ac_cv_env_DEFAULT_RMT_DIR_set=
| ac_cv_env_DEFAULT_RMT_DIR_value=
| ac_cv_env_LDFLAGS_set=
| ac_cv_env_LDFLAGS_value=
| ac_cv_env_LIBS_set=
| ac_cv_env_LIBS_value=
| ac_cv_env_RSH_set=
| ac_cv_env_RSH_value=
| ac_cv_env_YACC_set=
| ac_cv_env_YACC_value=
| ac_cv_env_YFLAGS_set=
| ac_cv_env_YFLAGS_value=
| ac_cv_env_build_alias_set=
| ac_cv_env_build_alias_value=
| ac_cv_env_host_alias_set=
| ac_cv_env_host_alias_value=
| ac_cv_env_target_alias_set=
| ac_cv_env_target_alias_value=
| ac_cv_func__set_invalid_parameter_handler=no
| ac_cv_func_alloca_works=yes
| ac_cv_func_btowc=yes
| ac_cv_func_canonicalize_file_name=yes
| ac_cv_func_chown=yes
| ac_cv_func_chown_works=yes
| ac_cv_func_clock_gettime=yes
| ac_cv_func_clock_settime=yes
| ac_cv_func_closedir=yes
| ac_cv_func_dirfd=yes
| ac_cv_func_euidaccess=yes
| ac_cv_func_faccessat=yes
| ac_cv_func_fchdir=yes
| ac_cv_func_fchmod=yes
| ac_cv_func_fchmodat=yes
| ac_cv_func_fchown=yes
| ac_cv_func_fchownat=yes
| ac_cv_func_fcntl=yes
| ac_cv_func_fdopendir=yes
| ac_cv_func_fgetxattr=yes
| ac_cv_func_flistxattr=yes
| ac_cv_func_flockfile=yes
| ac_cv_func_fsetxattr=yes
| ac_cv_func_fstatat=yes
| ac_cv_func_fsync=yes
| ac_cv_func_funlockfile=yes
| ac_cv_func_futimens=yes
| ac_cv_func_futimes=yes
| ac_cv_func_futimesat=yes
| ac_cv_func_getcwd=yes
| ac_cv_func_getdelim=yes
| ac_cv_func_getdtablesize=yes
| ac_cv_func_getgroups=yes
| ac_cv_func_getgroups_works=yes
| ac_cv_func_getline=yes
| ac_cv_func_getopt_long_only=yes
| ac_cv_func_getpagesize=yes
| ac_cv_func_getppriv=no
| ac_cv_func_gettimeofday=yes
| ac_cv_func_getxattr=yes
| ac_cv_func_grantpt=yes
| ac_cv_func_group_member=yes
| ac_cv_func_isblank=yes
| ac_cv_func_iswblank=yes
| ac_cv_func_iswcntrl=yes
| ac_cv_func_iswctype=yes
| ac_cv_func_lchmod=no
| ac_cv_func_lchown=yes
| ac_cv_func_lgetxattr=yes
| ac_cv_func_link=yes
| ac_cv_func_linkat=yes
| ac_cv_func_listxattr=yes
| ac_cv_func_llistxattr=yes
| ac_cv_func_localtime_r=yes
| ac_cv_func_lsetxattr=yes
| ac_cv_func_lstat=yes
| ac_cv_func_lutimes=yes
| ac_cv_func_malloc_0_nonnull=yes
| ac_cv_func_mbrtowc=yes
| ac_cv_func_mbsinit=yes
| ac_cv_func_mbsrtowcs=yes
| ac_cv_func_mempcpy=yes
| ac_cv_func_memrchr=yes
| ac_cv_func_mkdirat=yes
| ac_cv_func_mkdtemp=yes
| ac_cv_func_mkfifo=yes
| ac_cv_func_mkfifoat=yes
| ac_cv_func_mknod=yes
| ac_cv_func_mknodat=yes
| ac_cv_func_mmap=yes
| ac_cv_func_mprotect=yes
| ac_cv_func_nanotime=no
| ac_cv_func_nl_langinfo=yes
| ac_cv_func_obstack=yes
| ac_cv_func_openat=yes
| ac_cv_func_opendir=yes
| ac_cv_func_pathconf=yes
| ac_cv_func_pipe=yes
| ac_cv_func_posix_openpt=yes
| ac_cv_func_ptsname=yes
| ac_cv_func_ptsname_r=yes
| ac_cv_func_raise=yes
| ac_cv_func_rawmemchr=yes
| ac_cv_func_readdir=yes
| ac_cv_func_readlink=yes
| ac_cv_func_readlinkat=yes
| ac_cv_func_realpath=yes
| ac_cv_func_renameat=yes
| ac_cv_func_rewinddir=yes
| ac_cv_func_rpmatch=yes
| ac_cv_func_secure_getenv=yes
| ac_cv_func_setenv=yes
| ac_cv_func_setlocale=yes
| ac_cv_func_setxattr=yes
| ac_cv_func_sleep=yes
| ac_cv_func_snprintf=yes
| ac_cv_func_stpcpy=yes
| ac_cv_func_strcasecmp=yes
| ac_cv_func_strchrnul=yes
| ac_cv_func_strdup=yes
| ac_cv_func_strerror_r=yes
| ac_cv_func_strerror_r_char_p=yes
| ac_cv_func_strncasecmp=yes
| ac_cv_func_strndup=yes
| ac_cv_func_strnlen=yes
| ac_cv_func_strnlen_working=yes
| ac_cv_func_strtoimax=yes
| ac_cv_func_strtol=yes
| ac_cv_func_strtoll=yes
| ac_cv_func_strtoul=yes
| ac_cv_func_strtoull=yes
| ac_cv_func_strtoumax=yes
| ac_cv_func_symlink=yes
| ac_cv_func_symlinkat=yes
| ac_cv_func_towlower=yes
| ac_cv_func_tsearch=yes
| ac_cv_func_ttyname_r=yes
| ac_cv_func_tzset=yes
| ac_cv_func_unlinkat=yes
| ac_cv_func_unlockpt=yes
| ac_cv_func_unsetenv=yes
| ac_cv_func_utimensat=yes
| ac_cv_func_vasnprintf=no
| ac_cv_func_vasprintf=yes
| ac_cv_func_vsnprintf=yes
| ac_cv_func_waitpid=yes
| ac_cv_func_wcrtomb=yes
| ac_cv_func_wcslen=yes
| ac_cv_func_wcsnlen=yes
| ac_cv_func_wcwidth=yes
| ac_cv_func_wmemchr=yes
| ac_cv_func_wmemcpy=yes
| ac_cv_func_wmempcpy=yes
| ac_cv_gnu_library_2_1=yes
| ac_cv_have_decl__Exit=yes
| ac_cv_have_decl___fpending=yes
| ac_cv_have_decl__snprintf=no
| ac_cv_have_decl_alarm=yes
| ac_cv_have_decl_alphasort=yes
| ac_cv_have_decl_atoll=yes
| ac_cv_have_decl_btowc=yes
| ac_cv_have_decl_canonicalize_file_name=yes
| ac_cv_have_decl_chdir=yes
| ac_cv_have_decl_chown=yes
| ac_cv_have_decl_clearerr_unlocked=yes
| ac_cv_have_decl_closedir=yes
| ac_cv_have_decl_dirfd=yes
| ac_cv_have_decl_dprintf=yes
| ac_cv_have_decl_dup2=yes
| ac_cv_have_decl_dup3=yes
| ac_cv_have_decl_dup=yes
| ac_cv_have_decl_duplocale=yes
| ac_cv_have_decl_endusershell=yes
| ac_cv_have_decl_environ=yes
| ac_cv_have_decl_euidaccess=yes
| ac_cv_have_decl_faccessat=yes
| ac_cv_have_decl_fchdir=yes
| ac_cv_have_decl_fchmodat=yes
| ac_cv_have_decl_fchownat=yes
| ac_cv_have_decl_fcntl=yes
| ac_cv_have_decl_fdatasync=yes
| ac_cv_have_decl_fdopendir=yes
| ac_cv_have_decl_feof_unlocked=yes
| ac_cv_have_decl_ferror_unlocked=yes
| ac_cv_have_decl_fflush_unlocked=yes
| ac_cv_have_decl_ffs=yes
| ac_cv_have_decl_ffsl=yes
| ac_cv_have_decl_ffsll=yes
| ac_cv_have_decl_fgets_unlocked=yes
| ac_cv_have_decl_fputc_unlocked=yes
| ac_cv_have_decl_fputs_unlocked=yes
| ac_cv_have_decl_fread_unlocked=yes
| ac_cv_have_decl_fseeko=yes
| ac_cv_have_decl_fstat=yes
| ac_cv_have_decl_fstatat=yes
| ac_cv_have_decl_fsync=yes
| ac_cv_have_decl_ftello=yes
| ac_cv_have_decl_ftruncate=yes
| ac_cv_have_decl_futimens=yes
| ac_cv_have_decl_fwrite_unlocked=yes
| ac_cv_have_decl_getc_unlocked=yes
| ac_cv_have_decl_getchar_unlocked=yes
| ac_cv_have_decl_getcwd=yes
| ac_cv_have_decl_getdelim=yes
| ac_cv_have_decl_getdomainname=yes
| ac_cv_have_decl_getdtablesize=yes
| ac_cv_have_decl_getenv=yes
| ac_cv_have_decl_getgrgid=yes
| ac_cv_have_decl_getgroups=yes
| ac_cv_have_decl_gethostname=yes
| ac_cv_have_decl_getline=yes
| ac_cv_have_decl_getloadavg=yes
| ac_cv_have_decl_getlogin=yes
| ac_cv_have_decl_getlogin_r=yes
| ac_cv_have_decl_getpagesize=yes
| ac_cv_have_decl_getpwuid=yes
| ac_cv_have_decl_getsubopt=yes
| ac_cv_have_decl_gettimeofday=yes
| ac_cv_have_decl_getusershell=yes
| ac_cv_have_decl_grantpt=yes
| ac_cv_have_decl_group_member=yes
| ac_cv_have_decl_imaxabs=yes
| ac_cv_have_decl_imaxdiv=yes
| ac_cv_have_decl_initstate=yes
| ac_cv_have_decl_initstate_r=yes
| ac_cv_have_decl_isatty=yes
| ac_cv_have_decl_isblank=yes
| ac_cv_have_decl_iswblank=yes
| ac_cv_have_decl_iswctype=yes
| ac_cv_have_decl_lchmod=yes
| ac_cv_have_decl_lchown=yes
| ac_cv_have_decl_link=yes
| ac_cv_have_decl_linkat=yes
| ac_cv_have_decl_localtime_r=yes
| ac_cv_have_decl_lseek=yes
| ac_cv_have_decl_lstat=yes
| ac_cv_have_decl_mbrlen=yes
| ac_cv_have_decl_mbrtowc=yes
| ac_cv_have_decl_mbsinit=yes
| ac_cv_have_decl_mbsnrtowcs=yes
| ac_cv_have_decl_mbsrtowcs=yes
| ac_cv_have_decl_memmem=yes
| ac_cv_have_decl_mempcpy=yes
| ac_cv_have_decl_memrchr=yes
| ac_cv_have_decl_mkdirat=yes
| ac_cv_have_decl_mkdtemp=yes
| ac_cv_have_decl_mkfifo=yes
| ac_cv_have_decl_mkfifoat=yes
| ac_cv_have_decl_mknod=yes
| ac_cv_have_decl_mknodat=yes
| ac_cv_have_decl_mkostemp=yes
| ac_cv_have_decl_mkostemps=yes
| ac_cv_have_decl_mkstemp=yes
| ac_cv_have_decl_mkstemps=yes
| ac_cv_have_decl_nl_langinfo=yes
| ac_cv_have_decl_openat=yes
| ac_cv_have_decl_opendir=yes
| ac_cv_have_decl_pclose=yes
| ac_cv_have_decl_pipe2=yes
| ac_cv_have_decl_pipe=yes
| ac_cv_have_decl_popen=yes
| ac_cv_have_decl_posix_openpt=yes
| ac_cv_have_decl_pread=yes
| ac_cv_have_decl_program_invocation_name=yes
| ac_cv_have_decl_program_invocation_short_name=yes
| ac_cv_have_decl_pthread_sigmask=yes
| ac_cv_have_decl_ptsname=yes
| ac_cv_have_decl_ptsname_r=yes
| ac_cv_have_decl_putc_unlocked=yes
| ac_cv_have_decl_putchar_unlocked=yes
| ac_cv_have_decl_pwrite=yes
| ac_cv_have_decl_random=yes
| ac_cv_have_decl_random_r=yes
| ac_cv_have_decl_rawmemchr=yes
| ac_cv_have_decl_readdir=yes
| ac_cv_have_decl_readlink=yes
| ac_cv_have_decl_readlinkat=yes
| ac_cv_have_decl_realpath=yes
| ac_cv_have_decl_renameat=yes
| ac_cv_have_decl_rewinddir=yes
| ac_cv_have_decl_rmdir=yes
| ac_cv_have_decl_rpmatch=yes
| ac_cv_have_decl_scandir=yes
| ac_cv_have_decl_secure_getenv=yes
| ac_cv_have_decl_setenv=yes
| ac_cv_have_decl_sethostname=yes
| ac_cv_have_decl_setlocale=yes
| ac_cv_have_decl_setstate=yes
| ac_cv_have_decl_setstate_r=yes
| ac_cv_have_decl_setusershell=yes
| ac_cv_have_decl_sigaction=yes
| ac_cv_have_decl_sigaddset=yes
| ac_cv_have_decl_sigdelset=yes
| ac_cv_have_decl_sigemptyset=yes
| ac_cv_have_decl_sigfillset=yes
| ac_cv_have_decl_sigismember=yes
| ac_cv_have_decl_sigpending=yes
| ac_cv_have_decl_sigprocmask=yes
| ac_cv_have_decl_sleep=yes
| ac_cv_have_decl_snprintf=yes
| ac_cv_have_decl_srandom=yes
| ac_cv_have_decl_srandom_r=yes
| ac_cv_have_decl_stat=yes
| ac_cv_have_decl_stpcpy=yes
| ac_cv_have_decl_stpncpy=yes
| ac_cv_have_decl_strcasecmp=yes
| ac_cv_have_decl_strcasestr=yes
| ac_cv_have_decl_strchrnul=yes
| ac_cv_have_decl_strdup=yes
| ac_cv_have_decl_strerror_r=yes
| ac_cv_have_decl_strncasecmp=yes
| ac_cv_have_decl_strncat=yes
| ac_cv_have_decl_strndup=yes
| ac_cv_have_decl_strnlen=yes
| ac_cv_have_decl_strpbrk=yes
| ac_cv_have_decl_strsep=yes
| ac_cv_have_decl_strsignal=yes
| ac_cv_have_decl_strtod=yes
| ac_cv_have_decl_strtoimax=yes
| ac_cv_have_decl_strtok_r=yes
| ac_cv_have_decl_strtoll=yes
| ac_cv_have_decl_strtoull=yes
| ac_cv_have_decl_strtoumax=yes
| ac_cv_have_decl_strverscmp=yes
| ac_cv_have_decl_symlink=yes
| ac_cv_have_decl_symlinkat=yes
| ac_cv_have_decl_time=yes
| ac_cv_have_decl_tmpfile=yes
| ac_cv_have_decl_towctrans=yes
| ac_cv_have_decl_ttyname_r=yes
| ac_cv_have_decl_unlink=yes
| ac_cv_have_decl_unlinkat=yes
| ac_cv_have_decl_unlockpt=yes
| ac_cv_have_decl_unsetenv=yes
| ac_cv_have_decl_usleep=yes
| ac_cv_have_decl_utimensat=yes
| ac_cv_have_decl_vdprintf=yes
| ac_cv_have_decl_vsnprintf=yes
| ac_cv_have_decl_wcpcpy=yes
| ac_cv_have_decl_wcpncpy=yes
| ac_cv_have_decl_wcrtomb=yes
| ac_cv_have_decl_wcscasecmp=yes
| ac_cv_have_decl_wcscat=yes
| ac_cv_have_decl_wcschr=yes
| ac_cv_have_decl_wcscmp=yes
| ac_cv_have_decl_wcscoll=yes
| ac_cv_have_decl_wcscpy=yes
| ac_cv_have_decl_wcscspn=yes
| ac_cv_have_decl_wcsdup=yes
| ac_cv_have_decl_wcslen=yes
| ac_cv_have_decl_wcsncasecmp=yes
| ac_cv_have_decl_wcsncat=yes
| ac_cv_have_decl_wcsncmp=yes
| ac_cv_have_decl_wcsncpy=yes
| ac_cv_have_decl_wcsnlen=yes
| ac_cv_have_decl_wcsnrtombs=yes
| ac_cv_have_decl_wcspbrk=yes
| ac_cv_have_decl_wcsrchr=yes
| ac_cv_have_decl_wcsrtombs=yes
| ac_cv_have_decl_wcsspn=yes
| ac_cv_have_decl_wcsstr=yes
| ac_cv_have_decl_wcstok=yes
| ac_cv_have_decl_wcswidth=yes
| ac_cv_have_decl_wcsxfrm=yes
| ac_cv_have_decl_wctob=yes
| ac_cv_have_decl_wctrans=yes
| ac_cv_have_decl_wctype=yes
| ac_cv_have_decl_wcwidth=yes
| ac_cv_have_decl_wmemchr=yes
| ac_cv_have_decl_wmemcmp=yes
| ac_cv_have_decl_wmemcpy=yes
| ac_cv_have_decl_wmemmove=yes
| ac_cv_have_decl_wmemset=yes
| ac_cv_header_dirent_h=yes
| ac_cv_header_fcntl_h=yes
| ac_cv_header_features_h=yes
| ac_cv_header_getopt_h=yes
| ac_cv_header_grp_h=yes
| ac_cv_header_iconv_h=yes
| ac_cv_header_inttypes_h=yes
| ac_cv_header_langinfo_h=yes
| ac_cv_header_libintl_h=yes
| ac_cv_header_linewrap_h=no
| ac_cv_header_linux_fd_h=yes
| ac_cv_header_locale_h=yes
| ac_cv_header_malloc_h=yes
| ac_cv_header_memory_h=yes
| ac_cv_header_minix_config_h=no
| ac_cv_header_net_errno_h=no
| ac_cv_header_netdb_h=yes
| ac_cv_header_priv_h=no
| ac_cv_header_pwd_h=yes
| ac_cv_header_search_h=yes
| ac_cv_header_selinux_flask_h=no
| ac_cv_header_selinux_selinux_h=no
| ac_cv_header_sgtty_h=yes
| ac_cv_header_stat_broken=no
| ac_cv_header_stdbool_h=yes
| ac_cv_header_stdc=yes
| ac_cv_header_stdint_h=yes
| ac_cv_header_stdio_ext_h=yes
| ac_cv_header_stdlib_h=yes
| ac_cv_header_string_h=yes
| ac_cv_header_strings_h=yes
| ac_cv_header_sys_acl_h=no
| ac_cv_header_sys_buf_h=no
| ac_cv_header_sys_device_h=no
| ac_cv_header_sys_gentape_h=no
| ac_cv_header_sys_inet_h=no
| ac_cv_header_sys_io_trioctl_h=no
| ac_cv_header_sys_mman_h=yes
| ac_cv_header_sys_mtio_h=yes
| ac_cv_header_sys_param_h=yes
| ac_cv_header_sys_socket_h=yes
| ac_cv_header_sys_stat_h=yes
| ac_cv_header_sys_tape_h=no
| ac_cv_header_sys_time_h=yes
| ac_cv_header_sys_tprintf_h=no
| ac_cv_header_sys_types_h=yes
| ac_cv_header_sys_types_h_makedev=yes
| ac_cv_header_sys_wait_h=yes
| ac_cv_header_sys_xattr_h=yes
| ac_cv_header_sysexits_h=yes
| ac_cv_header_time=yes
| ac_cv_header_unistd_h=yes
| ac_cv_header_utime_h=yes
| ac_cv_header_wchar_h=yes
| ac_cv_header_wctype_h=yes
| ac_cv_header_xlocale_h=yes
| ac_cv_host=x86_64-unknown-linux-gnu
| ac_cv_lib_error_at_line=yes
| ac_cv_member_struct_stat_st_atim_tv_nsec=yes
| ac_cv_member_struct_stat_st_birthtim_tv_nsec=no
| ac_cv_member_struct_stat_st_birthtimensec=no
| ac_cv_member_struct_stat_st_birthtimespec_tv_nsec=no
| ac_cv_member_struct_stat_st_blksize=yes
| ac_cv_member_struct_stat_st_blocks=yes
| ac_cv_member_struct_tm_tm_gmtoff=yes
| ac_cv_member_struct_tm_tm_zone=yes
| ac_cv_objext=o
| ac_cv_path_EGREP='/bin/grep -E'
| ac_cv_path_GMSGFMT=/usr/bin/msgfmt
| ac_cv_path_GREP=/bin/grep
| ac_cv_path_MSGFMT=/usr/bin/msgfmt
| ac_cv_path_MSGMERGE=/usr/bin/msgmerge
| ac_cv_path_SED=/bin/sed
| ac_cv_path_XGETTEXT=/usr/bin/xgettext
| ac_cv_path_install='/usr/bin/install -c'
| ac_cv_path_mkdir=/bin/mkdir
| ac_cv_prog_AWK=mawk
| ac_cv_prog_CPP='gcc -std=gnu99 -E'
| ac_cv_prog_YACC='bison -y'
| ac_cv_prog_ac_ct_AR=ar
| ac_cv_prog_ac_ct_CC=gcc
| ac_cv_prog_ac_ct_RANLIB=ranlib
| ac_cv_prog_cc_c89=
| ac_cv_prog_cc_c99=-std=gnu99
| ac_cv_prog_cc_g=yes
| ac_cv_prog_cc_stdc=-std=gnu99
| ac_cv_prog_make_make_set=yes
| ac_cv_safe_to_define___extensions__=yes
| ac_cv_search_clock_gettime='none required'
| ac_cv_search_gethostbyname='none required'
| ac_cv_search_setfilecon=no
| ac_cv_search_setsockopt='none required'
| ac_cv_should_define__xopen_source=no
| ac_cv_struct_tm=time.h
| ac_cv_sys_file_offset_bits=no
| ac_cv_sys_largefile_CC=no
| ac_cv_sys_largefile_source=no
| ac_cv_sys_long_file_names=yes
| ac_cv_type__Bool=yes
| ac_cv_type_dev_t=yes
| ac_cv_type_getgroups=gid_t
| ac_cv_type_iconv_t=yes
| ac_cv_type_ino_t=yes
| ac_cv_type_long_long_int=yes
| ac_cv_type_major_t=no
| ac_cv_type_mbstate_t=yes
| ac_cv_type_minor_t=no
| ac_cv_type_mode_t=yes
| ac_cv_type_nlink_t=yes
| ac_cv_type_off_t=yes
| ac_cv_type_pid_t=yes
| ac_cv_type_ptrdiff_t=yes
| ac_cv_type_sighandler_t=yes
| ac_cv_type_sigset_t=yes
| ac_cv_type_size_t=yes
| ac_cv_type_uid_t=yes
| ac_cv_type_unsigned_long_long_int=yes
| ac_cv_type_volatile_sig_atomic_t=yes
| ac_cv_typeof_struct_stat_st_atim_is_struct_timespec=yes
| ac_cv_working_alloca_h=yes
| acl_cv_hardcode_direct=no
| acl_cv_hardcode_libdir_flag_spec='${wl}-rpath ${wl}$libdir'
| acl_cv_hardcode_libdir_separator=
| acl_cv_hardcode_minus_L=no
| acl_cv_libext=a
| acl_cv_libname_spec='lib$name'
| acl_cv_library_names_spec='$libname$shrext'
| acl_cv_path_LD=/usr/bin/ld
| acl_cv_prog_gnu_ld=yes
| acl_cv_rpath=done
| acl_cv_shlibext=so
| acl_cv_wl=-Wl,
| am_cv_CC_dependencies_compiler_type=gcc3
| am_cv_func_iconv=yes
| am_cv_func_iconv_works=yes
| am_cv_func_working_getline=yes
| am_cv_langinfo_codeset=yes
| am_cv_lib_iconv=no
| am_cv_make_support_nested_variables=yes
| am_cv_prog_cc_c_o=yes
| am_cv_prog_tar_ustar=gnutar
| am_cv_proto_iconv='extern size_t iconv (iconv_t cd, char * *inbuf, size_t *inbytesleft, char * *outbuf, size_t *outbytesleft);'
| am_cv_proto_iconv_arg1=
| diff_cv_st_fstype_string=no
| gl_cv_c_amsterdam_compiler=no
| gl_cv_c_multiarch=no
| gl_cv_cc_double_expbit0='word 1 bit 20'
| gl_cv_compound_literals=yes
| gl_cv_decl_null_works=yes
| gl_cv_decl_readlink_works=yes
| gl_cv_double_slash_root=no
| gl_cv_func___fpending=yes
| gl_cv_func_btowc_eof='guessing yes'
| gl_cv_func_btowc_nul=yes
| gl_cv_func_chown_ctime_works=yes
| gl_cv_func_chown_follows_symlink=yes
| gl_cv_func_chown_slash_works=yes
| gl_cv_func_dirfd_macro=no
| gl_cv_func_dup2_works=yes
| gl_cv_func_fchownat_empty_filename_works=yes
| gl_cv_func_fchownat_nofollow_works=yes
| gl_cv_func_fcntl_f_dupfd_cloexec='needs runtime check'
| gl_cv_func_fcntl_f_dupfd_works=yes
| gl_cv_func_fdopendir_works=yes
| gl_cv_func_fnmatch_gnu=yes
| gl_cv_func_fseeko=yes
| gl_cv_func_fstatat_zero_flag=yes
| gl_cv_func_futimens_works='needs runtime check'
| gl_cv_func_getcwd_abort_bug=no
| gl_cv_func_getcwd_null=yes
| gl_cv_func_getcwd_path_max=yes
| gl_cv_func_getcwd_posix_signature=yes
| gl_cv_func_getdtablesize_works=yes
| gl_cv_func_getgroups_works=yes
| gl_cv_func_getopt_gnu=yes
| gl_cv_func_getopt_long_gnu=yes
| gl_cv_func_getopt_posix=yes
| gl_cv_func_gettimeofday_clobber=no
| gl_cv_func_gettimeofday_posix_signature=almost
| gl_cv_func_iswcntrl_works=yes
| gl_cv_func_itold_works=yes
| gl_cv_func_link_follows_symlink=no
| gl_cv_func_link_works=yes
| gl_cv_func_linkat_follow='need runtime check'
| gl_cv_func_linkat_slash=yes
| gl_cv_func_lseek_pipe=yes
| gl_cv_func_lstat_dereferences_slashed_symlink=yes
| gl_cv_func_malloc_0_nonnull=1
| gl_cv_func_malloc_posix=yes
| gl_cv_func_mbrtowc_incomplete_state='guessing yes'
| gl_cv_func_mbrtowc_nul_retval='guessing yes'
| gl_cv_func_mbrtowc_null_arg1='guessing yes'
| gl_cv_func_mbrtowc_null_arg2='guessing yes'
| gl_cv_func_mbrtowc_retval='guessing yes'
| gl_cv_func_mbrtowc_sanitycheck='guessing yes'
| gl_cv_func_mbsrtowcs_works='guessing yes'
| gl_cv_func_memchr_works=yes
| gl_cv_func_mkdir_trailing_dot_works=yes
| gl_cv_func_mkdir_trailing_slash_works=yes
| gl_cv_func_mkfifo_works=yes
| gl_cv_func_mknod_works=no
| gl_cv_func_nl_langinfo_yesexpr_works=yes
| gl_cv_func_open_slash=yes
| gl_cv_func_printf_positions=yes
| gl_cv_func_ptsname_r_signature_ok=yes
| gl_cv_func_ptsname_sets_errno=yes
| gl_cv_func_re_compile_pattern_working=no
| gl_cv_func_readlink_works=yes
| gl_cv_func_realpath_works=yes
| gl_cv_func_rename_dest_works=yes
| gl_cv_func_rename_link_works=yes
| gl_cv_func_rename_slash_dst_works=yes
| gl_cv_func_rename_slash_src_works=yes
| gl_cv_func_rmdir_works=yes
| gl_cv_func_setenv_works=yes
| gl_cv_func_sleep_works=yes
| gl_cv_func_snprintf_retval_c99=yes
| gl_cv_func_snprintf_size1=yes
| gl_cv_func_snprintf_usable=yes
| gl_cv_func_stat_dir_slash=yes
| gl_cv_func_stat_file_slash=yes
| gl_cv_func_strchrnul_works=yes
| gl_cv_func_strerror_0_works=yes
| gl_cv_func_strndup_works=yes
| gl_cv_func_strtoimax=yes
| gl_cv_func_symlink_works=yes
| gl_cv_func_ttyname_r_posix=yes
| gl_cv_func_ttyname_r_works=yes
| gl_cv_func_unlink_honors_slashes=yes
| gl_cv_func_unlink_parent_fails='guessing yes'
| gl_cv_func_unsetenv_works=yes
| gl_cv_func_utimensat_works='needs runtime check'
| gl_cv_func_va_copy=yes
| gl_cv_func_vsnprintf_usable=yes
| gl_cv_func_wcrtomb_retval='guessing yes'
| gl_cv_func_wcwidth_works=yes
| gl_cv_func_working_getdelim=yes
| gl_cv_func_working_mktime=yes
| gl_cv_func_working_strerror=yes
| gl_cv_func_working_utimes=yes
| gl_cv_have___xpg4=no
| gl_cv_have_arbitrary_file_name_length_limit=yes
| gl_cv_have_include_next=yes
| gl_cv_have_raw_decl__Exit=yes
| gl_cv_have_raw_decl_alphasort=yes
| gl_cv_have_raw_decl_atoll=yes
| gl_cv_have_raw_decl_btowc=yes
| gl_cv_have_raw_decl_canonicalize_file_name=yes
| gl_cv_have_raw_decl_chdir=yes
| gl_cv_have_raw_decl_chown=yes
| gl_cv_have_raw_decl_closedir=yes
| gl_cv_have_raw_decl_dirfd=yes
| gl_cv_have_raw_decl_dprintf=yes
| gl_cv_have_raw_decl_dup2=yes
| gl_cv_have_raw_decl_dup3=yes
| gl_cv_have_raw_decl_dup=yes
| gl_cv_have_raw_decl_duplocale=yes
| gl_cv_have_raw_decl_endusershell=yes
| gl_cv_have_raw_decl_environ=yes
| gl_cv_have_raw_decl_euidaccess=yes
| gl_cv_have_raw_decl_faccessat=yes
| gl_cv_have_raw_decl_fchdir=yes
| gl_cv_have_raw_decl_fchmodat=yes
| gl_cv_have_raw_decl_fchownat=yes
| gl_cv_have_raw_decl_fcntl=yes
| gl_cv_have_raw_decl_fdatasync=yes
| gl_cv_have_raw_decl_fdopendir=yes
| gl_cv_have_raw_decl_ffs=yes
| gl_cv_have_raw_decl_ffsl=yes
| gl_cv_have_raw_decl_ffsll=yes
| gl_cv_have_raw_decl_fpurge=no
| gl_cv_have_raw_decl_fseeko=yes
| gl_cv_have_raw_decl_fstat=yes
| gl_cv_have_raw_decl_fstatat=yes
| gl_cv_have_raw_decl_fsync=yes
| gl_cv_have_raw_decl_ftello=yes
| gl_cv_have_raw_decl_ftruncate=yes
| gl_cv_have_raw_decl_futimens=yes
| gl_cv_have_raw_decl_getcwd=yes
| gl_cv_have_raw_decl_getdelim=yes
| gl_cv_have_raw_decl_getdomainname=yes
| gl_cv_have_raw_decl_getdtablesize=yes
| gl_cv_have_raw_decl_getgroups=yes
| gl_cv_have_raw_decl_gethostname=yes
| gl_cv_have_raw_decl_getline=yes
| gl_cv_have_raw_decl_getloadavg=yes
| gl_cv_have_raw_decl_getlogin=yes
| gl_cv_have_raw_decl_getlogin_r=yes
| gl_cv_have_raw_decl_getpagesize=yes
| gl_cv_have_raw_decl_gets=no
| gl_cv_have_raw_decl_getsubopt=yes
| gl_cv_have_raw_decl_gettimeofday=yes
| gl_cv_have_raw_decl_getusershell=yes
| gl_cv_have_raw_decl_grantpt=yes
| gl_cv_have_raw_decl_group_member=yes
| gl_cv_have_raw_decl_imaxabs=yes
| gl_cv_have_raw_decl_imaxdiv=yes
| gl_cv_have_raw_decl_initstate=yes
| gl_cv_have_raw_decl_initstate_r=yes
| gl_cv_have_raw_decl_isatty=yes
| gl_cv_have_raw_decl_iswctype=yes
| gl_cv_have_raw_decl_lchmod=yes
| gl_cv_have_raw_decl_lchown=yes
| gl_cv_have_raw_decl_link=yes
| gl_cv_have_raw_decl_linkat=yes
| gl_cv_have_raw_decl_lseek=yes
| gl_cv_have_raw_decl_lstat=yes
| gl_cv_have_raw_decl_mbrlen=yes
| gl_cv_have_raw_decl_mbrtowc=yes
| gl_cv_have_raw_decl_mbsinit=yes
| gl_cv_have_raw_decl_mbsnrtowcs=yes
| gl_cv_have_raw_decl_mbsrtowcs=yes
| gl_cv_have_raw_decl_memmem=yes
| gl_cv_have_raw_decl_mempcpy=yes
| gl_cv_have_raw_decl_memrchr=yes
| gl_cv_have_raw_decl_mkdirat=yes
| gl_cv_have_raw_decl_mkdtemp=yes
| gl_cv_have_raw_decl_mkfifo=yes
| gl_cv_have_raw_decl_mkfifoat=yes
| gl_cv_have_raw_decl_mknod=yes
| gl_cv_have_raw_decl_mknodat=yes
| gl_cv_have_raw_decl_mkostemp=yes
| gl_cv_have_raw_decl_mkostemps=yes
| gl_cv_have_raw_decl_mkstemp=yes
| gl_cv_have_raw_decl_mkstemps=yes
| gl_cv_have_raw_decl_nl_langinfo=yes
| gl_cv_have_raw_decl_openat=yes
| gl_cv_have_raw_decl_opendir=yes
| gl_cv_have_raw_decl_pclose=yes
| gl_cv_have_raw_decl_pipe2=yes
| gl_cv_have_raw_decl_pipe=yes
| gl_cv_have_raw_decl_popen=yes
| gl_cv_have_raw_decl_posix_openpt=yes
| gl_cv_have_raw_decl_pread=yes
| gl_cv_have_raw_decl_pthread_sigmask=yes
| gl_cv_have_raw_decl_ptsname=yes
| gl_cv_have_raw_decl_ptsname_r=yes
| gl_cv_have_raw_decl_pwrite=yes
| gl_cv_have_raw_decl_random=yes
| gl_cv_have_raw_decl_random_r=yes
| gl_cv_have_raw_decl_rawmemchr=yes
| gl_cv_have_raw_decl_readdir=yes
| gl_cv_have_raw_decl_readlink=yes
| gl_cv_have_raw_decl_readlinkat=yes
| gl_cv_have_raw_decl_realpath=yes
| gl_cv_have_raw_decl_renameat=yes
| gl_cv_have_raw_decl_rewinddir=yes
| gl_cv_have_raw_decl_rmdir=yes
| gl_cv_have_raw_decl_rpmatch=yes
| gl_cv_have_raw_decl_scandir=yes
| gl_cv_have_raw_decl_secure_getenv=yes
| gl_cv_have_raw_decl_setenv=yes
| gl_cv_have_raw_decl_sethostname=yes
| gl_cv_have_raw_decl_setlocale=yes
| gl_cv_have_raw_decl_setstate=yes
| gl_cv_have_raw_decl_setstate_r=yes
| gl_cv_have_raw_decl_setusershell=yes
| gl_cv_have_raw_decl_sigaction=yes
| gl_cv_have_raw_decl_sigaddset=yes
| gl_cv_have_raw_decl_sigdelset=yes
| gl_cv_have_raw_decl_sigemptyset=yes
| gl_cv_have_raw_decl_sigfillset=yes
| gl_cv_have_raw_decl_sigismember=yes
| gl_cv_have_raw_decl_sigpending=yes
| gl_cv_have_raw_decl_sigprocmask=yes
| gl_cv_have_raw_decl_sleep=yes
| gl_cv_have_raw_decl_snprintf=yes
| gl_cv_have_raw_decl_srandom=yes
| gl_cv_have_raw_decl_srandom_r=yes
| gl_cv_have_raw_decl_stat=yes
| gl_cv_have_raw_decl_stpcpy=yes
| gl_cv_have_raw_decl_stpncpy=yes
| gl_cv_have_raw_decl_strcasecmp=yes
| gl_cv_have_raw_decl_strcasestr=yes
| gl_cv_have_raw_decl_strchrnul=yes
| gl_cv_have_raw_decl_strdup=yes
| gl_cv_have_raw_decl_strerror_r=yes
| gl_cv_have_raw_decl_strncasecmp=yes
| gl_cv_have_raw_decl_strncat=yes
| gl_cv_have_raw_decl_strndup=yes
| gl_cv_have_raw_decl_strnlen=yes
| gl_cv_have_raw_decl_strpbrk=yes
| gl_cv_have_raw_decl_strsep=yes
| gl_cv_have_raw_decl_strsignal=yes
| gl_cv_have_raw_decl_strtod=yes
| gl_cv_have_raw_decl_strtoimax=yes
| gl_cv_have_raw_decl_strtok_r=yes
| gl_cv_have_raw_decl_strtoll=yes
| gl_cv_have_raw_decl_strtoull=yes
| gl_cv_have_raw_decl_strtoumax=yes
| gl_cv_have_raw_decl_strverscmp=yes
| gl_cv_have_raw_decl_symlink=yes
| gl_cv_have_raw_decl_symlinkat=yes
| gl_cv_have_raw_decl_tmpfile=yes
| gl_cv_have_raw_decl_towctrans=yes
| gl_cv_have_raw_decl_ttyname_r=yes
| gl_cv_have_raw_decl_unlink=yes
| gl_cv_have_raw_decl_unlinkat=yes
| gl_cv_have_raw_decl_unlockpt=yes
| gl_cv_have_raw_decl_unsetenv=yes
| gl_cv_have_raw_decl_usleep=yes
| gl_cv_have_raw_decl_utimensat=yes
| gl_cv_have_raw_decl_vdprintf=yes
| gl_cv_have_raw_decl_vsnprintf=yes
| gl_cv_have_raw_decl_wcpcpy=yes
| gl_cv_have_raw_decl_wcpncpy=yes
| gl_cv_have_raw_decl_wcrtomb=yes
| gl_cv_have_raw_decl_wcscasecmp=yes
| gl_cv_have_raw_decl_wcscat=yes
| gl_cv_have_raw_decl_wcschr=yes
| gl_cv_have_raw_decl_wcscmp=yes
| gl_cv_have_raw_decl_wcscoll=yes
| gl_cv_have_raw_decl_wcscpy=yes
| gl_cv_have_raw_decl_wcscspn=yes
| gl_cv_have_raw_decl_wcsdup=yes
| gl_cv_have_raw_decl_wcslen=yes
| gl_cv_have_raw_decl_wcsncasecmp=yes
| gl_cv_have_raw_decl_wcsncat=yes
| gl_cv_have_raw_decl_wcsncmp=yes
| gl_cv_have_raw_decl_wcsncpy=yes
| gl_cv_have_raw_decl_wcsnlen=yes
| gl_cv_have_raw_decl_wcsnrtombs=yes
| gl_cv_have_raw_decl_wcspbrk=yes
| gl_cv_have_raw_decl_wcsrchr=yes
| gl_cv_have_raw_decl_wcsrtombs=yes
| gl_cv_have_raw_decl_wcsspn=yes
| gl_cv_have_raw_decl_wcsstr=yes
| gl_cv_have_raw_decl_wcstok=yes
| gl_cv_have_raw_decl_wcswidth=yes
| gl_cv_have_raw_decl_wcsxfrm=yes
| gl_cv_have_raw_decl_wctob=yes
| gl_cv_have_raw_decl_wctrans=yes
| gl_cv_have_raw_decl_wctype=yes
| gl_cv_have_raw_decl_wcwidth=yes
| gl_cv_have_raw_decl_wmemchr=yes
| gl_cv_have_raw_decl_wmemcmp=yes
| gl_cv_have_raw_decl_wmemcpy=yes
| gl_cv_have_raw_decl_wmemmove=yes
| gl_cv_have_raw_decl_wmemset=yes
| gl_cv_header_errno_h_complete=yes
| gl_cv_header_inttypes_h=yes
| gl_cv_header_langinfo_codeset=yes
| gl_cv_header_langinfo_era=yes
| gl_cv_header_langinfo_t_fmt_ampm=yes
| gl_cv_header_langinfo_yesexpr=yes
| gl_cv_header_locale_h_needs_xlocale_h=no
| gl_cv_header_locale_h_posix2001=yes
| gl_cv_header_locale_has_locale_t=yes
| gl_cv_header_stdint_h=yes
| gl_cv_header_wchar_h_correct_inline=yes
| gl_cv_header_working_fcntl_h=yes
| gl_cv_header_working_stdalign_h=yes
| gl_cv_header_working_stdint_h=yes
| gl_cv_next_dirent_h='<dirent.h>'
| gl_cv_next_fcntl_h='<fcntl.h>'
| gl_cv_next_getopt_h='<getopt.h>'
| gl_cv_next_inttypes_h='<inttypes.h>'
| gl_cv_next_langinfo_h='<langinfo.h>'
| gl_cv_next_locale_h='<locale.h>'
| gl_cv_next_signal_h='<signal.h>'
| gl_cv_next_stdint_h='<stdint.h>'
| gl_cv_next_stdio_h='<stdio.h>'
| gl_cv_next_stdlib_h='<stdlib.h>'
| gl_cv_next_string_h='<string.h>'
| gl_cv_next_strings_h='<strings.h>'
| gl_cv_next_sys_stat_h='<sys/stat.h>'
| gl_cv_next_sys_time_h='<sys/time.h>'
| gl_cv_next_sys_types_h='<sys/types.h>'
| gl_cv_next_sysexits_h='<sysexits.h>'
| gl_cv_next_time_h='<time.h>'
| gl_cv_next_unistd_h='<unistd.h>'
| gl_cv_next_wchar_h='<wchar.h>'
| gl_cv_next_wctype_h='<wctype.h>'
| gl_cv_pragma_columns=no
| gl_cv_promoted_mode_t=mode_t
| gl_cv_rpl_alloca=yes
| gl_cv_size_max=yes
| gl_cv_struct_dirent_d_ino=yes
| gl_cv_sys_struct_lconv_ok=yes
| gl_cv_sys_struct_timespec_in_time_h=yes
| gl_cv_sys_struct_timeval=yes
| gl_cv_sys_struct_timeval_tv_sec=yes
| gl_cv_sys_struct_utimbuf=yes
| gl_cv_test_INT32_MAX_LT_INTMAX_MAX=yes
| gl_cv_test_INT64_MAX_EQ_LONG_MAX=yes
| gl_cv_test_UINT32_MAX_LT_UINTMAX_MAX=yes
| gl_cv_test_UINT64_MAX_EQ_ULONG_MAX=yes
| gl_cv_time_r_posix=yes
| gl_cv_type_sigset_t=yes
| gl_cv_type_wctrans_t=yes
| gl_cv_type_wctype_t=yes
| gl_cv_var_stdin_large_offset=yes
| gt_cv_c_intmax_t=yes
| gt_cv_c_wchar_t=yes
| gt_cv_c_wint_t=yes
| gt_cv_func_CFLocaleCopyCurrent=no
| gt_cv_func_CFPreferencesCopyAppValue=no
| gt_cv_func_gnugettext3_libc=yes
| gt_cv_func_unsetenv_ret=int
| gt_cv_inttypes_pri_broken=no
| gt_cv_locale_fr=none
| gt_cv_locale_fr_utf8=none
| gt_cv_locale_ja=none
| gt_cv_locale_zh_CN=none
| gt_cv_ssize_t=yes
| gt_cv_var_environ_declaration=yes
| pu_cv_header_mtio_check_field=mt_type
| pu_cv_header_rmt=yes
| tar_cv_compressor_bzip2=bzip2
| tar_cv_compressor_compress=compress
| tar_cv_compressor_gzip=gzip
| tar_cv_compressor_lzip=lzip
| tar_cv_compressor_lzma=lzma
| tar_cv_compressor_lzop=lzop
| tar_cv_compressor_xz=xz
| tar_cv_path_RSH=/usr/bin/rsh
| 
| ## ----------------- ##
| ## Output variables. ##
| ## ----------------- ##
| 
| ACLOCAL='${SHELL} /root/Desktop/tar-1.28/build-aux/missing aclocal-1.14'
| ALLOCA=''
| ALLOCA_H='alloca.h'
| AMDEPBACKSLASH='\'
| AMDEP_FALSE='#'
| AMDEP_TRUE=''
| AMTAR='$${TAR-tar}'
| AM_BACKSLASH='\'
| AM_DEFAULT_V='$(AM_DEFAULT_VERBOSITY)'
| AM_DEFAULT_VERBOSITY='0'
| AM_V='$(V)'
| APPLE_UNIVERSAL_BUILD='0'
| AR='ar'
| ARFLAGS='cru'
| AUTOCONF='${SHELL} /root/Desktop/tar-1.28/build-aux/missing autoconf'
| AUTOHEADER='${SHELL} /root/Desktop/tar-1.28/build-aux/missing autoheader'
| AUTOM4TE='${SHELL} /root/Desktop/tar-1.28/build-aux/missing autom4te'
| AUTOMAKE='${SHELL} /root/Desktop/tar-1.28/build-aux/missing automake-1.14'
| AWK='mawk'
| BACKUP_LIBEXEC_SCRIPTS=''
| BACKUP_SBIN_SCRIPTS=''
| BACKUP_SED_COND='/^\#ELSE_DATE_FORMAT_OK/,/^\#ENDIF_DATE_FORMAT_OK/d;/^\#IF_DATE_FORMAT_OK/d'
| BITSIZEOF_PTRDIFF_T=''
| BITSIZEOF_SIG_ATOMIC_T=''
| BITSIZEOF_SIZE_T=''
| BITSIZEOF_WCHAR_T=''
| BITSIZEOF_WINT_T=''
| CC='gcc -std=gnu99'
| CCDEPMODE='depmode=gcc3'
| CFLAGS='-g -O2'
| CPP='gcc -std=gnu99 -E'
| CPPFLAGS=''
| CYGPATH_W='echo'
| DEFAULT_ARCHIVE='-'
| DEFAULT_ARCHIVE_FORMAT='GNU'
| DEFAULT_BLOCKING='20'
| DEFAULT_QUOTING_STYLE='escape_quoting_style'
| DEFAULT_RMT_COMMAND=''
| DEFAULT_RMT_DIR='$(libexecdir)'
| DEFS='-DHAVE_CONFIG_H'
| DEPDIR='.deps'
| ECHO_C=''
| ECHO_N='-n'
| ECHO_T=''
| EGREP='/bin/grep -E'
| EMULTIHOP_HIDDEN=''
| EMULTIHOP_VALUE=''
| ENOLINK_HIDDEN=''
| ENOLINK_VALUE=''
| EOVERFLOW_HIDDEN=''
| EOVERFLOW_VALUE=''
| ERRNO_H=''
| EXEEXT=''
| FLOAT_H=''
| FNMATCH_H=''
| GETOPT_H='getopt.h'
| GETTEXT_MACRO_VERSION='0.18'
| GLIBC21='yes'
| GL_COND_LIBTOOL_FALSE=''
| GL_COND_LIBTOOL_TRUE='#'
| GL_GENERATE_ALLOCA_H_FALSE='#'
| GL_GENERATE_ALLOCA_H_TRUE=''
| GL_GENERATE_ERRNO_H_FALSE=''
| GL_GENERATE_ERRNO_H_TRUE='#'
| GL_GENERATE_FLOAT_H_FALSE=''
| GL_GENERATE_FLOAT_H_TRUE='#'
| GL_GENERATE_FNMATCH_H_FALSE=''
| GL_GENERATE_FNMATCH_H_TRUE='#'
| GL_GENERATE_SELINUX_CONTEXT_H_FALSE='#'
| GL_GENERATE_SELINUX_CONTEXT_H_TRUE=''
| GL_GENERATE_STDALIGN_H_FALSE=''
| GL_GENERATE_STDALIGN_H_TRUE='#'
| GL_GENERATE_STDARG_H_FALSE=''
| GL_GENERATE_STDARG_H_TRUE='#'
| GL_GENERATE_STDBOOL_H_FALSE=''
| GL_GENERATE_STDBOOL_H_TRUE='#'
| GL_GENERATE_STDDEF_H_FALSE=''
| GL_GENERATE_STDDEF_H_TRUE='#'
| GL_GENERATE_STDINT_H_FALSE=''
| GL_GENERATE_STDINT_H_TRUE='#'
| GL_GENERATE_SYSEXITS_H_FALSE=''
| GL_GENERATE_SYSEXITS_H_TRUE='#'
| GMSGFMT='/usr/bin/msgfmt'
| GMSGFMT_015='/usr/bin/msgfmt'
| GNULIB_ALPHASORT='0'
| GNULIB_ATOLL='0'
| GNULIB_BTOWC='1'
| GNULIB_CALLOC_POSIX='0'
| GNULIB_CANONICALIZE_FILE_NAME='1'
| GNULIB_CHDIR='1'
| GNULIB_CHOWN='1'
| GNULIB_CLOSE='1'
| GNULIB_CLOSEDIR='1'
| GNULIB_DIRFD='1'
| GNULIB_DPRINTF='0'
| GNULIB_DUP2='1'
| GNULIB_DUP3='0'
| GNULIB_DUP='1'
| GNULIB_DUPLOCALE='0'
| GNULIB_ENVIRON='1'
| GNULIB_EUIDACCESS='1'
| GNULIB_FACCESSAT='1'
| GNULIB_FCHDIR='1'
| GNULIB_FCHMODAT='1'
| GNULIB_FCHOWNAT='1'
| GNULIB_FCLOSE='0'
| GNULIB_FCNTL='1'
| GNULIB_FDATASYNC='0'
| GNULIB_FDOPEN='0'
| GNULIB_FDOPENDIR='1'
| GNULIB_FFLUSH='0'
| GNULIB_FFS='0'
| GNULIB_FFSL='0'
| GNULIB_FFSLL='0'
| GNULIB_FGETC='1'
| GNULIB_FGETS='1'
| GNULIB_FOPEN='0'
| GNULIB_FPRINTF='1'
| GNULIB_FPRINTF_POSIX='0'
| GNULIB_FPURGE='0'
| GNULIB_FPUTC='1'
| GNULIB_FPUTS='1'
| GNULIB_FREAD='1'
| GNULIB_FREOPEN='0'
| GNULIB_FSCANF='1'
| GNULIB_FSEEK='1'
| GNULIB_FSEEKO='1'
| GNULIB_FSTAT='1'
| GNULIB_FSTATAT='1'
| GNULIB_FSYNC='0'
| GNULIB_FTELL='0'
| GNULIB_FTELLO='0'
| GNULIB_FTRUNCATE='0'
| GNULIB_FUTIMENS='1'
| GNULIB_FWRITE='1'
| GNULIB_GETC='1'
| GNULIB_GETCHAR='1'
| GNULIB_GETCWD='1'
| GNULIB_GETDELIM='1'
| GNULIB_GETDOMAINNAME='0'
| GNULIB_GETDTABLESIZE='1'
| GNULIB_GETGROUPS='1'
| GNULIB_GETHOSTNAME='0'
| GNULIB_GETLINE='1'
| GNULIB_GETLOADAVG='0'
| GNULIB_GETLOGIN='0'
| GNULIB_GETLOGIN_R='0'
| GNULIB_GETPAGESIZE='1'
| GNULIB_GETSUBOPT='0'
| GNULIB_GETTIMEOFDAY='1'
| GNULIB_GETUSERSHELL='0'
| GNULIB_GL_UNISTD_H_GETOPT='1'
| GNULIB_GRANTPT='0'
| GNULIB_GROUP_MEMBER='1'
| GNULIB_IMAXABS='0'
| GNULIB_IMAXDIV='0'
| GNULIB_ISATTY='1'
| GNULIB_ISWBLANK='1'
| GNULIB_ISWCTYPE='0'
| GNULIB_LCHMOD='0'
| GNULIB_LCHOWN='1'
| GNULIB_LINK='1'
| GNULIB_LINKAT='1'
| GNULIB_LOCALECONV='1'
| GNULIB_LSEEK='1'
| GNULIB_LSTAT='1'
| GNULIB_MALLOC_POSIX='1'
| GNULIB_MBRLEN='0'
| GNULIB_MBRTOWC='1'
| GNULIB_MBSCASECMP='1'
| GNULIB_MBSCASESTR='0'
| GNULIB_MBSCHR='0'
| GNULIB_MBSCSPN='0'
| GNULIB_MBSINIT='1'
| GNULIB_MBSLEN='0'
| GNULIB_MBSNCASECMP='0'
| GNULIB_MBSNLEN='0'
| GNULIB_MBSNRTOWCS='0'
| GNULIB_MBSPBRK='0'
| GNULIB_MBSPCASECMP='0'
| GNULIB_MBSRCHR='0'
| GNULIB_MBSRTOWCS='1'
| GNULIB_MBSSEP='0'
| GNULIB_MBSSPN='0'
| GNULIB_MBSSTR='0'
| GNULIB_MBSTOK_R='0'
| GNULIB_MBTOWC='1'
| GNULIB_MEMCHR='1'
| GNULIB_MEMMEM='0'
| GNULIB_MEMPCPY='1'
| GNULIB_MEMRCHR='1'
| GNULIB_MKDIRAT='1'
| GNULIB_MKDTEMP='1'
| GNULIB_MKFIFO='1'
| GNULIB_MKFIFOAT='1'
| GNULIB_MKNOD='1'
| GNULIB_MKNODAT='1'
| GNULIB_MKOSTEMP='0'
| GNULIB_MKOSTEMPS='0'
| GNULIB_MKSTEMP='0'
| GNULIB_MKSTEMPS='0'
| GNULIB_MKTIME='1'
| GNULIB_NANOSLEEP='0'
| GNULIB_NL_LANGINFO='1'
| GNULIB_NONBLOCKING='0'
| GNULIB_OBSTACK_PRINTF='0'
| GNULIB_OBSTACK_PRINTF_POSIX='0'
| GNULIB_OPEN='1'
| GNULIB_OPENAT='1'
| GNULIB_OPENDIR='1'
| GNULIB_PCLOSE='0'
| GNULIB_PERROR='0'
| GNULIB_PIPE2='0'
| GNULIB_PIPE='0'
| GNULIB_POPEN='0'
| GNULIB_POSIX_OPENPT='1'
| GNULIB_PREAD='0'
| GNULIB_PRINTF='1'
| GNULIB_PRINTF_POSIX='0'
| GNULIB_PTHREAD_SIGMASK='0'
| GNULIB_PTSNAME='1'
| GNULIB_PTSNAME_R='1'
| GNULIB_PUTC='1'
| GNULIB_PUTCHAR='1'
| GNULIB_PUTENV='0'
| GNULIB_PUTS='1'
| GNULIB_PWRITE='0'
| GNULIB_RAISE='1'
| GNULIB_RANDOM='0'
| GNULIB_RANDOM_R='0'
| GNULIB_RAWMEMCHR='1'
| GNULIB_READ='1'
| GNULIB_READDIR='1'
| GNULIB_READLINK='1'
| GNULIB_READLINKAT='1'
| GNULIB_REALLOC_POSIX='1'
| GNULIB_REALPATH='1'
| GNULIB_REMOVE='0'
| GNULIB_RENAME='1'
| GNULIB_RENAMEAT='1'
| GNULIB_REWINDDIR='1'
| GNULIB_RMDIR='1'
| GNULIB_RPMATCH='1'
| GNULIB_SCANDIR='0'
| GNULIB_SCANF='1'
| GNULIB_SECURE_GETENV='1'
| GNULIB_SETENV='1'
| GNULIB_SETHOSTNAME='0'
| GNULIB_SETLOCALE='0'
| GNULIB_SIGACTION='0'
| GNULIB_SIGNAL_H_SIGPIPE='0'
| GNULIB_SIGPROCMASK='0'
| GNULIB_SLEEP='1'
| GNULIB_SNPRINTF='1'
| GNULIB_SPRINTF_POSIX='0'
| GNULIB_STAT='1'
| GNULIB_STDIO_H_NONBLOCKING='0'
| GNULIB_STDIO_H_SIGPIPE='0'
| GNULIB_STPCPY='1'
| GNULIB_STPNCPY='0'
| GNULIB_STRCASESTR='0'
| GNULIB_STRCHRNUL='1'
| GNULIB_STRDUP='1'
| GNULIB_STRERROR='1'
| GNULIB_STRERROR_R='0'
| GNULIB_STRNCAT='0'
| GNULIB_STRNDUP='1'
| GNULIB_STRNLEN='1'
| GNULIB_STRPBRK='0'
| GNULIB_STRPTIME='0'
| GNULIB_STRSEP='0'
| GNULIB_STRSIGNAL='0'
| GNULIB_STRSTR='0'
| GNULIB_STRTOD='0'
| GNULIB_STRTOIMAX='1'
| GNULIB_STRTOK_R='0'
| GNULIB_STRTOLL='1'
| GNULIB_STRTOULL='1'
| GNULIB_STRTOUMAX='1'
| GNULIB_STRVERSCMP='0'
| GNULIB_SYMLINK='1'
| GNULIB_SYMLINKAT='1'
| GNULIB_SYSTEM_POSIX='0'
| GNULIB_TEST_WARN_CFLAGS=''
| GNULIB_TIMEGM='0'
| GNULIB_TIME_R='1'
| GNULIB_TMPFILE='0'
| GNULIB_TOWCTRANS='0'
| GNULIB_TTYNAME_R='1'
| GNULIB_UNISTD_H_NONBLOCKING='0'
| GNULIB_UNISTD_H_SIGPIPE='0'
| GNULIB_UNLINK='1'
| GNULIB_UNLINKAT='1'
| GNULIB_UNLOCKPT='1'
| GNULIB_UNSETENV='1'
| GNULIB_USLEEP='0'
| GNULIB_UTIMENSAT='1'
| GNULIB_VASPRINTF='1'
| GNULIB_VDPRINTF='0'
| GNULIB_VFPRINTF='1'
| GNULIB_VFPRINTF_POSIX='0'
| GNULIB_VFSCANF='0'
| GNULIB_VPRINTF='1'
| GNULIB_VPRINTF_POSIX='0'
| GNULIB_VSCANF='0'
| GNULIB_VSNPRINTF='1'
| GNULIB_VSPRINTF_POSIX='0'
| GNULIB_WARN_CFLAGS=''
| GNULIB_WCPCPY='0'
| GNULIB_WCPNCPY='0'
| GNULIB_WCRTOMB='1'
| GNULIB_WCSCASECMP='0'
| GNULIB_WCSCAT='0'
| GNULIB_WCSCHR='0'
| GNULIB_WCSCMP='0'
| GNULIB_WCSCOLL='0'
| GNULIB_WCSCPY='0'
| GNULIB_WCSCSPN='0'
| GNULIB_WCSDUP='0'
| GNULIB_WCSLEN='0'
| GNULIB_WCSNCASECMP='0'
| GNULIB_WCSNCAT='0'
| GNULIB_WCSNCMP='0'
| GNULIB_WCSNCPY='0'
| GNULIB_WCSNLEN='0'
| GNULIB_WCSNRTOMBS='0'
| GNULIB_WCSPBRK='0'
| GNULIB_WCSRCHR='0'
| GNULIB_WCSRTOMBS='0'
| GNULIB_WCSSPN='0'
| GNULIB_WCSSTR='0'
| GNULIB_WCSTOK='0'
| GNULIB_WCSWIDTH='0'
| GNULIB_WCSXFRM='0'
| GNULIB_WCTOB='0'
| GNULIB_WCTOMB='0'
| GNULIB_WCTRANS='0'
| GNULIB_WCTYPE='0'
| GNULIB_WCWIDTH='1'
| GNULIB_WMEMCHR='0'
| GNULIB_WMEMCMP='0'
| GNULIB_WMEMCPY='0'
| GNULIB_WMEMMOVE='0'
| GNULIB_WMEMSET='0'
| GNULIB_WRITE='1'
| GNULIB__EXIT='0'
| GREP='/bin/grep'
| HAVE_ALPHASORT='1'
| HAVE_ATOLL='1'
| HAVE_BTOWC='1'
| HAVE_CANONICALIZE_FILE_NAME='1'
| HAVE_CHOWN='1'
| HAVE_CLOSEDIR='1'
| HAVE_DECL_DIRFD='1'
| HAVE_DECL_ENVIRON='1'
| HAVE_DECL_FCHDIR='1'
| HAVE_DECL_FDATASYNC='1'
| HAVE_DECL_FDOPENDIR='1'
| HAVE_DECL_FPURGE='1'
| HAVE_DECL_FSEEKO='1'
| HAVE_DECL_FTELLO='1'
| HAVE_DECL_GETDELIM='1'
| HAVE_DECL_GETDOMAINNAME='1'
| HAVE_DECL_GETLINE='1'
| HAVE_DECL_GETLOADAVG='1'
| HAVE_DECL_GETLOGIN_R='1'
| HAVE_DECL_GETPAGESIZE='1'
| HAVE_DECL_GETUSERSHELL='1'
| HAVE_DECL_IMAXABS='1'
| HAVE_DECL_IMAXDIV='1'
| HAVE_DECL_LOCALTIME_R='1'
| HAVE_DECL_MEMMEM='1'
| HAVE_DECL_MEMRCHR='1'
| HAVE_DECL_OBSTACK_PRINTF='1'
| HAVE_DECL_SETENV='1'
| HAVE_DECL_SETHOSTNAME='1'
| HAVE_DECL_SNPRINTF='1'
| HAVE_DECL_STRDUP='1'
| HAVE_DECL_STRERROR_R='1'
| HAVE_DECL_STRNCASECMP='1'
| HAVE_DECL_STRNDUP='1'
| HAVE_DECL_STRNLEN='1'
| HAVE_DECL_STRSIGNAL='1'
| HAVE_DECL_STRTOIMAX='1'
| HAVE_DECL_STRTOK_R='1'
| HAVE_DECL_STRTOUMAX='1'
| HAVE_DECL_TTYNAME_R='1'
| HAVE_DECL_UNSETENV='1'
| HAVE_DECL_VSNPRINTF='1'
| HAVE_DECL_WCTOB='1'
| HAVE_DECL_WCWIDTH='1'
| HAVE_DIRENT_H='1'
| HAVE_DPRINTF='1'
| HAVE_DUP2='1'
| HAVE_DUP3='1'
| HAVE_DUPLOCALE='1'
| HAVE_EUIDACCESS='1'
| HAVE_FACCESSAT='1'
| HAVE_FCHDIR='1'
| HAVE_FCHMODAT='1'
| HAVE_FCHOWNAT='1'
| HAVE_FCNTL='1'
| HAVE_FDATASYNC='1'
| HAVE_FDOPENDIR='1'
| HAVE_FEATURES_H='1'
| HAVE_FFS='1'
| HAVE_FFSL='1'
| HAVE_FFSLL='1'
| HAVE_FSEEKO='1'
| HAVE_FSTATAT='1'
| HAVE_FSYNC='1'
| HAVE_FTELLO='1'
| HAVE_FTRUNCATE='1'
| HAVE_FUTIMENS='1'
| HAVE_GETDTABLESIZE='1'
| HAVE_GETGROUPS='1'
| HAVE_GETHOSTNAME='1'
| HAVE_GETLOGIN='1'
| HAVE_GETOPT_H='1'
| HAVE_GETPAGESIZE='1'
| HAVE_GETSUBOPT='1'
| HAVE_GETTIMEOFDAY='1'
| HAVE_GRANTPT='1'
| HAVE_GROUP_MEMBER='1'
| HAVE_INTTYPES_H='1'
| HAVE_ISWBLANK='1'
| HAVE_ISWCNTRL='1'
| HAVE_LANGINFO_CODESET='1'
| HAVE_LANGINFO_ERA='1'
| HAVE_LANGINFO_H='1'
| HAVE_LANGINFO_T_FMT_AMPM='1'
| HAVE_LANGINFO_YESEXPR='1'
| HAVE_LCHMOD='1'
| HAVE_LCHOWN='1'
| HAVE_LINK='1'
| HAVE_LINKAT='1'
| HAVE_LONG_LONG_INT='1'
| HAVE_LSTAT='1'
| HAVE_MBRLEN='1'
| HAVE_MBRTOWC='1'
| HAVE_MBSINIT='1'
| HAVE_MBSLEN='0'
| HAVE_MBSNRTOWCS='1'
| HAVE_MBSRTOWCS='1'
| HAVE_MEMCHR='1'
| HAVE_MEMPCPY='1'
| HAVE_MKDIRAT='1'
| HAVE_MKDTEMP='1'
| HAVE_MKFIFO='1'
| HAVE_MKFIFOAT='1'
| HAVE_MKNOD='1'
| HAVE_MKNODAT='1'
| HAVE_MKOSTEMP='1'
| HAVE_MKOSTEMPS='1'
| HAVE_MKSTEMP='1'
| HAVE_MKSTEMPS='1'
| HAVE_MSVC_INVALID_PARAMETER_HANDLER='0'
| HAVE_NANOSLEEP='1'
| HAVE_NL_LANGINFO='1'
| HAVE_OPENAT='1'
| HAVE_OPENDIR='1'
| HAVE_OS_H='0'
| HAVE_PCLOSE='1'
| HAVE_PIPE2='1'
| HAVE_PIPE='1'
| HAVE_POPEN='1'
| HAVE_POSIX_OPENPT='1'
| HAVE_POSIX_SIGNALBLOCKING='1'
| HAVE_PREAD='1'
| HAVE_PTHREAD_SIGMASK='1'
| HAVE_PTSNAME='1'
| HAVE_PTSNAME_R='1'
| HAVE_PWRITE='1'
| HAVE_RAISE='1'
| HAVE_RANDOM='1'
| HAVE_RANDOM_H='1'
| HAVE_RANDOM_R='1'
| HAVE_RAWMEMCHR='1'
| HAVE_READDIR='1'
| HAVE_READLINK='1'
| HAVE_READLINKAT='1'
| HAVE_REALPATH='1'
| HAVE_RENAMEAT='1'
| HAVE_REWINDDIR='1'
| HAVE_RPMATCH='1'
| HAVE_SCANDIR='1'
| HAVE_SECURE_GETENV='1'
| HAVE_SETENV='1'
| HAVE_SETHOSTNAME='1'
| HAVE_SIGACTION='1'
| HAVE_SIGHANDLER_T='1'
| HAVE_SIGINFO_T='1'
| HAVE_SIGNED_SIG_ATOMIC_T=''
| HAVE_SIGNED_WCHAR_T=''
| HAVE_SIGNED_WINT_T=''
| HAVE_SIGSET_T='1'
| HAVE_SLEEP='1'
| HAVE_STDINT_H='1'
| HAVE_STPCPY='1'
| HAVE_STPNCPY='1'
| HAVE_STRCASECMP='1'
| HAVE_STRCASESTR='1'
| HAVE_STRCHRNUL='1'
| HAVE_STRINGS_H='1'
| HAVE_STRPBRK='1'
| HAVE_STRPTIME='1'
| HAVE_STRSEP='1'
| HAVE_STRTOD='1'
| HAVE_STRTOLL='1'
| HAVE_STRTOULL='1'
| HAVE_STRUCT_RANDOM_DATA='1'
| HAVE_STRUCT_SIGACTION_SA_SIGACTION='1'
| HAVE_STRUCT_TIMEVAL='1'
| HAVE_STRVERSCMP='1'
| HAVE_SYMLINK='1'
| HAVE_SYMLINKAT='1'
| HAVE_SYSEXITS_H='1'
| HAVE_SYS_BITYPES_H=''
| HAVE_SYS_INTTYPES_H=''
| HAVE_SYS_LOADAVG_H='0'
| HAVE_SYS_PARAM_H='0'
| HAVE_SYS_TIME_H='1'
| HAVE_SYS_TYPES_H='1'
| HAVE_TIMEGM='1'
| HAVE_TYPE_VOLATILE_SIG_ATOMIC_T='1'
| HAVE_UNISTD_H='1'
| HAVE_UNLINKAT='1'
| HAVE_UNLOCKPT='1'
| HAVE_UNSIGNED_LONG_LONG_INT='1'
| HAVE_USLEEP='1'
| HAVE_UTIMENSAT='1'
| HAVE_VASPRINTF='1'
| HAVE_VDPRINTF='1'
| HAVE_WCHAR_H='1'
| HAVE_WCHAR_T='1'
| HAVE_WCPCPY='1'
| HAVE_WCPNCPY='1'
| HAVE_WCRTOMB='1'
| HAVE_WCSCASECMP='1'
| HAVE_WCSCAT='1'
| HAVE_WCSCHR='1'
| HAVE_WCSCMP='1'
| HAVE_WCSCOLL='1'
| HAVE_WCSCPY='1'
| HAVE_WCSCSPN='1'
| HAVE_WCSDUP='1'
| HAVE_WCSLEN='1'
| HAVE_WCSNCASECMP='1'
| HAVE_WCSNCAT='1'
| HAVE_WCSNCMP='1'
| HAVE_WCSNCPY='1'
| HAVE_WCSNLEN='1'
| HAVE_WCSNRTOMBS='1'
| HAVE_WCSPBRK='1'
| HAVE_WCSRCHR='1'
| HAVE_WCSRTOMBS='1'
| HAVE_WCSSPN='1'
| HAVE_WCSSTR='1'
| HAVE_WCSTOK='1'
| HAVE_WCSWIDTH='1'
| HAVE_WCSXFRM='1'
| HAVE_WCTRANS_T='1'
| HAVE_WCTYPE_H='1'
| HAVE_WCTYPE_T='1'
| HAVE_WINSOCK2_H='0'
| HAVE_WINT_T='1'
| HAVE_WMEMCHR='1'
| HAVE_WMEMCMP='1'
| HAVE_WMEMCPY='1'
| HAVE_WMEMMOVE='1'
| HAVE_WMEMSET='1'
| HAVE_XLOCALE_H='1'
| HAVE__BOOL='1'
| HAVE__EXIT='1'
| INCLUDE_NEXT='include_next'
| INCLUDE_NEXT_AS_FIRST_DIRECTIVE='include_next'
| INSTALL_DATA='${INSTALL} -m 644'
| INSTALL_PROGRAM='${INSTALL}'
| INSTALL_SCRIPT='${INSTALL}'
| INSTALL_STRIP_PROGRAM='$(install_sh) -c -s'
| INT32_MAX_LT_INTMAX_MAX='1'
| INT64_MAX_EQ_LONG_MAX='1'
| INTLLIBS=''
| INTL_MACOSX_LIBS=''
| LDFLAGS=''
| LIBGNU_LIBDEPS=''
| LIBGNU_LTLIBDEPS=''
| LIBICONV=''
| LIBINTL=''
| LIBOBJS=''
| LIBS=''
| LIBUNISTRING_COMPILE_UNIWIDTH_WIDTH_FALSE='#'
| LIBUNISTRING_COMPILE_UNIWIDTH_WIDTH_TRUE=''
| LIBUNISTRING_UNITYPES_H='unitypes.h'
| LIBUNISTRING_UNIWIDTH_H='uniwidth.h'
| LIB_ACL=''
| LIB_CLOCK_GETTIME=''
| LIB_EACCESS=''
| LIB_SELINUX=''
| LIB_SETSOCKOPT=''
| LOCALCHARSET_TESTS_ENVIRONMENT='CHARSETALIASDIR="$(abs_top_builddir)/gnu"'
| LOCALE_FR='none'
| LOCALE_FR_UTF8='none'
| LOCALE_JA='none'
| LOCALE_ZH_CN='none'
| LTLIBICONV=''
| LTLIBINTL=''
| LTLIBOBJS=''
| MAKEINFO='${SHELL} /root/Desktop/tar-1.28/build-aux/missing makeinfo'
| MKDIR_P='/bin/mkdir -p'
| MSGFMT='/usr/bin/msgfmt'
| MSGFMT_015='/usr/bin/msgfmt'
| MSGMERGE='/usr/bin/msgmerge'
| NEXT_AS_FIRST_DIRECTIVE_DIRENT_H='<dirent.h>'
| NEXT_AS_FIRST_DIRECTIVE_ERRNO_H=''
| NEXT_AS_FIRST_DIRECTIVE_FCNTL_H='<fcntl.h>'
| NEXT_AS_FIRST_DIRECTIVE_FLOAT_H=''
| NEXT_AS_FIRST_DIRECTIVE_GETOPT_H='<getopt.h>'
| NEXT_AS_FIRST_DIRECTIVE_INTTYPES_H='<inttypes.h>'
| NEXT_AS_FIRST_DIRECTIVE_LANGINFO_H='<langinfo.h>'
| NEXT_AS_FIRST_DIRECTIVE_LOCALE_H='<locale.h>'
| NEXT_AS_FIRST_DIRECTIVE_SELINUX_SELINUX_H=''
| NEXT_AS_FIRST_DIRECTIVE_SIGNAL_H='<signal.h>'
| NEXT_AS_FIRST_DIRECTIVE_STDARG_H=''
| NEXT_AS_FIRST_DIRECTIVE_STDDEF_H=''
| NEXT_AS_FIRST_DIRECTIVE_STDINT_H='<stdint.h>'
| NEXT_AS_FIRST_DIRECTIVE_STDIO_H='<stdio.h>'
| NEXT_AS_FIRST_DIRECTIVE_STDLIB_H='<stdlib.h>'
| NEXT_AS_FIRST_DIRECTIVE_STRINGS_H='<strings.h>'
| NEXT_AS_FIRST_DIRECTIVE_STRING_H='<string.h>'
| NEXT_AS_FIRST_DIRECTIVE_SYSEXITS_H='<sysexits.h>'
| NEXT_AS_FIRST_DIRECTIVE_SYS_STAT_H='<sys/stat.h>'
| NEXT_AS_FIRST_DIRECTIVE_SYS_TIME_H='<sys/time.h>'
| NEXT_AS_FIRST_DIRECTIVE_SYS_TYPES_H='<sys/types.h>'
| NEXT_AS_FIRST_DIRECTIVE_TIME_H='<time.h>'
| NEXT_AS_FIRST_DIRECTIVE_UNISTD_H='<unistd.h>'
| NEXT_AS_FIRST_DIRECTIVE_WCHAR_H='<wchar.h>'
| NEXT_AS_FIRST_DIRECTIVE_WCTYPE_H='<wctype.h>'
| NEXT_DIRENT_H='<dirent.h>'
| NEXT_ERRNO_H=''
| NEXT_FCNTL_H='<fcntl.h>'
| NEXT_FLOAT_H=''
| NEXT_GETOPT_H='<getopt.h>'
| NEXT_INTTYPES_H='<inttypes.h>'
| NEXT_LANGINFO_H='<langinfo.h>'
| NEXT_LOCALE_H='<locale.h>'
| NEXT_SELINUX_SELINUX_H=''
| NEXT_SIGNAL_H='<signal.h>'
| NEXT_STDARG_H='<stdarg.h>'
| NEXT_STDDEF_H=''
| NEXT_STDINT_H='<stdint.h>'
| NEXT_STDIO_H='<stdio.h>'
| NEXT_STDLIB_H='<stdlib.h>'
| NEXT_STRINGS_H='<strings.h>'
| NEXT_STRING_H='<string.h>'
| NEXT_SYSEXITS_H='<sysexits.h>'
| NEXT_SYS_STAT_H='<sys/stat.h>'
| NEXT_SYS_TIME_H='<sys/time.h>'
| NEXT_SYS_TYPES_H='<sys/types.h>'
| NEXT_TIME_H='<time.h>'
| NEXT_UNISTD_H='<unistd.h>'
| NEXT_WCHAR_H='<wchar.h>'
| NEXT_WCTYPE_H='<wctype.h>'
| OBJEXT='o'
| PACKAGE='tar'
| PACKAGE_BUGREPORT='bug-tar@gnu.org'
| PACKAGE_NAME='GNU tar'
| PACKAGE_STRING='GNU tar 1.28'
| PACKAGE_TARNAME='tar'
| PACKAGE_URL='http://www.gnu.org/software/tar/'
| PACKAGE_VERSION='1.28'
| PATH_SEPARATOR=':'
| POSUB='po'
| PRAGMA_COLUMNS=''
| PRAGMA_SYSTEM_HEADER='#pragma GCC system_header'
| PRIPTR_PREFIX='"l"'
| PRI_MACROS_BROKEN='0'
| PTHREAD_H_DEFINES_STRUCT_TIMESPEC='0'
| PTRDIFF_T_SUFFIX=''
| PU_RMT_COND_FALSE='#'
| PU_RMT_COND_TRUE=''
| PU_RMT_PROG='rmt$(EXEEXT)'
| RANLIB='ranlib'
| REPLACE_BTOWC='0'
| REPLACE_CALLOC='0'
| REPLACE_CANONICALIZE_FILE_NAME='0'
| REPLACE_CHOWN='0'
| REPLACE_CLOSE='0'
| REPLACE_CLOSEDIR='0'
| REPLACE_DIRFD='0'
| REPLACE_DPRINTF='0'
| REPLACE_DUP2='0'
| REPLACE_DUP='0'
| REPLACE_DUPLOCALE='0'
| REPLACE_FCHOWNAT='0'
| REPLACE_FCLOSE='0'
| REPLACE_FCNTL='1'
| REPLACE_FDOPEN='0'
| REPLACE_FDOPENDIR='0'
| REPLACE_FFLUSH='0'
| REPLACE_FOPEN='0'
| REPLACE_FPRINTF='0'
| REPLACE_FPURGE='0'
| REPLACE_FREOPEN='0'
| REPLACE_FSEEK='0'
| REPLACE_FSEEKO='0'
| REPLACE_FSTAT='0'
| REPLACE_FSTATAT='0'
| REPLACE_FTELL='0'
| REPLACE_FTELLO='0'
| REPLACE_FTRUNCATE='0'
| REPLACE_FUTIMENS='1'
| REPLACE_GETCWD='0'
| REPLACE_GETDELIM='0'
| REPLACE_GETDOMAINNAME='0'
| REPLACE_GETDTABLESIZE='0'
| REPLACE_GETGROUPS='0'
| REPLACE_GETLINE='0'
| REPLACE_GETLOGIN_R='0'
| REPLACE_GETPAGESIZE='0'
| REPLACE_GETTIMEOFDAY='0'
| REPLACE_GMTIME='0'
| REPLACE_ISATTY='0'
| REPLACE_ISWBLANK='0'
| REPLACE_ISWCNTRL='0'
| REPLACE_ITOLD='0'
| REPLACE_LCHOWN='0'
| REPLACE_LINK='0'
| REPLACE_LINKAT='1'
| REPLACE_LOCALECONV='0'
| REPLACE_LOCALTIME='0'
| REPLACE_LOCALTIME_R='0'
| REPLACE_LSEEK='0'
| REPLACE_LSTAT='0'
| REPLACE_MALLOC='0'
| REPLACE_MBRLEN='0'
| REPLACE_MBRTOWC='0'
| REPLACE_MBSINIT='0'
| REPLACE_MBSNRTOWCS='0'
| REPLACE_MBSRTOWCS='0'
| REPLACE_MBSTATE_T='0'
| REPLACE_MBTOWC='0'
| REPLACE_MEMCHR='0'
| REPLACE_MEMMEM='0'
| REPLACE_MKDIR='0'
| REPLACE_MKFIFO='0'
| REPLACE_MKNOD='1'
| REPLACE_MKSTEMP='0'
| REPLACE_MKTIME='0'
| REPLACE_NANOSLEEP='GNULIB_PORTCHECK'
| REPLACE_NL_LANGINFO='0'
| REPLACE_NULL='0'
| REPLACE_OBSTACK_PRINTF='0'
| REPLACE_OPEN='0'
| REPLACE_OPENAT='0'
| REPLACE_OPENDIR='0'
| REPLACE_PERROR='0'
| REPLACE_POPEN='0'
| REPLACE_PREAD='0'
| REPLACE_PRINTF='0'
| REPLACE_PTHREAD_SIGMASK='0'
| REPLACE_PTSNAME='0'
| REPLACE_PTSNAME_R='0'
| REPLACE_PUTENV='0'
| REPLACE_PWRITE='0'
| REPLACE_RAISE='0'
| REPLACE_RANDOM_R='0'
| REPLACE_READ='0'
| REPLACE_READLINK='0'
| REPLACE_REALLOC='0'
| REPLACE_REALPATH='0'
| REPLACE_REMOVE='0'
| REPLACE_RENAME='0'
| REPLACE_RENAMEAT='0'
| REPLACE_RMDIR='0'
| REPLACE_SETENV='0'
| REPLACE_SETLOCALE='0'
| REPLACE_SLEEP='0'
| REPLACE_SNPRINTF='0'
| REPLACE_SPRINTF='0'
| REPLACE_STAT='0'
| REPLACE_STDIO_READ_FUNCS='0'
| REPLACE_STDIO_WRITE_FUNCS='0'
| REPLACE_STPNCPY='0'
| REPLACE_STRCASESTR='0'
| REPLACE_STRCHRNUL='0'
| REPLACE_STRDUP='0'
| REPLACE_STRERROR='0'
| REPLACE_STRERROR_R='0'
| REPLACE_STRNCAT='0'
| REPLACE_STRNDUP='0'
| REPLACE_STRNLEN='0'
| REPLACE_STRSIGNAL='0'
| REPLACE_STRSTR='0'
| REPLACE_STRTOD='0'
| REPLACE_STRTOIMAX='0'
| REPLACE_STRTOK_R='0'
| REPLACE_STRTOUMAX='0'
| REPLACE_STRUCT_LCONV='0'
| REPLACE_STRUCT_TIMEVAL='0'
| REPLACE_SYMLINK='0'
| REPLACE_TIMEGM='GNULIB_PORTCHECK'
| REPLACE_TMPFILE='0'
| REPLACE_TOWLOWER='0'
| REPLACE_TTYNAME_R='0'
| REPLACE_UNLINK='0'
| REPLACE_UNLINKAT='0'
| REPLACE_UNSETENV='0'
| REPLACE_USLEEP='0'
| REPLACE_UTIMENSAT='1'
| REPLACE_VASPRINTF='0'
| REPLACE_VDPRINTF='0'
| REPLACE_VFPRINTF='0'
| REPLACE_VPRINTF='0'
| REPLACE_VSNPRINTF='0'
| REPLACE_VSPRINTF='0'
| REPLACE_WCRTOMB='0'
| REPLACE_WCSNRTOMBS='0'
| REPLACE_WCSRTOMBS='0'
| REPLACE_WCSWIDTH='0'
| REPLACE_WCTOB='0'
| REPLACE_WCTOMB='0'
| REPLACE_WCWIDTH='0'
| REPLACE_WRITE='0'
| RSH=''
| SED='/bin/sed'
| SELINUX_CONTEXT_H='selinux/context.h'
| SET_MAKE=''
| SHELL='/bin/bash'
| SIG_ATOMIC_T_SUFFIX=''
| SIZE_T_SUFFIX=''
| STDALIGN_H=''
| STDARG_H=''
| STDBOOL_H=''
| STDDEF_H=''
| STDINT_H=''
| STRIP=''
| SYSEXITS_H=''
| SYS_TIME_H_DEFINES_STRUCT_TIMESPEC='0'
| TAR_COND_GRANTPT_FALSE='#'
| TAR_COND_GRANTPT_TRUE=''
| TAR_COND_XATTR_H_FALSE='#'
| TAR_COND_XATTR_H_TRUE=''
| TAR_LIB_ATTR_FALSE=''
| TAR_LIB_ATTR_TRUE='#'
| TIME_H_DEFINES_STRUCT_TIMESPEC='1'
| UINT32_MAX_LT_UINTMAX_MAX='1'
| UINT64_MAX_EQ_ULONG_MAX='1'
| UNDEFINE_STRTOK_R='0'
| UNISTD_H_HAVE_WINSOCK2_H='0'
| UNISTD_H_HAVE_WINSOCK2_H_AND_USE_SOCKETS='0'
| USE_ACL='0'
| USE_NLS='yes'
| VERSION='1.28'
| WARN_CFLAGS=''
| WCHAR_T_SUFFIX=''
| WERROR_CFLAGS=''
| WINDOWS_64_BIT_OFF_T='0'
| WINDOWS_64_BIT_ST_SIZE='0'
| WINT_T_SUFFIX=''
| XGETTEXT='/usr/bin/xgettext'
| XGETTEXT_015='/usr/bin/xgettext'
| XGETTEXT_EXTRA_OPTIONS=' --flag=argp_error:2:c-format --flag=argp_failure:4:c-format --flag=error:3:c-format --flag=error_at_line:5:c-format --flag=asprintf:2:c-format --flag=vasprintf:2:c-format --flag=xasprintf:1:c-format'
| YACC='bison -y'
| YFLAGS=''
| ac_ct_AR='ar'
| ac_ct_CC='gcc'
| am__EXEEXT_FALSE=''
| am__EXEEXT_TRUE='#'
| am__fastdepCC_FALSE='#'
| am__fastdepCC_TRUE=''
| am__include='include'
| am__isrc=''
| am__leading_dot='.'
| am__nodep='_no'
| am__quote=''
| am__tar='tar --format=ustar -chf - "$$tardir"'
| am__untar='tar -xf -'
| bindir='${exec_prefix}/bin'
| build='x86_64-unknown-linux-gnu'
| build_alias=''
| build_cpu='x86_64'
| build_os='linux-gnu'
| build_vendor='unknown'
| datadir='${datarootdir}'
| datarootdir='${prefix}/share'
| docdir='${datarootdir}/doc/${PACKAGE_TARNAME}'
| dvidir='${docdir}'
| exec_prefix='${prefix}'
| gl_LIBOBJS=' asnprintf.o chdir-long.o fcntl.o futimens.o getopt.o getopt1.o linkat.o mknod.o openat-proc.o printf-args.o printf-parse.o regex.o selinux-at.o utimensat.o vasnprintf.o'
| gl_LTLIBOBJS=' asnprintf.lo chdir-long.lo fcntl.lo futimens.lo getopt.lo getopt1.lo linkat.lo mknod.lo openat-proc.lo printf-args.lo printf-parse.lo regex.lo selinux-at.lo utimensat.lo vasnprintf.lo'
| gltests_LIBOBJS=''
| gltests_LTLIBOBJS=''
| gltests_WITNESS='IN_TAR_GNULIB_TESTS'
| host='x86_64-unknown-linux-gnu'
| host_alias=''
| host_cpu='x86_64'
| host_os='linux-gnu'
| host_vendor='unknown'
| htmldir='${docdir}'
| includedir='${prefix}/include'
| infodir='${datarootdir}/info'
| install_sh='${SHELL} /root/Desktop/tar-1.28/build-aux/install-sh'
| libdir='${exec_prefix}/lib'
| libexecdir='${exec_prefix}/libexec'
| lispdir='${datarootdir}/emacs/site-lisp'
| localedir='${datarootdir}/locale'
| localstatedir='${prefix}/var'
| mandir='${datarootdir}/man'
| mkdir_p='$(MKDIR_P)'
| oldincludedir='/usr/include'
| pdfdir='${docdir}'
| pkglibexecdir='${libexecdir}/${PACKAGE}'
| prefix='/usr/local'
| program_transform_name='s,x,x,'
| psdir='${docdir}'
| runstatedir='${localstatedir}/run'
| sbindir='${exec_prefix}/sbin'
| sharedstatedir='${prefix}/com'
| sysconfdir='${prefix}/etc'
| target_alias=''
| 
| ## ----------- ##
| ## confdefs.h. ##
| ## ----------- ##
| 
| /* confdefs.h */
| #define PACKAGE_NAME "GNU tar"
| #define PACKAGE_TARNAME "tar"
| #define PACKAGE_VERSION "1.28"
| #define PACKAGE_STRING "GNU tar 1.28"
| #define PACKAGE_BUGREPORT "bug-tar@gnu.org"
| #define PACKAGE_URL "http://www.gnu.org/software/tar/"
| #define PACKAGE "tar"
| #define VERSION "1.28"
| #define STDC_HEADERS 1
| #define HAVE_SYS_TYPES_H 1
| #define HAVE_SYS_STAT_H 1
| #define HAVE_STDLIB_H 1
| #define HAVE_STRING_H 1
| #define HAVE_MEMORY_H 1
| #define HAVE_STRINGS_H 1
| #define HAVE_INTTYPES_H 1
| #define HAVE_STDINT_H 1
| #define HAVE_UNISTD_H 1
| #define __EXTENSIONS__ 1
| #define _ALL_SOURCE 1
| #define _DARWIN_C_SOURCE 1
| #define _GNU_SOURCE 1
| #define _POSIX_PTHREAD_SEMANTICS 1
| #define _TANDEM_SOURCE 1
| #define HAVE_FSEEKO 1
| #define _DARWIN_USE_64_BIT_INODE 1
| #define _DARWIN_USE_64_BIT_INODE 1
| #define HAVE_FCNTL_H 1
| #define HAVE_LINUX_FD_H 1
| #define HAVE_MEMORY_H 1
| #define HAVE_SGTTY_H 1
| #define HAVE_STRING_H 1
| #define HAVE_SYS_PARAM_H 1
| #define HAVE_SYS_MTIO_H 1
| #define HAVE_SYS_TIME_H 1
| #define HAVE_UNISTD_H 1
| #define HAVE_LOCALE_H 1
| #define HAVE_FEATURES_H 1
| #define HAVE_SYS_SOCKET_H 1
| #define HAVE_DIRENT_H 1
| #define HAVE_WCTYPE_H 1
| #define HAVE_STDIO_EXT_H 1
| #define HAVE_SYS_STAT_H 1
| #define HAVE_GETOPT_H 1
| #define HAVE_WCHAR_H 1
| #define HAVE_STDINT_H 1
| #define HAVE_INTTYPES_H 1
| #define HAVE_LANGINFO_H 1
| #define HAVE_XLOCALE_H 1
| #define HAVE_SYS_MMAN_H 1
| #define HAVE_MALLOC_H 1
| #define HAVE_STRINGS_H 1
| #define HAVE_SYSEXITS_H 1
| #define HAVE_UTIME_H 1
| #define HAVE_NETDB_H 1
| #define HAVE_SYS_WAIT_H 1
| #define HAVE_PWD_H 1
| #define HAVE_GRP_H 1
| #define major_t int
| #define minor_t int
| #define HAVE_ALLOCA_H 1
| #define HAVE_ALLOCA 1
| #define restrict __restrict
| #define HAVE_DECL_CLEARERR_UNLOCKED 1
| #define HAVE_DECL_FEOF_UNLOCKED 1
| #define HAVE_DECL_FERROR_UNLOCKED 1
| #define HAVE_DECL_FFLUSH_UNLOCKED 1
| #define HAVE_DECL_FGETS_UNLOCKED 1
| #define HAVE_DECL_FPUTC_UNLOCKED 1
| #define HAVE_DECL_FPUTS_UNLOCKED 1
| #define HAVE_DECL_FREAD_UNLOCKED 1
| #define HAVE_DECL_FWRITE_UNLOCKED 1
| #define HAVE_DECL_GETC_UNLOCKED 1
| #define HAVE_DECL_GETCHAR_UNLOCKED 1
| #define HAVE_DECL_PUTC_UNLOCKED 1
| #define HAVE_DECL_PUTCHAR_UNLOCKED 1
| #define HAVE_FLOCKFILE 1
| #define HAVE_FUNLOCKFILE 1
| #define HAVE_PATHCONF 1
| #define HAVE_BTOWC 1
| #define HAVE_CANONICALIZE_FILE_NAME 1
| #define HAVE_GETCWD 1
| #define HAVE_READLINK 1
| #define HAVE_REALPATH 1
| #define HAVE_READLINKAT 1
| #define HAVE_CHOWN 1
| #define HAVE_FCHOWN 1
| #define HAVE_FCHDIR 1
| #define HAVE_FDOPENDIR 1
| #define HAVE_FACCESSAT 1
| #define HAVE_FCHMODAT 1
| #define HAVE_FCNTL 1
| #define HAVE_SYMLINK 1
| #define HAVE_MEMPCPY 1
| #define HAVE_ISBLANK 1
| #define HAVE_ISWCTYPE 1
| #define HAVE_MBSRTOWCS 1
| #define HAVE_WMEMCHR 1
| #define HAVE_WMEMCPY 1
| #define HAVE_WMEMPCPY 1
| #define HAVE_FSTATAT 1
| #define HAVE_FUTIMENS 1
| #define HAVE_GETDELIM 1
| #define HAVE_GETDTABLESIZE 1
| #define HAVE_GETTIMEOFDAY 1
| #define HAVE_ISWCNTRL 1
| #define HAVE_ISWBLANK 1
| #define HAVE_LINK 1
| #define HAVE_OPENAT 1
| #define HAVE_LINKAT 1
| #define HAVE_LSTAT 1
| #define HAVE_MBSINIT 1
| #define HAVE_MBRTOWC 1
| #define HAVE_MPROTECT 1
| #define HAVE_MKDIRAT 1
| #define HAVE_MKFIFO 1
| #define HAVE_MKFIFOAT 1
| #define HAVE_MKNODAT 1
| #define HAVE_MKNOD 1
| #define HAVE_NL_LANGINFO 1
| #define HAVE_POSIX_OPENPT 1
| #define HAVE_PTSNAME_R 1
| #define HAVE_FCHMOD 1
| #define HAVE_RENAMEAT 1
| #define HAVE_SECURE_GETENV 1
| #define HAVE_SETENV 1
| #define HAVE_SLEEP 1
| #define HAVE_SNPRINTF 1
| #define HAVE_STRDUP 1
| #define HAVE_TZSET 1
| #define HAVE_STRNDUP 1
| #define HAVE_STRTOIMAX 1
| #define HAVE_STRTOUMAX 1
| #define HAVE_SYMLINKAT 1
| #define HAVE_LOCALTIME_R 1
| #define HAVE_PIPE 1
| #define HAVE_UNLINKAT 1
| #define HAVE_FUTIMES 1
| #define HAVE_FUTIMESAT 1
| #define HAVE_UTIMENSAT 1
| #define HAVE_LUTIMES 1
| #define HAVE_WCRTOMB 1
| #define HAVE_WCWIDTH 1
| #define HAVE_SETLOCALE 1
| #define HAVE_FSYNC 1
| #define HAVE_GRANTPT 1
| #define D_INO_IN_DIRENT 1
| #define HAVE_LONG_FILE_NAMES 1
| #define HAVE_LANGINFO_CODESET 1
| #define FUNC_REALPATH_WORKS 1
| #define HAVE_UNISTD_H 1
| #define HAVE_CHOWN 1
| #define HAVE_ENVIRON_DECL 1
| #define HAVE_DECL_STRERROR_R 1
| #define HAVE_STRERROR_R 1
| #define STRERROR_R_CHAR_P 1
| #define GETGROUPS_T gid_t
| #define HAVE_DECL_FCHDIR 1
| #define HAVE_WORKING_O_NOATIME 1
| #define HAVE_WORKING_O_NOFOLLOW 1
| #define HAVE_MBSTATE_T 1
| #define HAVE_DECL_FSEEKO 1
| #define HAVE_RAW_DECL_FCHMODAT 1
| #define HAVE_RAW_DECL_FSTAT 1
| #define HAVE_RAW_DECL_FSTATAT 1
| #define HAVE_RAW_DECL_FUTIMENS 1
| #define HAVE_RAW_DECL_LCHMOD 1
| #define HAVE_RAW_DECL_LSTAT 1
| #define HAVE_RAW_DECL_MKDIRAT 1
| #define HAVE_RAW_DECL_MKFIFO 1
| #define HAVE_RAW_DECL_MKFIFOAT 1
| #define HAVE_RAW_DECL_MKNOD 1
| #define HAVE_RAW_DECL_MKNODAT 1
| #define HAVE_RAW_DECL_STAT 1
| #define HAVE_RAW_DECL_UTIMENSAT 1
| #define LSTAT_FOLLOWS_SLASHED_SYMLINK 1
| #define HAVE_DECL_GETCWD 1
| #define HAVE_DECL_GETDELIM 1
| #define HAVE_DECL_GETLINE 1
| #define HAVE_GETOPT_H 1
| #define HAVE_GETOPT_LONG_ONLY 1
| #define __GETOPT_PREFIX rpl_
| #define HAVE_DECL_GETENV 1
| #define HAVE_RAW_DECL_GETTIMEOFDAY 1
| #define HAVE_UNSIGNED_LONG_LONG_INT 1
| #define HAVE_LONG_LONG_INT 1
| #define HAVE_RAW_DECL_IMAXABS 1
| #define HAVE_RAW_DECL_IMAXDIV 1
| #define HAVE_RAW_DECL_STRTOIMAX 1
| #define HAVE_RAW_DECL_STRTOUMAX 1
| #define HAVE_INTTYPES_H 1
| #define HAVE_WINT_T 1
| #define HAVE_TOWLOWER 1
| #define HAVE_RAW_DECL_WCTYPE 1
| #define HAVE_RAW_DECL_ISWCTYPE 1
| #define HAVE_RAW_DECL_WCTRANS 1
| #define HAVE_RAW_DECL_TOWCTRANS 1
| #define HAVE_WCHAR_T 1
| #define HAVE_STDLIB_H 1
| #define MALLOC_0_IS_NONNULL 1
| #define HAVE_MAP_ANONYMOUS 1
| #define HAVE_DECL_MEMRCHR 1
| #define HAVE_DECL_ALARM 1
| #define PROMOTED_MODE_T mode_t
| #define HAVE__BOOL 1
| #define HAVE_COMPOUND_LITERALS 1
| #define HAVE_TM_GMTOFF 1
| #define HAVE_DECL_SETENV 1
| #define HAVE_SEARCH_H 1
| #define HAVE_TSEARCH 1
| #define HAVE_SIGSET_T 1
| #define HAVE_DECL_SNPRINTF 1
| #define HAVE_DECL_STRDUP 1
| #define HAVE_RAW_DECL_FFSL 1
| #define HAVE_RAW_DECL_FFSLL 1
| #define HAVE_RAW_DECL_MEMMEM 1
| #define HAVE_RAW_DECL_MEMPCPY 1
| #define HAVE_RAW_DECL_MEMRCHR 1
| #define HAVE_RAW_DECL_RAWMEMCHR 1
| #define HAVE_RAW_DECL_STPCPY 1
| #define HAVE_RAW_DECL_STPNCPY 1
| #define HAVE_RAW_DECL_STRCHRNUL 1
| #define HAVE_RAW_DECL_STRDUP 1
| #define HAVE_RAW_DECL_STRNCAT 1
| #define HAVE_RAW_DECL_STRNDUP 1
| #define HAVE_RAW_DECL_STRNLEN 1
| #define HAVE_RAW_DECL_STRPBRK 1
| #define HAVE_RAW_DECL_STRSEP 1
| #define HAVE_RAW_DECL_STRCASESTR 1
| #define HAVE_RAW_DECL_STRTOK_R 1
| #define HAVE_RAW_DECL_STRERROR_R 1
| #define HAVE_RAW_DECL_STRSIGNAL 1
| #define HAVE_RAW_DECL_STRVERSCMP 1
| #define HAVE_RAW_DECL_FFS 1
| #define HAVE_RAW_DECL_STRCASECMP 1
| #define HAVE_RAW_DECL_STRNCASECMP 1
| #define HAVE_DECL_STRNDUP 1
| #define HAVE_DECL_STRNLEN 1
| #define HAVE_DECL_STRTOIMAX 1
| #define HAVE_DECL_STRTOUMAX 1
| #define HAVE_DECL_TTYNAME_R 1
| #define HAVE_DECL_UNSETENV 1
| #define HAVE_WORKING_UTIMES 1
| #define HAVE_STRUCT_UTIMBUF 1
| #define HAVE_INTTYPES_H_WITH_UINTMAX 1
| #define HAVE_STDINT_H_WITH_UINTMAX 1
| #define HAVE_INTMAX_T 1
| #define DBL_EXPBIT0_WORD 1
| #define DBL_EXPBIT0_BIT 20
| #define HAVE_SNPRINTF 1
| #define HAVE_STRNLEN 1
| #define HAVE_WCSLEN 1
| #define HAVE_WCSNLEN 1
| #define HAVE_MBRTOWC 1
| #define HAVE_WCRTOMB 1
| #define HAVE_DECL__SNPRINTF 0
| #define HAVE_SNPRINTF_RETVAL_C99 1
| #define HAVE_DECL_VSNPRINTF 1
| #define HAVE_ALLOCA 1
| #define GNULIB_AREADLINKAT 1
| #define HAVE_DECL_PROGRAM_INVOCATION_NAME 1
| #define HAVE_DECL_PROGRAM_INVOCATION_SHORT_NAME 1
| #define HAVE_PROGRAM_INVOCATION_NAME 1
| #define HAVE_PROGRAM_INVOCATION_SHORT_NAME 1
| #define GNULIB_TEST_BTOWC 1
| #define GNULIB_CANONICALIZE_LGPL 1
| #define GNULIB_TEST_CANONICALIZE_FILE_NAME 1
| #define GNULIB_TEST_REALPATH 1
| #define GNULIB_TEST_CHDIR 1
| #define GNULIB_TEST_CHOWN 1
| #define HAVE_CLOCK_GETTIME 1
| #define HAVE_CLOCK_SETTIME 1
| #define GNULIB_TEST_CLOEXEC 1
| #define GNULIB_TEST_CLOSE 1
| #define GNULIB_CLOSE_STREAM 1
| #define HAVE_CLOSEDIR 1
| #define GNULIB_TEST_CLOSEDIR 1
| #define D_INO_IN_DIRENT 1
| #define HAVE_RAW_DECL_ALPHASORT 1
| #define HAVE_RAW_DECL_CLOSEDIR 1
| #define HAVE_RAW_DECL_DIRFD 1
| #define HAVE_RAW_DECL_FDOPENDIR 1
| #define HAVE_RAW_DECL_OPENDIR 1
| #define HAVE_RAW_DECL_READDIR 1
| #define HAVE_RAW_DECL_REWINDDIR 1
| #define HAVE_RAW_DECL_SCANDIR 1
| #define GNULIB_DIRENT_SAFER 1
| #define HAVE_DIRFD 1
| #define HAVE_DECL_DIRFD 1
| #define GNULIB_TEST_DIRFD 1
| #define GNULIB_DIRNAME 1
| #define GNULIB_TEST_DUP 1
| #define HAVE_DUP2 1
| #define GNULIB_TEST_DUP2 1
| #define GNULIB_TEST_ENVIRON 1
| #define HAVE_EUIDACCESS 1
| #define GNULIB_TEST_EUIDACCESS 1
| #define GNULIB_FACCESSAT 1
| #define GNULIB_TEST_FACCESSAT 1
| #define GNULIB_TEST_FCHDIR 1
| #define GNULIB_FCHMODAT 1
| #define GNULIB_TEST_FCHMODAT 1
| #define GNULIB_FCHOWNAT 1
| #define GNULIB_TEST_FCHOWNAT 1
| #define GNULIB_TEST_FCNTL 1
| #define HAVE_RAW_DECL_FCNTL 1
| #define HAVE_RAW_DECL_OPENAT 1
| #define HAVE_DECL_FDOPENDIR 1
| #define GNULIB_TEST_FDOPENDIR 1
| #define GNULIB_FDOPENDIR 1
| #define GNULIB_FDUTIMENSAT 1
| #define HAVE_STRUCT_STAT_ST_BLOCKS 1
| #define HAVE_ST_BLOCKS 1
| #define HAVE_DECL___FPENDING 1
| #define GNULIB_TEST_FSEEK 1
| #define GNULIB_TEST_FSEEKO 1
| #define GNULIB_TEST_FSTAT 1
| #define GNULIB_TEST_FSTATAT 1
| #define GNULIB_TEST_FUTIMENS 1
| #define HAVE_GETPAGESIZE 1
| #define HAVE_MINIMALLY_WORKING_GETCWD 1
| #define GNULIB_GETCWD 1
| #define GNULIB_TEST_GETCWD 1
| #define GNULIB_TEST_GETCWD 1
| #define GNULIB_TEST_GETDELIM 1
| #define GNULIB_TEST_GETDTABLESIZE 1
| #define HAVE_GETGROUPS 1
| #define GNULIB_TEST_GETGROUPS 1
| #define GNULIB_TEST_GETLINE 1
| #define GNULIB_TEST_GETOPT_GNU 1
| #define __GETOPT_PREFIX rpl_
| #define HAVE_GETPAGESIZE 1
| #define GNULIB_TEST_GETPAGESIZE 1
| #define GETTIMEOFDAY_TIMEZONE struct timezone
| #define GNULIB_TEST_GETTIMEOFDAY 1
| #define GNULIB_TEST_GROUP_MEMBER 1
| #define GNULIB_TEST_ISATTY 1
| #define HAVE_DECL_ISWBLANK 1
| #define GNULIB_TEST_ISWBLANK 1
| #define HAVE_RAW_DECL_NL_LANGINFO 1
| #define HAVE_LCHOWN 1
| #define GNULIB_TEST_LCHOWN 1
| #define GNULIB_TEST_LINK 1
| #define LINK_FOLLOWS_SYMLINKS 0
| #define LINKAT_TRAILING_SLASH_BUG 0
| #define GNULIB_TEST_LINKAT 1
| #define HAVE_RAW_DECL_SETLOCALE 1
| #define HAVE_RAW_DECL_DUPLOCALE 1
| #define GNULIB_TEST_LOCALECONV 1
| #define GNULIB_TEST_LSEEK 1
| #define GNULIB_TEST_LSTAT 1
| #define HAVE_STDLIB_H 1
| #define HAVE_MALLOC_GNU 1
| #define GNULIB_MALLOC_GNU 1
| #define HAVE_MALLOC_POSIX 1
| #define GNULIB_TEST_MALLOC_POSIX 1
| #define GNULIB_TEST_MBRTOWC 1
| #define GNULIB_TEST_MBSCASECMP 1
| #define GNULIB_TEST_MBSINIT 1
| #define GNULIB_TEST_MBSRTOWCS 1
| #define GNULIB_TEST_MBTOWC 1
| #define GNULIB_TEST_MEMCHR 1
| #define HAVE_MEMPCPY 1
| #define GNULIB_TEST_MEMPCPY 1
| #define HAVE_MEMRCHR 1
| #define GNULIB_TEST_MEMRCHR 1
| #define GNULIB_TEST_MKDIRAT 1
| #define HAVE_MKDTEMP 1
| #define GNULIB_TEST_MKDTEMP 1
| #define GNULIB_TEST_MKFIFO 1
| #define GNULIB_TEST_MKFIFOAT 1
| #define GNULIB_TEST_MKNODAT 1
| #define MKNOD_FIFO_BUG 1
| #define GNULIB_TEST_MKNOD 1
| #define GNULIB_TEST_MKTIME 1
| #define FUNC_NL_LANGINFO_YESEXPR_WORKS 1
| #define GNULIB_TEST_NL_LANGINFO 1
| #define HAVE_OBSTACK 1
| #define GNULIB_TEST_OPEN 1
| #define GNULIB_OPENAT 1
| #define GNULIB_TEST_OPENAT 1
| #define HAVE_OPENDIR 1
| #define GNULIB_TEST_OPENDIR 1
| #define HAVE_STRUCT_TM_TM_ZONE 1
| #define HAVE_TM_ZONE 1
| #define TIME_T_FITS_IN_LONG_INT 1
| #define GNULIB_TEST_POSIX_OPENPT 1
| #define HAVE_DECL_PROGRAM_INVOCATION_NAME 1
| #define HAVE_DECL_PROGRAM_INVOCATION_SHORT_NAME 1
| #define HAVE_PTSNAME 1
| #define GNULIB_TEST_PTSNAME 1
| #define GNULIB_TEST_PTSNAME_R 1
| #define USE_ACL 0
| #define HAVE_RAISE 1
| #define GNULIB_TEST_RAISE 1
| #define HAVE_RAWMEMCHR 1
| #define GNULIB_TEST_RAWMEMCHR 1
| #define GNULIB_TEST_READ 1
| #define HAVE_READDIR 1
| #define GNULIB_TEST_READDIR 1
| #define GNULIB_TEST_READLINK 1
| #define GNULIB_TEST_READLINKAT 1
| #define HAVE_REALLOC_POSIX 1
| #define GNULIB_TEST_REALLOC_POSIX 1
| #define _REGEX_INCLUDE_LIMITS_H 1
| #define _REGEX_LARGE_OFFSETS 1
| #define re_syntax_options rpl_re_syntax_options
| #define re_set_syntax rpl_re_set_syntax
| #define re_compile_pattern rpl_re_compile_pattern
| #define re_compile_fastmap rpl_re_compile_fastmap
| #define re_search rpl_re_search
| #define re_search_2 rpl_re_search_2
| #define re_match rpl_re_match
| #define re_match_2 rpl_re_match_2
| #define re_set_registers rpl_re_set_registers
| #define re_comp rpl_re_comp
| #define re_exec rpl_re_exec
| #define regcomp rpl_regcomp
| #define regexec rpl_regexec
| #define regerror rpl_regerror
| #define regfree rpl_regfree
| #define HAVE_LIBINTL_H 1
| #define HAVE_DECL_ISBLANK 1
| #define GNULIB_TEST_RENAME 1
| #define GNULIB_TEST_RENAMEAT 1
| #define HAVE_REWINDDIR 1
| #define GNULIB_TEST_REWINDDIR 1
| #define GNULIB_TEST_RMDIR 1
| #define HAVE_RPMATCH 1
| #define GNULIB_TEST_RPMATCH 1
| #define GNULIB_TEST_SECURE_GETENV 1
| #define HAVE_SELINUX_SELINUX_H 0
| #define GNULIB_TEST_SETENV 1
| #define HAVE_RAW_DECL_PTHREAD_SIGMASK 1
| #define HAVE_RAW_DECL_SIGACTION 1
| #define HAVE_RAW_DECL_SIGADDSET 1
| #define HAVE_RAW_DECL_SIGDELSET 1
| #define HAVE_RAW_DECL_SIGEMPTYSET 1
| #define HAVE_RAW_DECL_SIGFILLSET 1
| #define HAVE_RAW_DECL_SIGISMEMBER 1
| #define HAVE_RAW_DECL_SIGPENDING 1
| #define HAVE_RAW_DECL_SIGPROCMASK 1
| #define HAVE_STDINT_H 1
| #define HAVE_DECL_SLEEP 1
| #define GNULIB_TEST_SLEEP 1
| #define HAVE_SNPRINTF 1
| #define GNULIB_TEST_SNPRINTF 1
| #define GNULIB_SNPRINTF 1
| #define GNULIB_TEST_STAT 1
| #define HAVE_STRUCT_STAT_ST_ATIM_TV_NSEC 1
| #define TYPEOF_STRUCT_STAT_ST_ATIM_IS_STRUCT_TIMESPEC 1
| #define GNULIB_STATAT 1
| #define GNULIB_FSCANF 1
| #define GNULIB_SCANF 1
| #define HAVE_RAW_DECL_DPRINTF 1
| #define HAVE_RAW_DECL_FSEEKO 1
| #define HAVE_RAW_DECL_FTELLO 1
| #define HAVE_RAW_DECL_GETDELIM 1
| #define HAVE_RAW_DECL_GETLINE 1
| #define HAVE_RAW_DECL_PCLOSE 1
| #define HAVE_RAW_DECL_POPEN 1
| #define HAVE_RAW_DECL_RENAMEAT 1
| #define HAVE_RAW_DECL_SNPRINTF 1
| #define HAVE_RAW_DECL_TMPFILE 1
| #define HAVE_RAW_DECL_VDPRINTF 1
| #define HAVE_RAW_DECL_VSNPRINTF 1
| #define HAVE_RAW_DECL__EXIT 1
| #define HAVE_RAW_DECL_ATOLL 1
| #define HAVE_RAW_DECL_CANONICALIZE_FILE_NAME 1
| #define HAVE_RAW_DECL_GETLOADAVG 1
| #define HAVE_RAW_DECL_GETSUBOPT 1
| #define HAVE_RAW_DECL_GRANTPT 1
| #define HAVE_RAW_DECL_INITSTATE 1
| #define HAVE_RAW_DECL_INITSTATE_R 1
| #define HAVE_RAW_DECL_MKDTEMP 1
| #define HAVE_RAW_DECL_MKOSTEMP 1
| #define HAVE_RAW_DECL_MKOSTEMPS 1
| #define HAVE_RAW_DECL_MKSTEMP 1
| #define HAVE_RAW_DECL_MKSTEMPS 1
| #define HAVE_RAW_DECL_POSIX_OPENPT 1
| #define HAVE_RAW_DECL_PTSNAME 1
| #define HAVE_RAW_DECL_PTSNAME_R 1
| #define HAVE_RAW_DECL_RANDOM 1
| #define HAVE_RAW_DECL_RANDOM_R 1
| #define HAVE_RAW_DECL_REALPATH 1
| #define HAVE_RAW_DECL_RPMATCH 1
| #define HAVE_RAW_DECL_SECURE_GETENV 1
| #define HAVE_RAW_DECL_SETENV 1
| #define HAVE_RAW_DECL_SETSTATE 1
| #define HAVE_RAW_DECL_SETSTATE_R 1
| #define HAVE_RAW_DECL_SRANDOM 1
| #define HAVE_RAW_DECL_SRANDOM_R 1
| #define HAVE_RAW_DECL_STRTOD 1
| #define HAVE_RAW_DECL_STRTOLL 1
| #define HAVE_RAW_DECL_STRTOULL 1
| #define HAVE_RAW_DECL_UNLOCKPT 1
| #define HAVE_RAW_DECL_UNSETENV 1
| #define HAVE_STPCPY 1
| #define GNULIB_TEST_STPCPY 1
| #define HAVE_STRCASECMP 1
| #define HAVE_STRNCASECMP 1
| #define HAVE_DECL_STRNCASECMP 1
| #define HAVE_STRCHRNUL 1
| #define GNULIB_TEST_STRCHRNUL 1
| #define GNULIB_TEST_STRDUP 1
| #define GNULIB_STRERROR 1
| #define GNULIB_TEST_STRERROR 1
| #define my_strftime nstrftime
| #define GNULIB_TEST_STRNDUP 1
| #define GNULIB_TEST_STRNLEN 1
| #define HAVE_STRTOL 1
| #define HAVE_STRTOLL 1
| #define GNULIB_TEST_STRTOLL 1
| #define HAVE_STRTOUL 1
| #define HAVE_STRTOULL 1
| #define GNULIB_TEST_STRTOULL 1
| #define GNULIB_TEST_SYMLINK 1
| #define GNULIB_TEST_SYMLINKAT 1
| #define HAVE_RAW_DECL_FCHMODAT 1
| #define HAVE_RAW_DECL_FSTAT 1
| #define HAVE_RAW_DECL_FSTATAT 1
| #define HAVE_RAW_DECL_FUTIMENS 1
| #define HAVE_RAW_DECL_LCHMOD 1
| #define HAVE_RAW_DECL_LSTAT 1
| #define HAVE_RAW_DECL_MKDIRAT 1
| #define HAVE_RAW_DECL_MKFIFO 1
| #define HAVE_RAW_DECL_MKFIFOAT 1
| #define HAVE_RAW_DECL_MKNOD 1
| #define HAVE_RAW_DECL_MKNODAT 1
| #define HAVE_RAW_DECL_STAT 1
| #define HAVE_RAW_DECL_UTIMENSAT 1
| #define HAVE_DECL_LOCALTIME_R 1
| #define GNULIB_TEST_TIME_R 1
| #define HAVE_TTYNAME_R 1
| #define HAVE_POSIXDECL_TTYNAME_R 1
| #define GNULIB_TEST_TTYNAME_R 1
| #define HAVE_RAW_DECL_CHDIR 1
| #define HAVE_RAW_DECL_CHOWN 1
| #define HAVE_RAW_DECL_DUP 1
| #define HAVE_RAW_DECL_DUP2 1
| #define HAVE_RAW_DECL_DUP3 1
| #define HAVE_RAW_DECL_ENVIRON 1
| #define HAVE_RAW_DECL_EUIDACCESS 1
| #define HAVE_RAW_DECL_FACCESSAT 1
| #define HAVE_RAW_DECL_FCHDIR 1
| #define HAVE_RAW_DECL_FCHOWNAT 1
| #define HAVE_RAW_DECL_FDATASYNC 1
| #define HAVE_RAW_DECL_FSYNC 1
| #define HAVE_RAW_DECL_FTRUNCATE 1
| #define HAVE_RAW_DECL_GETCWD 1
| #define HAVE_RAW_DECL_GETDOMAINNAME 1
| #define HAVE_RAW_DECL_GETDTABLESIZE 1
| #define HAVE_RAW_DECL_GETGROUPS 1
| #define HAVE_RAW_DECL_GETHOSTNAME 1
| #define HAVE_RAW_DECL_GETLOGIN 1
| #define HAVE_RAW_DECL_GETLOGIN_R 1
| #define HAVE_RAW_DECL_GETPAGESIZE 1
| #define HAVE_RAW_DECL_GETUSERSHELL 1
| #define HAVE_RAW_DECL_SETUSERSHELL 1
| #define HAVE_RAW_DECL_ENDUSERSHELL 1
| #define HAVE_RAW_DECL_GROUP_MEMBER 1
| #define HAVE_RAW_DECL_ISATTY 1
| #define HAVE_RAW_DECL_LCHOWN 1
| #define HAVE_RAW_DECL_LINK 1
| #define HAVE_RAW_DECL_LINKAT 1
| #define HAVE_RAW_DECL_LSEEK 1
| #define HAVE_RAW_DECL_PIPE 1
| #define HAVE_RAW_DECL_PIPE2 1
| #define HAVE_RAW_DECL_PREAD 1
| #define HAVE_RAW_DECL_PWRITE 1
| #define HAVE_RAW_DECL_READLINK 1
| #define HAVE_RAW_DECL_READLINKAT 1
| #define HAVE_RAW_DECL_RMDIR 1
| #define HAVE_RAW_DECL_SETHOSTNAME 1
| #define HAVE_RAW_DECL_SLEEP 1
| #define HAVE_RAW_DECL_SYMLINK 1
| #define HAVE_RAW_DECL_SYMLINKAT 1
| #define HAVE_RAW_DECL_TTYNAME_R 1
| #define HAVE_RAW_DECL_UNLINK 1
| #define HAVE_RAW_DECL_UNLINKAT 1
| #define HAVE_RAW_DECL_USLEEP 1
| #define GNULIB_TEST_UNLINK 1
| #define GNULIB_TEST_UNLINKAT 1
| #define UNLINK_CANNOT_UNLINK_DIR 1
| #define USE_UNLOCKED_IO 1
| #define HAVE_UNLOCKPT 1
| #define GNULIB_TEST_UNLOCKPT 1
| #define HAVE_UNSETENV 1
| #define GNULIB_TEST_UNSETENV 1
| #define GNULIB_TEST_UTIMENSAT 1
| #define HAVE_VASPRINTF 1
| #define GNULIB_TEST_VASPRINTF 1
| #define HAVE_VSNPRINTF 1
| #define GNULIB_TEST_VSNPRINTF 1
| #define HAVE_RAW_DECL_BTOWC 1
| #define HAVE_RAW_DECL_WCTOB 1
| #define HAVE_RAW_DECL_MBSINIT 1
| #define HAVE_RAW_DECL_MBRTOWC 1
| #define HAVE_RAW_DECL_MBRLEN 1
| #define HAVE_RAW_DECL_MBSRTOWCS 1
| #define HAVE_RAW_DECL_MBSNRTOWCS 1
| #define HAVE_RAW_DECL_WCRTOMB 1
| #define HAVE_RAW_DECL_WCSRTOMBS 1
| #define HAVE_RAW_DECL_WCSNRTOMBS 1
| #define HAVE_RAW_DECL_WCWIDTH 1
| #define HAVE_RAW_DECL_WMEMCHR 1
| #define HAVE_RAW_DECL_WMEMCMP 1
| #define HAVE_RAW_DECL_WMEMCPY 1
| #define HAVE_RAW_DECL_WMEMMOVE 1
| #define HAVE_RAW_DECL_WMEMSET 1
| #define HAVE_RAW_DECL_WCSLEN 1
| #define HAVE_RAW_DECL_WCSNLEN 1
| #define HAVE_RAW_DECL_WCSCPY 1
| #define HAVE_RAW_DECL_WCPCPY 1
| #define HAVE_RAW_DECL_WCSNCPY 1
| #define HAVE_RAW_DECL_WCPNCPY 1
| #define HAVE_RAW_DECL_WCSCAT 1
| #define HAVE_RAW_DECL_WCSNCAT 1
| #define HAVE_RAW_DECL_WCSCMP 1
| #define HAVE_RAW_DECL_WCSNCMP 1
| #define HAVE_RAW_DECL_WCSCASECMP 1
| #define HAVE_RAW_DECL_WCSNCASECMP 1
| #define HAVE_RAW_DECL_WCSCOLL 1
| #define HAVE_RAW_DECL_WCSXFRM 1
| #define HAVE_RAW_DECL_WCSDUP 1
| #define HAVE_RAW_DECL_WCSCHR 1
| #define HAVE_RAW_DECL_WCSRCHR 1
| #define HAVE_RAW_DECL_WCSCSPN 1
| #define HAVE_RAW_DECL_WCSSPN 1
| #define HAVE_RAW_DECL_WCSPBRK 1
| #define HAVE_RAW_DECL_WCSSTR 1
| #define HAVE_RAW_DECL_WCSTOK 1
| #define HAVE_RAW_DECL_WCSWIDTH 1
| #define GNULIB_TEST_WCRTOMB 1
| #define HAVE_TOWLOWER 1
| #define HAVE_RAW_DECL_WCTYPE 1
| #define HAVE_RAW_DECL_ISWCTYPE 1
| #define HAVE_RAW_DECL_WCTRANS 1
| #define HAVE_RAW_DECL_TOWCTRANS 1
| #define HAVE_DECL_WCWIDTH 1
| #define GNULIB_TEST_WCWIDTH 1
| #define GNULIB_TEST_WRITE 1
| #define HAVE_STDINT_H 1
| #define TIME_WITH_SYS_TIME 1
| #define HAVE_STRUCT_STAT_ST_BLKSIZE 1
| #define HAVE_ST_BLKSIZE 1
| #define HAVE_SYS_MTIO_H 1
| #define MTIO_CHECK_FIELD mt_type
| #define HAVE_STRUCT_STAT_ST_BLKSIZE 1
| #define HAVE_SYS_XATTR_H 1
| #define HAVE_GETXATTR 1
| #define HAVE_SYS_XATTR_H 1
| #define HAVE_XATTRS /**/
| #define HAVE_FGETXATTR 1
| #define HAVE_SYS_XATTR_H 1
| #define HAVE_XATTRS /**/
| #define HAVE_LGETXATTR 1
| #define HAVE_SYS_XATTR_H 1
| #define HAVE_XATTRS /**/
| #define HAVE_SETXATTR 1
| #define HAVE_SYS_XATTR_H 1
| #define HAVE_XATTRS /**/
| #define HAVE_FSETXATTR 1
| #define HAVE_SYS_XATTR_H 1
| #define HAVE_XATTRS /**/
| #define HAVE_LSETXATTR 1
| #define HAVE_SYS_XATTR_H 1
| #define HAVE_XATTRS /**/
| #define HAVE_LISTXATTR 1
| #define HAVE_SYS_XATTR_H 1
| #define HAVE_XATTRS /**/
| #define HAVE_FLISTXATTR 1
| #define HAVE_SYS_XATTR_H 1
| #define HAVE_XATTRS /**/
| #define HAVE_LLISTXATTR 1
| #define HAVE_SYS_XATTR_H 1
| #define HAVE_XATTRS /**/
| #define HAVE_DECL_GETGRGID 1
| #define HAVE_DECL_GETPWUID 1
| #define HAVE_DECL_TIME 1
| #define HAVE_WAITPID 1
| #define REMOTE_SHELL "/usr/bin/rsh"
| #define COMPRESS_PROGRAM "compress"
| #define GZIP_PROGRAM "gzip"
| #define BZIP2_PROGRAM "bzip2"
| #define LZIP_PROGRAM "lzip"
| #define LZMA_PROGRAM "lzma"
| #define LZOP_PROGRAM "lzop"
| #define XZ_PROGRAM "xz"
| #define DEFAULT_ARCHIVE_FORMAT GNU_FORMAT
| #define DEFAULT_ARCHIVE "-"
| #define DEFAULT_BLOCKING 20
| #define DEFAULT_QUOTING_STYLE escape_quoting_style
| #define HAVE_ICONV 1
| #define ICONV_CONST 
| #define HAVE_ICONV_H 1
| #define ENABLE_NLS 1
| #define HAVE_GETTEXT 1
| #define HAVE_DCGETTEXT 1
| 
| configure: exit 0

